Java HotSpot(TM) 64-Bit Server VM (25.192-b12) for bsd-amd64 JRE (1.8.0_192-b12), built on Oct  6 2018 09:36:52 by "java_re" with gcc 4.2.1 (Based on Apple Inc. build 5658) (LLVM build 2336.11.00)
Memory: 4k page, physical 4194304k(52140k free)

/proc/meminfo:

CommandLine flags: -XX:+ExplicitGCInvokesConcurrent -XX:GCLogFileSize=104857600 -XX:InitialHeapSize=1073741824 -XX:InitiatingHeapOccupancyPercent=35 -XX:+ManagementServer -XX:MaxGCPauseMillis=20 -XX:MaxHeapSize=1073741824 -XX:NumberOfGCLogFiles=10 -XX:+PrintGC -XX:+PrintGCDateStamps -XX:+PrintGCDetails -XX:+PrintGCTimeStamps -XX:+UseCompressedClassPointers -XX:+UseCompressedOops -XX:+UseG1GC -XX:+UseGCLogFileRotation 
2018-11-25T15:30:52.890+0800: 3.445: [GC pause (G1 Evacuation Pause) (young), 0.0239781 secs]
   [Parallel Time: 15.2 ms, GC Workers: 4]
      [GC Worker Start (ms): Min: 3445.4, Avg: 3445.4, Max: 3445.5, Diff: 0.1]
      [Ext Root Scanning (ms): Min: 1.3, Avg: 2.7, Max: 5.9, Diff: 4.5, Sum: 10.8]
      [Update RS (ms): Min: 0.0, Avg: 0.0, Max: 0.0, Diff: 0.0, Sum: 0.0]
         [Processed Buffers: Min: 0, Avg: 0.0, Max: 0, Diff: 0, Sum: 0]
      [Scan RS (ms): Min: 0.0, Avg: 0.0, Max: 0.0, Diff: 0.0, Sum: 0.1]
      [Code Root Scanning (ms): Min: 0.0, Avg: 0.5, Max: 0.9, Diff: 0.9, Sum: 1.9]
      [Object Copy (ms): Min: 9.0, Avg: 11.8, Max: 13.0, Diff: 4.0, Sum: 47.0]
      [Termination (ms): Min: 0.0, Avg: 0.1, Max: 0.1, Diff: 0.1, Sum: 0.3]
         [Termination Attempts: Min: 1, Avg: 1.0, Max: 1, Diff: 0, Sum: 4]
      [GC Worker Other (ms): Min: 0.0, Avg: 0.0, Max: 0.0, Diff: 0.0, Sum: 0.1]
      [GC Worker Total (ms): Min: 15.0, Avg: 15.1, Max: 15.1, Diff: 0.1, Sum: 60.3]
      [GC Worker End (ms): Min: 3460.5, Avg: 3460.5, Max: 3460.5, Diff: 0.0]
   [Code Root Fixup: 0.0 ms]
   [Code Root Purge: 0.1 ms]
   [Clear CT: 0.1 ms]
   [Other: 8.6 ms]
      [Choose CSet: 0.0 ms]
      [Ref Proc: 8.0 ms]
      [Ref Enq: 0.0 ms]
      [Redirty Cards: 0.1 ms]
      [Humongous Register: 0.2 ms]
      [Humongous Reclaim: 0.0 ms]
      [Free CSet: 0.1 ms]
   [Eden: 51.0M(51.0M)->0.0B(44.0M) Survivors: 0.0B->7168.0K Heap: 51.0M(1024.0M)->8567.5K(1024.0M)]
 [Times: user=0.04 sys=0.01, real=0.02 secs] 
2018-11-25T15:30:54.824+0800: 5.379: [GC pause (Metadata GC Threshold) (young) (initial-mark), 0.0131631 secs]
   [Parallel Time: 9.4 ms, GC Workers: 4]
      [GC Worker Start (ms): Min: 5379.0, Avg: 5379.1, Max: 5379.1, Diff: 0.1]
      [Ext Root Scanning (ms): Min: 1.1, Avg: 1.8, Max: 2.0, Diff: 0.9, Sum: 7.0]
      [Update RS (ms): Min: 0.0, Avg: 1.1, Max: 2.4, Diff: 2.4, Sum: 4.5]
         [Processed Buffers: Min: 0, Avg: 0.5, Max: 1, Diff: 1, Sum: 2]
      [Scan RS (ms): Min: 0.0, Avg: 0.0, Max: 0.0, Diff: 0.0, Sum: 0.0]
      [Code Root Scanning (ms): Min: 0.0, Avg: 0.5, Max: 1.9, Diff: 1.9, Sum: 2.0]
      [Object Copy (ms): Min: 4.9, Avg: 5.7, Max: 6.9, Diff: 2.0, Sum: 22.9]
      [Termination (ms): Min: 0.0, Avg: 0.0, Max: 0.0, Diff: 0.0, Sum: 0.0]
         [Termination Attempts: Min: 1, Avg: 1.5, Max: 2, Diff: 1, Sum: 6]
      [GC Worker Other (ms): Min: 0.0, Avg: 0.0, Max: 0.0, Diff: 0.0, Sum: 0.1]
      [GC Worker Total (ms): Min: 9.1, Avg: 9.2, Max: 9.2, Diff: 0.1, Sum: 36.6]
      [GC Worker End (ms): Min: 5388.2, Avg: 5388.2, Max: 5388.2, Diff: 0.0]
   [Code Root Fixup: 0.1 ms]
   [Code Root Purge: 0.0 ms]
   [Clear CT: 0.1 ms]
   [Other: 3.7 ms]
      [Choose CSet: 0.0 ms]
      [Ref Proc: 3.2 ms]
      [Ref Enq: 0.0 ms]
      [Redirty Cards: 0.1 ms]
      [Humongous Register: 0.0 ms]
      [Humongous Reclaim: 0.0 ms]
      [Free CSet: 0.1 ms]
   [Eden: 33.0M(44.0M)->0.0B(44.0M) Survivors: 7168.0K->7168.0K Heap: 168.6M(1024.0M)->138.3M(1024.0M)]
 [Times: user=0.03 sys=0.01, real=0.01 secs] 
2018-11-25T15:30:54.837+0800: 5.392: [GC concurrent-root-region-scan-start]
2018-11-25T15:30:54.854+0800: 5.408: [GC concurrent-root-region-scan-end, 0.0162935 secs]
2018-11-25T15:30:54.854+0800: 5.408: [GC concurrent-mark-start]
2018-11-25T15:30:54.855+0800: 5.410: [GC concurrent-mark-end, 0.0012692 secs]
2018-11-25T15:30:54.855+0800: 5.410: [GC remark 2018-11-25T15:30:54.855+0800: 5.410: [Finalize Marking, 0.0001678 secs] 2018-11-25T15:30:54.855+0800: 5.410: [GC ref-proc, 0.0000817 secs] 2018-11-25T15:30:54.855+0800: 5.410: [Unloading, 0.0030315 secs], 0.0047868 secs]
 [Times: user=0.01 sys=0.00, real=0.01 secs] 
2018-11-25T15:30:54.860+0800: 5.415: [GC cleanup 139M->138M(1024M), 0.0009745 secs]
 [Times: user=0.00 sys=0.00, real=0.00 secs] 
2018-11-25T15:30:54.861+0800: 5.416: [GC concurrent-cleanup-start]
2018-11-25T15:30:54.861+0800: 5.416: [GC concurrent-cleanup-end, 0.0000173 secs]
2018-11-25T15:30:56.271+0800: 6.825: [GC pause (G1 Evacuation Pause) (young), 0.0145964 secs]
   [Parallel Time: 11.4 ms, GC Workers: 4]
      [GC Worker Start (ms): Min: 6825.5, Avg: 6825.5, Max: 6825.5, Diff: 0.0]
      [Ext Root Scanning (ms): Min: 1.2, Avg: 1.7, Max: 2.5, Diff: 1.3, Sum: 6.7]
      [Update RS (ms): Min: 0.0, Avg: 0.2, Max: 0.3, Diff: 0.3, Sum: 0.7]
         [Processed Buffers: Min: 0, Avg: 1.0, Max: 2, Diff: 2, Sum: 4]
      [Scan RS (ms): Min: 0.0, Avg: 0.0, Max: 0.0, Diff: 0.0, Sum: 0.0]
      [Code Root Scanning (ms): Min: 0.0, Avg: 0.7, Max: 1.3, Diff: 1.3, Sum: 2.8]
      [Object Copy (ms): Min: 8.0, Avg: 8.7, Max: 9.6, Diff: 1.7, Sum: 35.0]
      [Termination (ms): Min: 0.0, Avg: 0.0, Max: 0.0, Diff: 0.0, Sum: 0.0]
         [Termination Attempts: Min: 1, Avg: 8.0, Max: 14, Diff: 13, Sum: 32]
      [GC Worker Other (ms): Min: 0.0, Avg: 0.0, Max: 0.0, Diff: 0.0, Sum: 0.1]
      [GC Worker Total (ms): Min: 11.3, Avg: 11.3, Max: 11.3, Diff: 0.0, Sum: 45.3]
      [GC Worker End (ms): Min: 6836.8, Avg: 6836.8, Max: 6836.8, Diff: 0.0]
   [Code Root Fixup: 0.1 ms]
   [Code Root Purge: 0.0 ms]
   [Clear CT: 0.1 ms]
   [Other: 3.0 ms]
      [Choose CSet: 0.0 ms]
      [Ref Proc: 2.4 ms]
      [Ref Enq: 0.0 ms]
      [Redirty Cards: 0.1 ms]
      [Humongous Register: 0.0 ms]
      [Humongous Reclaim: 0.0 ms]
      [Free CSet: 0.2 ms]
   [Eden: 44.0M(44.0M)->0.0B(44.0M) Survivors: 7168.0K->7168.0K Heap: 181.3M(1024.0M)->142.0M(1024.0M)]
 [Times: user=0.04 sys=0.01, real=0.01 secs] 
2018-11-25T15:36:07.715+0800: 318.261: [GC pause (G1 Evacuation Pause) (young), 0.0220006 secs]
   [Parallel Time: 19.5 ms, GC Workers: 4]
      [GC Worker Start (ms): Min: 318261.3, Avg: 318261.6, Max: 318262.0, Diff: 0.7]
      [Ext Root Scanning (ms): Min: 1.2, Avg: 1.8, Max: 2.3, Diff: 1.1, Sum: 7.2]
      [Update RS (ms): Min: 5.7, Avg: 6.2, Max: 6.8, Diff: 1.1, Sum: 24.7]
         [Processed Buffers: Min: 2, Avg: 8.0, Max: 25, Diff: 23, Sum: 32]
      [Scan RS (ms): Min: 0.3, Avg: 0.4, Max: 0.6, Diff: 0.2, Sum: 1.8]
      [Code Root Scanning (ms): Min: 0.0, Avg: 0.7, Max: 1.4, Diff: 1.4, Sum: 2.9]
      [Object Copy (ms): Min: 9.6, Avg: 9.8, Max: 9.9, Diff: 0.3, Sum: 39.4]
      [Termination (ms): Min: 0.0, Avg: 0.0, Max: 0.0, Diff: 0.0, Sum: 0.0]
         [Termination Attempts: Min: 1, Avg: 1.8, Max: 2, Diff: 1, Sum: 7]
      [GC Worker Other (ms): Min: 0.0, Avg: 0.0, Max: 0.0, Diff: 0.0, Sum: 0.1]
      [GC Worker Total (ms): Min: 18.7, Avg: 19.0, Max: 19.3, Diff: 0.7, Sum: 76.1]
      [GC Worker End (ms): Min: 318280.6, Avg: 318280.6, Max: 318280.6, Diff: 0.0]
   [Code Root Fixup: 0.0 ms]
   [Code Root Purge: 0.2 ms]
   [Clear CT: 0.1 ms]
   [Other: 2.1 ms]
      [Choose CSet: 0.0 ms]
      [Ref Proc: 1.5 ms]
      [Ref Enq: 0.0 ms]
      [Redirty Cards: 0.1 ms]
      [Humongous Register: 0.1 ms]
      [Humongous Reclaim: 0.0 ms]
      [Free CSet: 0.1 ms]
   [Eden: 44.0M(44.0M)->0.0B(44.0M) Survivors: 7168.0K->7168.0K Heap: 186.0M(1024.0M)->144.0M(1024.0M)]
 [Times: user=0.05 sys=0.02, real=0.03 secs] 
2018-11-25T15:36:30.450+0800: 340.995: [GC pause (G1 Evacuation Pause) (young), 0.0167037 secs]
   [Parallel Time: 15.8 ms, GC Workers: 4]
      [GC Worker Start (ms): Min: 340995.2, Avg: 340995.2, Max: 340995.2, Diff: 0.1]
      [Ext Root Scanning (ms): Min: 0.7, Avg: 1.2, Max: 2.6, Diff: 1.8, Sum: 5.0]
      [Update RS (ms): Min: 0.0, Avg: 0.4, Max: 0.7, Diff: 0.7, Sum: 1.8]
         [Processed Buffers: Min: 0, Avg: 4.2, Max: 15, Diff: 15, Sum: 17]
      [Scan RS (ms): Min: 0.0, Avg: 0.5, Max: 0.7, Diff: 0.6, Sum: 2.0]
      [Code Root Scanning (ms): Min: 0.0, Avg: 1.0, Max: 1.9, Diff: 1.9, Sum: 3.8]
      [Object Copy (ms): Min: 11.7, Avg: 12.6, Max: 13.7, Diff: 2.0, Sum: 50.3]
      [Termination (ms): Min: 0.0, Avg: 0.0, Max: 0.0, Diff: 0.0, Sum: 0.0]
         [Termination Attempts: Min: 1, Avg: 1.0, Max: 1, Diff: 0, Sum: 4]
      [GC Worker Other (ms): Min: 0.0, Avg: 0.0, Max: 0.0, Diff: 0.0, Sum: 0.1]
      [GC Worker Total (ms): Min: 15.7, Avg: 15.7, Max: 15.8, Diff: 0.1, Sum: 63.0]
      [GC Worker End (ms): Min: 341011.0, Avg: 341011.0, Max: 341011.0, Diff: 0.0]
   [Code Root Fixup: 0.0 ms]
   [Code Root Purge: 0.0 ms]
   [Clear CT: 0.1 ms]
   [Other: 0.7 ms]
      [Choose CSet: 0.0 ms]
      [Ref Proc: 0.3 ms]
      [Ref Enq: 0.0 ms]
      [Redirty Cards: 0.1 ms]
      [Humongous Register: 0.0 ms]
      [Humongous Reclaim: 0.0 ms]
      [Free CSet: 0.1 ms]
   [Eden: 44.0M(44.0M)->0.0B(46.0M) Survivors: 7168.0K->5120.0K Heap: 188.0M(1024.0M)->146.0M(1024.0M)]
 [Times: user=0.06 sys=0.00, real=0.02 secs] 
2018-11-25T15:36:57.612+0800: 368.156: [GC pause (G1 Evacuation Pause) (young), 0.0096428 secs]
   [Parallel Time: 8.8 ms, GC Workers: 4]
      [GC Worker Start (ms): Min: 368156.4, Avg: 368156.5, Max: 368156.8, Diff: 0.3]
      [Ext Root Scanning (ms): Min: 0.7, Avg: 0.9, Max: 1.1, Diff: 0.4, Sum: 3.7]
      [Update RS (ms): Min: 0.6, Avg: 0.7, Max: 0.7, Diff: 0.1, Sum: 2.7]
         [Processed Buffers: Min: 2, Avg: 8.8, Max: 13, Diff: 11, Sum: 35]
      [Scan RS (ms): Min: 0.5, Avg: 0.6, Max: 0.7, Diff: 0.2, Sum: 2.4]
      [Code Root Scanning (ms): Min: 0.0, Avg: 0.6, Max: 1.3, Diff: 1.3, Sum: 2.5]
      [Object Copy (ms): Min: 5.1, Avg: 5.8, Max: 6.4, Diff: 1.2, Sum: 23.0]
      [Termination (ms): Min: 0.0, Avg: 0.0, Max: 0.0, Diff: 0.0, Sum: 0.0]
         [Termination Attempts: Min: 1, Avg: 1.0, Max: 1, Diff: 0, Sum: 4]
      [GC Worker Other (ms): Min: 0.0, Avg: 0.0, Max: 0.1, Diff: 0.1, Sum: 0.2]
      [GC Worker Total (ms): Min: 8.5, Avg: 8.6, Max: 8.7, Diff: 0.3, Sum: 34.5]
      [GC Worker End (ms): Min: 368165.1, Avg: 368165.2, Max: 368165.2, Diff: 0.1]
   [Code Root Fixup: 0.0 ms]
   [Code Root Purge: 0.0 ms]
   [Clear CT: 0.1 ms]
   [Other: 0.6 ms]
      [Choose CSet: 0.0 ms]
      [Ref Proc: 0.2 ms]
      [Ref Enq: 0.0 ms]
      [Redirty Cards: 0.1 ms]
      [Humongous Register: 0.0 ms]
      [Humongous Reclaim: 0.0 ms]
      [Free CSet: 0.1 ms]
   [Eden: 46.0M(46.0M)->0.0B(47.0M) Survivors: 5120.0K->4096.0K Heap: 192.0M(1024.0M)->145.0M(1024.0M)]
 [Times: user=0.03 sys=0.00, real=0.01 secs] 
2018-11-25T15:37:27.846+0800: 398.389: [GC pause (G1 Evacuation Pause) (young), 0.0102553 secs]
   [Parallel Time: 9.5 ms, GC Workers: 4]
      [GC Worker Start (ms): Min: 398388.9, Avg: 398389.0, Max: 398389.2, Diff: 0.3]
      [Ext Root Scanning (ms): Min: 1.0, Avg: 1.3, Max: 1.9, Diff: 0.9, Sum: 5.2]
      [Update RS (ms): Min: 0.0, Avg: 0.7, Max: 1.0, Diff: 1.0, Sum: 2.8]
         [Processed Buffers: Min: 0, Avg: 5.0, Max: 11, Diff: 11, Sum: 20]
      [Scan RS (ms): Min: 0.0, Avg: 0.0, Max: 0.0, Diff: 0.0, Sum: 0.1]
      [Code Root Scanning (ms): Min: 0.0, Avg: 0.7, Max: 1.4, Diff: 1.4, Sum: 2.8]
      [Object Copy (ms): Min: 5.9, Avg: 6.6, Max: 7.2, Diff: 1.3, Sum: 26.3]
      [Termination (ms): Min: 0.0, Avg: 0.0, Max: 0.0, Diff: 0.0, Sum: 0.0]
         [Termination Attempts: Min: 1, Avg: 1.0, Max: 1, Diff: 0, Sum: 4]
      [GC Worker Other (ms): Min: 0.0, Avg: 0.0, Max: 0.1, Diff: 0.1, Sum: 0.2]
      [GC Worker Total (ms): Min: 9.2, Avg: 9.3, Max: 9.4, Diff: 0.3, Sum: 37.3]
      [GC Worker End (ms): Min: 398398.4, Avg: 398398.4, Max: 398398.4, Diff: 0.0]
   [Code Root Fixup: 0.1 ms]
   [Code Root Purge: 0.0 ms]
   [Clear CT: 0.1 ms]
   [Other: 0.6 ms]
      [Choose CSet: 0.0 ms]
      [Ref Proc: 0.2 ms]
      [Ref Enq: 0.0 ms]
      [Redirty Cards: 0.1 ms]
      [Humongous Register: 0.0 ms]
      [Humongous Reclaim: 0.0 ms]
      [Free CSet: 0.0 ms]
   [Eden: 47.0M(47.0M)->0.0B(46.0M) Survivors: 4096.0K->5120.0K Heap: 192.0M(1024.0M)->146.0M(1024.0M)]
 [Times: user=0.03 sys=0.00, real=0.01 secs] 
2018-11-25T15:37:57.960+0800: 428.502: [GC pause (G1 Evacuation Pause) (young), 0.0108567 secs]
   [Parallel Time: 10.2 ms, GC Workers: 4]
      [GC Worker Start (ms): Min: 428501.8, Avg: 428502.1, Max: 428502.9, Diff: 1.1]
      [Ext Root Scanning (ms): Min: 0.0, Avg: 0.7, Max: 1.1, Diff: 1.1, Sum: 2.9]
      [Update RS (ms): Min: 0.5, Avg: 0.8, Max: 1.0, Diff: 0.5, Sum: 3.3]
         [Processed Buffers: Min: 1, Avg: 5.2, Max: 18, Diff: 17, Sum: 21]
      [Scan RS (ms): Min: 0.0, Avg: 0.0, Max: 0.0, Diff: 0.0, Sum: 0.1]
      [Code Root Scanning (ms): Min: 0.0, Avg: 0.5, Max: 1.0, Diff: 1.0, Sum: 1.9]
      [Object Copy (ms): Min: 7.3, Avg: 7.7, Max: 8.1, Diff: 0.8, Sum: 30.8]
      [Termination (ms): Min: 0.0, Avg: 0.0, Max: 0.0, Diff: 0.0, Sum: 0.0]
         [Termination Attempts: Min: 2, Avg: 2.0, Max: 2, Diff: 0, Sum: 8]
      [GC Worker Other (ms): Min: 0.0, Avg: 0.1, Max: 0.1, Diff: 0.0, Sum: 0.2]
      [GC Worker Total (ms): Min: 9.0, Avg: 9.8, Max: 10.1, Diff: 1.1, Sum: 39.2]
      [GC Worker End (ms): Min: 428511.9, Avg: 428511.9, Max: 428511.9, Diff: 0.1]
   [Code Root Fixup: 0.0 ms]
   [Code Root Purge: 0.0 ms]
   [Clear CT: 0.1 ms]
   [Other: 0.5 ms]
      [Choose CSet: 0.0 ms]
      [Ref Proc: 0.1 ms]
      [Ref Enq: 0.0 ms]
      [Redirty Cards: 0.1 ms]
      [Humongous Register: 0.0 ms]
      [Humongous Reclaim: 0.0 ms]
      [Free CSet: 0.0 ms]
   [Eden: 46.0M(46.0M)->0.0B(46.0M) Survivors: 5120.0K->5120.0K Heap: 192.0M(1024.0M)->146.0M(1024.0M)]
 [Times: user=0.04 sys=0.00, real=0.01 secs] 
2018-11-25T15:38:27.873+0800: 458.415: [GC pause (G1 Evacuation Pause) (young), 0.0094036 secs]
   [Parallel Time: 8.7 ms, GC Workers: 4]
      [GC Worker Start (ms): Min: 458414.7, Avg: 458414.7, Max: 458414.8, Diff: 0.0]
      [Ext Root Scanning (ms): Min: 0.6, Avg: 0.7, Max: 0.9, Diff: 0.2, Sum: 3.0]
      [Update RS (ms): Min: 0.5, Avg: 0.8, Max: 1.1, Diff: 0.6, Sum: 3.3]
         [Processed Buffers: Min: 1, Avg: 4.8, Max: 16, Diff: 15, Sum: 19]
      [Scan RS (ms): Min: 0.0, Avg: 0.0, Max: 0.0, Diff: 0.0, Sum: 0.1]
      [Code Root Scanning (ms): Min: 0.0, Avg: 0.4, Max: 0.9, Diff: 0.9, Sum: 1.6]
      [Object Copy (ms): Min: 6.3, Avg: 6.5, Max: 6.8, Diff: 0.4, Sum: 26.2]
      [Termination (ms): Min: 0.0, Avg: 0.0, Max: 0.0, Diff: 0.0, Sum: 0.0]
         [Termination Attempts: Min: 1, Avg: 1.0, Max: 1, Diff: 0, Sum: 4]
      [GC Worker Other (ms): Min: 0.0, Avg: 0.1, Max: 0.1, Diff: 0.0, Sum: 0.2]
      [GC Worker Total (ms): Min: 8.6, Avg: 8.6, Max: 8.6, Diff: 0.1, Sum: 34.4]
      [GC Worker End (ms): Min: 458423.3, Avg: 458423.3, Max: 458423.3, Diff: 0.1]
   [Code Root Fixup: 0.0 ms]
   [Code Root Purge: 0.0 ms]
   [Clear CT: 0.1 ms]
   [Other: 0.6 ms]
      [Choose CSet: 0.0 ms]
      [Ref Proc: 0.2 ms]
      [Ref Enq: 0.0 ms]
      [Redirty Cards: 0.1 ms]
      [Humongous Register: 0.0 ms]
      [Humongous Reclaim: 0.0 ms]
      [Free CSet: 0.0 ms]
   [Eden: 46.0M(46.0M)->0.0B(46.0M) Survivors: 5120.0K->5120.0K Heap: 192.0M(1024.0M)->146.0M(1024.0M)]
 [Times: user=0.03 sys=0.00, real=0.01 secs] 
2018-11-25T15:38:57.970+0800: 488.510: [GC pause (G1 Evacuation Pause) (young), 0.0094826 secs]
   [Parallel Time: 8.7 ms, GC Workers: 4]
      [GC Worker Start (ms): Min: 488510.0, Avg: 488510.0, Max: 488510.0, Diff: 0.0]
      [Ext Root Scanning (ms): Min: 0.7, Avg: 0.8, Max: 0.8, Diff: 0.2, Sum: 3.0]
      [Update RS (ms): Min: 0.5, Avg: 0.8, Max: 1.1, Diff: 0.6, Sum: 3.3]
         [Processed Buffers: Min: 1, Avg: 4.8, Max: 16, Diff: 15, Sum: 19]
      [Scan RS (ms): Min: 0.0, Avg: 0.0, Max: 0.0, Diff: 0.0, Sum: 0.1]
      [Code Root Scanning (ms): Min: 0.0, Avg: 0.4, Max: 0.9, Diff: 0.9, Sum: 1.6]
      [Object Copy (ms): Min: 6.2, Avg: 6.5, Max: 6.7, Diff: 0.5, Sum: 25.9]
      [Termination (ms): Min: 0.0, Avg: 0.0, Max: 0.0, Diff: 0.0, Sum: 0.0]
         [Termination Attempts: Min: 1, Avg: 1.0, Max: 1, Diff: 0, Sum: 4]
      [GC Worker Other (ms): Min: 0.0, Avg: 0.0, Max: 0.1, Diff: 0.0, Sum: 0.2]
      [GC Worker Total (ms): Min: 8.5, Avg: 8.5, Max: 8.5, Diff: 0.0, Sum: 34.0]
      [GC Worker End (ms): Min: 488518.5, Avg: 488518.5, Max: 488518.5, Diff: 0.0]
   [Code Root Fixup: 0.0 ms]
   [Code Root Purge: 0.0 ms]
   [Clear CT: 0.2 ms]
   [Other: 0.6 ms]
      [Choose CSet: 0.0 ms]
      [Ref Proc: 0.2 ms]
      [Ref Enq: 0.0 ms]
      [Redirty Cards: 0.1 ms]
      [Humongous Register: 0.0 ms]
      [Humongous Reclaim: 0.0 ms]
      [Free CSet: 0.1 ms]
   [Eden: 46.0M(46.0M)->0.0B(60.0M) Survivors: 5120.0K->5120.0K Heap: 192.0M(1024.0M)->145.9M(1024.0M)]
 [Times: user=0.03 sys=0.00, real=0.00 secs] 
2018-11-25T15:39:36.895+0800: 527.435: [GC pause (G1 Evacuation Pause) (young), 0.0105004 secs]
   [Parallel Time: 9.6 ms, GC Workers: 4]
      [GC Worker Start (ms): Min: 527434.9, Avg: 527434.9, Max: 527434.9, Diff: 0.1]
      [Ext Root Scanning (ms): Min: 0.7, Avg: 0.8, Max: 1.0, Diff: 0.2, Sum: 3.3]
      [Update RS (ms): Min: 0.5, Avg: 0.8, Max: 1.0, Diff: 0.5, Sum: 3.3]
         [Processed Buffers: Min: 1, Avg: 4.8, Max: 16, Diff: 15, Sum: 19]
      [Scan RS (ms): Min: 0.0, Avg: 0.0, Max: 0.0, Diff: 0.0, Sum: 0.1]
      [Code Root Scanning (ms): Min: 0.0, Avg: 0.4, Max: 0.9, Diff: 0.9, Sum: 1.7]
      [Object Copy (ms): Min: 7.2, Avg: 7.4, Max: 7.7, Diff: 0.5, Sum: 29.6]
      [Termination (ms): Min: 0.0, Avg: 0.0, Max: 0.0, Diff: 0.0, Sum: 0.0]
         [Termination Attempts: Min: 1, Avg: 1.5, Max: 2, Diff: 1, Sum: 6]
      [GC Worker Other (ms): Min: 0.0, Avg: 0.0, Max: 0.0, Diff: 0.0, Sum: 0.1]
      [GC Worker Total (ms): Min: 9.5, Avg: 9.5, Max: 9.5, Diff: 0.1, Sum: 38.1]
      [GC Worker End (ms): Min: 527444.4, Avg: 527444.4, Max: 527444.4, Diff: 0.0]
   [Code Root Fixup: 0.0 ms]
   [Code Root Purge: 0.0 ms]
   [Clear CT: 0.1 ms]
   [Other: 0.7 ms]
      [Choose CSet: 0.0 ms]
      [Ref Proc: 0.2 ms]
      [Ref Enq: 0.0 ms]
      [Redirty Cards: 0.1 ms]
      [Humongous Register: 0.1 ms]
      [Humongous Reclaim: 0.0 ms]
      [Free CSet: 0.1 ms]
   [Eden: 60.0M(60.0M)->0.0B(143.0M) Survivors: 5120.0K->5120.0K Heap: 205.9M(1024.0M)->146.0M(1024.0M)]
 [Times: user=0.03 sys=0.00, real=0.01 secs] 
2018-11-25T15:41:09.460+0800: 619.996: [GC pause (G1 Evacuation Pause) (young), 0.0128445 secs]
   [Parallel Time: 11.8 ms, GC Workers: 4]
      [GC Worker Start (ms): Min: 619996.3, Avg: 619996.4, Max: 619996.4, Diff: 0.1]
      [Ext Root Scanning (ms): Min: 0.7, Avg: 0.8, Max: 1.0, Diff: 0.3, Sum: 3.2]
      [Update RS (ms): Min: 0.6, Avg: 0.9, Max: 1.1, Diff: 0.5, Sum: 3.4]
         [Processed Buffers: Min: 1, Avg: 5.8, Max: 20, Diff: 19, Sum: 23]
      [Scan RS (ms): Min: 0.0, Avg: 0.0, Max: 0.1, Diff: 0.1, Sum: 0.2]
      [Code Root Scanning (ms): Min: 0.0, Avg: 0.6, Max: 1.1, Diff: 1.1, Sum: 2.3]
      [Object Copy (ms): Min: 8.8, Avg: 9.3, Max: 9.7, Diff: 0.9, Sum: 37.0]
      [Termination (ms): Min: 0.0, Avg: 0.1, Max: 0.1, Diff: 0.1, Sum: 0.4]
         [Termination Attempts: Min: 1, Avg: 1.0, Max: 1, Diff: 0, Sum: 4]
      [GC Worker Other (ms): Min: 0.0, Avg: 0.0, Max: 0.0, Diff: 0.0, Sum: 0.1]
      [GC Worker Total (ms): Min: 11.6, Avg: 11.7, Max: 11.7, Diff: 0.1, Sum: 46.6]
      [GC Worker End (ms): Min: 620008.0, Avg: 620008.0, Max: 620008.1, Diff: 0.0]
   [Code Root Fixup: 0.0 ms]
   [Code Root Purge: 0.0 ms]
   [Clear CT: 0.1 ms]
   [Other: 0.9 ms]
      [Choose CSet: 0.0 ms]
      [Ref Proc: 0.2 ms]
      [Ref Enq: 0.0 ms]
      [Redirty Cards: 0.1 ms]
      [Humongous Register: 0.0 ms]
      [Humongous Reclaim: 0.0 ms]
      [Free CSet: 0.2 ms]
   [Eden: 143.0M(143.0M)->0.0B(197.0M) Survivors: 5120.0K->7168.0K Heap: 289.0M(1024.0M)->147.8M(1024.0M)]
 [Times: user=0.04 sys=0.01, real=0.01 secs] 
2018-11-25T15:43:17.863+0800: 748.396: [GC pause (G1 Evacuation Pause) (young), 0.0204581 secs]
   [Parallel Time: 15.4 ms, GC Workers: 4]
      [GC Worker Start (ms): Min: 748400.1, Avg: 748400.3, Max: 748400.5, Diff: 0.3]
      [Ext Root Scanning (ms): Min: 3.9, Avg: 5.2, Max: 9.0, Diff: 5.2, Sum: 20.9]
      [Update RS (ms): Min: 0.0, Avg: 1.5, Max: 2.2, Diff: 2.2, Sum: 5.9]
         [Processed Buffers: Min: 0, Avg: 5.2, Max: 18, Diff: 18, Sum: 21]
      [Scan RS (ms): Min: 0.0, Avg: 0.0, Max: 0.1, Diff: 0.1, Sum: 0.2]
      [Code Root Scanning (ms): Min: 0.0, Avg: 0.6, Max: 1.3, Diff: 1.3, Sum: 2.5]
      [Object Copy (ms): Min: 6.0, Avg: 7.5, Max: 8.5, Diff: 2.6, Sum: 30.0]
      [Termination (ms): Min: 0.0, Avg: 0.0, Max: 0.0, Diff: 0.0, Sum: 0.1]
         [Termination Attempts: Min: 1, Avg: 1.0, Max: 1, Diff: 0, Sum: 4]
      [GC Worker Other (ms): Min: 0.0, Avg: 0.1, Max: 0.2, Diff: 0.1, Sum: 0.5]
      [GC Worker Total (ms): Min: 14.8, Avg: 15.0, Max: 15.1, Diff: 0.3, Sum: 59.9]
      [GC Worker End (ms): Min: 748415.2, Avg: 748415.3, Max: 748415.3, Diff: 0.1]
   [Code Root Fixup: 0.0 ms]
   [Code Root Purge: 0.0 ms]
   [Clear CT: 0.1 ms]
   [Other: 4.9 ms]
      [Choose CSet: 0.0 ms]
      [Ref Proc: 0.2 ms]
      [Ref Enq: 0.0 ms]
      [Redirty Cards: 0.1 ms]
      [Humongous Register: 3.1 ms]
      [Humongous Reclaim: 0.0 ms]
      [Free CSet: 0.3 ms]
   [Eden: 197.0M(197.0M)->0.0B(209.0M) Survivors: 7168.0K->4096.0K Heap: 344.8M(1024.0M)->145.0M(1024.0M)]
 [Times: user=0.03 sys=0.04, real=0.02 secs] 
2018-11-25T15:45:21.886+0800: 872.415: [GC pause (G1 Evacuation Pause) (young), 0.0381052 secs]
   [Parallel Time: 31.1 ms, GC Workers: 4]
      [GC Worker Start (ms): Min: 872420.3, Avg: 872420.5, Max: 872420.7, Diff: 0.4]
      [Ext Root Scanning (ms): Min: 4.2, Avg: 7.1, Max: 15.8, Diff: 11.6, Sum: 28.6]
      [Update RS (ms): Min: 0.0, Avg: 4.6, Max: 6.1, Diff: 6.1, Sum: 18.3]
         [Processed Buffers: Min: 0, Avg: 6.2, Max: 15, Diff: 15, Sum: 25]
      [Scan RS (ms): Min: 0.0, Avg: 0.0, Max: 0.1, Diff: 0.1, Sum: 0.2]
      [Code Root Scanning (ms): Min: 0.0, Avg: 0.9, Max: 1.9, Diff: 1.9, Sum: 3.8]
      [Object Copy (ms): Min: 15.0, Avg: 18.0, Max: 20.1, Diff: 5.2, Sum: 71.8]
      [Termination (ms): Min: 0.0, Avg: 0.0, Max: 0.0, Diff: 0.0, Sum: 0.0]
         [Termination Attempts: Min: 1, Avg: 1.0, Max: 1, Diff: 0, Sum: 4]
      [GC Worker Other (ms): Min: 0.1, Avg: 0.1, Max: 0.1, Diff: 0.0, Sum: 0.4]
      [GC Worker Total (ms): Min: 30.5, Avg: 30.7, Max: 30.9, Diff: 0.4, Sum: 123.0]
      [GC Worker End (ms): Min: 872451.2, Avg: 872451.2, Max: 872451.2, Diff: 0.0]
   [Code Root Fixup: 0.0 ms]
   [Code Root Purge: 0.0 ms]
   [Clear CT: 0.1 ms]
   [Other: 6.8 ms]
      [Choose CSet: 0.0 ms]
      [Ref Proc: 0.9 ms]
      [Ref Enq: 0.0 ms]
      [Redirty Cards: 0.1 ms]
      [Humongous Register: 3.9 ms]
      [Humongous Reclaim: 0.0 ms]
      [Free CSet: 0.5 ms]
   [Eden: 209.0M(209.0M)->0.0B(46.0M) Survivors: 4096.0K->5120.0K Heap: 354.0M(1024.0M)->146.0M(1024.0M)]
 [Times: user=0.04 sys=0.06, real=0.04 secs] 
2018-11-25T15:45:49.670+0800: 900.198: [GC pause (G1 Evacuation Pause) (young), 0.0139161 secs]
   [Parallel Time: 13.1 ms, GC Workers: 4]
      [GC Worker Start (ms): Min: 900198.3, Avg: 900198.3, Max: 900198.4, Diff: 0.1]
      [Ext Root Scanning (ms): Min: 1.0, Avg: 1.1, Max: 1.5, Diff: 0.5, Sum: 4.6]
      [Update RS (ms): Min: 0.7, Avg: 1.2, Max: 2.3, Diff: 1.6, Sum: 4.7]
         [Processed Buffers: Min: 1, Avg: 5.2, Max: 18, Diff: 17, Sum: 21]
      [Scan RS (ms): Min: 0.0, Avg: 0.0, Max: 0.0, Diff: 0.0, Sum: 0.1]
      [Code Root Scanning (ms): Min: 0.0, Avg: 0.6, Max: 1.4, Diff: 1.4, Sum: 2.5]
      [Object Copy (ms): Min: 9.6, Avg: 10.0, Max: 10.8, Diff: 1.3, Sum: 39.9]
      [Termination (ms): Min: 0.0, Avg: 0.0, Max: 0.0, Diff: 0.0, Sum: 0.0]
         [Termination Attempts: Min: 1, Avg: 1.0, Max: 1, Diff: 0, Sum: 4]
      [GC Worker Other (ms): Min: 0.0, Avg: 0.0, Max: 0.0, Diff: 0.0, Sum: 0.1]
      [GC Worker Total (ms): Min: 12.9, Avg: 13.0, Max: 13.0, Diff: 0.1, Sum: 51.9]
      [GC Worker End (ms): Min: 900211.3, Avg: 900211.3, Max: 900211.3, Diff: 0.0]
   [Code Root Fixup: 0.0 ms]
   [Code Root Purge: 0.0 ms]
   [Clear CT: 0.1 ms]
   [Other: 0.7 ms]
      [Choose CSet: 0.0 ms]
      [Ref Proc: 0.1 ms]
      [Ref Enq: 0.0 ms]
      [Redirty Cards: 0.1 ms]
      [Humongous Register: 0.0 ms]
      [Humongous Reclaim: 0.0 ms]
      [Free CSet: 0.1 ms]
   [Eden: 46.0M(46.0M)->0.0B(46.0M) Survivors: 5120.0K->5120.0K Heap: 192.0M(1024.0M)->146.0M(1024.0M)]
 [Times: user=0.03 sys=0.01, real=0.01 secs] 
2018-11-25T15:46:17.516+0800: 928.043: [GC pause (G1 Evacuation Pause) (young), 0.0133539 secs]
   [Parallel Time: 12.6 ms, GC Workers: 4]
      [GC Worker Start (ms): Min: 928043.2, Avg: 928043.2, Max: 928043.2, Diff: 0.1]
      [Ext Root Scanning (ms): Min: 1.2, Avg: 1.3, Max: 1.4, Diff: 0.2, Sum: 5.1]
      [Update RS (ms): Min: 0.7, Avg: 0.9, Max: 1.1, Diff: 0.4, Sum: 3.6]
         [Processed Buffers: Min: 1, Avg: 5.2, Max: 17, Diff: 16, Sum: 21]
      [Scan RS (ms): Min: 0.0, Avg: 0.0, Max: 0.0, Diff: 0.0, Sum: 0.1]
      [Code Root Scanning (ms): Min: 0.0, Avg: 0.7, Max: 1.5, Diff: 1.5, Sum: 2.8]
      [Object Copy (ms): Min: 9.0, Avg: 9.6, Max: 10.1, Diff: 1.2, Sum: 38.4]
      [Termination (ms): Min: 0.0, Avg: 0.0, Max: 0.0, Diff: 0.0, Sum: 0.0]
         [Termination Attempts: Min: 1, Avg: 1.0, Max: 1, Diff: 0, Sum: 4]
      [GC Worker Other (ms): Min: 0.0, Avg: 0.0, Max: 0.0, Diff: 0.0, Sum: 0.1]
      [GC Worker Total (ms): Min: 12.5, Avg: 12.5, Max: 12.6, Diff: 0.1, Sum: 50.2]
      [GC Worker End (ms): Min: 928055.7, Avg: 928055.7, Max: 928055.7, Diff: 0.0]
   [Code Root Fixup: 0.0 ms]
   [Code Root Purge: 0.0 ms]
   [Clear CT: 0.1 ms]
   [Other: 0.6 ms]
      [Choose CSet: 0.0 ms]
      [Ref Proc: 0.2 ms]
      [Ref Enq: 0.0 ms]
      [Redirty Cards: 0.1 ms]
      [Humongous Register: 0.0 ms]
      [Humongous Reclaim: 0.0 ms]
      [Free CSet: 0.1 ms]
   [Eden: 46.0M(46.0M)->0.0B(104.0M) Survivors: 5120.0K->5120.0K Heap: 192.0M(1024.0M)->146.0M(1024.0M)]
 [Times: user=0.03 sys=0.01, real=0.02 secs] 
2018-11-25T15:47:20.341+0800: 990.867: [GC pause (G1 Evacuation Pause) (young), 0.0225207 secs]
   [Parallel Time: 21.9 ms, GC Workers: 4]
      [GC Worker Start (ms): Min: 990866.8, Avg: 990866.8, Max: 990866.9, Diff: 0.1]
      [Ext Root Scanning (ms): Min: 0.7, Avg: 0.9, Max: 1.3, Diff: 0.6, Sum: 3.6]
      [Update RS (ms): Min: 0.6, Avg: 0.9, Max: 1.1, Diff: 0.5, Sum: 3.5]
         [Processed Buffers: Min: 1, Avg: 5.8, Max: 20, Diff: 19, Sum: 23]
      [Scan RS (ms): Min: 0.0, Avg: 0.0, Max: 0.1, Diff: 0.0, Sum: 0.1]
      [Code Root Scanning (ms): Min: 0.0, Avg: 0.7, Max: 1.3, Diff: 1.3, Sum: 2.6]
      [Object Copy (ms): Min: 19.0, Avg: 19.3, Max: 19.8, Diff: 0.8, Sum: 77.2]
      [Termination (ms): Min: 0.0, Avg: 0.0, Max: 0.0, Diff: 0.0, Sum: 0.0]
         [Termination Attempts: Min: 1, Avg: 1.0, Max: 1, Diff: 0, Sum: 4]
      [GC Worker Other (ms): Min: 0.0, Avg: 0.0, Max: 0.1, Diff: 0.0, Sum: 0.2]
      [GC Worker Total (ms): Min: 21.8, Avg: 21.8, Max: 21.9, Diff: 0.1, Sum: 87.2]
      [GC Worker End (ms): Min: 990888.6, Avg: 990888.6, Max: 990888.7, Diff: 0.0]
   [Code Root Fixup: 0.0 ms]
   [Code Root Purge: 0.0 ms]
   [Clear CT: 0.1 ms]
   [Other: 0.5 ms]
      [Choose CSet: 0.0 ms]
      [Ref Proc: 0.1 ms]
      [Ref Enq: 0.0 ms]
      [Redirty Cards: 0.1 ms]
      [Humongous Register: 0.0 ms]
      [Humongous Reclaim: 0.0 ms]
      [Free CSet: 0.1 ms]
   [Eden: 104.0M(104.0M)->0.0B(66.0M) Survivors: 5120.0K->5120.0K Heap: 250.0M(1024.0M)->145.9M(1024.0M)]
 [Times: user=0.04 sys=0.02, real=0.02 secs] 
2018-11-25T15:48:00.048+0800: 1030.572: [GC pause (G1 Evacuation Pause) (young), 0.0150028 secs]
   [Parallel Time: 13.7 ms, GC Workers: 4]
      [GC Worker Start (ms): Min: 1030572.3, Avg: 1030574.4, Max: 1030577.5, Diff: 5.3]
      [Ext Root Scanning (ms): Min: 0.0, Avg: 0.7, Max: 1.5, Diff: 1.5, Sum: 2.8]
      [Update RS (ms): Min: 0.0, Avg: 0.6, Max: 1.3, Diff: 1.3, Sum: 2.6]
         [Processed Buffers: Min: 0, Avg: 5.5, Max: 12, Diff: 12, Sum: 22]
      [Scan RS (ms): Min: 0.0, Avg: 0.0, Max: 0.0, Diff: 0.0, Sum: 0.1]
      [Code Root Scanning (ms): Min: 0.0, Avg: 3.1, Max: 7.6, Diff: 7.6, Sum: 12.3]
      [Object Copy (ms): Min: 2.4, Avg: 6.1, Max: 9.4, Diff: 7.0, Sum: 24.3]
      [Termination (ms): Min: 0.0, Avg: 0.4, Max: 0.9, Diff: 0.9, Sum: 1.6]
         [Termination Attempts: Min: 1, Avg: 1.0, Max: 1, Diff: 0, Sum: 4]
      [GC Worker Other (ms): Min: 0.0, Avg: 0.0, Max: 0.0, Diff: 0.0, Sum: 0.1]
      [GC Worker Total (ms): Min: 7.5, Avg: 10.9, Max: 13.5, Diff: 6.0, Sum: 43.7]
      [GC Worker End (ms): Min: 1030585.0, Avg: 1030585.4, Max: 1030585.9, Diff: 0.8]
   [Code Root Fixup: 0.0 ms]
   [Code Root Purge: 0.0 ms]
   [Clear CT: 0.1 ms]
   [Other: 1.2 ms]
      [Choose CSet: 0.0 ms]
      [Ref Proc: 0.3 ms]
      [Ref Enq: 0.0 ms]
      [Redirty Cards: 0.2 ms]
      [Humongous Register: 0.3 ms]
      [Humongous Reclaim: 0.0 ms]
      [Free CSet: 0.1 ms]
   [Eden: 66.0M(66.0M)->0.0B(118.0M) Survivors: 5120.0K->4096.0K Heap: 211.9M(1024.0M)->145.5M(1024.0M)]
 [Times: user=0.02 sys=0.01, real=0.03 secs] 
2018-11-25T15:49:11.853+0800: 1102.351: [GC pause (G1 Evacuation Pause) (young), 0.0437194 secs]
   [Parallel Time: 39.7 ms, GC Workers: 4]
      [GC Worker Start (ms): Min: 1102354.3, Avg: 1102354.4, Max: 1102354.5, Diff: 0.3]
      [Ext Root Scanning (ms): Min: 3.6, Avg: 7.9, Max: 20.4, Diff: 16.8, Sum: 31.4]
      [Update RS (ms): Min: 0.0, Avg: 8.4, Max: 12.3, Diff: 12.3, Sum: 33.5]
         [Processed Buffers: Min: 0, Avg: 5.0, Max: 17, Diff: 17, Sum: 20]
      [Scan RS (ms): Min: 0.0, Avg: 0.0, Max: 0.1, Diff: 0.0, Sum: 0.1]
      [Code Root Scanning (ms): Min: 0.0, Avg: 0.5, Max: 2.1, Diff: 2.1, Sum: 2.1]
      [Object Copy (ms): Min: 19.1, Avg: 22.6, Max: 24.2, Diff: 5.1, Sum: 90.4]
      [Termination (ms): Min: 0.0, Avg: 0.0, Max: 0.0, Diff: 0.0, Sum: 0.1]
         [Termination Attempts: Min: 1, Avg: 1.0, Max: 1, Diff: 0, Sum: 4]
      [GC Worker Other (ms): Min: 0.0, Avg: 0.1, Max: 0.1, Diff: 0.0, Sum: 0.2]
      [GC Worker Total (ms): Min: 39.3, Avg: 39.5, Max: 39.6, Diff: 0.3, Sum: 157.9]
      [GC Worker End (ms): Min: 1102393.9, Avg: 1102393.9, Max: 1102393.9, Diff: 0.0]
   [Code Root Fixup: 0.1 ms]
   [Code Root Purge: 0.0 ms]
   [Clear CT: 0.1 ms]
   [Other: 3.8 ms]
      [Choose CSet: 0.0 ms]
      [Ref Proc: 0.3 ms]
      [Ref Enq: 0.0 ms]
      [Redirty Cards: 0.1 ms]
      [Humongous Register: 2.4 ms]
      [Humongous Reclaim: 0.0 ms]
      [Free CSet: 0.4 ms]
   [Eden: 118.0M(118.0M)->0.0B(47.0M) Survivors: 4096.0K->4096.0K Heap: 263.5M(1024.0M)->146.3M(1024.0M)]
 [Times: user=0.04 sys=0.04, real=0.05 secs] 
2018-11-25T15:49:40.429+0800: 1130.927: [GC pause (G1 Evacuation Pause) (young), 0.0136947 secs]
   [Parallel Time: 12.7 ms, GC Workers: 4]
      [GC Worker Start (ms): Min: 1130926.9, Avg: 1130927.1, Max: 1130927.4, Diff: 0.4]
      [Ext Root Scanning (ms): Min: 0.8, Avg: 1.2, Max: 1.4, Diff: 0.6, Sum: 4.6]
      [Update RS (ms): Min: 3.4, Avg: 3.7, Max: 3.8, Diff: 0.4, Sum: 14.6]
         [Processed Buffers: Min: 2, Avg: 6.5, Max: 18, Diff: 16, Sum: 26]
      [Scan RS (ms): Min: 0.0, Avg: 0.0, Max: 0.0, Diff: 0.0, Sum: 0.1]
      [Code Root Scanning (ms): Min: 0.0, Avg: 0.1, Max: 0.3, Diff: 0.3, Sum: 0.3]
      [Object Copy (ms): Min: 7.3, Avg: 7.5, Max: 7.6, Diff: 0.3, Sum: 30.0]
      [Termination (ms): Min: 0.0, Avg: 0.0, Max: 0.0, Diff: 0.0, Sum: 0.0]
         [Termination Attempts: Min: 1, Avg: 1.0, Max: 1, Diff: 0, Sum: 4]
      [GC Worker Other (ms): Min: 0.0, Avg: 0.0, Max: 0.1, Diff: 0.1, Sum: 0.2]
      [GC Worker Total (ms): Min: 12.2, Avg: 12.5, Max: 12.6, Diff: 0.4, Sum: 49.8]
      [GC Worker End (ms): Min: 1130939.5, Avg: 1130939.5, Max: 1130939.5, Diff: 0.0]
   [Code Root Fixup: 0.0 ms]
   [Code Root Purge: 0.0 ms]
   [Clear CT: 0.1 ms]
   [Other: 0.9 ms]
      [Choose CSet: 0.0 ms]
      [Ref Proc: 0.2 ms]
      [Ref Enq: 0.0 ms]
      [Redirty Cards: 0.2 ms]
      [Humongous Register: 0.1 ms]
      [Humongous Reclaim: 0.0 ms]
      [Free CSet: 0.1 ms]
   [Eden: 47.0M(47.0M)->0.0B(46.0M) Survivors: 4096.0K->5120.0K Heap: 193.3M(1024.0M)->147.3M(1024.0M)]
 [Times: user=0.03 sys=0.01, real=0.02 secs] 
2018-11-25T15:50:08.373+0800: 1158.870: [GC pause (G1 Evacuation Pause) (young), 0.0110887 secs]
   [Parallel Time: 10.4 ms, GC Workers: 4]
      [GC Worker Start (ms): Min: 1158870.1, Avg: 1158870.2, Max: 1158870.5, Diff: 0.4]
      [Ext Root Scanning (ms): Min: 0.7, Avg: 0.9, Max: 1.0, Diff: 0.4, Sum: 3.5]
      [Update RS (ms): Min: 0.8, Avg: 1.0, Max: 1.2, Diff: 0.4, Sum: 4.0]
         [Processed Buffers: Min: 1, Avg: 8.2, Max: 29, Diff: 28, Sum: 33]
      [Scan RS (ms): Min: 0.0, Avg: 0.0, Max: 0.0, Diff: 0.0, Sum: 0.1]
      [Code Root Scanning (ms): Min: 0.0, Avg: 0.0, Max: 0.1, Diff: 0.1, Sum: 0.2]
      [Object Copy (ms): Min: 8.1, Avg: 8.2, Max: 8.3, Diff: 0.2, Sum: 32.9]
      [Termination (ms): Min: 0.0, Avg: 0.0, Max: 0.0, Diff: 0.0, Sum: 0.0]
         [Termination Attempts: Min: 1, Avg: 1.2, Max: 2, Diff: 1, Sum: 5]
      [GC Worker Other (ms): Min: 0.0, Avg: 0.0, Max: 0.0, Diff: 0.0, Sum: 0.1]
      [GC Worker Total (ms): Min: 9.9, Avg: 10.2, Max: 10.3, Diff: 0.4, Sum: 40.8]
      [GC Worker End (ms): Min: 1158880.4, Avg: 1158880.4, Max: 1158880.4, Diff: 0.0]
   [Code Root Fixup: 0.0 ms]
   [Code Root Purge: 0.0 ms]
   [Clear CT: 0.1 ms]
   [Other: 0.6 ms]
      [Choose CSet: 0.0 ms]
      [Ref Proc: 0.2 ms]
      [Ref Enq: 0.0 ms]
      [Redirty Cards: 0.1 ms]
      [Humongous Register: 0.0 ms]
      [Humongous Reclaim: 0.0 ms]
      [Free CSet: 0.0 ms]
   [Eden: 46.0M(46.0M)->0.0B(64.0M) Survivors: 5120.0K->5120.0K Heap: 193.3M(1024.0M)->147.3M(1024.0M)]
 [Times: user=0.03 sys=0.01, real=0.01 secs] 
2018-11-25T15:50:47.213+0800: 1197.708: [GC pause (G1 Evacuation Pause) (young), 0.0125854 secs]
   [Parallel Time: 12.0 ms, GC Workers: 4]
      [GC Worker Start (ms): Min: 1197708.2, Avg: 1197708.3, Max: 1197708.5, Diff: 0.3]
      [Ext Root Scanning (ms): Min: 0.5, Avg: 0.9, Max: 1.3, Diff: 0.8, Sum: 3.7]
      [Update RS (ms): Min: 0.0, Avg: 0.9, Max: 1.5, Diff: 1.5, Sum: 3.7]
         [Processed Buffers: Min: 0, Avg: 8.2, Max: 21, Diff: 21, Sum: 33]
      [Scan RS (ms): Min: 0.0, Avg: 0.0, Max: 0.1, Diff: 0.1, Sum: 0.1]
      [Code Root Scanning (ms): Min: 0.0, Avg: 0.0, Max: 0.1, Diff: 0.1, Sum: 0.2]
      [Object Copy (ms): Min: 9.3, Avg: 9.8, Max: 10.9, Diff: 1.6, Sum: 39.1]
      [Termination (ms): Min: 0.0, Avg: 0.1, Max: 0.1, Diff: 0.1, Sum: 0.4]
         [Termination Attempts: Min: 1, Avg: 1.0, Max: 1, Diff: 0, Sum: 4]
      [GC Worker Other (ms): Min: 0.0, Avg: 0.0, Max: 0.0, Diff: 0.0, Sum: 0.1]
      [GC Worker Total (ms): Min: 11.6, Avg: 11.8, Max: 11.9, Diff: 0.3, Sum: 47.1]
      [GC Worker End (ms): Min: 1197720.0, Avg: 1197720.0, Max: 1197720.1, Diff: 0.0]
   [Code Root Fixup: 0.0 ms]
   [Code Root Purge: 0.0 ms]
   [Clear CT: 0.1 ms]
   [Other: 0.5 ms]
      [Choose CSet: 0.0 ms]
      [Ref Proc: 0.1 ms]
      [Ref Enq: 0.0 ms]
      [Redirty Cards: 0.1 ms]
      [Humongous Register: 0.0 ms]
      [Humongous Reclaim: 0.0 ms]
      [Free CSet: 0.0 ms]
   [Eden: 64.0M(64.0M)->0.0B(175.0M) Survivors: 5120.0K->4096.0K Heap: 211.3M(1024.0M)->147.0M(1024.0M)]
 [Times: user=0.04 sys=0.00, real=0.01 secs] 
2018-11-25T15:52:33.239+0800: 1303.732: [GC pause (G1 Evacuation Pause) (young), 0.0299588 secs]
   [Parallel Time: 24.8 ms, GC Workers: 4]
      [GC Worker Start (ms): Min: 1303735.7, Avg: 1303735.9, Max: 1303736.0, Diff: 0.4]
      [Ext Root Scanning (ms): Min: 4.7, Avg: 6.7, Max: 12.5, Diff: 7.7, Sum: 27.0]
      [Update RS (ms): Min: 0.0, Avg: 2.9, Max: 4.9, Diff: 4.9, Sum: 11.5]
         [Processed Buffers: Min: 0, Avg: 9.8, Max: 36, Diff: 36, Sum: 39]
      [Scan RS (ms): Min: 0.0, Avg: 0.0, Max: 0.1, Diff: 0.1, Sum: 0.2]
      [Code Root Scanning (ms): Min: 0.0, Avg: 0.2, Max: 0.9, Diff: 0.9, Sum: 0.9]
      [Object Copy (ms): Min: 12.1, Avg: 14.5, Max: 15.6, Diff: 3.6, Sum: 57.8]
      [Termination (ms): Min: 0.0, Avg: 0.0, Max: 0.0, Diff: 0.0, Sum: 0.0]
         [Termination Attempts: Min: 1, Avg: 1.8, Max: 2, Diff: 1, Sum: 7]
      [GC Worker Other (ms): Min: 0.1, Avg: 0.1, Max: 0.2, Diff: 0.1, Sum: 0.4]
      [GC Worker Total (ms): Min: 24.3, Avg: 24.4, Max: 24.6, Diff: 0.3, Sum: 97.8]
      [GC Worker End (ms): Min: 1303760.3, Avg: 1303760.3, Max: 1303760.3, Diff: 0.0]
   [Code Root Fixup: 0.0 ms]
   [Code Root Purge: 0.0 ms]
   [Clear CT: 0.1 ms]
   [Other: 5.0 ms]
      [Choose CSet: 0.0 ms]
      [Ref Proc: 0.3 ms]
      [Ref Enq: 0.0 ms]
      [Redirty Cards: 0.1 ms]
      [Humongous Register: 3.2 ms]
      [Humongous Reclaim: 0.0 ms]
      [Free CSet: 0.4 ms]
   [Eden: 175.0M(175.0M)->0.0B(47.0M) Survivors: 4096.0K->4096.0K Heap: 322.0M(1024.0M)->147.0M(1024.0M)]
 [Times: user=0.03 sys=0.04, real=0.04 secs] 
2018-11-25T15:53:01.915+0800: 1332.406: [GC pause (G1 Evacuation Pause) (young), 0.0143777 secs]
   [Parallel Time: 13.3 ms, GC Workers: 4]
      [GC Worker Start (ms): Min: 1332406.2, Avg: 1332406.9, Max: 1332408.6, Diff: 2.4]
      [Ext Root Scanning (ms): Min: 0.0, Avg: 0.6, Max: 1.0, Diff: 1.0, Sum: 2.3]
      [Update RS (ms): Min: 0.0, Avg: 0.7, Max: 1.0, Diff: 1.0, Sum: 2.6]
         [Processed Buffers: Min: 0, Avg: 8.8, Max: 18, Diff: 18, Sum: 35]
      [Scan RS (ms): Min: 0.0, Avg: 0.0, Max: 0.0, Diff: 0.0, Sum: 0.0]
      [Code Root Scanning (ms): Min: 0.0, Avg: 0.0, Max: 0.1, Diff: 0.1, Sum: 0.1]
      [Object Copy (ms): Min: 10.8, Avg: 11.1, Max: 11.2, Diff: 0.5, Sum: 44.3]
      [Termination (ms): Min: 0.0, Avg: 0.1, Max: 0.1, Diff: 0.1, Sum: 0.4]
         [Termination Attempts: Min: 1, Avg: 1.0, Max: 1, Diff: 0, Sum: 4]
      [GC Worker Other (ms): Min: 0.0, Avg: 0.0, Max: 0.0, Diff: 0.0, Sum: 0.1]
      [GC Worker Total (ms): Min: 10.8, Avg: 12.4, Max: 13.2, Diff: 2.4, Sum: 49.8]
      [GC Worker End (ms): Min: 1332419.4, Avg: 1332419.4, Max: 1332419.4, Diff: 0.0]
   [Code Root Fixup: 0.0 ms]
   [Code Root Purge: 0.0 ms]
   [Clear CT: 0.1 ms]
   [Other: 1.0 ms]
      [Choose CSet: 0.0 ms]
      [Ref Proc: 0.3 ms]
      [Ref Enq: 0.0 ms]
      [Redirty Cards: 0.2 ms]
      [Humongous Register: 0.0 ms]
      [Humongous Reclaim: 0.1 ms]
      [Free CSet: 0.1 ms]
   [Eden: 47.0M(47.0M)->0.0B(90.0M) Survivors: 4096.0K->4096.0K Heap: 194.0M(1024.0M)->147.0M(1024.0M)]
 [Times: user=0.03 sys=0.01, real=0.02 secs] 
2018-11-25T15:53:56.314+0800: 1386.803: [GC pause (G1 Evacuation Pause) (young), 0.0107736 secs]
   [Parallel Time: 9.4 ms, GC Workers: 4]
      [GC Worker Start (ms): Min: 1386803.8, Avg: 1386804.2, Max: 1386804.7, Diff: 0.9]
      [Ext Root Scanning (ms): Min: 0.5, Avg: 1.1, Max: 1.8, Diff: 1.3, Sum: 4.3]
      [Update RS (ms): Min: 1.0, Avg: 1.4, Max: 2.0, Diff: 1.0, Sum: 5.7]
         [Processed Buffers: Min: 1, Avg: 8.5, Max: 27, Diff: 26, Sum: 34]
      [Scan RS (ms): Min: 0.0, Avg: 0.0, Max: 0.1, Diff: 0.1, Sum: 0.1]
      [Code Root Scanning (ms): Min: 0.0, Avg: 0.0, Max: 0.1, Diff: 0.1, Sum: 0.1]
      [Object Copy (ms): Min: 5.8, Avg: 6.3, Max: 6.5, Diff: 0.7, Sum: 25.1]
      [Termination (ms): Min: 0.0, Avg: 0.0, Max: 0.0, Diff: 0.0, Sum: 0.0]
         [Termination Attempts: Min: 1, Avg: 1.0, Max: 1, Diff: 0, Sum: 4]
      [GC Worker Other (ms): Min: 0.0, Avg: 0.0, Max: 0.1, Diff: 0.1, Sum: 0.2]
      [GC Worker Total (ms): Min: 8.4, Avg: 8.9, Max: 9.3, Diff: 0.9, Sum: 35.6]
      [GC Worker End (ms): Min: 1386813.0, Avg: 1386813.1, Max: 1386813.1, Diff: 0.1]
   [Code Root Fixup: 0.0 ms]
   [Code Root Purge: 0.0 ms]
   [Clear CT: 0.1 ms]
   [Other: 1.3 ms]
      [Choose CSet: 0.0 ms]
      [Ref Proc: 0.3 ms]
      [Ref Enq: 0.0 ms]
      [Redirty Cards: 0.2 ms]
      [Humongous Register: 0.1 ms]
      [Humongous Reclaim: 0.0 ms]
      [Free CSet: 0.1 ms]
   [Eden: 90.0M(90.0M)->0.0B(202.0M) Survivors: 4096.0K->3072.0K Heap: 237.0M(1024.0M)->146.1M(1024.0M)]
 [Times: user=0.04 sys=0.00, real=0.01 secs] 
2018-11-25T15:55:58.623+0800: 1509.110: [GC pause (G1 Evacuation Pause) (young), 0.0344971 secs]
   [Parallel Time: 27.4 ms, GC Workers: 4]
      [GC Worker Start (ms): Min: 1509112.5, Avg: 1509114.9, Max: 1509116.1, Diff: 3.6]
      [Ext Root Scanning (ms): Min: 3.7, Avg: 5.0, Max: 7.7, Diff: 4.0, Sum: 19.9]
      [Update RS (ms): Min: 2.8, Avg: 3.7, Max: 4.9, Diff: 2.1, Sum: 14.8]
         [Processed Buffers: Min: 1, Avg: 8.8, Max: 27, Diff: 26, Sum: 35]
      [Scan RS (ms): Min: 0.0, Avg: 0.0, Max: 0.1, Diff: 0.1, Sum: 0.2]
      [Code Root Scanning (ms): Min: 0.0, Avg: 0.0, Max: 0.2, Diff: 0.2, Sum: 0.2]
      [Object Copy (ms): Min: 14.6, Avg: 15.5, Max: 16.1, Diff: 1.5, Sum: 62.2]
      [Termination (ms): Min: 0.0, Avg: 0.2, Max: 0.3, Diff: 0.3, Sum: 0.8]
         [Termination Attempts: Min: 1, Avg: 1.0, Max: 1, Diff: 0, Sum: 4]
      [GC Worker Other (ms): Min: 0.0, Avg: 0.2, Max: 0.6, Diff: 0.6, Sum: 1.0]
      [GC Worker Total (ms): Min: 23.6, Avg: 24.8, Max: 27.1, Diff: 3.5, Sum: 99.1]
      [GC Worker End (ms): Min: 1509139.6, Avg: 1509139.7, Max: 1509139.7, Diff: 0.1]
   [Code Root Fixup: 0.0 ms]
   [Code Root Purge: 0.0 ms]
   [Clear CT: 0.1 ms]
   [Other: 7.0 ms]
      [Choose CSet: 0.0 ms]
      [Ref Proc: 0.8 ms]
      [Ref Enq: 0.0 ms]
      [Redirty Cards: 0.1 ms]
      [Humongous Register: 2.5 ms]
      [Humongous Reclaim: 0.0 ms]
      [Free CSet: 2.8 ms]
   [Eden: 202.0M(202.0M)->0.0B(46.0M) Survivors: 3072.0K->5120.0K Heap: 348.1M(1024.0M)->147.6M(1024.0M)]
 [Times: user=0.03 sys=0.02, real=0.04 secs] 
2018-11-25T15:56:26.226+0800: 1536.711: [GC pause (G1 Evacuation Pause) (young), 0.0112107 secs]
   [Parallel Time: 10.5 ms, GC Workers: 4]
      [GC Worker Start (ms): Min: 1536711.1, Avg: 1536711.3, Max: 1536711.6, Diff: 0.5]
      [Ext Root Scanning (ms): Min: 0.6, Avg: 2.0, Max: 5.1, Diff: 4.5, Sum: 7.8]
      [Update RS (ms): Min: 0.0, Avg: 1.1, Max: 1.8, Diff: 1.8, Sum: 4.4]
         [Processed Buffers: Min: 0, Avg: 9.0, Max: 14, Diff: 14, Sum: 36]
      [Scan RS (ms): Min: 0.0, Avg: 0.0, Max: 0.1, Diff: 0.0, Sum: 0.1]
      [Code Root Scanning (ms): Min: 0.0, Avg: 0.0, Max: 0.0, Diff: 0.0, Sum: 0.1]
      [Object Copy (ms): Min: 5.2, Avg: 7.0, Max: 7.9, Diff: 2.7, Sum: 28.0]
      [Termination (ms): Min: 0.1, Avg: 0.1, Max: 0.1, Diff: 0.1, Sum: 0.4]
         [Termination Attempts: Min: 58, Avg: 65.2, Max: 75, Diff: 17, Sum: 261]
      [GC Worker Other (ms): Min: 0.0, Avg: 0.0, Max: 0.0, Diff: 0.0, Sum: 0.1]
      [GC Worker Total (ms): Min: 9.9, Avg: 10.2, Max: 10.4, Diff: 0.5, Sum: 40.9]
      [GC Worker End (ms): Min: 1536721.5, Avg: 1536721.5, Max: 1536721.5, Diff: 0.0]
   [Code Root Fixup: 0.0 ms]
   [Code Root Purge: 0.0 ms]
   [Clear CT: 0.1 ms]
   [Other: 0.7 ms]
      [Choose CSet: 0.0 ms]
      [Ref Proc: 0.1 ms]
      [Ref Enq: 0.0 ms]
      [Redirty Cards: 0.1 ms]
      [Humongous Register: 0.1 ms]
      [Humongous Reclaim: 0.0 ms]
      [Free CSet: 0.0 ms]
   [Eden: 46.0M(46.0M)->0.0B(120.0M) Survivors: 5120.0K->4096.0K Heap: 193.6M(1024.0M)->147.1M(1024.0M)]
 [Times: user=0.04 sys=0.00, real=0.01 secs] 
2018-11-25T15:57:38.492+0800: 1608.975: [GC pause (G1 Evacuation Pause) (young), 0.0119314 secs]
   [Parallel Time: 11.2 ms, GC Workers: 4]
      [GC Worker Start (ms): Min: 1608975.3, Avg: 1608975.3, Max: 1608975.3, Diff: 0.1]
      [Ext Root Scanning (ms): Min: 0.7, Avg: 0.8, Max: 0.8, Diff: 0.2, Sum: 3.0]
      [Update RS (ms): Min: 1.1, Avg: 1.3, Max: 1.4, Diff: 0.3, Sum: 5.0]
         [Processed Buffers: Min: 1, Avg: 9.0, Max: 30, Diff: 29, Sum: 36]
      [Scan RS (ms): Min: 0.0, Avg: 0.0, Max: 0.1, Diff: 0.1, Sum: 0.1]
      [Code Root Scanning (ms): Min: 0.0, Avg: 0.0, Max: 0.1, Diff: 0.1, Sum: 0.1]
      [Object Copy (ms): Min: 8.1, Avg: 8.3, Max: 8.6, Diff: 0.4, Sum: 33.4]
      [Termination (ms): Min: 0.5, Avg: 0.6, Max: 0.8, Diff: 0.3, Sum: 2.3]
         [Termination Attempts: Min: 229, Avg: 251.5, Max: 277, Diff: 48, Sum: 1006]
      [GC Worker Other (ms): Min: 0.0, Avg: 0.1, Max: 0.1, Diff: 0.1, Sum: 0.2]
      [GC Worker Total (ms): Min: 11.0, Avg: 11.0, Max: 11.1, Diff: 0.1, Sum: 44.1]
      [GC Worker End (ms): Min: 1608986.3, Avg: 1608986.3, Max: 1608986.3, Diff: 0.0]
   [Code Root Fixup: 0.0 ms]
   [Code Root Purge: 0.0 ms]
   [Clear CT: 0.1 ms]
   [Other: 0.7 ms]
      [Choose CSet: 0.0 ms]
      [Ref Proc: 0.1 ms]
      [Ref Enq: 0.0 ms]
      [Redirty Cards: 0.1 ms]
      [Humongous Register: 0.1 ms]
      [Humongous Reclaim: 0.0 ms]
      [Free CSet: 0.1 ms]
   [Eden: 120.0M(120.0M)->0.0B(223.0M) Survivors: 4096.0K->5120.0K Heap: 267.1M(1024.0M)->147.7M(1024.0M)]
 [Times: user=0.04 sys=0.01, real=0.01 secs] 
2018-11-25T15:59:54.263+0800: 1744.742: [GC pause (G1 Evacuation Pause) (young), 0.0289858 secs]
   [Parallel Time: 24.6 ms, GC Workers: 4]
      [GC Worker Start (ms): Min: 1744744.7, Avg: 1744744.8, Max: 1744744.9, Diff: 0.2]
      [Ext Root Scanning (ms): Min: 3.3, Avg: 4.7, Max: 8.4, Diff: 5.0, Sum: 18.8]
      [Update RS (ms): Min: 0.2, Avg: 3.9, Max: 5.7, Diff: 5.5, Sum: 15.6]
         [Processed Buffers: Min: 2, Avg: 8.5, Max: 16, Diff: 14, Sum: 34]
      [Scan RS (ms): Min: 0.0, Avg: 0.0, Max: 0.1, Diff: 0.1, Sum: 0.1]
      [Code Root Scanning (ms): Min: 0.0, Avg: 0.0, Max: 0.1, Diff: 0.1, Sum: 0.1]
      [Object Copy (ms): Min: 12.7, Avg: 13.7, Max: 14.2, Diff: 1.5, Sum: 54.7]
      [Termination (ms): Min: 1.5, Avg: 2.0, Max: 2.6, Diff: 1.1, Sum: 7.9]
         [Termination Attempts: Min: 78, Avg: 131.2, Max: 171, Diff: 93, Sum: 525]
      [GC Worker Other (ms): Min: 0.0, Avg: 0.0, Max: 0.1, Diff: 0.0, Sum: 0.2]
      [GC Worker Total (ms): Min: 24.3, Avg: 24.4, Max: 24.4, Diff: 0.2, Sum: 97.5]
      [GC Worker End (ms): Min: 1744769.2, Avg: 1744769.2, Max: 1744769.2, Diff: 0.0]
   [Code Root Fixup: 0.0 ms]
   [Code Root Purge: 0.0 ms]
   [Clear CT: 0.1 ms]
   [Other: 4.3 ms]
      [Choose CSet: 0.0 ms]
      [Ref Proc: 0.3 ms]
      [Ref Enq: 0.0 ms]
      [Redirty Cards: 0.1 ms]
      [Humongous Register: 2.4 ms]
      [Humongous Reclaim: 0.0 ms]
      [Free CSet: 0.7 ms]
   [Eden: 223.0M(223.0M)->0.0B(148.0M) Survivors: 5120.0K->6144.0K Heap: 370.7M(1024.0M)->148.8M(1024.0M)]
 [Times: user=0.05 sys=0.03, real=0.03 secs] 
2018-11-25T16:01:23.718+0800: 1834.194: [GC pause (G1 Evacuation Pause) (young), 0.0150020 secs]
   [Parallel Time: 14.2 ms, GC Workers: 4]
      [GC Worker Start (ms): Min: 1834194.3, Avg: 1834194.4, Max: 1834194.7, Diff: 0.4]
      [Ext Root Scanning (ms): Min: 0.7, Avg: 1.0, Max: 1.1, Diff: 0.4, Sum: 4.0]
      [Update RS (ms): Min: 1.8, Avg: 1.9, Max: 2.1, Diff: 0.3, Sum: 7.5]
         [Processed Buffers: Min: 1, Avg: 9.8, Max: 23, Diff: 22, Sum: 39]
      [Scan RS (ms): Min: 0.0, Avg: 0.0, Max: 0.1, Diff: 0.1, Sum: 0.2]
      [Code Root Scanning (ms): Min: 0.0, Avg: 0.0, Max: 0.1, Diff: 0.1, Sum: 0.1]
      [Object Copy (ms): Min: 10.6, Avg: 10.8, Max: 10.8, Diff: 0.3, Sum: 43.1]
      [Termination (ms): Min: 0.0, Avg: 0.0, Max: 0.0, Diff: 0.0, Sum: 0.0]
         [Termination Attempts: Min: 1, Avg: 1.0, Max: 1, Diff: 0, Sum: 4]
      [GC Worker Other (ms): Min: 0.1, Avg: 0.1, Max: 0.2, Diff: 0.1, Sum: 0.5]
      [GC Worker Total (ms): Min: 13.5, Avg: 13.8, Max: 14.0, Diff: 0.5, Sum: 55.4]
      [GC Worker End (ms): Min: 1834208.2, Avg: 1834208.2, Max: 1834208.3, Diff: 0.1]
   [Code Root Fixup: 0.0 ms]
   [Code Root Purge: 0.0 ms]
   [Clear CT: 0.1 ms]
   [Other: 0.7 ms]
      [Choose CSet: 0.0 ms]
      [Ref Proc: 0.2 ms]
      [Ref Enq: 0.0 ms]
      [Redirty Cards: 0.1 ms]
      [Humongous Register: 0.1 ms]
      [Humongous Reclaim: 0.0 ms]
      [Free CSet: 0.1 ms]
   [Eden: 148.0M(148.0M)->0.0B(215.0M) Survivors: 6144.0K->5120.0K Heap: 296.8M(1024.0M)->148.0M(1024.0M)]
 [Times: user=0.04 sys=0.01, real=0.02 secs] 
2018-11-25T16:03:34.057+0800: 1964.529: [GC pause (G1 Evacuation Pause) (young), 0.0330130 secs]
   [Parallel Time: 28.1 ms, GC Workers: 4]
      [GC Worker Start (ms): Min: 1964532.9, Avg: 1964533.0, Max: 1964533.2, Diff: 0.3]
      [Ext Root Scanning (ms): Min: 6.4, Avg: 8.0, Max: 12.3, Diff: 5.9, Sum: 31.9]
      [Update RS (ms): Min: 0.0, Avg: 1.9, Max: 2.8, Diff: 2.8, Sum: 7.8]
         [Processed Buffers: Min: 0, Avg: 8.8, Max: 28, Diff: 28, Sum: 35]
      [Scan RS (ms): Min: 0.0, Avg: 0.0, Max: 0.1, Diff: 0.1, Sum: 0.2]
      [Code Root Scanning (ms): Min: 0.0, Avg: 0.0, Max: 0.1, Diff: 0.1, Sum: 0.1]
      [Object Copy (ms): Min: 11.5, Avg: 13.8, Max: 14.9, Diff: 3.4, Sum: 55.2]
      [Termination (ms): Min: 3.8, Avg: 3.9, Max: 4.1, Diff: 0.3, Sum: 15.6]
         [Termination Attempts: Min: 134, Avg: 146.5, Max: 155, Diff: 21, Sum: 586]
      [GC Worker Other (ms): Min: 0.1, Avg: 0.1, Max: 0.1, Diff: 0.1, Sum: 0.4]
      [GC Worker Total (ms): Min: 27.6, Avg: 27.8, Max: 28.0, Diff: 0.4, Sum: 111.2]
      [GC Worker End (ms): Min: 1964560.8, Avg: 1964560.8, Max: 1964560.9, Diff: 0.0]
   [Code Root Fixup: 0.0 ms]
   [Code Root Purge: 0.0 ms]
   [Clear CT: 0.1 ms]
   [Other: 4.8 ms]
      [Choose CSet: 0.0 ms]
      [Ref Proc: 0.2 ms]
      [Ref Enq: 0.0 ms]
      [Redirty Cards: 0.1 ms]
      [Humongous Register: 3.0 ms]
      [Humongous Reclaim: 0.0 ms]
      [Free CSet: 0.5 ms]
   [Eden: 215.0M(215.0M)->0.0B(63.0M) Survivors: 5120.0K->5120.0K Heap: 363.0M(1024.0M)->148.1M(1024.0M)]
 [Times: user=0.05 sys=0.05, real=0.04 secs] 
2018-11-25T16:04:12.020+0800: 2002.491: [GC pause (G1 Evacuation Pause) (young), 0.0215827 secs]
   [Parallel Time: 20.0 ms, GC Workers: 4]
      [GC Worker Start (ms): Min: 2002492.1, Avg: 2002492.2, Max: 2002492.2, Diff: 0.1]
      [Ext Root Scanning (ms): Min: 1.4, Avg: 1.5, Max: 1.6, Diff: 0.3, Sum: 6.0]
      [Update RS (ms): Min: 1.4, Avg: 1.5, Max: 1.6, Diff: 0.2, Sum: 6.1]
         [Processed Buffers: Min: 1, Avg: 8.8, Max: 29, Diff: 28, Sum: 35]
      [Scan RS (ms): Min: 0.0, Avg: 0.0, Max: 0.1, Diff: 0.0, Sum: 0.1]
      [Code Root Scanning (ms): Min: 0.0, Avg: 0.0, Max: 0.1, Diff: 0.1, Sum: 0.1]
      [Object Copy (ms): Min: 13.7, Avg: 14.1, Max: 14.3, Diff: 0.6, Sum: 56.3]
      [Termination (ms): Min: 2.3, Avg: 2.7, Max: 3.1, Diff: 0.7, Sum: 10.7]
         [Termination Attempts: Min: 163, Avg: 187.8, Max: 207, Diff: 44, Sum: 751]
      [GC Worker Other (ms): Min: 0.0, Avg: 0.1, Max: 0.1, Diff: 0.1, Sum: 0.2]
      [GC Worker Total (ms): Min: 19.8, Avg: 19.9, Max: 19.9, Diff: 0.2, Sum: 79.5]
      [GC Worker End (ms): Min: 2002512.0, Avg: 2002512.0, Max: 2002512.0, Diff: 0.0]
   [Code Root Fixup: 0.0 ms]
   [Code Root Purge: 0.0 ms]
   [Clear CT: 0.1 ms]
   [Other: 1.5 ms]
      [Choose CSet: 0.0 ms]
      [Ref Proc: 0.4 ms]
      [Ref Enq: 0.0 ms]
      [Redirty Cards: 0.1 ms]
      [Humongous Register: 0.4 ms]
      [Humongous Reclaim: 0.0 ms]
      [Free CSet: 0.2 ms]
   [Eden: 63.0M(63.0M)->0.0B(79.0M) Survivors: 5120.0K->5120.0K Heap: 211.1M(1024.0M)->148.1M(1024.0M)]
 [Times: user=0.05 sys=0.02, real=0.02 secs] 
2018-11-25T16:04:59.360+0800: 2049.830: [GC pause (G1 Evacuation Pause) (young), 0.0199839 secs]
   [Parallel Time: 19.0 ms, GC Workers: 4]
      [GC Worker Start (ms): Min: 2049830.1, Avg: 2049830.1, Max: 2049830.2, Diff: 0.1]
      [Ext Root Scanning (ms): Min: 0.9, Avg: 1.0, Max: 1.1, Diff: 0.2, Sum: 4.0]
      [Update RS (ms): Min: 0.0, Avg: 1.3, Max: 2.0, Diff: 2.0, Sum: 5.2]
         [Processed Buffers: Min: 0, Avg: 9.0, Max: 28, Diff: 28, Sum: 36]
      [Scan RS (ms): Min: 0.0, Avg: 0.0, Max: 0.1, Diff: 0.1, Sum: 0.1]
      [Code Root Scanning (ms): Min: 0.0, Avg: 0.0, Max: 0.1, Diff: 0.1, Sum: 0.1]
      [Object Copy (ms): Min: 14.0, Avg: 14.9, Max: 16.8, Diff: 2.7, Sum: 59.8]
      [Termination (ms): Min: 0.8, Avg: 1.4, Max: 2.0, Diff: 1.2, Sum: 5.5]
         [Termination Attempts: Min: 80, Avg: 125.2, Max: 161, Diff: 81, Sum: 501]
      [GC Worker Other (ms): Min: 0.0, Avg: 0.0, Max: 0.0, Diff: 0.0, Sum: 0.1]
      [GC Worker Total (ms): Min: 18.6, Avg: 18.7, Max: 18.8, Diff: 0.2, Sum: 74.7]
      [GC Worker End (ms): Min: 2049848.7, Avg: 2049848.8, Max: 2049848.9, Diff: 0.2]
   [Code Root Fixup: 0.0 ms]
   [Code Root Purge: 0.0 ms]
   [Clear CT: 0.1 ms]
   [Other: 0.9 ms]
      [Choose CSet: 0.0 ms]
      [Ref Proc: 0.2 ms]
      [Ref Enq: 0.0 ms]
      [Redirty Cards: 0.1 ms]
      [Humongous Register: 0.2 ms]
      [Humongous Reclaim: 0.0 ms]
      [Free CSet: 0.1 ms]
   [Eden: 79.0M(79.0M)->0.0B(99.0M) Survivors: 5120.0K->5120.0K Heap: 227.1M(1024.0M)->148.6M(1024.0M)]
 [Times: user=0.05 sys=0.01, real=0.02 secs] 
2018-11-25T16:05:59.338+0800: 2109.806: [GC pause (G1 Evacuation Pause) (young), 0.0554345 secs]
   [Parallel Time: 44.5 ms, GC Workers: 4]
      [GC Worker Start (ms): Min: 2109805.9, Avg: 2109806.5, Max: 2109806.8, Diff: 0.9]
      [Ext Root Scanning (ms): Min: 1.5, Avg: 11.1, Max: 16.9, Diff: 15.4, Sum: 44.4]
      [Update RS (ms): Min: 0.0, Avg: 0.8, Max: 3.2, Diff: 3.2, Sum: 3.2]
         [Processed Buffers: Min: 0, Avg: 9.5, Max: 38, Diff: 38, Sum: 38]
      [Scan RS (ms): Min: 0.0, Avg: 0.2, Max: 0.6, Diff: 0.6, Sum: 0.7]
      [Code Root Scanning (ms): Min: 0.0, Avg: 0.0, Max: 0.1, Diff: 0.1, Sum: 0.1]
      [Object Copy (ms): Min: 16.5, Avg: 21.6, Max: 29.0, Diff: 12.5, Sum: 86.5]
      [Termination (ms): Min: 0.0, Avg: 5.1, Max: 10.1, Diff: 10.1, Sum: 20.3]
         [Termination Attempts: Min: 1, Avg: 1.0, Max: 1, Diff: 0, Sum: 4]
      [GC Worker Other (ms): Min: 0.0, Avg: 0.0, Max: 0.0, Diff: 0.0, Sum: 0.1]
      [GC Worker Total (ms): Min: 33.5, Avg: 38.8, Max: 43.7, Diff: 10.1, Sum: 155.2]
      [GC Worker End (ms): Min: 2109840.3, Avg: 2109845.3, Max: 2109850.3, Diff: 10.0]
   [Code Root Fixup: 0.0 ms]
   [Code Root Purge: 0.0 ms]
   [Clear CT: 0.2 ms]
   [Other: 10.8 ms]
      [Choose CSet: 0.0 ms]
      [Ref Proc: 10.3 ms]
      [Ref Enq: 0.0 ms]
      [Redirty Cards: 0.1 ms]
      [Humongous Register: 0.1 ms]
      [Humongous Reclaim: 0.0 ms]
      [Free CSet: 0.1 ms]
   [Eden: 99.0M(99.0M)->0.0B(47.0M) Survivors: 5120.0K->4096.0K Heap: 247.6M(1024.0M)->147.7M(1024.0M)]
 [Times: user=0.03 sys=0.01, real=0.06 secs] 
2018-11-25T16:06:27.537+0800: 2137.987: [GC pause (G1 Evacuation Pause) (young), 0.0192682 secs]
   [Parallel Time: 17.7 ms, GC Workers: 4]
      [GC Worker Start (ms): Min: 2137988.1, Avg: 2137988.1, Max: 2137988.1, Diff: 0.1]
      [Ext Root Scanning (ms): Min: 1.1, Avg: 1.3, Max: 1.6, Diff: 0.4, Sum: 5.1]
      [Update RS (ms): Min: 1.3, Avg: 1.6, Max: 1.9, Diff: 0.7, Sum: 6.6]
         [Processed Buffers: Min: 3, Avg: 8.8, Max: 17, Diff: 14, Sum: 35]
      [Scan RS (ms): Min: 0.0, Avg: 0.0, Max: 0.0, Diff: 0.0, Sum: 0.1]
      [Code Root Scanning (ms): Min: 0.0, Avg: 0.0, Max: 0.1, Diff: 0.1, Sum: 0.1]
      [Object Copy (ms): Min: 14.1, Avg: 14.4, Max: 14.6, Diff: 0.6, Sum: 57.5]
      [Termination (ms): Min: 0.0, Avg: 0.2, Max: 0.2, Diff: 0.2, Sum: 0.6]
         [Termination Attempts: Min: 31, Avg: 40.0, Max: 47, Diff: 16, Sum: 160]
      [GC Worker Other (ms): Min: 0.0, Avg: 0.1, Max: 0.1, Diff: 0.1, Sum: 0.2]
      [GC Worker Total (ms): Min: 17.5, Avg: 17.5, Max: 17.6, Diff: 0.1, Sum: 70.2]
      [GC Worker End (ms): Min: 2138005.6, Avg: 2138005.6, Max: 2138005.6, Diff: 0.0]
   [Code Root Fixup: 0.0 ms]
   [Code Root Purge: 0.0 ms]
   [Clear CT: 0.1 ms]
   [Other: 1.5 ms]
      [Choose CSet: 0.0 ms]
      [Ref Proc: 0.2 ms]
      [Ref Enq: 0.0 ms]
      [Redirty Cards: 0.1 ms]
      [Humongous Register: 0.6 ms]
      [Humongous Reclaim: 0.0 ms]
      [Free CSet: 0.2 ms]
   [Eden: 47.0M(47.0M)->0.0B(46.0M) Survivors: 4096.0K->5120.0K Heap: 194.7M(1024.0M)->148.2M(1024.0M)]
 [Times: user=0.05 sys=0.02, real=0.02 secs] 
2018-11-25T16:06:55.566+0800: 2166.011: [GC pause (G1 Evacuation Pause) (young), 0.0586957 secs]
   [Parallel Time: 54.2 ms, GC Workers: 4]
      [GC Worker Start (ms): Min: 2166014.2, Avg: 2166014.2, Max: 2166014.3, Diff: 0.2]
      [Ext Root Scanning (ms): Min: 6.1, Avg: 8.6, Max: 15.6, Diff: 9.5, Sum: 34.4]
      [Update RS (ms): Min: 0.0, Avg: 5.0, Max: 7.2, Diff: 7.2, Sum: 20.1]
         [Processed Buffers: Min: 0, Avg: 8.0, Max: 21, Diff: 21, Sum: 32]
      [Scan RS (ms): Min: 0.0, Avg: 0.0, Max: 0.1, Diff: 0.1, Sum: 0.1]
      [Code Root Scanning (ms): Min: 0.0, Avg: 0.1, Max: 0.2, Diff: 0.2, Sum: 0.2]
      [Object Copy (ms): Min: 29.7, Avg: 32.5, Max: 34.7, Diff: 4.9, Sum: 129.8]
      [Termination (ms): Min: 6.2, Avg: 7.7, Max: 8.7, Diff: 2.5, Sum: 30.8]
         [Termination Attempts: Min: 12, Avg: 17.5, Max: 23, Diff: 11, Sum: 70]
      [GC Worker Other (ms): Min: 0.0, Avg: 0.1, Max: 0.1, Diff: 0.0, Sum: 0.2]
      [GC Worker Total (ms): Min: 53.8, Avg: 53.9, Max: 54.0, Diff: 0.2, Sum: 215.7]
      [GC Worker End (ms): Min: 2166068.1, Avg: 2166068.2, Max: 2166068.2, Diff: 0.1]
   [Code Root Fixup: 0.0 ms]
   [Code Root Purge: 0.0 ms]
   [Clear CT: 0.1 ms]
   [Other: 4.5 ms]
      [Choose CSet: 0.0 ms]
      [Ref Proc: 0.4 ms]
      [Ref Enq: 0.0 ms]
      [Redirty Cards: 0.1 ms]
      [Humongous Register: 2.6 ms]
      [Humongous Reclaim: 0.0 ms]
      [Free CSet: 0.5 ms]
   [Eden: 46.0M(46.0M)->0.0B(46.0M) Survivors: 5120.0K->5120.0K Heap: 194.2M(1024.0M)->148.9M(1024.0M)]
 [Times: user=0.05 sys=0.06, real=0.06 secs] 
2018-11-25T16:07:23.645+0800: 2194.088: [GC pause (G1 Evacuation Pause) (young), 0.0138074 secs]
   [Parallel Time: 13.0 ms, GC Workers: 4]
      [GC Worker Start (ms): Min: 2194088.2, Avg: 2194088.3, Max: 2194088.6, Diff: 0.3]
      [Ext Root Scanning (ms): Min: 0.8, Avg: 1.0, Max: 1.1, Diff: 0.3, Sum: 3.8]
      [Update RS (ms): Min: 1.8, Avg: 2.0, Max: 2.1, Diff: 0.3, Sum: 7.9]
         [Processed Buffers: Min: 2, Avg: 9.2, Max: 28, Diff: 26, Sum: 37]
      [Scan RS (ms): Min: 0.0, Avg: 0.0, Max: 0.0, Diff: 0.0, Sum: 0.1]
      [Code Root Scanning (ms): Min: 0.0, Avg: 0.0, Max: 0.1, Diff: 0.1, Sum: 0.1]
      [Object Copy (ms): Min: 9.4, Avg: 9.6, Max: 9.8, Diff: 0.4, Sum: 38.3]
      [Termination (ms): Min: 0.1, Avg: 0.2, Max: 0.4, Diff: 0.3, Sum: 0.9]
         [Termination Attempts: Min: 44, Avg: 51.2, Max: 62, Diff: 18, Sum: 205]
      [GC Worker Other (ms): Min: 0.0, Avg: 0.0, Max: 0.0, Diff: 0.0, Sum: 0.1]
      [GC Worker Total (ms): Min: 12.6, Avg: 12.8, Max: 12.9, Diff: 0.3, Sum: 51.3]
      [GC Worker End (ms): Min: 2194101.1, Avg: 2194101.1, Max: 2194101.1, Diff: 0.0]
   [Code Root Fixup: 0.0 ms]
   [Code Root Purge: 0.0 ms]
   [Clear CT: 0.1 ms]
   [Other: 0.7 ms]
      [Choose CSet: 0.0 ms]
      [Ref Proc: 0.1 ms]
      [Ref Enq: 0.0 ms]
      [Redirty Cards: 0.1 ms]
      [Humongous Register: 0.1 ms]
      [Humongous Reclaim: 0.0 ms]
      [Free CSet: 0.1 ms]
   [Eden: 46.0M(46.0M)->0.0B(46.0M) Survivors: 5120.0K->5120.0K Heap: 194.9M(1024.0M)->148.4M(1024.0M)]
 [Times: user=0.05 sys=0.00, real=0.01 secs] 
2018-11-25T16:07:51.385+0800: 2221.827: [GC pause (G1 Evacuation Pause) (young), 0.0156448 secs]
   [Parallel Time: 14.7 ms, GC Workers: 4]
      [GC Worker Start (ms): Min: 2221827.3, Avg: 2221827.3, Max: 2221827.4, Diff: 0.1]
      [Ext Root Scanning (ms): Min: 0.4, Avg: 0.9, Max: 1.4, Diff: 1.1, Sum: 3.6]
      [Update RS (ms): Min: 1.6, Avg: 1.8, Max: 2.0, Diff: 0.4, Sum: 7.2]
         [Processed Buffers: Min: 2, Avg: 9.0, Max: 17, Diff: 15, Sum: 36]
      [Scan RS (ms): Min: 0.0, Avg: 0.0, Max: 0.0, Diff: 0.0, Sum: 0.1]
      [Code Root Scanning (ms): Min: 0.0, Avg: 0.0, Max: 0.1, Diff: 0.1, Sum: 0.1]
      [Object Copy (ms): Min: 10.5, Avg: 10.7, Max: 10.8, Diff: 0.3, Sum: 42.7]
      [Termination (ms): Min: 0.6, Avg: 0.7, Max: 0.8, Diff: 0.2, Sum: 2.7]
         [Termination Attempts: Min: 435, Avg: 472.0, Max: 504, Diff: 69, Sum: 1888]
      [GC Worker Other (ms): Min: 0.0, Avg: 0.5, Max: 1.0, Diff: 1.0, Sum: 1.9]
      [GC Worker Total (ms): Min: 14.5, Avg: 14.6, Max: 14.6, Diff: 0.1, Sum: 58.3]
      [GC Worker End (ms): Min: 2221841.9, Avg: 2221841.9, Max: 2221841.9, Diff: 0.0]
   [Code Root Fixup: 0.0 ms]
   [Code Root Purge: 0.0 ms]
   [Clear CT: 0.1 ms]
   [Other: 0.8 ms]
      [Choose CSet: 0.0 ms]
      [Ref Proc: 0.2 ms]
      [Ref Enq: 0.0 ms]
      [Redirty Cards: 0.1 ms]
      [Humongous Register: 0.2 ms]
      [Humongous Reclaim: 0.0 ms]
      [Free CSet: 0.0 ms]
   [Eden: 46.0M(46.0M)->0.0B(46.0M) Survivors: 5120.0K->5120.0K Heap: 194.4M(1024.0M)->148.4M(1024.0M)]
 [Times: user=0.06 sys=0.01, real=0.02 secs] 
2018-11-25T16:08:19.471+0800: 2249.912: [GC pause (G1 Evacuation Pause) (young), 0.0123044 secs]
   [Parallel Time: 11.5 ms, GC Workers: 4]
      [GC Worker Start (ms): Min: 2249912.1, Avg: 2249912.6, Max: 2249914.2, Diff: 2.1]
      [Ext Root Scanning (ms): Min: 0.0, Avg: 0.7, Max: 1.0, Diff: 1.0, Sum: 2.9]
      [Update RS (ms): Min: 1.1, Avg: 1.8, Max: 2.5, Diff: 1.4, Sum: 7.4]
         [Processed Buffers: Min: 1, Avg: 9.2, Max: 22, Diff: 21, Sum: 37]
      [Scan RS (ms): Min: 0.0, Avg: 0.0, Max: 0.0, Diff: 0.0, Sum: 0.1]
      [Code Root Scanning (ms): Min: 0.0, Avg: 0.0, Max: 0.1, Diff: 0.1, Sum: 0.1]
      [Object Copy (ms): Min: 7.8, Avg: 8.2, Max: 8.4, Diff: 0.6, Sum: 32.9]
      [Termination (ms): Min: 0.0, Avg: 0.0, Max: 0.0, Diff: 0.0, Sum: 0.0]
         [Termination Attempts: Min: 1, Avg: 1.8, Max: 2, Diff: 1, Sum: 7]
      [GC Worker Other (ms): Min: 0.0, Avg: 0.0, Max: 0.0, Diff: 0.0, Sum: 0.1]
      [GC Worker Total (ms): Min: 9.3, Avg: 10.9, Max: 11.4, Diff: 2.1, Sum: 43.5]
      [GC Worker End (ms): Min: 2249923.5, Avg: 2249923.5, Max: 2249923.5, Diff: 0.0]
   [Code Root Fixup: 0.0 ms]
   [Code Root Purge: 0.0 ms]
   [Clear CT: 0.1 ms]
   [Other: 0.7 ms]
      [Choose CSet: 0.0 ms]
      [Ref Proc: 0.2 ms]
      [Ref Enq: 0.0 ms]
      [Redirty Cards: 0.2 ms]
      [Humongous Register: 0.0 ms]
      [Humongous Reclaim: 0.0 ms]
      [Free CSet: 0.1 ms]
   [Eden: 46.0M(46.0M)->0.0B(46.0M) Survivors: 5120.0K->5120.0K Heap: 194.4M(1024.0M)->148.4M(1024.0M)]
 [Times: user=0.04 sys=0.01, real=0.01 secs] 
2018-11-25T16:08:47.261+0800: 2277.701: [GC pause (G1 Evacuation Pause) (young), 0.0127972 secs]
   [Parallel Time: 12.1 ms, GC Workers: 4]
      [GC Worker Start (ms): Min: 2277701.0, Avg: 2277701.3, Max: 2277702.2, Diff: 1.1]
      [Ext Root Scanning (ms): Min: 0.0, Avg: 0.7, Max: 1.0, Diff: 1.0, Sum: 2.8]
      [Update RS (ms): Min: 1.6, Avg: 1.8, Max: 2.1, Diff: 0.5, Sum: 7.1]
         [Processed Buffers: Min: 2, Avg: 8.8, Max: 16, Diff: 14, Sum: 35]
      [Scan RS (ms): Min: 0.0, Avg: 0.0, Max: 0.0, Diff: 0.0, Sum: 0.1]
      [Code Root Scanning (ms): Min: 0.0, Avg: 0.0, Max: 0.0, Diff: 0.0, Sum: 0.1]
      [Object Copy (ms): Min: 8.9, Avg: 9.2, Max: 9.3, Diff: 0.4, Sum: 36.8]
      [Termination (ms): Min: 0.0, Avg: 0.0, Max: 0.0, Diff: 0.0, Sum: 0.0]
         [Termination Attempts: Min: 1, Avg: 1.0, Max: 1, Diff: 0, Sum: 4]
      [GC Worker Other (ms): Min: 0.0, Avg: 0.0, Max: 0.0, Diff: 0.0, Sum: 0.1]
      [GC Worker Total (ms): Min: 10.9, Avg: 11.7, Max: 12.0, Diff: 1.1, Sum: 46.9]
      [GC Worker End (ms): Min: 2277713.0, Avg: 2277713.1, Max: 2277713.1, Diff: 0.0]
   [Code Root Fixup: 0.0 ms]
   [Code Root Purge: 0.0 ms]
   [Clear CT: 0.1 ms]
   [Other: 0.5 ms]
      [Choose CSet: 0.0 ms]
      [Ref Proc: 0.1 ms]
      [Ref Enq: 0.0 ms]
      [Redirty Cards: 0.1 ms]
      [Humongous Register: 0.0 ms]
      [Humongous Reclaim: 0.0 ms]
      [Free CSet: 0.0 ms]
   [Eden: 46.0M(46.0M)->0.0B(57.0M) Survivors: 5120.0K->6144.0K Heap: 194.4M(1024.0M)->149.8M(1024.0M)]
 [Times: user=0.04 sys=0.00, real=0.01 secs] 
2018-11-25T16:09:21.558+0800: 2311.997: [GC pause (G1 Evacuation Pause) (young), 0.0146063 secs]
   [Parallel Time: 13.8 ms, GC Workers: 4]
      [GC Worker Start (ms): Min: 2311997.2, Avg: 2311997.3, Max: 2311997.3, Diff: 0.1]
      [Ext Root Scanning (ms): Min: 0.6, Avg: 0.7, Max: 0.9, Diff: 0.2, Sum: 3.0]
      [Update RS (ms): Min: 1.4, Avg: 1.5, Max: 1.7, Diff: 0.2, Sum: 6.2]
         [Processed Buffers: Min: 2, Avg: 9.2, Max: 24, Diff: 22, Sum: 37]
      [Scan RS (ms): Min: 0.0, Avg: 0.0, Max: 0.0, Diff: 0.0, Sum: 0.1]
      [Code Root Scanning (ms): Min: 0.0, Avg: 0.0, Max: 0.1, Diff: 0.1, Sum: 0.1]
      [Object Copy (ms): Min: 11.2, Avg: 11.3, Max: 11.4, Diff: 0.2, Sum: 45.2]
      [Termination (ms): Min: 0.0, Avg: 0.0, Max: 0.0, Diff: 0.0, Sum: 0.0]
         [Termination Attempts: Min: 1, Avg: 1.2, Max: 2, Diff: 1, Sum: 5]
      [GC Worker Other (ms): Min: 0.0, Avg: 0.0, Max: 0.0, Diff: 0.0, Sum: 0.1]
      [GC Worker Total (ms): Min: 13.6, Avg: 13.6, Max: 13.7, Diff: 0.1, Sum: 54.6]
      [GC Worker End (ms): Min: 2312010.9, Avg: 2312010.9, Max: 2312010.9, Diff: 0.0]
   [Code Root Fixup: 0.0 ms]
   [Code Root Purge: 0.0 ms]
   [Clear CT: 0.1 ms]
   [Other: 0.7 ms]
      [Choose CSet: 0.0 ms]
      [Ref Proc: 0.2 ms]
      [Ref Enq: 0.0 ms]
      [Redirty Cards: 0.1 ms]
      [Humongous Register: 0.1 ms]
      [Humongous Reclaim: 0.0 ms]
      [Free CSet: 0.1 ms]
   [Eden: 57.0M(57.0M)->0.0B(128.0M) Survivors: 6144.0K->5120.0K Heap: 206.8M(1024.0M)->148.7M(1024.0M)]
 [Times: user=0.04 sys=0.01, real=0.02 secs] 
2018-11-25T16:10:38.809+0800: 2389.246: [GC pause (G1 Evacuation Pause) (young), 0.0222685 secs]
   [Parallel Time: 21.5 ms, GC Workers: 4]
      [GC Worker Start (ms): Min: 2389246.3, Avg: 2389246.3, Max: 2389246.4, Diff: 0.1]
      [Ext Root Scanning (ms): Min: 0.6, Avg: 0.7, Max: 0.8, Diff: 0.2, Sum: 2.8]
      [Update RS (ms): Min: 2.3, Avg: 2.5, Max: 2.7, Diff: 0.4, Sum: 9.8]
         [Processed Buffers: Min: 2, Avg: 9.5, Max: 28, Diff: 26, Sum: 38]
      [Scan RS (ms): Min: 0.0, Avg: 0.0, Max: 0.1, Diff: 0.1, Sum: 0.2]
      [Code Root Scanning (ms): Min: 0.0, Avg: 0.0, Max: 0.1, Diff: 0.1, Sum: 0.1]
      [Object Copy (ms): Min: 17.8, Avg: 18.1, Max: 18.2, Diff: 0.5, Sum: 72.3]
      [Termination (ms): Min: 0.0, Avg: 0.0, Max: 0.0, Diff: 0.0, Sum: 0.0]
         [Termination Attempts: Min: 1, Avg: 1.0, Max: 1, Diff: 0, Sum: 4]
      [GC Worker Other (ms): Min: 0.0, Avg: 0.1, Max: 0.1, Diff: 0.1, Sum: 0.3]
      [GC Worker Total (ms): Min: 21.4, Avg: 21.4, Max: 21.4, Diff: 0.0, Sum: 85.6]
      [GC Worker End (ms): Min: 2389267.7, Avg: 2389267.7, Max: 2389267.7, Diff: 0.0]
   [Code Root Fixup: 0.0 ms]
   [Code Root Purge: 0.0 ms]
   [Clear CT: 0.1 ms]
   [Other: 0.7 ms]
      [Choose CSet: 0.0 ms]
      [Ref Proc: 0.2 ms]
      [Ref Enq: 0.0 ms]
      [Redirty Cards: 0.1 ms]
      [Humongous Register: 0.0 ms]
      [Humongous Reclaim: 0.0 ms]
      [Free CSet: 0.2 ms]
   [Eden: 128.0M(128.0M)->0.0B(76.0M) Survivors: 5120.0K->5120.0K Heap: 276.7M(1024.0M)->148.8M(1024.0M)]
 [Times: user=0.05 sys=0.02, real=0.03 secs] 
2018-11-25T16:11:24.752+0800: 2435.188: [GC pause (G1 Evacuation Pause) (young), 0.0119428 secs]
   [Parallel Time: 11.4 ms, GC Workers: 4]
      [GC Worker Start (ms): Min: 2435187.7, Avg: 2435187.8, Max: 2435187.8, Diff: 0.1]
      [Ext Root Scanning (ms): Min: 1.0, Avg: 1.0, Max: 1.1, Diff: 0.2, Sum: 4.2]
      [Update RS (ms): Min: 1.9, Avg: 2.1, Max: 2.4, Diff: 0.5, Sum: 8.3]
         [Processed Buffers: Min: 2, Avg: 10.5, Max: 26, Diff: 24, Sum: 42]
      [Scan RS (ms): Min: 0.0, Avg: 0.0, Max: 0.0, Diff: 0.0, Sum: 0.1]
      [Code Root Scanning (ms): Min: 0.0, Avg: 0.0, Max: 0.1, Diff: 0.1, Sum: 0.1]
      [Object Copy (ms): Min: 7.7, Avg: 8.1, Max: 8.2, Diff: 0.5, Sum: 32.2]
      [Termination (ms): Min: 0.0, Avg: 0.0, Max: 0.0, Diff: 0.0, Sum: 0.1]
         [Termination Attempts: Min: 18, Avg: 21.5, Max: 25, Diff: 7, Sum: 86]
      [GC Worker Other (ms): Min: 0.0, Avg: 0.0, Max: 0.1, Diff: 0.0, Sum: 0.2]
      [GC Worker Total (ms): Min: 11.2, Avg: 11.3, Max: 11.3, Diff: 0.1, Sum: 45.1]
      [GC Worker End (ms): Min: 2435199.0, Avg: 2435199.1, Max: 2435199.1, Diff: 0.0]
   [Code Root Fixup: 0.0 ms]
   [Code Root Purge: 0.0 ms]
   [Clear CT: 0.1 ms]
   [Other: 0.5 ms]
      [Choose CSet: 0.0 ms]
      [Ref Proc: 0.1 ms]
      [Ref Enq: 0.0 ms]
      [Redirty Cards: 0.1 ms]
      [Humongous Register: 0.0 ms]
      [Humongous Reclaim: 0.0 ms]
      [Free CSet: 0.1 ms]
   [Eden: 76.0M(76.0M)->0.0B(167.0M) Survivors: 5120.0K->5120.0K Heap: 224.8M(1024.0M)->149.0M(1024.0M)]
 [Times: user=0.05 sys=0.01, real=0.01 secs] 
2018-11-25T16:13:05.719+0800: 2536.152: [GC pause (G1 Evacuation Pause) (young), 0.0203991 secs]
   [Parallel Time: 19.6 ms, GC Workers: 4]
      [GC Worker Start (ms): Min: 2536152.2, Avg: 2536152.3, Max: 2536152.3, Diff: 0.1]
      [Ext Root Scanning (ms): Min: 0.7, Avg: 0.8, Max: 0.9, Diff: 0.1, Sum: 3.1]
      [Update RS (ms): Min: 2.2, Avg: 2.4, Max: 2.7, Diff: 0.5, Sum: 9.6]
         [Processed Buffers: Min: 2, Avg: 10.5, Max: 21, Diff: 19, Sum: 42]
      [Scan RS (ms): Min: 0.0, Avg: 0.0, Max: 0.1, Diff: 0.1, Sum: 0.2]
      [Code Root Scanning (ms): Min: 0.0, Avg: 0.0, Max: 0.1, Diff: 0.1, Sum: 0.1]
      [Object Copy (ms): Min: 16.0, Avg: 16.2, Max: 16.4, Diff: 0.4, Sum: 64.7]
      [Termination (ms): Min: 0.0, Avg: 0.0, Max: 0.0, Diff: 0.0, Sum: 0.1]
         [Termination Attempts: Min: 2, Avg: 2.5, Max: 3, Diff: 1, Sum: 10]
      [GC Worker Other (ms): Min: 0.0, Avg: 0.0, Max: 0.0, Diff: 0.0, Sum: 0.1]
      [GC Worker Total (ms): Min: 19.4, Avg: 19.5, Max: 19.5, Diff: 0.1, Sum: 77.9]
      [GC Worker End (ms): Min: 2536171.7, Avg: 2536171.7, Max: 2536171.7, Diff: 0.0]
   [Code Root Fixup: 0.0 ms]
   [Code Root Purge: 0.0 ms]
   [Clear CT: 0.1 ms]
   [Other: 0.7 ms]
      [Choose CSet: 0.0 ms]
      [Ref Proc: 0.2 ms]
      [Ref Enq: 0.0 ms]
      [Redirty Cards: 0.1 ms]
      [Humongous Register: 0.0 ms]
      [Humongous Reclaim: 0.0 ms]
      [Free CSet: 0.1 ms]
   [Eden: 167.0M(167.0M)->0.0B(154.0M) Survivors: 5120.0K->5120.0K Heap: 316.0M(1024.0M)->149.3M(1024.0M)]
 [Times: user=0.05 sys=0.02, real=0.03 secs] 
2018-11-25T16:14:38.950+0800: 2629.379: [GC pause (G1 Evacuation Pause) (young), 0.0140363 secs]
   [Parallel Time: 13.2 ms, GC Workers: 4]
      [GC Worker Start (ms): Min: 2629379.7, Avg: 2629379.8, Max: 2629380.0, Diff: 0.3]
      [Ext Root Scanning (ms): Min: 0.5, Avg: 0.8, Max: 0.9, Diff: 0.4, Sum: 3.2]
      [Update RS (ms): Min: 2.3, Avg: 2.5, Max: 2.6, Diff: 0.3, Sum: 10.0]
         [Processed Buffers: Min: 3, Avg: 10.0, Max: 28, Diff: 25, Sum: 40]
      [Scan RS (ms): Min: 0.0, Avg: 0.0, Max: 0.1, Diff: 0.1, Sum: 0.2]
      [Code Root Scanning (ms): Min: 0.0, Avg: 0.0, Max: 0.0, Diff: 0.0, Sum: 0.0]
      [Object Copy (ms): Min: 9.1, Avg: 9.2, Max: 9.2, Diff: 0.1, Sum: 36.6]
      [Termination (ms): Min: 0.4, Avg: 0.5, Max: 0.5, Diff: 0.1, Sum: 1.9]
         [Termination Attempts: Min: 283, Avg: 301.5, Max: 312, Diff: 29, Sum: 1206]
      [GC Worker Other (ms): Min: 0.0, Avg: 0.1, Max: 0.1, Diff: 0.1, Sum: 0.2]
      [GC Worker Total (ms): Min: 12.8, Avg: 13.1, Max: 13.2, Diff: 0.3, Sum: 52.2]
      [GC Worker End (ms): Min: 2629392.8, Avg: 2629392.8, Max: 2629392.8, Diff: 0.0]
   [Code Root Fixup: 0.0 ms]
   [Code Root Purge: 0.0 ms]
   [Clear CT: 0.1 ms]
   [Other: 0.7 ms]
      [Choose CSet: 0.0 ms]
      [Ref Proc: 0.2 ms]
      [Ref Enq: 0.0 ms]
      [Redirty Cards: 0.2 ms]
      [Humongous Register: 0.1 ms]
      [Humongous Reclaim: 0.0 ms]
      [Free CSet: 0.1 ms]
   [Eden: 154.0M(154.0M)->0.0B(239.0M) Survivors: 5120.0K->5120.0K Heap: 303.3M(1024.0M)->149.6M(1024.0M)]
 [Times: user=0.05 sys=0.00, real=0.01 secs] 
2018-11-25T16:17:04.573+0800: 2774.998: [GC pause (G1 Evacuation Pause) (young), 0.0328217 secs]
   [Parallel Time: 28.3 ms, GC Workers: 4]
      [GC Worker Start (ms): Min: 2775001.8, Avg: 2775002.0, Max: 2775002.1, Diff: 0.3]
      [Ext Root Scanning (ms): Min: 5.4, Avg: 8.1, Max: 15.8, Diff: 10.5, Sum: 32.4]
      [Update RS (ms): Min: 0.0, Avg: 3.1, Max: 4.3, Diff: 4.3, Sum: 12.5]
         [Processed Buffers: Min: 0, Avg: 10.8, Max: 16, Diff: 16, Sum: 43]
      [Scan RS (ms): Min: 0.0, Avg: 0.0, Max: 0.1, Diff: 0.1, Sum: 0.2]
      [Code Root Scanning (ms): Min: 0.0, Avg: 0.0, Max: 0.0, Diff: 0.0, Sum: 0.0]
      [Object Copy (ms): Min: 10.9, Avg: 15.2, Max: 16.8, Diff: 5.9, Sum: 60.7]
      [Termination (ms): Min: 1.2, Avg: 1.4, Max: 1.7, Diff: 0.5, Sum: 5.6]
         [Termination Attempts: Min: 82, Avg: 105.8, Max: 123, Diff: 41, Sum: 423]
      [GC Worker Other (ms): Min: 0.0, Avg: 0.1, Max: 0.1, Diff: 0.1, Sum: 0.3]
      [GC Worker Total (ms): Min: 27.8, Avg: 27.9, Max: 28.1, Diff: 0.3, Sum: 111.7]
      [GC Worker End (ms): Min: 2775029.9, Avg: 2775029.9, Max: 2775029.9, Diff: 0.0]
   [Code Root Fixup: 0.0 ms]
   [Code Root Purge: 0.0 ms]
   [Clear CT: 0.1 ms]
   [Other: 4.4 ms]
      [Choose CSet: 0.0 ms]
      [Ref Proc: 0.2 ms]
      [Ref Enq: 0.0 ms]
      [Redirty Cards: 0.1 ms]
      [Humongous Register: 2.9 ms]
      [Humongous Reclaim: 0.0 ms]
      [Free CSet: 0.3 ms]
   [Eden: 239.0M(239.0M)->0.0B(49.0M) Survivors: 5120.0K->5120.0K Heap: 388.6M(1024.0M)->149.9M(1024.0M)]
 [Times: user=0.06 sys=0.04, real=0.03 secs] 
2018-11-25T16:17:32.346+0800: 2802.771: [GC pause (G1 Evacuation Pause) (young), 0.0166582 secs]
   [Parallel Time: 15.9 ms, GC Workers: 4]
      [GC Worker Start (ms): Min: 2802770.9, Avg: 2802771.0, Max: 2802771.0, Diff: 0.1]
      [Ext Root Scanning (ms): Min: 0.8, Avg: 0.8, Max: 0.9, Diff: 0.1, Sum: 3.2]
      [Update RS (ms): Min: 2.4, Avg: 2.5, Max: 2.7, Diff: 0.3, Sum: 9.9]
         [Processed Buffers: Min: 2, Avg: 10.0, Max: 25, Diff: 23, Sum: 40]
      [Scan RS (ms): Min: 0.0, Avg: 0.2, Max: 0.4, Diff: 0.4, Sum: 0.9]
      [Code Root Scanning (ms): Min: 0.0, Avg: 0.0, Max: 0.0, Diff: 0.0, Sum: 0.0]
      [Object Copy (ms): Min: 12.2, Avg: 12.3, Max: 12.3, Diff: 0.1, Sum: 49.1]
      [Termination (ms): Min: 0.0, Avg: 0.0, Max: 0.0, Diff: 0.0, Sum: 0.0]
         [Termination Attempts: Min: 1, Avg: 1.0, Max: 1, Diff: 0, Sum: 4]
      [GC Worker Other (ms): Min: 0.0, Avg: 0.0, Max: 0.1, Diff: 0.0, Sum: 0.2]
      [GC Worker Total (ms): Min: 15.8, Avg: 15.8, Max: 15.9, Diff: 0.1, Sum: 63.3]
      [GC Worker End (ms): Min: 2802786.8, Avg: 2802786.8, Max: 2802786.8, Diff: 0.0]
   [Code Root Fixup: 0.0 ms]
   [Code Root Purge: 0.0 ms]
   [Clear CT: 0.1 ms]
   [Other: 0.6 ms]
      [Choose CSet: 0.0 ms]
      [Ref Proc: 0.2 ms]
      [Ref Enq: 0.0 ms]
      [Redirty Cards: 0.1 ms]
      [Humongous Register: 0.0 ms]
      [Humongous Reclaim: 0.0 ms]
      [Free CSet: 0.0 ms]
   [Eden: 46.0M(46.0M)->0.0B(61.0M) Survivors: 5120.0K->5120.0K Heap: 195.9M(1024.0M)->150.6M(1024.0M)]
 [Times: user=0.05 sys=0.00, real=0.02 secs] 
2018-11-25T16:17:59.761+0800: 2830.185: [GC pause (G1 Evacuation Pause) (young), 0.0152712 secs]
   [Parallel Time: 14.6 ms, GC Workers: 4]
      [GC Worker Start (ms): Min: 2830185.4, Avg: 2830185.4, Max: 2830185.5, Diff: 0.1]
      [Ext Root Scanning (ms): Min: 0.6, Avg: 0.7, Max: 0.7, Diff: 0.1, Sum: 2.8]
      [Update RS (ms): Min: 1.7, Avg: 1.9, Max: 2.1, Diff: 0.4, Sum: 7.6]
         [Processed Buffers: Min: 2, Avg: 9.5, Max: 16, Diff: 14, Sum: 38]
      [Scan RS (ms): Min: 0.0, Avg: 0.3, Max: 0.7, Diff: 0.6, Sum: 1.3]
      [Code Root Scanning (ms): Min: 0.0, Avg: 0.0, Max: 0.0, Diff: 0.0, Sum: 0.0]
      [Object Copy (ms): Min: 11.2, Avg: 11.4, Max: 11.6, Diff: 0.4, Sum: 45.5]
      [Termination (ms): Min: 0.1, Avg: 0.2, Max: 0.2, Diff: 0.1, Sum: 0.8]
         [Termination Attempts: Min: 126, Avg: 134.8, Max: 145, Diff: 19, Sum: 539]
      [GC Worker Other (ms): Min: 0.0, Avg: 0.0, Max: 0.0, Diff: 0.0, Sum: 0.1]
      [GC Worker Total (ms): Min: 14.5, Avg: 14.5, Max: 14.5, Diff: 0.0, Sum: 58.0]
      [GC Worker End (ms): Min: 2830199.9, Avg: 2830199.9, Max: 2830200.0, Diff: 0.0]
   [Code Root Fixup: 0.0 ms]
   [Code Root Purge: 0.0 ms]
   [Clear CT: 0.1 ms]
   [Other: 0.6 ms]
      [Choose CSet: 0.0 ms]
      [Ref Proc: 0.1 ms]
      [Ref Enq: 0.0 ms]
      [Redirty Cards: 0.1 ms]
      [Humongous Register: 0.0 ms]
      [Humongous Reclaim: 0.0 ms]
      [Free CSet: 0.0 ms]
   [Eden: 46.0M(46.0M)->0.0B(107.0M) Survivors: 5120.0K->5120.0K Heap: 196.6M(1024.0M)->150.6M(1024.0M)]
 [Times: user=0.05 sys=0.00, real=0.01 secs] 
2018-11-25T16:18:47.174+0800: 2877.596: [GC pause (G1 Evacuation Pause) (young), 0.0195860 secs]
   [Parallel Time: 18.8 ms, GC Workers: 4]
      [GC Worker Start (ms): Min: 2877596.7, Avg: 2877596.7, Max: 2877596.8, Diff: 0.1]
      [Ext Root Scanning (ms): Min: 0.7, Avg: 0.8, Max: 0.9, Diff: 0.2, Sum: 3.1]
      [Update RS (ms): Min: 3.8, Avg: 4.1, Max: 4.5, Diff: 0.6, Sum: 16.2]
         [Processed Buffers: Min: 5, Avg: 10.2, Max: 15, Diff: 10, Sum: 41]
      [Scan RS (ms): Min: 0.0, Avg: 0.3, Max: 0.5, Diff: 0.5, Sum: 1.0]
      [Code Root Scanning (ms): Min: 0.0, Avg: 0.0, Max: 0.0, Diff: 0.0, Sum: 0.0]
      [Object Copy (ms): Min: 13.4, Avg: 13.6, Max: 13.7, Diff: 0.4, Sum: 54.2]
      [Termination (ms): Min: 0.0, Avg: 0.0, Max: 0.0, Diff: 0.0, Sum: 0.0]
         [Termination Attempts: Min: 1, Avg: 1.0, Max: 1, Diff: 0, Sum: 4]
      [GC Worker Other (ms): Min: 0.0, Avg: 0.0, Max: 0.1, Diff: 0.0, Sum: 0.2]
      [GC Worker Total (ms): Min: 18.7, Avg: 18.7, Max: 18.7, Diff: 0.1, Sum: 74.8]
      [GC Worker End (ms): Min: 2877615.4, Avg: 2877615.4, Max: 2877615.4, Diff: 0.0]
   [Code Root Fixup: 0.0 ms]
   [Code Root Purge: 0.0 ms]
   [Clear CT: 0.1 ms]
   [Other: 0.6 ms]
      [Choose CSet: 0.0 ms]
      [Ref Proc: 0.2 ms]
      [Ref Enq: 0.0 ms]
      [Redirty Cards: 0.1 ms]
      [Humongous Register: 0.1 ms]
      [Humongous Reclaim: 0.0 ms]
      [Free CSet: 0.1 ms]
   [Eden: 79.0M(79.0M)->0.0B(103.0M) Survivors: 5120.0K->6144.0K Heap: 229.6M(1024.0M)->151.6M(1024.0M)]
 [Times: user=0.05 sys=0.02, real=0.02 secs] 
2018-11-25T16:19:48.899+0800: 2939.319: [GC pause (G1 Evacuation Pause) (young), 0.0186810 secs]
   [Parallel Time: 17.7 ms, GC Workers: 4]
      [GC Worker Start (ms): Min: 2939319.5, Avg: 2939319.6, Max: 2939319.6, Diff: 0.1]
      [Ext Root Scanning (ms): Min: 0.8, Avg: 0.8, Max: 0.9, Diff: 0.2, Sum: 3.3]
      [Update RS (ms): Min: 1.9, Avg: 2.2, Max: 2.3, Diff: 0.4, Sum: 8.8]
         [Processed Buffers: Min: 2, Avg: 9.2, Max: 13, Diff: 11, Sum: 37]
      [Scan RS (ms): Min: 0.0, Avg: 0.0, Max: 0.1, Diff: 0.1, Sum: 0.1]
      [Code Root Scanning (ms): Min: 0.0, Avg: 0.0, Max: 0.1, Diff: 0.1, Sum: 0.1]
      [Object Copy (ms): Min: 14.3, Avg: 14.4, Max: 14.6, Diff: 0.3, Sum: 57.7]
      [Termination (ms): Min: 0.0, Avg: 0.0, Max: 0.0, Diff: 0.0, Sum: 0.0]
         [Termination Attempts: Min: 1, Avg: 1.2, Max: 2, Diff: 1, Sum: 5]
      [GC Worker Other (ms): Min: 0.0, Avg: 0.0, Max: 0.0, Diff: 0.0, Sum: 0.1]
      [GC Worker Total (ms): Min: 17.5, Avg: 17.5, Max: 17.6, Diff: 0.1, Sum: 70.2]
      [GC Worker End (ms): Min: 2939337.1, Avg: 2939337.1, Max: 2939337.1, Diff: 0.0]
   [Code Root Fixup: 0.0 ms]
   [Code Root Purge: 0.0 ms]
   [Clear CT: 0.1 ms]
   [Other: 0.9 ms]
      [Choose CSet: 0.0 ms]
      [Ref Proc: 0.2 ms]
      [Ref Enq: 0.0 ms]
      [Redirty Cards: 0.1 ms]
      [Humongous Register: 0.2 ms]
      [Humongous Reclaim: 0.0 ms]
      [Free CSet: 0.1 ms]
   [Eden: 103.0M(103.0M)->0.0B(125.0M) Survivors: 6144.0K->5120.0K Heap: 254.6M(1024.0M)->151.1M(1024.0M)]
 [Times: user=0.05 sys=0.01, real=0.03 secs] 
2018-11-25T16:20:36.075+0800: 2986.494: [GC pause (G1 Evacuation Pause) (young), 0.0429780 secs]
   [Parallel Time: 37.5 ms, GC Workers: 4]
      [GC Worker Start (ms): Min: 2986498.4, Avg: 2986498.5, Max: 2986498.8, Diff: 0.3]
      [Ext Root Scanning (ms): Min: 3.9, Avg: 5.9, Max: 11.2, Diff: 7.3, Sum: 23.5]
      [Update RS (ms): Min: 0.4, Avg: 5.9, Max: 8.5, Diff: 8.1, Sum: 23.5]
         [Processed Buffers: Min: 2, Avg: 9.2, Max: 27, Diff: 25, Sum: 37]
      [Scan RS (ms): Min: 0.0, Avg: 0.2, Max: 0.4, Diff: 0.4, Sum: 0.9]
      [Code Root Scanning (ms): Min: 0.0, Avg: 0.1, Max: 0.1, Diff: 0.1, Sum: 0.2]
      [Object Copy (ms): Min: 24.4, Avg: 25.0, Max: 25.3, Diff: 0.9, Sum: 100.2]
      [Termination (ms): Min: 0.0, Avg: 0.1, Max: 0.1, Diff: 0.1, Sum: 0.3]
         [Termination Attempts: Min: 1, Avg: 1.5, Max: 2, Diff: 1, Sum: 6]
      [GC Worker Other (ms): Min: 0.0, Avg: 0.1, Max: 0.4, Diff: 0.3, Sum: 0.5]
      [GC Worker Total (ms): Min: 37.0, Avg: 37.3, Max: 37.4, Diff: 0.4, Sum: 149.1]
      [GC Worker End (ms): Min: 2986535.8, Avg: 2986535.8, Max: 2986535.8, Diff: 0.0]
   [Code Root Fixup: 0.0 ms]
   [Code Root Purge: 0.0 ms]
   [Clear CT: 0.1 ms]
   [Other: 5.4 ms]
      [Choose CSet: 0.0 ms]
      [Ref Proc: 0.3 ms]
      [Ref Enq: 0.0 ms]
      [Redirty Cards: 0.1 ms]
      [Humongous Register: 3.7 ms]
      [Humongous Reclaim: 0.0 ms]
      [Free CSet: 0.4 ms]
   [Eden: 79.0M(79.0M)->0.0B(44.0M) Survivors: 5120.0K->7168.0K Heap: 230.1M(1024.0M)->152.6M(1024.0M)]
 [Times: user=0.05 sys=0.05, real=0.05 secs] 
2018-11-25T16:21:02.759+0800: 3013.177: [GC pause (G1 Evacuation Pause) (young), 0.0180043 secs]
   [Parallel Time: 17.4 ms, GC Workers: 4]
      [GC Worker Start (ms): Min: 3013177.1, Avg: 3013177.2, Max: 3013177.2, Diff: 0.1]
      [Ext Root Scanning (ms): Min: 0.8, Avg: 0.9, Max: 0.9, Diff: 0.1, Sum: 3.6]
      [Update RS (ms): Min: 1.6, Avg: 1.9, Max: 2.3, Diff: 0.7, Sum: 7.7]
         [Processed Buffers: Min: 6, Avg: 10.8, Max: 13, Diff: 7, Sum: 43]
      [Scan RS (ms): Min: 0.3, Avg: 0.7, Max: 1.0, Diff: 0.6, Sum: 2.8]
      [Code Root Scanning (ms): Min: 0.0, Avg: 0.0, Max: 0.1, Diff: 0.1, Sum: 0.1]
      [Object Copy (ms): Min: 13.0, Avg: 13.2, Max: 13.4, Diff: 0.4, Sum: 52.9]
      [Termination (ms): Min: 0.2, Avg: 0.4, Max: 0.5, Diff: 0.4, Sum: 1.4]
         [Termination Attempts: Min: 149, Avg: 160.8, Max: 169, Diff: 20, Sum: 643]
      [GC Worker Other (ms): Min: 0.1, Avg: 0.1, Max: 0.1, Diff: 0.0, Sum: 0.3]
      [GC Worker Total (ms): Min: 17.2, Avg: 17.2, Max: 17.2, Diff: 0.0, Sum: 68.8]
      [GC Worker End (ms): Min: 3013194.3, Avg: 3013194.3, Max: 3013194.4, Diff: 0.0]
   [Code Root Fixup: 0.0 ms]
   [Code Root Purge: 0.0 ms]
   [Clear CT: 0.1 ms]
   [Other: 0.5 ms]
      [Choose CSet: 0.0 ms]
      [Ref Proc: 0.1 ms]
      [Ref Enq: 0.0 ms]
      [Redirty Cards: 0.1 ms]
      [Humongous Register: 0.0 ms]
      [Humongous Reclaim: 0.0 ms]
      [Free CSet: 0.1 ms]
   [Eden: 44.0M(44.0M)->0.0B(46.0M) Survivors: 7168.0K->5120.0K Heap: 196.6M(1024.0M)->152.2M(1024.0M)]
 [Times: user=0.06 sys=0.00, real=0.02 secs] 
2018-11-25T16:21:30.410+0800: 3040.814: [GC pause (G1 Evacuation Pause) (young), 0.0142306 secs]
   [Parallel Time: 13.5 ms, GC Workers: 4]
      [GC Worker Start (ms): Min: 3040813.8, Avg: 3040813.8, Max: 3040813.8, Diff: 0.1]
      [Ext Root Scanning (ms): Min: 0.7, Avg: 0.7, Max: 0.8, Diff: 0.1, Sum: 2.9]
      [Update RS (ms): Min: 2.3, Avg: 2.5, Max: 2.8, Diff: 0.5, Sum: 10.0]
         [Processed Buffers: Min: 3, Avg: 11.0, Max: 21, Diff: 18, Sum: 44]
      [Scan RS (ms): Min: 0.6, Avg: 0.9, Max: 1.0, Diff: 0.4, Sum: 3.5]
      [Code Root Scanning (ms): Min: 0.0, Avg: 0.0, Max: 0.1, Diff: 0.1, Sum: 0.1]
      [Object Copy (ms): Min: 9.2, Avg: 9.3, Max: 9.3, Diff: 0.1, Sum: 37.0]
      [Termination (ms): Min: 0.0, Avg: 0.0, Max: 0.0, Diff: 0.0, Sum: 0.0]
         [Termination Attempts: Min: 1, Avg: 1.0, Max: 1, Diff: 0, Sum: 4]
      [GC Worker Other (ms): Min: 0.0, Avg: 0.0, Max: 0.1, Diff: 0.0, Sum: 0.2]
      [GC Worker Total (ms): Min: 13.4, Avg: 13.4, Max: 13.4, Diff: 0.1, Sum: 53.7]
      [GC Worker End (ms): Min: 3040827.2, Avg: 3040827.2, Max: 3040827.2, Diff: 0.0]
   [Code Root Fixup: 0.0 ms]
   [Code Root Purge: 0.0 ms]
   [Clear CT: 0.1 ms]
   [Other: 0.6 ms]
      [Choose CSet: 0.0 ms]
      [Ref Proc: 0.1 ms]
      [Ref Enq: 0.0 ms]
      [Redirty Cards: 0.1 ms]
      [Humongous Register: 0.0 ms]
      [Humongous Reclaim: 0.0 ms]
      [Free CSet: 0.1 ms]
   [Eden: 46.0M(46.0M)->0.0B(46.0M) Survivors: 5120.0K->5120.0K Heap: 198.2M(1024.0M)->152.2M(1024.0M)]
 [Times: user=0.05 sys=0.00, real=0.02 secs] 
2018-11-25T16:21:58.338+0800: 3068.737: [GC pause (G1 Evacuation Pause) (young), 0.0195747 secs]
   [Parallel Time: 18.6 ms, GC Workers: 4]
      [GC Worker Start (ms): Min: 3068736.9, Avg: 3068739.9, Max: 3068743.0, Diff: 6.1]
      [Ext Root Scanning (ms): Min: 0.0, Avg: 0.6, Max: 1.7, Diff: 1.7, Sum: 2.5]
      [Update RS (ms): Min: 0.0, Avg: 1.3, Max: 3.3, Diff: 3.3, Sum: 5.4]
         [Processed Buffers: Min: 0, Avg: 11.0, Max: 24, Diff: 24, Sum: 44]
      [Scan RS (ms): Min: 0.0, Avg: 0.4, Max: 1.5, Diff: 1.5, Sum: 1.7]
      [Code Root Scanning (ms): Min: 0.0, Avg: 0.0, Max: 0.1, Diff: 0.1, Sum: 0.1]
      [Object Copy (ms): Min: 12.1, Avg: 12.8, Max: 13.3, Diff: 1.2, Sum: 51.2]
      [Termination (ms): Min: 0.0, Avg: 0.2, Max: 0.3, Diff: 0.3, Sum: 0.6]
         [Termination Attempts: Min: 1, Avg: 1.2, Max: 2, Diff: 1, Sum: 5]
      [GC Worker Other (ms): Min: 0.0, Avg: 0.0, Max: 0.0, Diff: 0.0, Sum: 0.1]
      [GC Worker Total (ms): Min: 12.4, Avg: 15.4, Max: 18.4, Diff: 6.0, Sum: 61.6]
      [GC Worker End (ms): Min: 3068755.2, Avg: 3068755.3, Max: 3068755.4, Diff: 0.1]
   [Code Root Fixup: 0.0 ms]
   [Code Root Purge: 0.0 ms]
   [Clear CT: 0.1 ms]
   [Other: 0.9 ms]
      [Choose CSet: 0.0 ms]
      [Ref Proc: 0.2 ms]
      [Ref Enq: 0.0 ms]
      [Redirty Cards: 0.2 ms]
      [Humongous Register: 0.1 ms]
      [Humongous Reclaim: 0.0 ms]
      [Free CSet: 0.1 ms]
   [Eden: 46.0M(46.0M)->0.0B(44.0M) Survivors: 5120.0K->7168.0K Heap: 198.2M(1024.0M)->154.2M(1024.0M)]
 [Times: user=0.05 sys=0.00, real=0.02 secs] 
2018-11-25T16:22:24.840+0800: 3095.238: [GC pause (G1 Evacuation Pause) (young), 0.0172482 secs]
   [Parallel Time: 16.5 ms, GC Workers: 4]
      [GC Worker Start (ms): Min: 3095237.7, Avg: 3095237.8, Max: 3095237.8, Diff: 0.1]
      [Ext Root Scanning (ms): Min: 0.8, Avg: 0.8, Max: 0.9, Diff: 0.1, Sum: 3.4]
      [Update RS (ms): Min: 1.9, Avg: 1.9, Max: 2.1, Diff: 0.2, Sum: 7.7]
         [Processed Buffers: Min: 2, Avg: 9.0, Max: 21, Diff: 19, Sum: 36]
      [Scan RS (ms): Min: 0.0, Avg: 0.0, Max: 0.0, Diff: 0.0, Sum: 0.1]
      [Code Root Scanning (ms): Min: 0.0, Avg: 0.0, Max: 0.1, Diff: 0.1, Sum: 0.1]
      [Object Copy (ms): Min: 13.4, Avg: 13.4, Max: 13.5, Diff: 0.1, Sum: 53.8]
      [Termination (ms): Min: 0.0, Avg: 0.0, Max: 0.0, Diff: 0.0, Sum: 0.0]
         [Termination Attempts: Min: 2, Avg: 3.0, Max: 4, Diff: 2, Sum: 12]
      [GC Worker Other (ms): Min: 0.0, Avg: 0.0, Max: 0.1, Diff: 0.0, Sum: 0.2]
      [GC Worker Total (ms): Min: 16.3, Avg: 16.3, Max: 16.3, Diff: 0.0, Sum: 65.3]
      [GC Worker End (ms): Min: 3095254.1, Avg: 3095254.1, Max: 3095254.1, Diff: 0.0]
   [Code Root Fixup: 0.0 ms]
   [Code Root Purge: 0.0 ms]
   [Clear CT: 0.1 ms]
   [Other: 0.7 ms]
      [Choose CSet: 0.0 ms]
      [Ref Proc: 0.2 ms]
      [Ref Enq: 0.0 ms]
      [Redirty Cards: 0.1 ms]
      [Humongous Register: 0.0 ms]
      [Humongous Reclaim: 0.0 ms]
      [Free CSet: 0.0 ms]
   [Eden: 44.0M(44.0M)->0.0B(46.0M) Survivors: 7168.0K->5120.0K Heap: 198.2M(1024.0M)->154.1M(1024.0M)]
 [Times: user=0.06 sys=0.01, real=0.01 secs] 
2018-11-25T16:22:52.481+0800: 3122.878: [GC pause (G1 Evacuation Pause) (young), 0.0187018 secs]
   [Parallel Time: 17.7 ms, GC Workers: 4]
      [GC Worker Start (ms): Min: 3122878.0, Avg: 3122878.1, Max: 3122878.1, Diff: 0.1]
      [Ext Root Scanning (ms): Min: 0.9, Avg: 0.9, Max: 1.1, Diff: 0.2, Sum: 3.7]
      [Update RS (ms): Min: 4.5, Avg: 4.7, Max: 4.9, Diff: 0.5, Sum: 18.7]
         [Processed Buffers: Min: 4, Avg: 11.0, Max: 17, Diff: 13, Sum: 44]
      [Scan RS (ms): Min: 1.6, Avg: 2.0, Max: 2.2, Diff: 0.6, Sum: 7.9]
      [Code Root Scanning (ms): Min: 0.0, Avg: 0.0, Max: 0.0, Diff: 0.0, Sum: 0.1]
      [Object Copy (ms): Min: 9.8, Avg: 10.0, Max: 10.0, Diff: 0.2, Sum: 39.8]
      [Termination (ms): Min: 0.0, Avg: 0.0, Max: 0.0, Diff: 0.0, Sum: 0.0]
         [Termination Attempts: Min: 1, Avg: 1.0, Max: 1, Diff: 0, Sum: 4]
      [GC Worker Other (ms): Min: 0.0, Avg: 0.0, Max: 0.1, Diff: 0.0, Sum: 0.2]
      [GC Worker Total (ms): Min: 17.6, Avg: 17.6, Max: 17.6, Diff: 0.1, Sum: 70.4]
      [GC Worker End (ms): Min: 3122895.7, Avg: 3122895.7, Max: 3122895.7, Diff: 0.0]
   [Code Root Fixup: 0.0 ms]
   [Code Root Purge: 0.0 ms]
   [Clear CT: 0.1 ms]
   [Other: 0.9 ms]
      [Choose CSet: 0.0 ms]
      [Ref Proc: 0.2 ms]
      [Ref Enq: 0.0 ms]
      [Redirty Cards: 0.1 ms]
      [Humongous Register: 0.3 ms]
      [Humongous Reclaim: 0.0 ms]
      [Free CSet: 0.1 ms]
   [Eden: 46.0M(46.0M)->0.0B(55.0M) Survivors: 5120.0K->5120.0K Heap: 200.1M(1024.0M)->154.8M(1024.0M)]
 [Times: user=0.06 sys=0.01, real=0.02 secs] 
2018-11-25T16:23:20.143+0800: 3150.539: [GC pause (G1 Evacuation Pause) (young), 0.0192024 secs]
   [Parallel Time: 18.5 ms, GC Workers: 4]
      [GC Worker Start (ms): Min: 3150539.3, Avg: 3150539.3, Max: 3150539.3, Diff: 0.1]
      [Ext Root Scanning (ms): Min: 0.8, Avg: 0.8, Max: 0.9, Diff: 0.1, Sum: 3.3]
      [Update RS (ms): Min: 3.1, Avg: 3.5, Max: 4.0, Diff: 0.9, Sum: 14.0]
         [Processed Buffers: Min: 3, Avg: 10.5, Max: 28, Diff: 25, Sum: 42]
      [Scan RS (ms): Min: 1.2, Avg: 1.7, Max: 2.2, Diff: 0.9, Sum: 6.7]
      [Code Root Scanning (ms): Min: 0.0, Avg: 0.0, Max: 0.0, Diff: 0.0, Sum: 0.0]
      [Object Copy (ms): Min: 12.2, Avg: 12.3, Max: 12.4, Diff: 0.2, Sum: 49.1]
      [Termination (ms): Min: 0.0, Avg: 0.0, Max: 0.0, Diff: 0.0, Sum: 0.0]
         [Termination Attempts: Min: 1, Avg: 1.5, Max: 2, Diff: 1, Sum: 6]
      [GC Worker Other (ms): Min: 0.0, Avg: 0.0, Max: 0.0, Diff: 0.0, Sum: 0.1]
      [GC Worker Total (ms): Min: 18.3, Avg: 18.4, Max: 18.4, Diff: 0.1, Sum: 73.4]
      [GC Worker End (ms): Min: 3150557.7, Avg: 3150557.7, Max: 3150557.7, Diff: 0.0]
   [Code Root Fixup: 0.0 ms]
   [Code Root Purge: 0.0 ms]
   [Clear CT: 0.1 ms]
   [Other: 0.6 ms]
      [Choose CSet: 0.0 ms]
      [Ref Proc: 0.2 ms]
      [Ref Enq: 0.0 ms]
      [Redirty Cards: 0.1 ms]
      [Humongous Register: 0.0 ms]
      [Humongous Reclaim: 0.0 ms]
      [Free CSet: 0.1 ms]
   [Eden: 46.0M(46.0M)->0.0B(45.0M) Survivors: 5120.0K->7168.0K Heap: 200.8M(1024.0M)->156.8M(1024.0M)]
 [Times: user=0.07 sys=0.01, real=0.02 secs] 
2018-11-25T16:23:46.767+0800: 3177.162: [GC pause (G1 Evacuation Pause) (young), 0.0181768 secs]
   [Parallel Time: 17.3 ms, GC Workers: 4]
      [GC Worker Start (ms): Min: 3177162.2, Avg: 3177162.3, Max: 3177162.6, Diff: 0.4]
      [Ext Root Scanning (ms): Min: 0.6, Avg: 0.9, Max: 1.0, Diff: 0.4, Sum: 3.5]
      [Update RS (ms): Min: 2.0, Avg: 2.2, Max: 2.4, Diff: 0.4, Sum: 8.7]
         [Processed Buffers: Min: 2, Avg: 9.2, Max: 15, Diff: 13, Sum: 37]
      [Scan RS (ms): Min: 1.4, Avg: 1.5, Max: 1.7, Diff: 0.3, Sum: 6.1]
      [Code Root Scanning (ms): Min: 0.0, Avg: 0.0, Max: 0.0, Diff: 0.0, Sum: 0.0]
      [Object Copy (ms): Min: 12.4, Avg: 12.5, Max: 12.6, Diff: 0.2, Sum: 49.9]
      [Termination (ms): Min: 0.0, Avg: 0.0, Max: 0.0, Diff: 0.0, Sum: 0.0]
         [Termination Attempts: Min: 1, Avg: 1.0, Max: 1, Diff: 0, Sum: 4]
      [GC Worker Other (ms): Min: 0.0, Avg: 0.0, Max: 0.0, Diff: 0.0, Sum: 0.1]
      [GC Worker Total (ms): Min: 16.8, Avg: 17.1, Max: 17.2, Diff: 0.4, Sum: 68.4]
      [GC Worker End (ms): Min: 3177179.4, Avg: 3177179.4, Max: 3177179.4, Diff: 0.0]
   [Code Root Fixup: 0.0 ms]
   [Code Root Purge: 0.0 ms]
   [Clear CT: 0.2 ms]
   [Other: 0.8 ms]
      [Choose CSet: 0.0 ms]
      [Ref Proc: 0.3 ms]
      [Ref Enq: 0.0 ms]
      [Redirty Cards: 0.1 ms]
      [Humongous Register: 0.0 ms]
      [Humongous Reclaim: 0.0 ms]
      [Free CSet: 0.1 ms]
   [Eden: 44.0M(44.0M)->0.0B(70.0M) Survivors: 7168.0K->5120.0K Heap: 200.8M(1024.0M)->156.5M(1024.0M)]
 [Times: user=0.07 sys=0.01, real=0.02 secs] 
2018-11-25T16:24:14.382+0800: 3204.776: [GC pause (G1 Evacuation Pause) (young), 0.0466290 secs]
   [Parallel Time: 43.8 ms, GC Workers: 4]
      [GC Worker Start (ms): Min: 3204778.3, Avg: 3204785.5, Max: 3204792.0, Diff: 13.7]
      [Ext Root Scanning (ms): Min: 0.0, Avg: 1.3, Max: 3.4, Diff: 3.4, Sum: 5.0]
      [Update RS (ms): Min: 0.0, Avg: 1.8, Max: 4.2, Diff: 4.2, Sum: 7.1]
         [Processed Buffers: Min: 0, Avg: 9.2, Max: 33, Diff: 33, Sum: 37]
      [Scan RS (ms): Min: 13.6, Avg: 18.1, Max: 27.4, Diff: 13.9, Sum: 72.4]
      [Code Root Scanning (ms): Min: 0.0, Avg: 0.0, Max: 0.1, Diff: 0.1, Sum: 0.1]
      [Object Copy (ms): Min: 6.7, Avg: 15.0, Max: 23.1, Diff: 16.5, Sum: 60.0]
      [Termination (ms): Min: 0.0, Avg: 0.1, Max: 0.3, Diff: 0.3, Sum: 0.5]
         [Termination Attempts: Min: 1, Avg: 1.5, Max: 2, Diff: 1, Sum: 6]
      [GC Worker Other (ms): Min: 0.0, Avg: 0.0, Max: 0.0, Diff: 0.0, Sum: 0.1]
      [GC Worker Total (ms): Min: 29.8, Avg: 36.3, Max: 43.5, Diff: 13.7, Sum: 145.3]
      [GC Worker End (ms): Min: 3204821.7, Avg: 3204821.8, Max: 3204821.9, Diff: 0.1]
   [Code Root Fixup: 0.0 ms]
   [Code Root Purge: 0.0 ms]
   [Clear CT: 0.1 ms]
   [Other: 2.7 ms]
      [Choose CSet: 0.0 ms]
      [Ref Proc: 0.3 ms]
      [Ref Enq: 0.0 ms]
      [Redirty Cards: 0.1 ms]
      [Humongous Register: 0.1 ms]
      [Humongous Reclaim: 0.0 ms]
      [Free CSet: 0.2 ms]
   [Eden: 46.0M(46.0M)->0.0B(46.0M) Survivors: 5120.0K->5120.0K Heap: 202.5M(1024.0M)->156.5M(1024.0M)]
 [Times: user=0.05 sys=0.01, real=0.05 secs] 
2018-11-25T16:24:41.962+0800: 3232.356: [GC pause (G1 Evacuation Pause) (young), 0.0287090 secs]
   [Parallel Time: 23.5 ms, GC Workers: 4]
      [GC Worker Start (ms): Min: 3232359.8, Avg: 3232360.0, Max: 3232360.3, Diff: 0.5]
      [Ext Root Scanning (ms): Min: 4.9, Avg: 6.3, Max: 10.0, Diff: 5.2, Sum: 25.2]
      [Update RS (ms): Min: 0.0, Avg: 2.4, Max: 3.3, Diff: 3.3, Sum: 9.6]
         [Processed Buffers: Min: 0, Avg: 9.0, Max: 13, Diff: 13, Sum: 36]
      [Scan RS (ms): Min: 0.0, Avg: 0.9, Max: 1.3, Diff: 1.3, Sum: 3.7]
      [Code Root Scanning (ms): Min: 0.0, Avg: 0.0, Max: 0.0, Diff: 0.0, Sum: 0.0]
      [Object Copy (ms): Min: 13.1, Avg: 13.3, Max: 13.5, Diff: 0.3, Sum: 53.4]
      [Termination (ms): Min: 0.0, Avg: 0.0, Max: 0.0, Diff: 0.0, Sum: 0.0]
         [Termination Attempts: Min: 1, Avg: 1.0, Max: 1, Diff: 0, Sum: 4]
      [GC Worker Other (ms): Min: 0.1, Avg: 0.1, Max: 0.1, Diff: 0.0, Sum: 0.3]
      [GC Worker Total (ms): Min: 22.8, Avg: 23.1, Max: 23.3, Diff: 0.4, Sum: 92.3]
      [GC Worker End (ms): Min: 3232383.1, Avg: 3232383.1, Max: 3232383.1, Diff: 0.0]
   [Code Root Fixup: 0.0 ms]
   [Code Root Purge: 0.0 ms]
   [Clear CT: 0.1 ms]
   [Other: 5.1 ms]
      [Choose CSet: 0.0 ms]
      [Ref Proc: 0.2 ms]
      [Ref Enq: 0.0 ms]
      [Redirty Cards: 0.1 ms]
      [Humongous Register: 3.8 ms]
      [Humongous Reclaim: 0.0 ms]
      [Free CSet: 0.2 ms]
   [Eden: 46.0M(46.0M)->0.0B(44.0M) Survivors: 5120.0K->7168.0K Heap: 202.5M(1024.0M)->159.0M(1024.0M)]
 [Times: user=0.06 sys=0.03, real=0.03 secs] 
2018-11-25T16:25:08.355+0800: 3258.748: [GC pause (G1 Evacuation Pause) (young), 0.0193146 secs]
   [Parallel Time: 18.5 ms, GC Workers: 4]
      [GC Worker Start (ms): Min: 3258747.9, Avg: 3258747.9, Max: 3258748.0, Diff: 0.1]
      [Ext Root Scanning (ms): Min: 0.9, Avg: 1.0, Max: 1.0, Diff: 0.1, Sum: 3.8]
      [Update RS (ms): Min: 2.5, Avg: 2.7, Max: 2.9, Diff: 0.4, Sum: 10.8]
         [Processed Buffers: Min: 2, Avg: 8.5, Max: 16, Diff: 14, Sum: 34]
      [Scan RS (ms): Min: 2.0, Avg: 2.1, Max: 2.3, Diff: 0.3, Sum: 8.4]
      [Code Root Scanning (ms): Min: 0.0, Avg: 0.0, Max: 0.0, Diff: 0.0, Sum: 0.0]
      [Object Copy (ms): Min: 12.4, Avg: 12.5, Max: 12.5, Diff: 0.1, Sum: 49.8]
      [Termination (ms): Min: 0.0, Avg: 0.1, Max: 0.1, Diff: 0.1, Sum: 0.3]
         [Termination Attempts: Min: 1, Avg: 1.2, Max: 2, Diff: 1, Sum: 5]
      [GC Worker Other (ms): Min: 0.0, Avg: 0.0, Max: 0.0, Diff: 0.0, Sum: 0.1]
      [GC Worker Total (ms): Min: 18.3, Avg: 18.3, Max: 18.4, Diff: 0.1, Sum: 73.4]
      [GC Worker End (ms): Min: 3258766.3, Avg: 3258766.3, Max: 3258766.3, Diff: 0.0]
   [Code Root Fixup: 0.0 ms]
   [Code Root Purge: 0.0 ms]
   [Clear CT: 0.1 ms]
   [Other: 0.7 ms]
      [Choose CSet: 0.0 ms]
      [Ref Proc: 0.2 ms]
      [Ref Enq: 0.0 ms]
      [Redirty Cards: 0.1 ms]
      [Humongous Register: 0.0 ms]
      [Humongous Reclaim: 0.0 ms]
      [Free CSet: 0.1 ms]
   [Eden: 44.0M(44.0M)->0.0B(46.0M) Survivors: 7168.0K->5120.0K Heap: 203.0M(1024.0M)->158.5M(1024.0M)]
 [Times: user=0.07 sys=0.00, real=0.02 secs] 
2018-11-25T16:25:35.996+0800: 3286.388: [GC pause (G1 Evacuation Pause) (young), 0.0180740 secs]
   [Parallel Time: 17.4 ms, GC Workers: 4]
      [GC Worker Start (ms): Min: 3286388.2, Avg: 3286388.2, Max: 3286388.2, Diff: 0.1]
      [Ext Root Scanning (ms): Min: 0.7, Avg: 0.7, Max: 0.8, Diff: 0.1, Sum: 2.9]
      [Update RS (ms): Min: 2.5, Avg: 2.9, Max: 3.3, Diff: 0.8, Sum: 11.5]
         [Processed Buffers: Min: 2, Avg: 8.0, Max: 16, Diff: 14, Sum: 32]
      [Scan RS (ms): Min: 3.5, Avg: 4.4, Max: 6.1, Diff: 2.6, Sum: 17.8]
      [Code Root Scanning (ms): Min: 0.0, Avg: 0.0, Max: 0.0, Diff: 0.0, Sum: 0.0]
      [Object Copy (ms): Min: 7.8, Avg: 9.2, Max: 9.7, Diff: 1.9, Sum: 36.8]
      [Termination (ms): Min: 0.0, Avg: 0.0, Max: 0.0, Diff: 0.0, Sum: 0.0]
         [Termination Attempts: Min: 1, Avg: 1.0, Max: 1, Diff: 0, Sum: 4]
      [GC Worker Other (ms): Min: 0.0, Avg: 0.0, Max: 0.1, Diff: 0.0, Sum: 0.2]
      [GC Worker Total (ms): Min: 17.2, Avg: 17.3, Max: 17.3, Diff: 0.1, Sum: 69.2]
      [GC Worker End (ms): Min: 3286405.5, Avg: 3286405.5, Max: 3286405.5, Diff: 0.0]
   [Code Root Fixup: 0.0 ms]
   [Code Root Purge: 0.0 ms]
   [Clear CT: 0.1 ms]
   [Other: 0.6 ms]
      [Choose CSet: 0.0 ms]
      [Ref Proc: 0.2 ms]
      [Ref Enq: 0.0 ms]
      [Redirty Cards: 0.1 ms]
      [Humongous Register: 0.0 ms]
      [Humongous Reclaim: 0.0 ms]
      [Free CSet: 0.0 ms]
   [Eden: 46.0M(46.0M)->0.0B(46.0M) Survivors: 5120.0K->5120.0K Heap: 204.5M(1024.0M)->159.0M(1024.0M)]
 [Times: user=0.06 sys=0.00, real=0.02 secs] 
2018-11-25T16:26:03.665+0800: 3314.056: [GC pause (G1 Evacuation Pause) (young), 0.0197499 secs]
   [Parallel Time: 19.0 ms, GC Workers: 4]
      [GC Worker Start (ms): Min: 3314056.4, Avg: 3314056.5, Max: 3314056.5, Diff: 0.1]
      [Ext Root Scanning (ms): Min: 0.6, Avg: 0.7, Max: 0.8, Diff: 0.2, Sum: 2.8]
      [Update RS (ms): Min: 2.1, Avg: 2.4, Max: 2.7, Diff: 0.6, Sum: 9.6]
         [Processed Buffers: Min: 2, Avg: 9.0, Max: 17, Diff: 15, Sum: 36]
      [Scan RS (ms): Min: 2.4, Avg: 2.9, Max: 3.7, Diff: 1.3, Sum: 11.5]
      [Code Root Scanning (ms): Min: 0.0, Avg: 0.0, Max: 0.0, Diff: 0.0, Sum: 0.1]
      [Object Copy (ms): Min: 10.0, Avg: 10.4, Max: 10.6, Diff: 0.6, Sum: 41.8]
      [Termination (ms): Min: 0.0, Avg: 0.0, Max: 0.0, Diff: 0.0, Sum: 0.0]
         [Termination Attempts: Min: 1, Avg: 1.0, Max: 1, Diff: 0, Sum: 4]
      [GC Worker Other (ms): Min: 0.0, Avg: 0.6, Max: 2.4, Diff: 2.4, Sum: 2.5]
      [GC Worker Total (ms): Min: 16.4, Avg: 17.1, Max: 18.8, Diff: 2.4, Sum: 68.3]
      [GC Worker End (ms): Min: 3314072.9, Avg: 3314073.5, Max: 3314075.3, Diff: 2.4]
   [Code Root Fixup: 0.0 ms]
   [Code Root Purge: 0.0 ms]
   [Clear CT: 0.1 ms]
   [Other: 0.6 ms]
      [Choose CSet: 0.0 ms]
      [Ref Proc: 0.2 ms]
      [Ref Enq: 0.0 ms]
      [Redirty Cards: 0.1 ms]
      [Humongous Register: 0.0 ms]
      [Humongous Reclaim: 0.0 ms]
      [Free CSet: 0.0 ms]
   [Eden: 46.0M(46.0M)->0.0B(46.0M) Survivors: 5120.0K->5120.0K Heap: 205.0M(1024.0M)->159.4M(1024.0M)]
 [Times: user=0.06 sys=0.00, real=0.02 secs] 
2018-11-25T16:26:31.249+0800: 3341.639: [GC pause (G1 Evacuation Pause) (young), 0.0201402 secs]
   [Parallel Time: 19.2 ms, GC Workers: 4]
      [GC Worker Start (ms): Min: 3341639.2, Avg: 3341639.2, Max: 3341639.2, Diff: 0.1]
      [Ext Root Scanning (ms): Min: 0.9, Avg: 1.0, Max: 1.1, Diff: 0.1, Sum: 3.9]
      [Update RS (ms): Min: 2.4, Avg: 2.5, Max: 2.7, Diff: 0.3, Sum: 9.9]
         [Processed Buffers: Min: 2, Avg: 8.0, Max: 13, Diff: 11, Sum: 32]
      [Scan RS (ms): Min: 2.6, Avg: 2.9, Max: 3.0, Diff: 0.3, Sum: 11.4]
      [Code Root Scanning (ms): Min: 0.0, Avg: 0.0, Max: 0.1, Diff: 0.1, Sum: 0.1]
      [Object Copy (ms): Min: 12.7, Avg: 12.7, Max: 12.8, Diff: 0.1, Sum: 50.8]
      [Termination (ms): Min: 0.0, Avg: 0.0, Max: 0.0, Diff: 0.0, Sum: 0.0]
         [Termination Attempts: Min: 1, Avg: 1.8, Max: 2, Diff: 1, Sum: 7]
      [GC Worker Other (ms): Min: 0.0, Avg: 0.0, Max: 0.0, Diff: 0.0, Sum: 0.1]
      [GC Worker Total (ms): Min: 19.1, Avg: 19.1, Max: 19.1, Diff: 0.1, Sum: 76.4]
      [GC Worker End (ms): Min: 3341658.3, Avg: 3341658.3, Max: 3341658.3, Diff: 0.0]
   [Code Root Fixup: 0.0 ms]
   [Code Root Purge: 0.0 ms]
   [Clear CT: 0.1 ms]
   [Other: 0.8 ms]
      [Choose CSet: 0.0 ms]
      [Ref Proc: 0.2 ms]
      [Ref Enq: 0.0 ms]
      [Redirty Cards: 0.1 ms]
      [Humongous Register: 0.2 ms]
      [Humongous Reclaim: 0.0 ms]
      [Free CSet: 0.0 ms]
   [Eden: 46.0M(46.0M)->0.0B(44.0M) Survivors: 5120.0K->7168.0K Heap: 205.4M(1024.0M)->161.4M(1024.0M)]
 [Times: user=0.07 sys=0.01, real=0.03 secs] 
2018-11-25T16:26:57.739+0800: 3368.128: [GC pause (G1 Evacuation Pause) (young), 0.0192285 secs]
   [Parallel Time: 18.5 ms, GC Workers: 4]
      [GC Worker Start (ms): Min: 3368128.1, Avg: 3368128.3, Max: 3368128.6, Diff: 0.5]
      [Ext Root Scanning (ms): Min: 0.5, Avg: 0.8, Max: 1.0, Diff: 0.5, Sum: 3.2]
      [Update RS (ms): Min: 2.0, Avg: 2.2, Max: 2.5, Diff: 0.5, Sum: 8.7]
         [Processed Buffers: Min: 1, Avg: 7.8, Max: 14, Diff: 13, Sum: 31]
      [Scan RS (ms): Min: 2.2, Avg: 2.5, Max: 2.7, Diff: 0.5, Sum: 9.9]
      [Code Root Scanning (ms): Min: 0.0, Avg: 0.0, Max: 0.1, Diff: 0.1, Sum: 0.1]
      [Object Copy (ms): Min: 12.7, Avg: 12.7, Max: 12.7, Diff: 0.1, Sum: 50.8]
      [Termination (ms): Min: 0.0, Avg: 0.0, Max: 0.0, Diff: 0.0, Sum: 0.0]
         [Termination Attempts: Min: 1, Avg: 1.0, Max: 1, Diff: 0, Sum: 4]
      [GC Worker Other (ms): Min: 0.0, Avg: 0.0, Max: 0.1, Diff: 0.1, Sum: 0.2]
      [GC Worker Total (ms): Min: 17.9, Avg: 18.2, Max: 18.4, Diff: 0.5, Sum: 72.8]
      [GC Worker End (ms): Min: 3368146.5, Avg: 3368146.5, Max: 3368146.5, Diff: 0.0]
   [Code Root Fixup: 0.0 ms]
   [Code Root Purge: 0.0 ms]
   [Clear CT: 0.1 ms]
   [Other: 0.6 ms]
      [Choose CSet: 0.0 ms]
      [Ref Proc: 0.1 ms]
      [Ref Enq: 0.0 ms]
      [Redirty Cards: 0.1 ms]
      [Humongous Register: 0.1 ms]
      [Humongous Reclaim: 0.0 ms]
      [Free CSet: 0.0 ms]
   [Eden: 44.0M(44.0M)->0.0B(46.0M) Survivors: 7168.0K->5120.0K Heap: 205.4M(1024.0M)->161.4M(1024.0M)]
 [Times: user=0.07 sys=0.00, real=0.03 secs] 
2018-11-25T16:27:25.490+0800: 3395.879: [GC pause (G1 Evacuation Pause) (young), 0.0185108 secs]
   [Parallel Time: 17.9 ms, GC Workers: 4]
      [GC Worker Start (ms): Min: 3395878.7, Avg: 3395878.8, Max: 3395878.8, Diff: 0.1]
      [Ext Root Scanning (ms): Min: 0.6, Avg: 0.6, Max: 0.7, Diff: 0.1, Sum: 2.5]
      [Update RS (ms): Min: 2.7, Avg: 2.9, Max: 3.0, Diff: 0.3, Sum: 11.4]
         [Processed Buffers: Min: 3, Avg: 7.2, Max: 17, Diff: 14, Sum: 29]
      [Scan RS (ms): Min: 3.8, Avg: 4.0, Max: 4.3, Diff: 0.5, Sum: 16.0]
      [Code Root Scanning (ms): Min: 0.0, Avg: 0.0, Max: 0.1, Diff: 0.1, Sum: 0.1]
      [Object Copy (ms): Min: 10.1, Avg: 10.2, Max: 10.3, Diff: 0.2, Sum: 40.8]
      [Termination (ms): Min: 0.0, Avg: 0.0, Max: 0.0, Diff: 0.0, Sum: 0.0]
         [Termination Attempts: Min: 1, Avg: 1.0, Max: 1, Diff: 0, Sum: 4]
      [GC Worker Other (ms): Min: 0.0, Avg: 0.0, Max: 0.1, Diff: 0.1, Sum: 0.2]
      [GC Worker Total (ms): Min: 17.7, Avg: 17.8, Max: 17.8, Diff: 0.1, Sum: 71.1]
      [GC Worker End (ms): Min: 3395896.5, Avg: 3395896.6, Max: 3395896.6, Diff: 0.0]
   [Code Root Fixup: 0.0 ms]
   [Code Root Purge: 0.0 ms]
   [Clear CT: 0.1 ms]
   [Other: 0.6 ms]
      [Choose CSet: 0.0 ms]
      [Ref Proc: 0.1 ms]
      [Ref Enq: 0.0 ms]
      [Redirty Cards: 0.1 ms]
      [Humongous Register: 0.1 ms]
      [Humongous Reclaim: 0.0 ms]
      [Free CSet: 0.1 ms]
   [Eden: 46.0M(46.0M)->0.0B(46.0M) Survivors: 5120.0K->5120.0K Heap: 207.4M(1024.0M)->161.9M(1024.0M)]
 [Times: user=0.06 sys=0.01, real=0.02 secs] 
2018-11-25T16:27:53.238+0800: 3423.626: [GC pause (G1 Evacuation Pause) (young), 0.0205272 secs]
   [Parallel Time: 19.6 ms, GC Workers: 4]
      [GC Worker Start (ms): Min: 3423625.9, Avg: 3423626.0, Max: 3423626.0, Diff: 0.1]
      [Ext Root Scanning (ms): Min: 0.8, Avg: 0.9, Max: 1.1, Diff: 0.3, Sum: 3.6]
      [Update RS (ms): Min: 2.5, Avg: 4.4, Max: 7.3, Diff: 4.8, Sum: 17.5]
         [Processed Buffers: Min: 2, Avg: 6.5, Max: 10, Diff: 8, Sum: 26]
      [Scan RS (ms): Min: 0.1, Avg: 3.0, Max: 4.8, Diff: 4.7, Sum: 12.2]
      [Code Root Scanning (ms): Min: 0.0, Avg: 0.0, Max: 0.1, Diff: 0.1, Sum: 0.1]
      [Object Copy (ms): Min: 11.0, Avg: 11.2, Max: 11.3, Diff: 0.2, Sum: 44.7]
      [Termination (ms): Min: 0.0, Avg: 0.0, Max: 0.0, Diff: 0.0, Sum: 0.0]
         [Termination Attempts: Min: 1, Avg: 1.0, Max: 1, Diff: 0, Sum: 4]
      [GC Worker Other (ms): Min: 0.0, Avg: 0.0, Max: 0.1, Diff: 0.1, Sum: 0.2]
      [GC Worker Total (ms): Min: 19.5, Avg: 19.6, Max: 19.6, Diff: 0.1, Sum: 78.3]
      [GC Worker End (ms): Min: 3423645.5, Avg: 3423645.5, Max: 3423645.5, Diff: 0.0]
   [Code Root Fixup: 0.0 ms]
   [Code Root Purge: 0.0 ms]
   [Clear CT: 0.1 ms]
   [Other: 0.8 ms]
      [Choose CSet: 0.0 ms]
      [Ref Proc: 0.3 ms]
      [Ref Enq: 0.0 ms]
      [Redirty Cards: 0.1 ms]
      [Humongous Register: 0.0 ms]
      [Humongous Reclaim: 0.0 ms]
      [Free CSet: 0.1 ms]
   [Eden: 46.0M(46.0M)->0.0B(44.0M) Survivors: 5120.0K->7168.0K Heap: 207.9M(1024.0M)->163.4M(1024.0M)]
 [Times: user=0.06 sys=0.00, real=0.02 secs] 
2018-11-25T16:28:19.942+0800: 3450.329: [GC pause (G1 Evacuation Pause) (young), 0.0194024 secs]
   [Parallel Time: 18.6 ms, GC Workers: 4]
      [GC Worker Start (ms): Min: 3450329.3, Avg: 3450329.4, Max: 3450329.4, Diff: 0.1]
      [Ext Root Scanning (ms): Min: 0.9, Avg: 0.9, Max: 1.0, Diff: 0.1, Sum: 3.7]
      [Update RS (ms): Min: 2.3, Avg: 2.3, Max: 2.4, Diff: 0.1, Sum: 9.3]
         [Processed Buffers: Min: 2, Avg: 7.2, Max: 14, Diff: 12, Sum: 29]
      [Scan RS (ms): Min: 2.8, Avg: 2.9, Max: 2.9, Diff: 0.1, Sum: 11.5]
      [Code Root Scanning (ms): Min: 0.0, Avg: 0.0, Max: 0.1, Diff: 0.1, Sum: 0.1]
      [Object Copy (ms): Min: 12.2, Avg: 12.3, Max: 12.4, Diff: 0.1, Sum: 49.3]
      [Termination (ms): Min: 0.0, Avg: 0.0, Max: 0.0, Diff: 0.0, Sum: 0.0]
         [Termination Attempts: Min: 1, Avg: 1.0, Max: 1, Diff: 0, Sum: 4]
      [GC Worker Other (ms): Min: 0.0, Avg: 0.0, Max: 0.1, Diff: 0.0, Sum: 0.2]
      [GC Worker Total (ms): Min: 18.5, Avg: 18.5, Max: 18.5, Diff: 0.0, Sum: 74.0]
      [GC Worker End (ms): Min: 3450347.9, Avg: 3450347.9, Max: 3450347.9, Diff: 0.0]
   [Code Root Fixup: 0.0 ms]
   [Code Root Purge: 0.0 ms]
   [Clear CT: 0.1 ms]
   [Other: 0.7 ms]
      [Choose CSet: 0.0 ms]
      [Ref Proc: 0.1 ms]
      [Ref Enq: 0.0 ms]
      [Redirty Cards: 0.1 ms]
      [Humongous Register: 0.1 ms]
      [Humongous Reclaim: 0.0 ms]
      [Free CSet: 0.1 ms]
   [Eden: 44.0M(44.0M)->0.0B(46.0M) Survivors: 7168.0K->5120.0K Heap: 207.4M(1024.0M)->163.4M(1024.0M)]
 [Times: user=0.07 sys=0.01, real=0.02 secs] 
2018-11-25T16:28:47.713+0800: 3478.099: [GC pause (G1 Evacuation Pause) (young), 0.0166354 secs]
   [Parallel Time: 15.9 ms, GC Workers: 4]
      [GC Worker Start (ms): Min: 3478099.6, Avg: 3478099.7, Max: 3478100.0, Diff: 0.4]
      [Ext Root Scanning (ms): Min: 0.6, Avg: 1.0, Max: 1.1, Diff: 0.5, Sum: 3.8]
      [Update RS (ms): Min: 1.9, Avg: 2.1, Max: 2.3, Diff: 0.4, Sum: 8.6]
         [Processed Buffers: Min: 1, Avg: 8.8, Max: 26, Diff: 25, Sum: 35]
      [Scan RS (ms): Min: 3.8, Avg: 3.9, Max: 4.1, Diff: 0.3, Sum: 15.7]
      [Code Root Scanning (ms): Min: 0.0, Avg: 0.0, Max: 0.0, Diff: 0.0, Sum: 0.0]
      [Object Copy (ms): Min: 8.5, Avg: 8.6, Max: 8.6, Diff: 0.1, Sum: 34.3]
      [Termination (ms): Min: 0.0, Avg: 0.0, Max: 0.0, Diff: 0.0, Sum: 0.0]
         [Termination Attempts: Min: 1, Avg: 1.0, Max: 1, Diff: 0, Sum: 4]
      [GC Worker Other (ms): Min: 0.0, Avg: 0.1, Max: 0.1, Diff: 0.1, Sum: 0.2]
      [GC Worker Total (ms): Min: 15.4, Avg: 15.7, Max: 15.8, Diff: 0.3, Sum: 62.8]
      [GC Worker End (ms): Min: 3478115.4, Avg: 3478115.4, Max: 3478115.4, Diff: 0.1]
   [Code Root Fixup: 0.0 ms]
   [Code Root Purge: 0.0 ms]
   [Clear CT: 0.1 ms]
   [Other: 0.7 ms]
      [Choose CSet: 0.0 ms]
      [Ref Proc: 0.2 ms]
      [Ref Enq: 0.0 ms]
      [Redirty Cards: 0.1 ms]
      [Humongous Register: 0.0 ms]
      [Humongous Reclaim: 0.0 ms]
      [Free CSet: 0.1 ms]
   [Eden: 46.0M(46.0M)->0.0B(46.0M) Survivors: 5120.0K->5120.0K Heap: 209.4M(1024.0M)->163.4M(1024.0M)]
 [Times: user=0.06 sys=0.00, real=0.02 secs] 
2018-11-25T16:29:15.678+0800: 3506.063: [GC pause (G1 Evacuation Pause) (young), 0.0170736 secs]
   [Parallel Time: 16.3 ms, GC Workers: 4]
      [GC Worker Start (ms): Min: 3506063.1, Avg: 3506063.2, Max: 3506063.3, Diff: 0.2]
      [Ext Root Scanning (ms): Min: 0.9, Avg: 1.0, Max: 1.1, Diff: 0.2, Sum: 4.1]
      [Update RS (ms): Min: 2.0, Avg: 2.1, Max: 2.2, Diff: 0.2, Sum: 8.5]
         [Processed Buffers: Min: 4, Avg: 6.8, Max: 14, Diff: 10, Sum: 27]
      [Scan RS (ms): Min: 2.7, Avg: 2.9, Max: 3.0, Diff: 0.3, Sum: 11.4]
      [Code Root Scanning (ms): Min: 0.0, Avg: 0.0, Max: 0.0, Diff: 0.0, Sum: 0.0]
      [Object Copy (ms): Min: 10.0, Avg: 10.1, Max: 10.2, Diff: 0.2, Sum: 40.5]
      [Termination (ms): Min: 0.0, Avg: 0.0, Max: 0.0, Diff: 0.0, Sum: 0.0]
         [Termination Attempts: Min: 1, Avg: 1.0, Max: 1, Diff: 0, Sum: 4]
      [GC Worker Other (ms): Min: 0.0, Avg: 0.0, Max: 0.0, Diff: 0.0, Sum: 0.1]
      [GC Worker Total (ms): Min: 16.1, Avg: 16.2, Max: 16.2, Diff: 0.2, Sum: 64.7]
      [GC Worker End (ms): Min: 3506079.4, Avg: 3506079.4, Max: 3506079.4, Diff: 0.0]
   [Code Root Fixup: 0.0 ms]
   [Code Root Purge: 0.0 ms]
   [Clear CT: 0.1 ms]
   [Other: 0.6 ms]
      [Choose CSet: 0.0 ms]
      [Ref Proc: 0.2 ms]
      [Ref Enq: 0.0 ms]
      [Redirty Cards: 0.1 ms]
      [Humongous Register: 0.0 ms]
      [Humongous Reclaim: 0.0 ms]
      [Free CSet: 0.0 ms]
   [Eden: 46.0M(46.0M)->0.0B(56.0M) Survivors: 5120.0K->5120.0K Heap: 209.4M(1024.0M)->164.1M(1024.0M)]
 [Times: user=0.06 sys=0.00, real=0.02 secs] 
2018-11-25T16:29:49.008+0800: 3539.392: [GC pause (G1 Evacuation Pause) (young), 0.0241009 secs]
   [Parallel Time: 23.3 ms, GC Workers: 4]
      [GC Worker Start (ms): Min: 3539392.0, Avg: 3539392.1, Max: 3539392.1, Diff: 0.1]
      [Ext Root Scanning (ms): Min: 0.0, Avg: 0.6, Max: 1.5, Diff: 1.5, Sum: 2.3]
      [Update RS (ms): Min: 2.1, Avg: 2.5, Max: 2.7, Diff: 0.7, Sum: 9.9]
         [Processed Buffers: Min: 1, Avg: 8.2, Max: 24, Diff: 23, Sum: 33]
      [Scan RS (ms): Min: 2.7, Avg: 2.9, Max: 3.2, Diff: 0.5, Sum: 11.5]
      [Code Root Scanning (ms): Min: 0.0, Avg: 0.0, Max: 0.0, Diff: 0.0, Sum: 0.0]
      [Object Copy (ms): Min: 16.0, Avg: 16.1, Max: 16.2, Diff: 0.2, Sum: 64.6]
      [Termination (ms): Min: 0.0, Avg: 0.0, Max: 0.0, Diff: 0.0, Sum: 0.0]
         [Termination Attempts: Min: 1, Avg: 1.0, Max: 1, Diff: 0, Sum: 4]
      [GC Worker Other (ms): Min: 0.0, Avg: 1.2, Max: 1.9, Diff: 1.9, Sum: 4.7]
      [GC Worker Total (ms): Min: 23.2, Avg: 23.2, Max: 23.3, Diff: 0.1, Sum: 92.9]
      [GC Worker End (ms): Min: 3539415.3, Avg: 3539415.3, Max: 3539415.3, Diff: 0.0]
   [Code Root Fixup: 0.0 ms]
   [Code Root Purge: 0.0 ms]
   [Clear CT: 0.1 ms]
   [Other: 0.7 ms]
      [Choose CSet: 0.0 ms]
      [Ref Proc: 0.3 ms]
      [Ref Enq: 0.0 ms]
      [Redirty Cards: 0.1 ms]
      [Humongous Register: 0.0 ms]
      [Humongous Reclaim: 0.0 ms]
      [Free CSet: 0.1 ms]
   [Eden: 56.0M(56.0M)->0.0B(44.0M) Survivors: 5120.0K->7168.0K Heap: 220.1M(1024.0M)->166.1M(1024.0M)]
 [Times: user=0.07 sys=0.02, real=0.03 secs] 
2018-11-25T16:30:15.625+0800: 3566.008: [GC pause (G1 Evacuation Pause) (young), 0.0187584 secs]
   [Parallel Time: 17.7 ms, GC Workers: 4]
      [GC Worker Start (ms): Min: 3566008.7, Avg: 3566008.7, Max: 3566008.7, Diff: 0.1]
      [Ext Root Scanning (ms): Min: 0.3, Avg: 0.9, Max: 1.2, Diff: 0.9, Sum: 3.7]
      [Update RS (ms): Min: 1.9, Avg: 2.0, Max: 2.1, Diff: 0.2, Sum: 8.2]
         [Processed Buffers: Min: 2, Avg: 8.5, Max: 18, Diff: 16, Sum: 34]
      [Scan RS (ms): Min: 2.5, Avg: 2.6, Max: 2.8, Diff: 0.3, Sum: 10.5]
      [Code Root Scanning (ms): Min: 0.0, Avg: 0.0, Max: 0.0, Diff: 0.0, Sum: 0.0]
      [Object Copy (ms): Min: 11.6, Avg: 11.7, Max: 11.8, Diff: 0.3, Sum: 46.8]
      [Termination (ms): Min: 0.0, Avg: 0.0, Max: 0.0, Diff: 0.0, Sum: 0.0]
         [Termination Attempts: Min: 1, Avg: 1.0, Max: 1, Diff: 0, Sum: 4]
      [GC Worker Other (ms): Min: 0.0, Avg: 0.2, Max: 0.9, Diff: 0.9, Sum: 1.0]
      [GC Worker Total (ms): Min: 17.5, Avg: 17.5, Max: 17.6, Diff: 0.0, Sum: 70.2]
      [GC Worker End (ms): Min: 3566026.2, Avg: 3566026.2, Max: 3566026.3, Diff: 0.0]
   [Code Root Fixup: 0.0 ms]
   [Code Root Purge: 0.0 ms]
   [Clear CT: 0.1 ms]
   [Other: 1.0 ms]
      [Choose CSet: 0.0 ms]
      [Ref Proc: 0.2 ms]
      [Ref Enq: 0.0 ms]
      [Redirty Cards: 0.1 ms]
      [Humongous Register: 0.3 ms]
      [Humongous Reclaim: 0.0 ms]
      [Free CSet: 0.1 ms]
   [Eden: 44.0M(44.0M)->0.0B(49.0M) Survivors: 7168.0K->5120.0K Heap: 210.1M(1024.0M)->165.5M(1024.0M)]
 [Times: user=0.07 sys=0.01, real=0.02 secs] 
2018-11-25T16:30:43.425+0800: 3593.808: [GC pause (G1 Evacuation Pause) (young), 0.0201910 secs]
   [Parallel Time: 19.6 ms, GC Workers: 4]
      [GC Worker Start (ms): Min: 3593807.7, Avg: 3593807.7, Max: 3593807.7, Diff: 0.1]
      [Ext Root Scanning (ms): Min: 0.7, Avg: 0.7, Max: 0.8, Diff: 0.1, Sum: 2.8]
      [Update RS (ms): Min: 2.2, Avg: 2.4, Max: 2.6, Diff: 0.4, Sum: 9.6]
         [Processed Buffers: Min: 3, Avg: 7.5, Max: 14, Diff: 11, Sum: 30]
      [Scan RS (ms): Min: 3.7, Avg: 3.9, Max: 4.1, Diff: 0.4, Sum: 15.5]
      [Code Root Scanning (ms): Min: 0.0, Avg: 0.0, Max: 0.0, Diff: 0.0, Sum: 0.0]
      [Object Copy (ms): Min: 12.4, Avg: 12.4, Max: 12.5, Diff: 0.2, Sum: 49.8]
      [Termination (ms): Min: 0.0, Avg: 0.0, Max: 0.0, Diff: 0.0, Sum: 0.0]
         [Termination Attempts: Min: 1, Avg: 3.0, Max: 5, Diff: 4, Sum: 12]
      [GC Worker Other (ms): Min: 0.0, Avg: 0.0, Max: 0.0, Diff: 0.0, Sum: 0.2]
      [GC Worker Total (ms): Min: 19.4, Avg: 19.5, Max: 19.5, Diff: 0.0, Sum: 77.8]
      [GC Worker End (ms): Min: 3593827.1, Avg: 3593827.2, Max: 3593827.2, Diff: 0.0]
   [Code Root Fixup: 0.0 ms]
   [Code Root Purge: 0.0 ms]
   [Clear CT: 0.1 ms]
   [Other: 0.5 ms]
      [Choose CSet: 0.0 ms]
      [Ref Proc: 0.1 ms]
      [Ref Enq: 0.0 ms]
      [Redirty Cards: 0.1 ms]
      [Humongous Register: 0.0 ms]
      [Humongous Reclaim: 0.0 ms]
      [Free CSet: 0.0 ms]
   [Eden: 46.0M(46.0M)->0.0B(49.0M) Survivors: 5120.0K->6144.0K Heap: 211.5M(1024.0M)->168.3M(1024.0M)]
 [Times: user=0.07 sys=0.00, real=0.02 secs] 
2018-11-25T16:31:08.950+0800: 3619.331: [GC pause (G1 Evacuation Pause) (young), 0.0232635 secs]
   [Parallel Time: 22.4 ms, GC Workers: 4]
      [GC Worker Start (ms): Min: 3619331.7, Avg: 3619331.7, Max: 3619331.8, Diff: 0.1]
      [Ext Root Scanning (ms): Min: 0.8, Avg: 0.8, Max: 0.8, Diff: 0.1, Sum: 3.1]
      [Update RS (ms): Min: 2.0, Avg: 2.1, Max: 2.2, Diff: 0.3, Sum: 8.4]
         [Processed Buffers: Min: 2, Avg: 10.5, Max: 25, Diff: 23, Sum: 42]
      [Scan RS (ms): Min: 4.7, Avg: 4.8, Max: 4.9, Diff: 0.2, Sum: 19.3]
      [Code Root Scanning (ms): Min: 0.0, Avg: 0.0, Max: 0.0, Diff: 0.0, Sum: 0.0]
      [Object Copy (ms): Min: 14.5, Avg: 14.6, Max: 14.7, Diff: 0.2, Sum: 58.2]
      [Termination (ms): Min: 0.0, Avg: 0.0, Max: 0.0, Diff: 0.0, Sum: 0.0]
         [Termination Attempts: Min: 1, Avg: 2.2, Max: 3, Diff: 2, Sum: 9]
      [GC Worker Other (ms): Min: 0.0, Avg: 0.0, Max: 0.1, Diff: 0.0, Sum: 0.2]
      [GC Worker Total (ms): Min: 22.3, Avg: 22.3, Max: 22.4, Diff: 0.1, Sum: 89.3]
      [GC Worker End (ms): Min: 3619354.1, Avg: 3619354.1, Max: 3619354.1, Diff: 0.0]
   [Code Root Fixup: 0.0 ms]
   [Code Root Purge: 0.0 ms]
   [Clear CT: 0.1 ms]
   [Other: 0.7 ms]
      [Choose CSet: 0.0 ms]
      [Ref Proc: 0.2 ms]
      [Ref Enq: 0.0 ms]
      [Redirty Cards: 0.1 ms]
      [Humongous Register: 0.1 ms]
      [Humongous Reclaim: 0.0 ms]
      [Free CSet: 0.1 ms]
   [Eden: 45.0M(45.0M)->0.0B(44.0M) Survivors: 6144.0K->7168.0K Heap: 213.3M(1024.0M)->170.4M(1024.0M)]
 [Times: user=0.09 sys=0.00, real=0.02 secs] 
2018-11-25T16:31:35.487+0800: 3645.868: [GC pause (G1 Evacuation Pause) (young), 0.0216943 secs]
   [Parallel Time: 21.0 ms, GC Workers: 4]
      [GC Worker Start (ms): Min: 3645868.4, Avg: 3645868.4, Max: 3645868.5, Diff: 0.1]
      [Ext Root Scanning (ms): Min: 0.9, Avg: 0.9, Max: 0.9, Diff: 0.1, Sum: 3.5]
      [Update RS (ms): Min: 1.4, Avg: 1.6, Max: 1.9, Diff: 0.4, Sum: 6.4]
         [Processed Buffers: Min: 8, Avg: 9.2, Max: 10, Diff: 2, Sum: 37]
      [Scan RS (ms): Min: 5.1, Avg: 5.2, Max: 5.3, Diff: 0.2, Sum: 20.8]
      [Code Root Scanning (ms): Min: 0.0, Avg: 0.0, Max: 0.0, Diff: 0.0, Sum: 0.0]
      [Object Copy (ms): Min: 13.0, Avg: 13.2, Max: 13.3, Diff: 0.3, Sum: 52.7]
      [Termination (ms): Min: 0.0, Avg: 0.0, Max: 0.0, Diff: 0.0, Sum: 0.0]
         [Termination Attempts: Min: 1, Avg: 1.0, Max: 1, Diff: 0, Sum: 4]
      [GC Worker Other (ms): Min: 0.0, Avg: 0.0, Max: 0.0, Diff: 0.0, Sum: 0.1]
      [GC Worker Total (ms): Min: 20.8, Avg: 20.9, Max: 20.9, Diff: 0.1, Sum: 83.5]
      [GC Worker End (ms): Min: 3645889.3, Avg: 3645889.3, Max: 3645889.3, Diff: 0.0]
   [Code Root Fixup: 0.0 ms]
   [Code Root Purge: 0.0 ms]
   [Clear CT: 0.1 ms]
   [Other: 0.6 ms]
      [Choose CSet: 0.0 ms]
      [Ref Proc: 0.2 ms]
      [Ref Enq: 0.0 ms]
      [Redirty Cards: 0.1 ms]
      [Humongous Register: 0.0 ms]
      [Humongous Reclaim: 0.0 ms]
      [Free CSet: 0.0 ms]
   [Eden: 44.0M(44.0M)->0.0B(46.0M) Survivors: 7168.0K->5120.0K Heap: 214.4M(1024.0M)->172.3M(1024.0M)]
 [Times: user=0.08 sys=0.00, real=0.03 secs] 
2018-11-25T16:32:03.349+0800: 3673.729: [GC pause (G1 Evacuation Pause) (young), 0.0200775 secs]
   [Parallel Time: 19.2 ms, GC Workers: 4]
      [GC Worker Start (ms): Min: 3673729.2, Avg: 3673729.3, Max: 3673729.6, Diff: 0.4]
      [Ext Root Scanning (ms): Min: 0.6, Avg: 0.9, Max: 1.0, Diff: 0.4, Sum: 3.6]
      [Update RS (ms): Min: 1.7, Avg: 2.0, Max: 2.5, Diff: 0.8, Sum: 8.2]
         [Processed Buffers: Min: 1, Avg: 9.2, Max: 14, Diff: 13, Sum: 37]
      [Scan RS (ms): Min: 7.8, Avg: 8.1, Max: 8.3, Diff: 0.6, Sum: 32.5]
      [Code Root Scanning (ms): Min: 0.0, Avg: 0.0, Max: 0.0, Diff: 0.0, Sum: 0.0]
      [Object Copy (ms): Min: 7.7, Avg: 7.9, Max: 8.2, Diff: 0.6, Sum: 31.7]
      [Termination (ms): Min: 0.0, Avg: 0.0, Max: 0.0, Diff: 0.0, Sum: 0.0]
         [Termination Attempts: Min: 1, Avg: 1.2, Max: 2, Diff: 1, Sum: 5]
      [GC Worker Other (ms): Min: 0.0, Avg: 0.0, Max: 0.0, Diff: 0.0, Sum: 0.1]
      [GC Worker Total (ms): Min: 18.8, Avg: 19.0, Max: 19.1, Diff: 0.4, Sum: 76.1]
      [GC Worker End (ms): Min: 3673748.3, Avg: 3673748.3, Max: 3673748.3, Diff: 0.0]
   [Code Root Fixup: 0.0 ms]
   [Code Root Purge: 0.0 ms]
   [Clear CT: 0.1 ms]
   [Other: 0.7 ms]
      [Choose CSet: 0.0 ms]
      [Ref Proc: 0.2 ms]
      [Ref Enq: 0.0 ms]
      [Redirty Cards: 0.1 ms]
      [Humongous Register: 0.0 ms]
      [Humongous Reclaim: 0.0 ms]
      [Free CSet: 0.1 ms]
   [Eden: 46.0M(46.0M)->0.0B(54.0M) Survivors: 5120.0K->3072.0K Heap: 218.3M(1024.0M)->173.9M(1024.0M)]
 [Times: user=0.06 sys=0.01, real=0.03 secs] 
2018-11-25T16:32:32.335+0800: 3702.714: [GC pause (G1 Evacuation Pause) (young), 0.0115651 secs]
   [Parallel Time: 10.9 ms, GC Workers: 4]
      [GC Worker Start (ms): Min: 3702714.5, Avg: 3702714.6, Max: 3702714.9, Diff: 0.4]
      [Ext Root Scanning (ms): Min: 0.7, Avg: 1.4, Max: 2.6, Diff: 1.9, Sum: 5.7]
      [Update RS (ms): Min: 1.7, Avg: 2.8, Max: 3.6, Diff: 1.9, Sum: 11.4]
         [Processed Buffers: Min: 3, Avg: 8.2, Max: 16, Diff: 13, Sum: 33]
      [Scan RS (ms): Min: 0.9, Avg: 1.2, Max: 1.6, Diff: 0.8, Sum: 4.9]
      [Code Root Scanning (ms): Min: 0.0, Avg: 0.0, Max: 0.0, Diff: 0.0, Sum: 0.0]
      [Object Copy (ms): Min: 5.0, Avg: 5.2, Max: 5.3, Diff: 0.4, Sum: 20.8]
      [Termination (ms): Min: 0.0, Avg: 0.0, Max: 0.0, Diff: 0.0, Sum: 0.0]
         [Termination Attempts: Min: 1, Avg: 1.0, Max: 1, Diff: 0, Sum: 4]
      [GC Worker Other (ms): Min: 0.0, Avg: 0.0, Max: 0.0, Diff: 0.0, Sum: 0.1]
      [GC Worker Total (ms): Min: 10.4, Avg: 10.7, Max: 10.8, Diff: 0.4, Sum: 42.9]
      [GC Worker End (ms): Min: 3702725.3, Avg: 3702725.3, Max: 3702725.3, Diff: 0.0]
   [Code Root Fixup: 0.0 ms]
   [Code Root Purge: 0.0 ms]
   [Clear CT: 0.1 ms]
   [Other: 0.6 ms]
      [Choose CSet: 0.0 ms]
      [Ref Proc: 0.1 ms]
      [Ref Enq: 0.0 ms]
      [Redirty Cards: 0.1 ms]
      [Humongous Register: 0.0 ms]
      [Humongous Reclaim: 0.0 ms]
      [Free CSet: 0.1 ms]
   [Eden: 48.0M(48.0M)->0.0B(106.0M) Survivors: 3072.0K->5120.0K Heap: 221.9M(1024.0M)->175.3M(1024.0M)]
 [Times: user=0.04 sys=0.00, real=0.01 secs] 
2018-11-25T16:33:36.344+0800: 3766.722: [GC pause (G1 Evacuation Pause) (young), 0.0235654 secs]
   [Parallel Time: 21.8 ms, GC Workers: 4]
      [GC Worker Start (ms): Min: 3766722.0, Avg: 3766722.2, Max: 3766722.7, Diff: 0.7]
      [Ext Root Scanning (ms): Min: 0.4, Avg: 0.9, Max: 1.1, Diff: 0.7, Sum: 3.5]
      [Update RS (ms): Min: 0.9, Avg: 1.1, Max: 1.3, Diff: 0.4, Sum: 4.4]
         [Processed Buffers: Min: 2, Avg: 7.2, Max: 16, Diff: 14, Sum: 29]
      [Scan RS (ms): Min: 0.5, Avg: 0.7, Max: 0.9, Diff: 0.4, Sum: 2.7]
      [Code Root Scanning (ms): Min: 0.0, Avg: 0.0, Max: 0.0, Diff: 0.0, Sum: 0.0]
      [Object Copy (ms): Min: 18.7, Avg: 18.8, Max: 18.9, Diff: 0.2, Sum: 75.1]
      [Termination (ms): Min: 0.0, Avg: 0.1, Max: 0.1, Diff: 0.1, Sum: 0.4]
         [Termination Attempts: Min: 1, Avg: 1.0, Max: 1, Diff: 0, Sum: 4]
      [GC Worker Other (ms): Min: 0.0, Avg: 0.0, Max: 0.1, Diff: 0.0, Sum: 0.2]
      [GC Worker Total (ms): Min: 21.1, Avg: 21.6, Max: 21.8, Diff: 0.7, Sum: 86.3]
      [GC Worker End (ms): Min: 3766743.8, Avg: 3766743.8, Max: 3766743.8, Diff: 0.0]
   [Code Root Fixup: 0.0 ms]
   [Code Root Purge: 0.0 ms]
   [Clear CT: 0.2 ms]
   [Other: 1.5 ms]
      [Choose CSet: 0.0 ms]
      [Ref Proc: 0.4 ms]
      [Ref Enq: 0.0 ms]
      [Redirty Cards: 0.1 ms]
      [Humongous Register: 0.2 ms]
      [Humongous Reclaim: 0.0 ms]
      [Free CSet: 0.5 ms]
   [Eden: 106.0M(106.0M)->0.0B(46.0M) Survivors: 5120.0K->5120.0K Heap: 281.3M(1024.0M)->175.2M(1024.0M)]
 [Times: user=0.04 sys=0.01, real=0.03 secs] 
2018-11-25T16:34:04.159+0800: 3794.535: [GC pause (G1 Evacuation Pause) (young), 0.0139048 secs]
   [Parallel Time: 13.3 ms, GC Workers: 4]
      [GC Worker Start (ms): Min: 3794535.4, Avg: 3794535.4, Max: 3794535.5, Diff: 0.1]
      [Ext Root Scanning (ms): Min: 0.6, Avg: 0.7, Max: 0.8, Diff: 0.1, Sum: 2.8]
      [Update RS (ms): Min: 1.4, Avg: 1.6, Max: 1.9, Diff: 0.5, Sum: 6.3]
         [Processed Buffers: Min: 6, Avg: 7.5, Max: 9, Diff: 3, Sum: 30]
      [Scan RS (ms): Min: 0.4, Avg: 0.7, Max: 0.9, Diff: 0.5, Sum: 3.0]
      [Code Root Scanning (ms): Min: 0.0, Avg: 0.0, Max: 0.0, Diff: 0.0, Sum: 0.0]
      [Object Copy (ms): Min: 10.0, Avg: 10.1, Max: 10.1, Diff: 0.1, Sum: 40.3]
      [Termination (ms): Min: 0.0, Avg: 0.0, Max: 0.0, Diff: 0.0, Sum: 0.0]
         [Termination Attempts: Min: 1, Avg: 1.0, Max: 1, Diff: 0, Sum: 4]
      [GC Worker Other (ms): Min: 0.0, Avg: 0.0, Max: 0.1, Diff: 0.0, Sum: 0.2]
      [GC Worker Total (ms): Min: 13.1, Avg: 13.1, Max: 13.1, Diff: 0.1, Sum: 52.5]
      [GC Worker End (ms): Min: 3794548.5, Avg: 3794548.6, Max: 3794548.6, Diff: 0.0]
   [Code Root Fixup: 0.0 ms]
   [Code Root Purge: 0.0 ms]
   [Clear CT: 0.1 ms]
   [Other: 0.6 ms]
      [Choose CSet: 0.0 ms]
      [Ref Proc: 0.2 ms]
      [Ref Enq: 0.0 ms]
      [Redirty Cards: 0.1 ms]
      [Humongous Register: 0.0 ms]
      [Humongous Reclaim: 0.0 ms]
      [Free CSet: 0.1 ms]
   [Eden: 46.0M(46.0M)->0.0B(46.0M) Survivors: 5120.0K->5120.0K Heap: 221.2M(1024.0M)->175.4M(1024.0M)]
 [Times: user=0.05 sys=0.00, real=0.02 secs] 
2018-11-25T16:34:31.841+0800: 3822.216: [GC pause (G1 Evacuation Pause) (young), 0.0184459 secs]
   [Parallel Time: 17.8 ms, GC Workers: 4]
      [GC Worker Start (ms): Min: 3822216.6, Avg: 3822216.7, Max: 3822216.7, Diff: 0.1]
      [Ext Root Scanning (ms): Min: 0.7, Avg: 0.8, Max: 0.8, Diff: 0.1, Sum: 3.1]
      [Update RS (ms): Min: 1.7, Avg: 1.8, Max: 2.0, Diff: 0.3, Sum: 7.3]
         [Processed Buffers: Min: 1, Avg: 7.5, Max: 13, Diff: 12, Sum: 30]
      [Scan RS (ms): Min: 0.2, Avg: 0.3, Max: 0.4, Diff: 0.1, Sum: 1.1]
      [Code Root Scanning (ms): Min: 0.0, Avg: 0.0, Max: 0.0, Diff: 0.0, Sum: 0.0]
      [Object Copy (ms): Min: 14.6, Avg: 14.8, Max: 14.9, Diff: 0.2, Sum: 59.0]
      [Termination (ms): Min: 0.0, Avg: 0.0, Max: 0.0, Diff: 0.0, Sum: 0.0]
         [Termination Attempts: Min: 1, Avg: 1.0, Max: 1, Diff: 0, Sum: 4]
      [GC Worker Other (ms): Min: 0.0, Avg: 0.0, Max: 0.0, Diff: 0.0, Sum: 0.1]
      [GC Worker Total (ms): Min: 17.6, Avg: 17.7, Max: 17.7, Diff: 0.1, Sum: 70.6]
      [GC Worker End (ms): Min: 3822234.3, Avg: 3822234.3, Max: 3822234.3, Diff: 0.0]
   [Code Root Fixup: 0.0 ms]
   [Code Root Purge: 0.0 ms]
   [Clear CT: 0.1 ms]
   [Other: 0.5 ms]
      [Choose CSet: 0.0 ms]
      [Ref Proc: 0.1 ms]
      [Ref Enq: 0.0 ms]
      [Redirty Cards: 0.1 ms]
      [Humongous Register: 0.0 ms]
      [Humongous Reclaim: 0.0 ms]
      [Free CSet: 0.0 ms]
   [Eden: 46.0M(46.0M)->0.0B(44.0M) Survivors: 5120.0K->7168.0K Heap: 221.4M(1024.0M)->177.7M(1024.0M)]
 [Times: user=0.06 sys=0.01, real=0.02 secs] 
2018-11-25T16:34:58.340+0800: 3848.715: [GC pause (G1 Evacuation Pause) (young), 0.0205737 secs]
   [Parallel Time: 19.8 ms, GC Workers: 4]
      [GC Worker Start (ms): Min: 3848714.8, Avg: 3848715.0, Max: 3848715.4, Diff: 0.6]
      [Ext Root Scanning (ms): Min: 0.3, Avg: 0.7, Max: 0.9, Diff: 0.6, Sum: 2.9]
      [Update RS (ms): Min: 2.4, Avg: 3.0, Max: 4.5, Diff: 2.1, Sum: 12.1]
         [Processed Buffers: Min: 2, Avg: 8.2, Max: 14, Diff: 12, Sum: 33]
      [Scan RS (ms): Min: 0.0, Avg: 0.6, Max: 1.1, Diff: 1.1, Sum: 2.6]
      [Code Root Scanning (ms): Min: 0.0, Avg: 0.0, Max: 0.0, Diff: 0.0, Sum: 0.0]
      [Object Copy (ms): Min: 14.1, Avg: 14.9, Max: 15.4, Diff: 1.3, Sum: 59.8]
      [Termination (ms): Min: 0.0, Avg: 0.1, Max: 0.2, Diff: 0.2, Sum: 0.4]
         [Termination Attempts: Min: 1, Avg: 1.2, Max: 2, Diff: 1, Sum: 5]
      [GC Worker Other (ms): Min: 0.0, Avg: 0.0, Max: 0.0, Diff: 0.0, Sum: 0.1]
      [GC Worker Total (ms): Min: 19.1, Avg: 19.5, Max: 19.7, Diff: 0.6, Sum: 78.0]
      [GC Worker End (ms): Min: 3848734.5, Avg: 3848734.5, Max: 3848734.5, Diff: 0.0]
   [Code Root Fixup: 0.0 ms]
   [Code Root Purge: 0.0 ms]
   [Clear CT: 0.1 ms]
   [Other: 0.7 ms]
      [Choose CSet: 0.0 ms]
      [Ref Proc: 0.3 ms]
      [Ref Enq: 0.0 ms]
      [Redirty Cards: 0.1 ms]
      [Humongous Register: 0.0 ms]
      [Humongous Reclaim: 0.0 ms]
      [Free CSet: 0.0 ms]
   [Eden: 44.0M(44.0M)->0.0B(47.0M) Survivors: 7168.0K->4096.0K Heap: 221.7M(1024.0M)->177.9M(1024.0M)]
 [Times: user=0.06 sys=0.01, real=0.02 secs] 
2018-11-25T16:35:26.579+0800: 3876.953: [GC pause (G1 Evacuation Pause) (young), 0.0278349 secs]
   [Parallel Time: 22.4 ms, GC Workers: 4]
      [GC Worker Start (ms): Min: 3876956.7, Avg: 3876956.8, Max: 3876956.9, Diff: 0.3]
      [Ext Root Scanning (ms): Min: 4.7, Avg: 6.0, Max: 9.9, Diff: 5.3, Sum: 24.1]
      [Update RS (ms): Min: 0.0, Avg: 2.6, Max: 3.8, Diff: 3.8, Sum: 10.2]
         [Processed Buffers: Min: 0, Avg: 8.0, Max: 25, Diff: 25, Sum: 32]
      [Scan RS (ms): Min: 2.5, Avg: 3.2, Max: 3.7, Diff: 1.2, Sum: 12.8]
      [Code Root Scanning (ms): Min: 0.0, Avg: 0.0, Max: 0.0, Diff: 0.0, Sum: 0.0]
      [Object Copy (ms): Min: 9.7, Avg: 10.2, Max: 10.5, Diff: 0.8, Sum: 40.9]
      [Termination (ms): Min: 0.0, Avg: 0.0, Max: 0.0, Diff: 0.0, Sum: 0.0]
         [Termination Attempts: Min: 1, Avg: 1.0, Max: 1, Diff: 0, Sum: 4]
      [GC Worker Other (ms): Min: 0.1, Avg: 0.1, Max: 0.1, Diff: 0.0, Sum: 0.3]
      [GC Worker Total (ms): Min: 22.0, Avg: 22.1, Max: 22.2, Diff: 0.3, Sum: 88.4]
      [GC Worker End (ms): Min: 3876978.9, Avg: 3876978.9, Max: 3876978.9, Diff: 0.0]
   [Code Root Fixup: 0.0 ms]
   [Code Root Purge: 0.0 ms]
   [Clear CT: 0.1 ms]
   [Other: 5.3 ms]
      [Choose CSet: 0.0 ms]
      [Ref Proc: 0.3 ms]
      [Ref Enq: 0.0 ms]
      [Redirty Cards: 0.1 ms]
      [Humongous Register: 3.5 ms]
      [Humongous Reclaim: 0.0 ms]
      [Free CSet: 0.7 ms]
   [Eden: 47.0M(47.0M)->0.0B(46.0M) Survivors: 4096.0K->5120.0K Heap: 224.9M(1024.0M)->178.4M(1024.0M)]
 [Times: user=0.04 sys=0.04, real=0.03 secs] 
2018-11-25T16:35:54.544+0800: 3904.917: [GC pause (G1 Evacuation Pause) (young), 0.0165313 secs]
   [Parallel Time: 15.9 ms, GC Workers: 4]
      [GC Worker Start (ms): Min: 3904917.1, Avg: 3904917.4, Max: 3904917.8, Diff: 0.6]
      [Ext Root Scanning (ms): Min: 0.5, Avg: 0.9, Max: 1.2, Diff: 0.7, Sum: 3.7]
      [Update RS (ms): Min: 1.7, Avg: 1.7, Max: 1.8, Diff: 0.1, Sum: 7.0]
         [Processed Buffers: Min: 5, Avg: 7.2, Max: 12, Diff: 7, Sum: 29]
      [Scan RS (ms): Min: 2.7, Avg: 2.7, Max: 2.8, Diff: 0.1, Sum: 11.0]
      [Code Root Scanning (ms): Min: 0.0, Avg: 0.0, Max: 0.0, Diff: 0.0, Sum: 0.0]
      [Object Copy (ms): Min: 9.9, Avg: 10.0, Max: 10.1, Diff: 0.2, Sum: 39.9]
      [Termination (ms): Min: 0.0, Avg: 0.0, Max: 0.0, Diff: 0.0, Sum: 0.0]
         [Termination Attempts: Min: 1, Avg: 1.0, Max: 1, Diff: 0, Sum: 4]
      [GC Worker Other (ms): Min: 0.0, Avg: 0.0, Max: 0.1, Diff: 0.1, Sum: 0.2]
      [GC Worker Total (ms): Min: 15.1, Avg: 15.5, Max: 15.7, Diff: 0.6, Sum: 61.8]
      [GC Worker End (ms): Min: 3904932.8, Avg: 3904932.8, Max: 3904932.9, Diff: 0.0]
   [Code Root Fixup: 0.0 ms]
   [Code Root Purge: 0.0 ms]
   [Clear CT: 0.1 ms]
   [Other: 0.6 ms]
      [Choose CSet: 0.0 ms]
      [Ref Proc: 0.1 ms]
      [Ref Enq: 0.0 ms]
      [Redirty Cards: 0.1 ms]
      [Humongous Register: 0.1 ms]
      [Humongous Reclaim: 0.0 ms]
      [Free CSet: 0.1 ms]
   [Eden: 46.0M(46.0M)->0.0B(46.0M) Survivors: 5120.0K->5120.0K Heap: 224.4M(1024.0M)->178.4M(1024.0M)]
 [Times: user=0.05 sys=0.01, real=0.02 secs] 
2018-11-25T16:36:22.204+0800: 3932.565: [GC pause (G1 Evacuation Pause) (young), 0.0217919 secs]
   [Parallel Time: 20.8 ms, GC Workers: 4]
      [GC Worker Start (ms): Min: 3932565.0, Avg: 3932565.0, Max: 3932565.2, Diff: 0.2]
      [Ext Root Scanning (ms): Min: 0.4, Avg: 0.5, Max: 0.6, Diff: 0.2, Sum: 2.2]
      [Update RS (ms): Min: 0.9, Avg: 1.0, Max: 1.2, Diff: 0.3, Sum: 3.9]
         [Processed Buffers: Min: 1, Avg: 8.0, Max: 17, Diff: 16, Sum: 32]
      [Scan RS (ms): Min: 1.9, Avg: 2.5, Max: 3.5, Diff: 1.6, Sum: 9.9]
      [Code Root Scanning (ms): Min: 0.0, Avg: 0.0, Max: 0.0, Diff: 0.0, Sum: 0.0]
      [Object Copy (ms): Min: 15.5, Avg: 16.5, Max: 16.9, Diff: 1.4, Sum: 66.1]
      [Termination (ms): Min: 0.0, Avg: 0.1, Max: 0.2, Diff: 0.2, Sum: 0.4]
         [Termination Attempts: Min: 1, Avg: 1.5, Max: 3, Diff: 2, Sum: 6]
      [GC Worker Other (ms): Min: 0.0, Avg: 0.0, Max: 0.0, Diff: 0.0, Sum: 0.1]
      [GC Worker Total (ms): Min: 20.5, Avg: 20.7, Max: 20.7, Diff: 0.2, Sum: 82.7]
      [GC Worker End (ms): Min: 3932585.7, Avg: 3932585.7, Max: 3932585.7, Diff: 0.0]
   [Code Root Fixup: 0.0 ms]
   [Code Root Purge: 0.0 ms]
   [Clear CT: 0.2 ms]
   [Other: 0.8 ms]
      [Choose CSet: 0.0 ms]
      [Ref Proc: 0.3 ms]
      [Ref Enq: 0.0 ms]
      [Redirty Cards: 0.1 ms]
      [Humongous Register: 0.0 ms]
      [Humongous Reclaim: 0.0 ms]
      [Free CSet: 0.1 ms]
   [Eden: 46.0M(46.0M)->0.0B(44.0M) Survivors: 5120.0K->7168.0K Heap: 224.4M(1024.0M)->180.4M(1024.0M)]
 [Times: user=0.06 sys=0.01, real=0.02 secs] 
2018-11-25T16:36:48.641+0800: 3958.994: [GC pause (G1 Evacuation Pause) (young), 0.0341978 secs]
   [Parallel Time: 32.1 ms, GC Workers: 4]
      [GC Worker Start (ms): Min: 3958994.4, Avg: 3958994.7, Max: 3958995.4, Diff: 1.0]
      [Ext Root Scanning (ms): Min: 0.4, Avg: 1.1, Max: 1.4, Diff: 1.0, Sum: 4.4]
      [Update RS (ms): Min: 1.9, Avg: 2.0, Max: 2.2, Diff: 0.3, Sum: 8.1]
         [Processed Buffers: Min: 1, Avg: 8.8, Max: 24, Diff: 23, Sum: 35]
      [Scan RS (ms): Min: 1.8, Avg: 1.9, Max: 2.0, Diff: 0.3, Sum: 7.7]
      [Code Root Scanning (ms): Min: 0.0, Avg: 0.0, Max: 0.0, Diff: 0.0, Sum: 0.0]
      [Object Copy (ms): Min: 24.0, Avg: 24.4, Max: 24.6, Diff: 0.6, Sum: 97.5]
      [Termination (ms): Min: 0.0, Avg: 1.6, Max: 2.2, Diff: 2.2, Sum: 6.4]
         [Termination Attempts: Min: 1, Avg: 1.0, Max: 1, Diff: 0, Sum: 4]
      [GC Worker Other (ms): Min: 0.0, Avg: 0.0, Max: 0.0, Diff: 0.0, Sum: 0.1]
      [GC Worker Total (ms): Min: 29.0, Avg: 31.0, Max: 31.9, Diff: 2.9, Sum: 124.2]
      [GC Worker End (ms): Min: 3959024.4, Avg: 3959025.8, Max: 3959026.4, Diff: 2.0]
   [Code Root Fixup: 0.0 ms]
   [Code Root Purge: 0.0 ms]
   [Clear CT: 0.3 ms]
   [Other: 1.8 ms]
      [Choose CSet: 0.0 ms]
      [Ref Proc: 0.7 ms]
      [Ref Enq: 0.0 ms]
      [Redirty Cards: 0.2 ms]
      [Humongous Register: 0.1 ms]
      [Humongous Reclaim: 0.0 ms]
      [Free CSet: 0.2 ms]
   [Eden: 44.0M(44.0M)->0.0B(46.0M) Survivors: 7168.0K->5120.0K Heap: 224.4M(1024.0M)->180.3M(1024.0M)]
 [Times: user=0.06 sys=0.00, real=0.03 secs] 
2018-11-25T16:37:16.434+0800: 3986.786: [GC pause (G1 Evacuation Pause) (young), 0.0318335 secs]
   [Parallel Time: 27.0 ms, GC Workers: 4]
      [GC Worker Start (ms): Min: 3986789.2, Avg: 3986789.4, Max: 3986789.5, Diff: 0.3]
      [Ext Root Scanning (ms): Min: 4.5, Avg: 6.3, Max: 11.5, Diff: 7.0, Sum: 25.3]
      [Update RS (ms): Min: 0.0, Avg: 3.7, Max: 6.1, Diff: 6.1, Sum: 14.8]
         [Processed Buffers: Min: 0, Avg: 9.5, Max: 24, Diff: 24, Sum: 38]
      [Scan RS (ms): Min: 2.3, Avg: 3.3, Max: 4.3, Diff: 2.0, Sum: 13.1]
      [Code Root Scanning (ms): Min: 0.0, Avg: 0.0, Max: 0.0, Diff: 0.0, Sum: 0.0]
      [Object Copy (ms): Min: 13.0, Avg: 13.4, Max: 13.9, Diff: 0.9, Sum: 53.5]
      [Termination (ms): Min: 0.0, Avg: 0.0, Max: 0.0, Diff: 0.0, Sum: 0.0]
         [Termination Attempts: Min: 1, Avg: 2.5, Max: 4, Diff: 3, Sum: 10]
      [GC Worker Other (ms): Min: 0.0, Avg: 0.1, Max: 0.2, Diff: 0.1, Sum: 0.3]
      [GC Worker Total (ms): Min: 26.6, Avg: 26.8, Max: 26.9, Diff: 0.3, Sum: 107.1]
      [GC Worker End (ms): Min: 3986816.1, Avg: 3986816.1, Max: 3986816.1, Diff: 0.0]
   [Code Root Fixup: 0.0 ms]
   [Code Root Purge: 0.0 ms]
   [Clear CT: 0.1 ms]
   [Other: 4.7 ms]
      [Choose CSet: 0.0 ms]
      [Ref Proc: 0.3 ms]
      [Ref Enq: 0.0 ms]
      [Redirty Cards: 0.2 ms]
      [Humongous Register: 2.7 ms]
      [Humongous Reclaim: 0.0 ms]
      [Free CSet: 0.7 ms]
   [Eden: 46.0M(46.0M)->0.0B(46.0M) Survivors: 5120.0K->5120.0K Heap: 226.3M(1024.0M)->180.3M(1024.0M)]
 [Times: user=0.05 sys=0.04, real=0.03 secs] 
2018-11-25T16:37:44.117+0800: 4014.467: [GC pause (G1 Evacuation Pause) (young), 0.0237045 secs]
   [Parallel Time: 22.7 ms, GC Workers: 4]
      [GC Worker Start (ms): Min: 4014467.4, Avg: 4014467.4, Max: 4014467.5, Diff: 0.1]
      [Ext Root Scanning (ms): Min: 0.7, Avg: 0.8, Max: 0.9, Diff: 0.1, Sum: 3.2]
      [Update RS (ms): Min: 2.6, Avg: 2.8, Max: 3.1, Diff: 0.5, Sum: 11.3]
         [Processed Buffers: Min: 1, Avg: 7.8, Max: 21, Diff: 20, Sum: 31]
      [Scan RS (ms): Min: 2.1, Avg: 2.4, Max: 2.5, Diff: 0.4, Sum: 9.4]
      [Code Root Scanning (ms): Min: 0.0, Avg: 0.0, Max: 0.0, Diff: 0.0, Sum: 0.0]
      [Object Copy (ms): Min: 16.4, Avg: 16.4, Max: 16.5, Diff: 0.1, Sum: 65.6]
      [Termination (ms): Min: 0.0, Avg: 0.1, Max: 0.2, Diff: 0.2, Sum: 0.4]
         [Termination Attempts: Min: 1, Avg: 3.0, Max: 5, Diff: 4, Sum: 12]
      [GC Worker Other (ms): Min: 0.0, Avg: 0.0, Max: 0.0, Diff: 0.0, Sum: 0.1]
      [GC Worker Total (ms): Min: 22.4, Avg: 22.5, Max: 22.5, Diff: 0.1, Sum: 90.0]
      [GC Worker End (ms): Min: 4014489.9, Avg: 4014489.9, Max: 4014489.9, Diff: 0.0]
   [Code Root Fixup: 0.0 ms]
   [Code Root Purge: 0.0 ms]
   [Clear CT: 0.1 ms]
   [Other: 0.9 ms]
      [Choose CSet: 0.0 ms]
      [Ref Proc: 0.3 ms]
      [Ref Enq: 0.0 ms]
      [Redirty Cards: 0.2 ms]
      [Humongous Register: 0.0 ms]
      [Humongous Reclaim: 0.0 ms]
      [Free CSet: 0.1 ms]
   [Eden: 46.0M(46.0M)->0.0B(45.0M) Survivors: 5120.0K->6144.0K Heap: 226.3M(1024.0M)->181.8M(1024.0M)]
 [Times: user=0.07 sys=0.00, real=0.03 secs] 
2018-11-25T16:38:11.504+0800: 4041.853: [GC pause (G1 Evacuation Pause) (young), 0.0217504 secs]
   [Parallel Time: 20.9 ms, GC Workers: 4]
      [GC Worker Start (ms): Min: 4041853.6, Avg: 4041853.8, Max: 4041854.0, Diff: 0.4]
      [Ext Root Scanning (ms): Min: 0.5, Avg: 0.8, Max: 0.9, Diff: 0.4, Sum: 3.2]
      [Update RS (ms): Min: 1.8, Avg: 2.6, Max: 4.8, Diff: 2.9, Sum: 10.6]
         [Processed Buffers: Min: 5, Avg: 9.2, Max: 18, Diff: 13, Sum: 37]
      [Scan RS (ms): Min: 0.5, Avg: 2.6, Max: 3.5, Diff: 3.0, Sum: 10.5]
      [Code Root Scanning (ms): Min: 0.0, Avg: 0.0, Max: 0.0, Diff: 0.0, Sum: 0.0]
      [Object Copy (ms): Min: 14.3, Avg: 14.4, Max: 14.4, Diff: 0.1, Sum: 57.5]
      [Termination (ms): Min: 0.0, Avg: 0.1, Max: 0.1, Diff: 0.1, Sum: 0.4]
         [Termination Attempts: Min: 1, Avg: 1.0, Max: 1, Diff: 0, Sum: 4]
      [GC Worker Other (ms): Min: 0.0, Avg: 0.0, Max: 0.0, Diff: 0.0, Sum: 0.1]
      [GC Worker Total (ms): Min: 20.3, Avg: 20.6, Max: 20.7, Diff: 0.5, Sum: 82.3]
      [GC Worker End (ms): Min: 4041874.3, Avg: 4041874.3, Max: 4041874.4, Diff: 0.0]
   [Code Root Fixup: 0.0 ms]
   [Code Root Purge: 0.0 ms]
   [Clear CT: 0.1 ms]
   [Other: 0.8 ms]
      [Choose CSet: 0.0 ms]
      [Ref Proc: 0.2 ms]
      [Ref Enq: 0.0 ms]
      [Redirty Cards: 0.1 ms]
      [Humongous Register: 0.0 ms]
      [Humongous Reclaim: 0.0 ms]
      [Free CSet: 0.1 ms]
   [Eden: 45.0M(45.0M)->0.0B(46.0M) Survivors: 6144.0K->5120.0K Heap: 226.8M(1024.0M)->182.4M(1024.0M)]
 [Times: user=0.07 sys=0.00, real=0.02 secs] 
2018-11-25T16:38:39.124+0800: 4069.472: [GC pause (G1 Evacuation Pause) (young), 0.0477396 secs]
   [Parallel Time: 43.4 ms, GC Workers: 4]
      [GC Worker Start (ms): Min: 4069475.0, Avg: 4069475.2, Max: 4069475.6, Diff: 0.6]
      [Ext Root Scanning (ms): Min: 3.8, Avg: 5.8, Max: 10.7, Diff: 6.9, Sum: 23.2]
      [Update RS (ms): Min: 4.1, Avg: 6.9, Max: 8.4, Diff: 4.3, Sum: 27.6]
         [Processed Buffers: Min: 1, Avg: 9.0, Max: 16, Diff: 15, Sum: 36]
      [Scan RS (ms): Min: 3.4, Avg: 4.8, Max: 5.7, Diff: 2.4, Sum: 19.1]
      [Code Root Scanning (ms): Min: 0.0, Avg: 0.0, Max: 0.0, Diff: 0.0, Sum: 0.0]
      [Object Copy (ms): Min: 24.9, Avg: 25.5, Max: 25.7, Diff: 0.8, Sum: 102.0]
      [Termination (ms): Min: 0.0, Avg: 0.1, Max: 0.2, Diff: 0.2, Sum: 0.3]
         [Termination Attempts: Min: 1, Avg: 1.0, Max: 1, Diff: 0, Sum: 4]
      [GC Worker Other (ms): Min: 0.0, Avg: 0.1, Max: 0.1, Diff: 0.1, Sum: 0.2]
      [GC Worker Total (ms): Min: 42.7, Avg: 43.1, Max: 43.3, Diff: 0.6, Sum: 172.5]
      [GC Worker End (ms): Min: 4069518.3, Avg: 4069518.3, Max: 4069518.4, Diff: 0.0]
   [Code Root Fixup: 0.0 ms]
   [Code Root Purge: 0.0 ms]
   [Clear CT: 0.2 ms]
   [Other: 4.1 ms]
      [Choose CSet: 0.0 ms]
      [Ref Proc: 0.4 ms]
      [Ref Enq: 0.0 ms]
      [Redirty Cards: 0.1 ms]
      [Humongous Register: 2.0 ms]
      [Humongous Reclaim: 0.0 ms]
      [Free CSet: 0.7 ms]
   [Eden: 46.0M(46.0M)->0.0B(46.0M) Survivors: 5120.0K->5120.0K Heap: 228.4M(1024.0M)->182.9M(1024.0M)]
 [Times: user=0.06 sys=0.06, real=0.05 secs] 
2018-11-25T16:39:06.954+0800: 4097.302: [GC pause (G1 Evacuation Pause) (young), 0.0174390 secs]
   [Parallel Time: 16.6 ms, GC Workers: 4]
      [GC Worker Start (ms): Min: 4097302.6, Avg: 4097302.6, Max: 4097302.7, Diff: 0.1]
      [Ext Root Scanning (ms): Min: 0.7, Avg: 0.8, Max: 0.8, Diff: 0.1, Sum: 3.0]
      [Update RS (ms): Min: 1.3, Avg: 1.7, Max: 2.3, Diff: 1.0, Sum: 6.7]
         [Processed Buffers: Min: 3, Avg: 7.2, Max: 11, Diff: 8, Sum: 29]
      [Scan RS (ms): Min: 1.4, Avg: 2.1, Max: 2.5, Diff: 1.0, Sum: 8.3]
      [Code Root Scanning (ms): Min: 0.0, Avg: 0.0, Max: 0.0, Diff: 0.0, Sum: 0.0]
      [Object Copy (ms): Min: 11.6, Avg: 11.9, Max: 12.1, Diff: 0.5, Sum: 47.7]
      [Termination (ms): Min: 0.0, Avg: 0.0, Max: 0.0, Diff: 0.0, Sum: 0.0]
         [Termination Attempts: Min: 1, Avg: 1.0, Max: 1, Diff: 0, Sum: 4]
      [GC Worker Other (ms): Min: 0.0, Avg: 0.1, Max: 0.3, Diff: 0.2, Sum: 0.3]
      [GC Worker Total (ms): Min: 16.4, Avg: 16.5, Max: 16.6, Diff: 0.1, Sum: 66.1]
      [GC Worker End (ms): Min: 4097319.2, Avg: 4097319.2, Max: 4097319.2, Diff: 0.0]
   [Code Root Fixup: 0.0 ms]
   [Code Root Purge: 0.0 ms]
   [Clear CT: 0.1 ms]
   [Other: 0.7 ms]
      [Choose CSet: 0.0 ms]
      [Ref Proc: 0.2 ms]
      [Ref Enq: 0.0 ms]
      [Redirty Cards: 0.1 ms]
      [Humongous Register: 0.1 ms]
      [Humongous Reclaim: 0.0 ms]
      [Free CSet: 0.1 ms]
   [Eden: 46.0M(46.0M)->0.0B(46.0M) Survivors: 5120.0K->5120.0K Heap: 228.9M(1024.0M)->183.2M(1024.0M)]
 [Times: user=0.05 sys=0.01, real=0.02 secs] 
2018-11-25T16:39:34.713+0800: 4125.060: [GC pause (G1 Evacuation Pause) (young), 0.0222814 secs]
   [Parallel Time: 21.3 ms, GC Workers: 4]
      [GC Worker Start (ms): Min: 4125060.8, Avg: 4125060.8, Max: 4125060.9, Diff: 0.1]
      [Ext Root Scanning (ms): Min: 1.1, Avg: 1.1, Max: 1.2, Diff: 0.1, Sum: 4.5]
      [Update RS (ms): Min: 2.8, Avg: 2.9, Max: 3.0, Diff: 0.2, Sum: 11.5]
         [Processed Buffers: Min: 1, Avg: 7.5, Max: 13, Diff: 12, Sum: 30]
      [Scan RS (ms): Min: 2.7, Avg: 2.9, Max: 3.1, Diff: 0.5, Sum: 11.6]
      [Code Root Scanning (ms): Min: 0.0, Avg: 0.0, Max: 0.0, Diff: 0.0, Sum: 0.0]
      [Object Copy (ms): Min: 14.0, Avg: 14.1, Max: 14.2, Diff: 0.2, Sum: 56.4]
      [Termination (ms): Min: 0.0, Avg: 0.1, Max: 0.1, Diff: 0.1, Sum: 0.4]
         [Termination Attempts: Min: 1, Avg: 1.0, Max: 1, Diff: 0, Sum: 4]
      [GC Worker Other (ms): Min: 0.0, Avg: 0.0, Max: 0.1, Diff: 0.0, Sum: 0.1]
      [GC Worker Total (ms): Min: 21.1, Avg: 21.1, Max: 21.2, Diff: 0.1, Sum: 84.5]
      [GC Worker End (ms): Min: 4125081.9, Avg: 4125082.0, Max: 4125082.0, Diff: 0.0]
   [Code Root Fixup: 0.0 ms]
   [Code Root Purge: 0.0 ms]
   [Clear CT: 0.1 ms]
   [Other: 0.9 ms]
      [Choose CSet: 0.0 ms]
      [Ref Proc: 0.2 ms]
      [Ref Enq: 0.0 ms]
      [Redirty Cards: 0.1 ms]
      [Humongous Register: 0.3 ms]
      [Humongous Reclaim: 0.0 ms]
      [Free CSet: 0.1 ms]
   [Eden: 46.0M(46.0M)->0.0B(44.0M) Survivors: 5120.0K->7168.0K Heap: 229.2M(1024.0M)->185.2M(1024.0M)]
 [Times: user=0.07 sys=0.01, real=0.02 secs] 
2018-11-25T16:40:01.325+0800: 4151.671: [GC pause (G1 Evacuation Pause) (young), 0.0198423 secs]
   [Parallel Time: 18.6 ms, GC Workers: 4]
      [GC Worker Start (ms): Min: 4151672.0, Avg: 4151672.1, Max: 4151672.1, Diff: 0.1]
      [Ext Root Scanning (ms): Min: 1.2, Avg: 1.3, Max: 1.3, Diff: 0.1, Sum: 5.1]
      [Update RS (ms): Min: 2.7, Avg: 2.7, Max: 2.8, Diff: 0.2, Sum: 10.9]
         [Processed Buffers: Min: 4, Avg: 7.0, Max: 11, Diff: 7, Sum: 28]
      [Scan RS (ms): Min: 2.4, Avg: 2.6, Max: 2.7, Diff: 0.3, Sum: 10.5]
      [Code Root Scanning (ms): Min: 0.0, Avg: 0.0, Max: 0.0, Diff: 0.0, Sum: 0.0]
      [Object Copy (ms): Min: 11.7, Avg: 11.8, Max: 11.9, Diff: 0.2, Sum: 47.3]
      [Termination (ms): Min: 0.0, Avg: 0.0, Max: 0.0, Diff: 0.0, Sum: 0.0]
         [Termination Attempts: Min: 1, Avg: 1.0, Max: 1, Diff: 0, Sum: 4]
      [GC Worker Other (ms): Min: 0.0, Avg: 0.1, Max: 0.1, Diff: 0.1, Sum: 0.2]
      [GC Worker Total (ms): Min: 18.5, Avg: 18.5, Max: 18.6, Diff: 0.1, Sum: 74.0]
      [GC Worker End (ms): Min: 4151690.6, Avg: 4151690.6, Max: 4151690.6, Diff: 0.0]
   [Code Root Fixup: 0.0 ms]
   [Code Root Purge: 0.0 ms]
   [Clear CT: 0.1 ms]
   [Other: 1.1 ms]
      [Choose CSet: 0.0 ms]
      [Ref Proc: 0.2 ms]
      [Ref Enq: 0.0 ms]
      [Redirty Cards: 0.1 ms]
      [Humongous Register: 0.3 ms]
      [Humongous Reclaim: 0.0 ms]
      [Free CSet: 0.1 ms]
   [Eden: 44.0M(44.0M)->0.0B(46.0M) Survivors: 7168.0K->5120.0K Heap: 229.2M(1024.0M)->185.2M(1024.0M)]
 [Times: user=0.07 sys=0.01, real=0.02 secs] 
2018-11-25T16:40:29.070+0800: 4179.416: [GC pause (G1 Evacuation Pause) (young), 0.0243223 secs]
   [Parallel Time: 23.4 ms, GC Workers: 4]
      [GC Worker Start (ms): Min: 4179416.1, Avg: 4179416.2, Max: 4179416.2, Diff: 0.2]
      [Ext Root Scanning (ms): Min: 1.0, Avg: 1.2, Max: 1.3, Diff: 0.3, Sum: 4.6]
      [Update RS (ms): Min: 2.5, Avg: 3.4, Max: 4.3, Diff: 1.8, Sum: 13.7]
         [Processed Buffers: Min: 1, Avg: 7.2, Max: 16, Diff: 15, Sum: 29]
      [Scan RS (ms): Min: 3.0, Avg: 4.6, Max: 5.2, Diff: 2.2, Sum: 18.3]
      [Code Root Scanning (ms): Min: 0.0, Avg: 0.0, Max: 0.0, Diff: 0.0, Sum: 0.0]
      [Object Copy (ms): Min: 12.5, Avg: 13.9, Max: 16.4, Diff: 3.9, Sum: 55.8]
      [Termination (ms): Min: 0.0, Avg: 0.1, Max: 0.1, Diff: 0.1, Sum: 0.4]
         [Termination Attempts: Min: 1, Avg: 1.2, Max: 2, Diff: 1, Sum: 5]
      [GC Worker Other (ms): Min: 0.0, Avg: 0.0, Max: 0.0, Diff: 0.0, Sum: 0.1]
      [GC Worker Total (ms): Min: 23.1, Avg: 23.2, Max: 23.3, Diff: 0.2, Sum: 92.9]
      [GC Worker End (ms): Min: 4179439.4, Avg: 4179439.4, Max: 4179439.4, Diff: 0.0]
   [Code Root Fixup: 0.0 ms]
   [Code Root Purge: 0.0 ms]
   [Clear CT: 0.1 ms]
   [Other: 0.8 ms]
      [Choose CSet: 0.0 ms]
      [Ref Proc: 0.2 ms]
      [Ref Enq: 0.0 ms]
      [Redirty Cards: 0.1 ms]
      [Humongous Register: 0.1 ms]
      [Humongous Reclaim: 0.0 ms]
      [Free CSet: 0.1 ms]
   [Eden: 46.0M(46.0M)->0.0B(46.0M) Survivors: 5120.0K->5120.0K Heap: 231.2M(1024.0M)->185.2M(1024.0M)]
 [Times: user=0.05 sys=0.01, real=0.02 secs] 
2018-11-25T16:40:56.848+0800: 4207.193: [GC pause (G1 Evacuation Pause) (young), 0.0422407 secs]
   [Parallel Time: 37.2 ms, GC Workers: 4]
      [GC Worker Start (ms): Min: 4207197.3, Avg: 4207197.5, Max: 4207197.8, Diff: 0.5]
      [Ext Root Scanning (ms): Min: 6.2, Avg: 9.6, Max: 19.2, Diff: 13.0, Sum: 38.4]
      [Update RS (ms): Min: 0.0, Avg: 5.1, Max: 6.9, Diff: 6.9, Sum: 20.4]
         [Processed Buffers: Min: 0, Avg: 7.8, Max: 20, Diff: 20, Sum: 31]
      [Scan RS (ms): Min: 0.0, Avg: 3.2, Max: 4.7, Diff: 4.7, Sum: 12.7]
      [Code Root Scanning (ms): Min: 0.0, Avg: 0.0, Max: 0.0, Diff: 0.0, Sum: 0.0]
      [Object Copy (ms): Min: 17.7, Avg: 18.9, Max: 19.5, Diff: 1.9, Sum: 75.6]
      [Termination (ms): Min: 0.0, Avg: 0.0, Max: 0.0, Diff: 0.0, Sum: 0.0]
         [Termination Attempts: Min: 1, Avg: 1.2, Max: 2, Diff: 1, Sum: 5]
      [GC Worker Other (ms): Min: 0.1, Avg: 0.1, Max: 0.2, Diff: 0.1, Sum: 0.4]
      [GC Worker Total (ms): Min: 36.6, Avg: 36.9, Max: 37.1, Diff: 0.5, Sum: 147.4]
      [GC Worker End (ms): Min: 4207234.3, Avg: 4207234.3, Max: 4207234.3, Diff: 0.0]
   [Code Root Fixup: 0.0 ms]
   [Code Root Purge: 0.0 ms]
   [Clear CT: 0.1 ms]
   [Other: 4.9 ms]
      [Choose CSet: 0.0 ms]
      [Ref Proc: 0.2 ms]
      [Ref Enq: 0.0 ms]
      [Redirty Cards: 0.1 ms]
      [Humongous Register: 3.4 ms]
      [Humongous Reclaim: 0.0 ms]
      [Free CSet: 0.4 ms]
   [Eden: 46.0M(46.0M)->0.0B(44.0M) Survivors: 5120.0K->7168.0K Heap: 231.2M(1024.0M)->187.2M(1024.0M)]
 [Times: user=0.06 sys=0.05, real=0.05 secs] 
2018-11-25T16:41:23.427+0800: 4233.771: [GC pause (G1 Evacuation Pause) (young), 0.0262800 secs]
   [Parallel Time: 24.5 ms, GC Workers: 4]
      [GC Worker Start (ms): Min: 4233772.1, Avg: 4233772.2, Max: 4233772.2, Diff: 0.1]
      [Ext Root Scanning (ms): Min: 1.1, Avg: 1.9, Max: 2.3, Diff: 1.2, Sum: 7.4]
      [Update RS (ms): Min: 2.2, Avg: 2.8, Max: 3.7, Diff: 1.6, Sum: 11.2]
         [Processed Buffers: Min: 3, Avg: 8.0, Max: 17, Diff: 14, Sum: 32]
      [Scan RS (ms): Min: 1.3, Avg: 2.5, Max: 3.0, Diff: 1.7, Sum: 10.0]
      [Code Root Scanning (ms): Min: 0.0, Avg: 0.0, Max: 0.0, Diff: 0.0, Sum: 0.0]
      [Object Copy (ms): Min: 16.9, Avg: 17.0, Max: 17.1, Diff: 0.2, Sum: 68.1]
      [Termination (ms): Min: 0.0, Avg: 0.0, Max: 0.0, Diff: 0.0, Sum: 0.0]
         [Termination Attempts: Min: 1, Avg: 1.0, Max: 1, Diff: 0, Sum: 4]
      [GC Worker Other (ms): Min: 0.0, Avg: 0.2, Max: 0.6, Diff: 0.6, Sum: 0.7]
      [GC Worker Total (ms): Min: 24.3, Avg: 24.4, Max: 24.4, Diff: 0.1, Sum: 97.5]
      [GC Worker End (ms): Min: 4233796.5, Avg: 4233796.6, Max: 4233796.6, Diff: 0.0]
   [Code Root Fixup: 0.0 ms]
   [Code Root Purge: 0.0 ms]
   [Clear CT: 0.1 ms]
   [Other: 1.7 ms]
      [Choose CSet: 0.0 ms]
      [Ref Proc: 0.3 ms]
      [Ref Enq: 0.0 ms]
      [Redirty Cards: 0.1 ms]
      [Humongous Register: 0.3 ms]
      [Humongous Reclaim: 0.0 ms]
      [Free CSet: 0.1 ms]
   [Eden: 44.0M(44.0M)->0.0B(46.0M) Survivors: 7168.0K->5120.0K Heap: 231.2M(1024.0M)->187.2M(1024.0M)]
 [Times: user=0.06 sys=0.02, real=0.03 secs] 
2018-11-25T16:41:50.930+0800: 4261.273: [GC pause (G1 Evacuation Pause) (young), 0.0278856 secs]
   [Parallel Time: 27.1 ms, GC Workers: 4]
      [GC Worker Start (ms): Min: 4261272.9, Avg: 4261272.9, Max: 4261273.0, Diff: 0.1]
      [Ext Root Scanning (ms): Min: 0.8, Avg: 0.8, Max: 0.9, Diff: 0.1, Sum: 3.2]
      [Update RS (ms): Min: 1.7, Avg: 2.0, Max: 2.2, Diff: 0.5, Sum: 8.1]
         [Processed Buffers: Min: 5, Avg: 8.2, Max: 15, Diff: 10, Sum: 33]
      [Scan RS (ms): Min: 11.6, Avg: 14.3, Max: 19.0, Diff: 7.4, Sum: 57.3]
      [Code Root Scanning (ms): Min: 0.0, Avg: 0.0, Max: 0.0, Diff: 0.0, Sum: 0.0]
      [Object Copy (ms): Min: 5.0, Avg: 9.8, Max: 12.6, Diff: 7.6, Sum: 39.2]
      [Termination (ms): Min: 0.0, Avg: 0.0, Max: 0.0, Diff: 0.0, Sum: 0.0]
         [Termination Attempts: Min: 1, Avg: 1.0, Max: 1, Diff: 0, Sum: 4]
      [GC Worker Other (ms): Min: 0.0, Avg: 0.0, Max: 0.0, Diff: 0.0, Sum: 0.1]
      [GC Worker Total (ms): Min: 27.0, Avg: 27.0, Max: 27.0, Diff: 0.1, Sum: 108.1]
      [GC Worker End (ms): Min: 4261299.9, Avg: 4261299.9, Max: 4261300.0, Diff: 0.0]
   [Code Root Fixup: 0.0 ms]
   [Code Root Purge: 0.0 ms]
   [Clear CT: 0.1 ms]
   [Other: 0.6 ms]
      [Choose CSet: 0.0 ms]
      [Ref Proc: 0.2 ms]
      [Ref Enq: 0.0 ms]
      [Redirty Cards: 0.1 ms]
      [Humongous Register: 0.0 ms]
      [Humongous Reclaim: 0.0 ms]
      [Free CSet: 0.1 ms]
   [Eden: 46.0M(46.0M)->0.0B(46.0M) Survivors: 5120.0K->5120.0K Heap: 233.2M(1024.0M)->187.7M(1024.0M)]
 [Times: user=0.05 sys=0.01, real=0.03 secs] 
2018-11-25T16:42:18.948+0800: 4289.290: [GC pause (G1 Evacuation Pause) (young), 0.0178159 secs]
   [Parallel Time: 17.0 ms, GC Workers: 4]
      [GC Worker Start (ms): Min: 4289290.0, Avg: 4289290.1, Max: 4289290.1, Diff: 0.1]
      [Ext Root Scanning (ms): Min: 0.9, Avg: 1.0, Max: 1.0, Diff: 0.1, Sum: 3.8]
      [Update RS (ms): Min: 2.2, Avg: 2.2, Max: 2.3, Diff: 0.2, Sum: 8.9]
         [Processed Buffers: Min: 1, Avg: 8.2, Max: 18, Diff: 17, Sum: 33]
      [Scan RS (ms): Min: 3.2, Avg: 3.3, Max: 3.4, Diff: 0.2, Sum: 13.3]
      [Code Root Scanning (ms): Min: 0.0, Avg: 0.0, Max: 0.0, Diff: 0.0, Sum: 0.0]
      [Object Copy (ms): Min: 10.3, Avg: 10.4, Max: 10.5, Diff: 0.2, Sum: 41.6]
      [Termination (ms): Min: 0.0, Avg: 0.0, Max: 0.0, Diff: 0.0, Sum: 0.0]
         [Termination Attempts: Min: 1, Avg: 1.0, Max: 1, Diff: 0, Sum: 4]
      [GC Worker Other (ms): Min: 0.0, Avg: 0.0, Max: 0.0, Diff: 0.0, Sum: 0.1]
      [GC Worker Total (ms): Min: 16.9, Avg: 16.9, Max: 17.0, Diff: 0.1, Sum: 67.7]
      [GC Worker End (ms): Min: 4289307.0, Avg: 4289307.0, Max: 4289307.0, Diff: 0.0]
   [Code Root Fixup: 0.0 ms]
   [Code Root Purge: 0.0 ms]
   [Clear CT: 0.1 ms]
   [Other: 0.7 ms]
      [Choose CSet: 0.0 ms]
      [Ref Proc: 0.2 ms]
      [Ref Enq: 0.0 ms]
      [Redirty Cards: 0.1 ms]
      [Humongous Register: 0.0 ms]
      [Humongous Reclaim: 0.0 ms]
      [Free CSet: 0.1 ms]
   [Eden: 46.0M(46.0M)->0.0B(46.0M) Survivors: 5120.0K->5120.0K Heap: 233.7M(1024.0M)->188.0M(1024.0M)]
 [Times: user=0.06 sys=0.01, real=0.02 secs] 
2018-11-25T16:42:46.767+0800: 4317.108: [GC pause (G1 Evacuation Pause) (young), 0.0315634 secs]
   [Parallel Time: 29.5 ms, GC Workers: 4]
      [GC Worker Start (ms): Min: 4317108.8, Avg: 4317108.9, Max: 4317108.9, Diff: 0.1]
      [Ext Root Scanning (ms): Min: 0.9, Avg: 0.9, Max: 1.1, Diff: 0.2, Sum: 3.8]
      [Update RS (ms): Min: 2.2, Avg: 3.1, Max: 5.0, Diff: 2.7, Sum: 12.3]
         [Processed Buffers: Min: 4, Avg: 8.2, Max: 20, Diff: 16, Sum: 33]
      [Scan RS (ms): Min: 1.6, Avg: 3.5, Max: 4.3, Diff: 2.7, Sum: 14.1]
      [Code Root Scanning (ms): Min: 0.0, Avg: 0.0, Max: 0.0, Diff: 0.0, Sum: 0.0]
      [Object Copy (ms): Min: 17.2, Avg: 17.5, Max: 17.7, Diff: 0.4, Sum: 70.0]
      [Termination (ms): Min: 0.0, Avg: 1.9, Max: 4.2, Diff: 4.2, Sum: 7.8]
         [Termination Attempts: Min: 1, Avg: 1.0, Max: 1, Diff: 0, Sum: 4]
      [GC Worker Other (ms): Min: 0.0, Avg: 0.0, Max: 0.0, Diff: 0.0, Sum: 0.1]
      [GC Worker Total (ms): Min: 25.1, Avg: 27.0, Max: 29.2, Diff: 4.1, Sum: 108.0]
      [GC Worker End (ms): Min: 4317134.0, Avg: 4317135.9, Max: 4317138.1, Diff: 4.1]
   [Code Root Fixup: 0.0 ms]
   [Code Root Purge: 0.0 ms]
   [Clear CT: 0.1 ms]
   [Other: 1.9 ms]
      [Choose CSet: 0.0 ms]
      [Ref Proc: 0.9 ms]
      [Ref Enq: 0.0 ms]
      [Redirty Cards: 0.2 ms]
      [Humongous Register: 0.2 ms]
      [Humongous Reclaim: 0.0 ms]
      [Free CSet: 0.3 ms]
   [Eden: 46.0M(46.0M)->0.0B(45.0M) Survivors: 5120.0K->6144.0K Heap: 234.0M(1024.0M)->189.5M(1024.0M)]
 [Times: user=0.07 sys=0.00, real=0.04 secs] 
2018-11-25T16:43:13.978+0800: 4344.319: [GC pause (G1 Evacuation Pause) (young), 0.0202268 secs]
   [Parallel Time: 19.1 ms, GC Workers: 4]
      [GC Worker Start (ms): Min: 4344319.3, Avg: 4344319.3, Max: 4344319.4, Diff: 0.1]
      [Ext Root Scanning (ms): Min: 0.9, Avg: 0.9, Max: 1.0, Diff: 0.1, Sum: 3.7]
      [Update RS (ms): Min: 2.6, Avg: 2.7, Max: 2.8, Diff: 0.3, Sum: 10.9]
         [Processed Buffers: Min: 2, Avg: 9.0, Max: 17, Diff: 15, Sum: 36]
      [Scan RS (ms): Min: 2.8, Avg: 3.0, Max: 3.1, Diff: 0.3, Sum: 11.8]
      [Code Root Scanning (ms): Min: 0.0, Avg: 0.0, Max: 0.0, Diff: 0.0, Sum: 0.0]
      [Object Copy (ms): Min: 12.2, Avg: 12.3, Max: 12.4, Diff: 0.2, Sum: 49.2]
      [Termination (ms): Min: 0.0, Avg: 0.0, Max: 0.0, Diff: 0.0, Sum: 0.0]
         [Termination Attempts: Min: 1, Avg: 1.0, Max: 1, Diff: 0, Sum: 4]
      [GC Worker Other (ms): Min: 0.0, Avg: 0.0, Max: 0.1, Diff: 0.0, Sum: 0.2]
      [GC Worker Total (ms): Min: 18.9, Avg: 19.0, Max: 19.0, Diff: 0.1, Sum: 75.9]
      [GC Worker End (ms): Min: 4344338.3, Avg: 4344338.3, Max: 4344338.3, Diff: 0.0]
   [Code Root Fixup: 0.0 ms]
   [Code Root Purge: 0.0 ms]
   [Clear CT: 0.1 ms]
   [Other: 1.0 ms]
      [Choose CSet: 0.0 ms]
      [Ref Proc: 0.2 ms]
      [Ref Enq: 0.0 ms]
      [Redirty Cards: 0.1 ms]
      [Humongous Register: 0.1 ms]
      [Humongous Reclaim: 0.0 ms]
      [Free CSet: 0.3 ms]
   [Eden: 45.0M(45.0M)->0.0B(46.0M) Survivors: 6144.0K->5120.0K Heap: 234.5M(1024.0M)->190.5M(1024.0M)]
 [Times: user=0.06 sys=0.01, real=0.03 secs] 
2018-11-25T16:43:41.658+0800: 4371.998: [GC pause (G1 Evacuation Pause) (young), 0.0167933 secs]
   [Parallel Time: 16.2 ms, GC Workers: 4]
      [GC Worker Start (ms): Min: 4371997.8, Avg: 4371997.8, Max: 4371997.8, Diff: 0.1]
      [Ext Root Scanning (ms): Min: 0.7, Avg: 0.7, Max: 0.8, Diff: 0.1, Sum: 2.9]
      [Update RS (ms): Min: 2.1, Avg: 2.2, Max: 2.4, Diff: 0.3, Sum: 8.7]
         [Processed Buffers: Min: 3, Avg: 8.8, Max: 16, Diff: 13, Sum: 35]
      [Scan RS (ms): Min: 3.4, Avg: 3.7, Max: 3.8, Diff: 0.4, Sum: 14.6]
      [Code Root Scanning (ms): Min: 0.0, Avg: 0.0, Max: 0.0, Diff: 0.0, Sum: 0.0]
      [Object Copy (ms): Min: 9.5, Avg: 9.5, Max: 9.6, Diff: 0.1, Sum: 38.1]
      [Termination (ms): Min: 0.0, Avg: 0.0, Max: 0.0, Diff: 0.0, Sum: 0.0]
         [Termination Attempts: Min: 1, Avg: 1.2, Max: 2, Diff: 1, Sum: 5]
      [GC Worker Other (ms): Min: 0.0, Avg: 0.0, Max: 0.1, Diff: 0.0, Sum: 0.1]
      [GC Worker Total (ms): Min: 16.1, Avg: 16.1, Max: 16.2, Diff: 0.1, Sum: 64.5]
      [GC Worker End (ms): Min: 4372013.9, Avg: 4372013.9, Max: 4372013.9, Diff: 0.0]
   [Code Root Fixup: 0.0 ms]
   [Code Root Purge: 0.0 ms]
   [Clear CT: 0.0 ms]
   [Other: 0.5 ms]
      [Choose CSet: 0.0 ms]
      [Ref Proc: 0.1 ms]
      [Ref Enq: 0.0 ms]
      [Redirty Cards: 0.1 ms]
      [Humongous Register: 0.0 ms]
      [Humongous Reclaim: 0.0 ms]
      [Free CSet: 0.1 ms]
   [Eden: 46.0M(46.0M)->0.0B(46.0M) Survivors: 5120.0K->5120.0K Heap: 236.5M(1024.0M)->190.5M(1024.0M)]
 [Times: user=0.06 sys=0.00, real=0.02 secs] 
2018-11-25T16:44:09.494+0800: 4399.833: [GC pause (G1 Evacuation Pause) (young), 0.0199186 secs]
   [Parallel Time: 19.2 ms, GC Workers: 4]
      [GC Worker Start (ms): Min: 4399832.8, Avg: 4399832.9, Max: 4399832.9, Diff: 0.1]
      [Ext Root Scanning (ms): Min: 0.7, Avg: 0.7, Max: 0.8, Diff: 0.1, Sum: 2.8]
      [Update RS (ms): Min: 2.1, Avg: 2.3, Max: 2.5, Diff: 0.3, Sum: 9.2]
         [Processed Buffers: Min: 2, Avg: 8.0, Max: 22, Diff: 20, Sum: 32]
      [Scan RS (ms): Min: 3.8, Avg: 5.0, Max: 8.1, Diff: 4.3, Sum: 20.0]
      [Code Root Scanning (ms): Min: 0.0, Avg: 0.0, Max: 0.0, Diff: 0.0, Sum: 0.0]
      [Object Copy (ms): Min: 7.8, Avg: 11.0, Max: 12.1, Diff: 4.4, Sum: 44.1]
      [Termination (ms): Min: 0.0, Avg: 0.0, Max: 0.0, Diff: 0.0, Sum: 0.0]
         [Termination Attempts: Min: 1, Avg: 1.2, Max: 2, Diff: 1, Sum: 5]
      [GC Worker Other (ms): Min: 0.0, Avg: 0.0, Max: 0.0, Diff: 0.0, Sum: 0.1]
      [GC Worker Total (ms): Min: 19.0, Avg: 19.1, Max: 19.1, Diff: 0.1, Sum: 76.3]
      [GC Worker End (ms): Min: 4399851.9, Avg: 4399851.9, Max: 4399852.0, Diff: 0.0]
   [Code Root Fixup: 0.0 ms]
   [Code Root Purge: 0.0 ms]
   [Clear CT: 0.1 ms]
   [Other: 0.7 ms]
      [Choose CSet: 0.0 ms]
      [Ref Proc: 0.2 ms]
      [Ref Enq: 0.0 ms]
      [Redirty Cards: 0.1 ms]
      [Humongous Register: 0.0 ms]
      [Humongous Reclaim: 0.0 ms]
      [Free CSet: 0.1 ms]
   [Eden: 46.0M(46.0M)->0.0B(46.0M) Survivors: 5120.0K->5120.0K Heap: 236.5M(1024.0M)->190.9M(1024.0M)]
 [Times: user=0.06 sys=0.00, real=0.02 secs] 
2018-11-25T16:44:37.186+0800: 4427.524: [GC pause (G1 Evacuation Pause) (young), 0.0206556 secs]
   [Parallel Time: 19.7 ms, GC Workers: 4]
      [GC Worker Start (ms): Min: 4427524.7, Avg: 4427524.7, Max: 4427524.7, Diff: 0.1]
      [Ext Root Scanning (ms): Min: 0.9, Avg: 1.0, Max: 1.0, Diff: 0.1, Sum: 3.9]
      [Update RS (ms): Min: 2.1, Avg: 2.5, Max: 2.6, Diff: 0.5, Sum: 9.8]
         [Processed Buffers: Min: 5, Avg: 7.8, Max: 14, Diff: 9, Sum: 31]
      [Scan RS (ms): Min: 3.6, Avg: 3.8, Max: 4.1, Diff: 0.4, Sum: 15.3]
      [Code Root Scanning (ms): Min: 0.0, Avg: 0.0, Max: 0.0, Diff: 0.0, Sum: 0.0]
      [Object Copy (ms): Min: 12.2, Avg: 12.3, Max: 12.3, Diff: 0.1, Sum: 49.1]
      [Termination (ms): Min: 0.0, Avg: 0.0, Max: 0.0, Diff: 0.0, Sum: 0.0]
         [Termination Attempts: Min: 1, Avg: 1.0, Max: 1, Diff: 0, Sum: 4]
      [GC Worker Other (ms): Min: 0.0, Avg: 0.0, Max: 0.0, Diff: 0.0, Sum: 0.1]
      [GC Worker Total (ms): Min: 19.5, Avg: 19.5, Max: 19.6, Diff: 0.1, Sum: 78.2]
      [GC Worker End (ms): Min: 4427544.2, Avg: 4427544.3, Max: 4427544.3, Diff: 0.0]
   [Code Root Fixup: 0.0 ms]
   [Code Root Purge: 0.0 ms]
   [Clear CT: 0.1 ms]
   [Other: 0.8 ms]
      [Choose CSet: 0.0 ms]
      [Ref Proc: 0.1 ms]
      [Ref Enq: 0.0 ms]
      [Redirty Cards: 0.1 ms]
      [Humongous Register: 0.2 ms]
      [Humongous Reclaim: 0.0 ms]
      [Free CSet: 0.0 ms]
   [Eden: 46.0M(46.0M)->0.0B(44.0M) Survivors: 5120.0K->7168.0K Heap: 236.9M(1024.0M)->192.9M(1024.0M)]
 [Times: user=0.07 sys=0.01, real=0.02 secs] 
2018-11-25T16:45:03.765+0800: 4454.102: [GC pause (G1 Evacuation Pause) (young), 0.0353589 secs]
   [Parallel Time: 34.1 ms, GC Workers: 4]
      [GC Worker Start (ms): Min: 4454102.2, Avg: 4454102.2, Max: 4454102.2, Diff: 0.1]
      [Ext Root Scanning (ms): Min: 1.1, Avg: 1.2, Max: 1.3, Diff: 0.2, Sum: 4.6]
      [Update RS (ms): Min: 6.8, Avg: 7.5, Max: 7.9, Diff: 1.1, Sum: 30.1]
         [Processed Buffers: Min: 3, Avg: 8.0, Max: 15, Diff: 12, Sum: 32]
      [Scan RS (ms): Min: 3.8, Avg: 4.2, Max: 4.9, Diff: 1.1, Sum: 16.8]
      [Code Root Scanning (ms): Min: 0.0, Avg: 0.0, Max: 0.0, Diff: 0.0, Sum: 0.0]
      [Object Copy (ms): Min: 21.0, Avg: 21.1, Max: 21.1, Diff: 0.1, Sum: 84.4]
      [Termination (ms): Min: 0.0, Avg: 0.0, Max: 0.0, Diff: 0.0, Sum: 0.0]
         [Termination Attempts: Min: 1, Avg: 1.2, Max: 2, Diff: 1, Sum: 5]
      [GC Worker Other (ms): Min: 0.0, Avg: 0.0, Max: 0.1, Diff: 0.0, Sum: 0.2]
      [GC Worker Total (ms): Min: 34.0, Avg: 34.0, Max: 34.1, Diff: 0.1, Sum: 136.0]
      [GC Worker End (ms): Min: 4454136.2, Avg: 4454136.2, Max: 4454136.2, Diff: 0.0]
   [Code Root Fixup: 0.0 ms]
   [Code Root Purge: 0.0 ms]
   [Clear CT: 0.1 ms]
   [Other: 1.1 ms]
      [Choose CSet: 0.0 ms]
      [Ref Proc: 0.2 ms]
      [Ref Enq: 0.0 ms]
      [Redirty Cards: 0.1 ms]
      [Humongous Register: 0.1 ms]
      [Humongous Reclaim: 0.0 ms]
      [Free CSet: 0.3 ms]
   [Eden: 44.0M(44.0M)->0.0B(46.0M) Survivors: 7168.0K->5120.0K Heap: 236.9M(1024.0M)->192.9M(1024.0M)]
 [Times: user=0.07 sys=0.05, real=0.04 secs] 
2018-11-25T16:45:31.571+0800: 4481.908: [GC pause (G1 Evacuation Pause) (young), 0.0386913 secs]
   [Parallel Time: 33.8 ms, GC Workers: 4]
      [GC Worker Start (ms): Min: 4481911.7, Avg: 4481911.8, Max: 4481912.1, Diff: 0.4]
      [Ext Root Scanning (ms): Min: 12.2, Avg: 15.2, Max: 23.6, Diff: 11.4, Sum: 60.7]
      [Update RS (ms): Min: 0.0, Avg: 4.4, Max: 7.8, Diff: 7.8, Sum: 17.8]
         [Processed Buffers: Min: 0, Avg: 8.2, Max: 22, Diff: 22, Sum: 33]
      [Scan RS (ms): Min: 0.9, Avg: 3.8, Max: 5.3, Diff: 4.4, Sum: 15.2]
      [Code Root Scanning (ms): Min: 0.0, Avg: 0.0, Max: 0.0, Diff: 0.0, Sum: 0.0]
      [Object Copy (ms): Min: 9.1, Avg: 10.0, Max: 12.4, Diff: 3.3, Sum: 39.9]
      [Termination (ms): Min: 0.0, Avg: 0.0, Max: 0.0, Diff: 0.0, Sum: 0.0]
         [Termination Attempts: Min: 1, Avg: 1.0, Max: 1, Diff: 0, Sum: 4]
      [GC Worker Other (ms): Min: 0.1, Avg: 0.1, Max: 0.1, Diff: 0.1, Sum: 0.4]
      [GC Worker Total (ms): Min: 33.3, Avg: 33.5, Max: 33.7, Diff: 0.4, Sum: 134.0]
      [GC Worker End (ms): Min: 4481945.3, Avg: 4481945.3, Max: 4481945.3, Diff: 0.0]
   [Code Root Fixup: 0.0 ms]
   [Code Root Purge: 0.0 ms]
   [Clear CT: 0.1 ms]
   [Other: 4.8 ms]
      [Choose CSet: 0.0 ms]
      [Ref Proc: 0.1 ms]
      [Ref Enq: 0.0 ms]
      [Redirty Cards: 0.1 ms]
      [Humongous Register: 3.6 ms]
      [Humongous Reclaim: 0.0 ms]
      [Free CSet: 0.2 ms]
   [Eden: 46.0M(46.0M)->0.0B(46.0M) Survivors: 5120.0K->5120.0K Heap: 238.9M(1024.0M)->193.4M(1024.0M)]
 [Times: user=0.05 sys=0.04, real=0.04 secs] 
2018-11-25T16:45:59.756+0800: 4510.091: [GC pause (G1 Evacuation Pause) (young), 0.0485508 secs]
   [Parallel Time: 38.6 ms, GC Workers: 4]
      [GC Worker Start (ms): Min: 4510095.0, Avg: 4510095.0, Max: 4510095.0, Diff: 0.0]
      [Ext Root Scanning (ms): Min: 2.4, Avg: 2.6, Max: 3.0, Diff: 0.6, Sum: 10.3]
      [Update RS (ms): Min: 6.3, Avg: 6.7, Max: 7.1, Diff: 0.8, Sum: 26.8]
         [Processed Buffers: Min: 1, Avg: 8.2, Max: 14, Diff: 13, Sum: 33]
      [Scan RS (ms): Min: 2.5, Avg: 2.8, Max: 2.9, Diff: 0.4, Sum: 11.1]
      [Code Root Scanning (ms): Min: 0.0, Avg: 0.0, Max: 0.0, Diff: 0.0, Sum: 0.0]
      [Object Copy (ms): Min: 26.0, Avg: 26.1, Max: 26.1, Diff: 0.2, Sum: 104.3]
      [Termination (ms): Min: 0.0, Avg: 0.1, Max: 0.1, Diff: 0.1, Sum: 0.4]
         [Termination Attempts: Min: 1, Avg: 1.2, Max: 2, Diff: 1, Sum: 5]
      [GC Worker Other (ms): Min: 0.0, Avg: 0.0, Max: 0.0, Diff: 0.0, Sum: 0.1]
      [GC Worker Total (ms): Min: 38.2, Avg: 38.2, Max: 38.2, Diff: 0.0, Sum: 152.9]
      [GC Worker End (ms): Min: 4510133.2, Avg: 4510133.2, Max: 4510133.3, Diff: 0.0]
   [Code Root Fixup: 0.0 ms]
   [Code Root Purge: 0.0 ms]
   [Clear CT: 0.1 ms]
   [Other: 9.8 ms]
      [Choose CSet: 0.0 ms]
      [Ref Proc: 0.2 ms]
      [Ref Enq: 0.0 ms]
      [Redirty Cards: 0.1 ms]
      [Humongous Register: 0.7 ms]
      [Humongous Reclaim: 0.0 ms]
      [Free CSet: 0.4 ms]
   [Eden: 46.0M(46.0M)->0.0B(44.0M) Survivors: 5120.0K->7168.0K Heap: 239.4M(1024.0M)->194.9M(1024.0M)]
 [Times: user=0.06 sys=0.04, real=0.05 secs] 
2018-11-25T16:46:26.206+0800: 4536.541: [GC pause (G1 Evacuation Pause) (young), 0.0229435 secs]
   [Parallel Time: 22.1 ms, GC Workers: 4]
      [GC Worker Start (ms): Min: 4536541.1, Avg: 4536541.1, Max: 4536541.2, Diff: 0.1]
      [Ext Root Scanning (ms): Min: 0.9, Avg: 0.9, Max: 1.0, Diff: 0.1, Sum: 3.7]
      [Update RS (ms): Min: 2.1, Avg: 2.4, Max: 3.2, Diff: 1.1, Sum: 9.7]
         [Processed Buffers: Min: 4, Avg: 8.8, Max: 19, Diff: 15, Sum: 35]
      [Scan RS (ms): Min: 3.5, Avg: 3.7, Max: 4.0, Diff: 0.5, Sum: 14.8]
      [Code Root Scanning (ms): Min: 0.0, Avg: 0.0, Max: 0.0, Diff: 0.0, Sum: 0.0]
      [Object Copy (ms): Min: 13.8, Avg: 14.9, Max: 15.4, Diff: 1.5, Sum: 59.6]
      [Termination (ms): Min: 0.0, Avg: 0.0, Max: 0.0, Diff: 0.0, Sum: 0.0]
         [Termination Attempts: Min: 1, Avg: 2.0, Max: 3, Diff: 2, Sum: 8]
      [GC Worker Other (ms): Min: 0.0, Avg: 0.0, Max: 0.0, Diff: 0.0, Sum: 0.1]
      [GC Worker Total (ms): Min: 22.0, Avg: 22.0, Max: 22.1, Diff: 0.1, Sum: 88.0]
      [GC Worker End (ms): Min: 4536563.1, Avg: 4536563.1, Max: 4536563.2, Diff: 0.0]
   [Code Root Fixup: 0.0 ms]
   [Code Root Purge: 0.0 ms]
   [Clear CT: 0.1 ms]
   [Other: 0.7 ms]
      [Choose CSet: 0.0 ms]
      [Ref Proc: 0.2 ms]
      [Ref Enq: 0.0 ms]
      [Redirty Cards: 0.1 ms]
      [Humongous Register: 0.0 ms]
      [Humongous Reclaim: 0.0 ms]
      [Free CSet: 0.1 ms]
   [Eden: 44.0M(44.0M)->0.0B(46.0M) Survivors: 7168.0K->5120.0K Heap: 238.9M(1024.0M)->195.4M(1024.0M)]
 [Times: user=0.07 sys=0.00, real=0.03 secs] 
2018-11-25T16:46:54.153+0800: 4564.487: [GC pause (G1 Evacuation Pause) (young), 0.0166361 secs]
   [Parallel Time: 15.9 ms, GC Workers: 4]
      [GC Worker Start (ms): Min: 4564487.2, Avg: 4564487.2, Max: 4564487.2, Diff: 0.1]
      [Ext Root Scanning (ms): Min: 0.8, Avg: 0.8, Max: 0.9, Diff: 0.1, Sum: 3.3]
      [Update RS (ms): Min: 2.1, Avg: 2.2, Max: 2.3, Diff: 0.2, Sum: 8.7]
         [Processed Buffers: Min: 5, Avg: 9.0, Max: 17, Diff: 12, Sum: 36]
      [Scan RS (ms): Min: 3.9, Avg: 4.0, Max: 4.1, Diff: 0.2, Sum: 16.2]
      [Code Root Scanning (ms): Min: 0.0, Avg: 0.0, Max: 0.0, Diff: 0.0, Sum: 0.0]
      [Object Copy (ms): Min: 8.7, Avg: 8.7, Max: 8.8, Diff: 0.1, Sum: 34.9]
      [Termination (ms): Min: 0.0, Avg: 0.0, Max: 0.0, Diff: 0.0, Sum: 0.0]
         [Termination Attempts: Min: 1, Avg: 1.0, Max: 1, Diff: 0, Sum: 4]
      [GC Worker Other (ms): Min: 0.0, Avg: 0.0, Max: 0.0, Diff: 0.0, Sum: 0.1]
      [GC Worker Total (ms): Min: 15.8, Avg: 15.8, Max: 15.8, Diff: 0.0, Sum: 63.3]
      [GC Worker End (ms): Min: 4564503.0, Avg: 4564503.0, Max: 4564503.0, Diff: 0.0]
   [Code Root Fixup: 0.0 ms]
   [Code Root Purge: 0.0 ms]
   [Clear CT: 0.1 ms]
   [Other: 0.6 ms]
      [Choose CSet: 0.0 ms]
      [Ref Proc: 0.1 ms]
      [Ref Enq: 0.0 ms]
      [Redirty Cards: 0.1 ms]
      [Humongous Register: 0.0 ms]
      [Humongous Reclaim: 0.0 ms]
      [Free CSet: 0.1 ms]
   [Eden: 46.0M(46.0M)->0.0B(46.0M) Survivors: 5120.0K->5120.0K Heap: 241.4M(1024.0M)->194.9M(1024.0M)]
 [Times: user=0.06 sys=0.00, real=0.02 secs] 
2018-11-25T16:47:22.121+0800: 4592.454: [GC pause (G1 Evacuation Pause) (young), 0.0174151 secs]
   [Parallel Time: 16.7 ms, GC Workers: 4]
      [GC Worker Start (ms): Min: 4592454.1, Avg: 4592454.1, Max: 4592454.2, Diff: 0.1]
      [Ext Root Scanning (ms): Min: 0.7, Avg: 0.8, Max: 0.8, Diff: 0.1, Sum: 3.0]
      [Update RS (ms): Min: 2.1, Avg: 2.3, Max: 2.4, Diff: 0.3, Sum: 9.1]
         [Processed Buffers: Min: 3, Avg: 7.8, Max: 16, Diff: 13, Sum: 31]
      [Scan RS (ms): Min: 3.0, Avg: 3.2, Max: 3.3, Diff: 0.3, Sum: 12.6]
      [Code Root Scanning (ms): Min: 0.0, Avg: 0.0, Max: 0.0, Diff: 0.0, Sum: 0.0]
      [Object Copy (ms): Min: 10.3, Avg: 10.4, Max: 10.4, Diff: 0.1, Sum: 41.5]
      [Termination (ms): Min: 0.0, Avg: 0.0, Max: 0.0, Diff: 0.0, Sum: 0.0]
         [Termination Attempts: Min: 1, Avg: 1.0, Max: 1, Diff: 0, Sum: 4]
      [GC Worker Other (ms): Min: 0.0, Avg: 0.1, Max: 0.1, Diff: 0.0, Sum: 0.2]
      [GC Worker Total (ms): Min: 16.6, Avg: 16.6, Max: 16.6, Diff: 0.1, Sum: 66.4]
      [GC Worker End (ms): Min: 4592470.7, Avg: 4592470.8, Max: 4592470.8, Diff: 0.0]
   [Code Root Fixup: 0.0 ms]
   [Code Root Purge: 0.0 ms]
   [Clear CT: 0.1 ms]
   [Other: 0.6 ms]
      [Choose CSet: 0.0 ms]
      [Ref Proc: 0.1 ms]
      [Ref Enq: 0.0 ms]
      [Redirty Cards: 0.1 ms]
      [Humongous Register: 0.0 ms]
      [Humongous Reclaim: 0.0 ms]
      [Free CSet: 0.0 ms]
   [Eden: 46.0M(46.0M)->0.0B(46.0M) Survivors: 5120.0K->5120.0K Heap: 240.9M(1024.0M)->195.7M(1024.0M)]
 [Times: user=0.06 sys=0.00, real=0.02 secs] 
2018-11-25T16:47:49.830+0800: 4620.162: [GC pause (G1 Evacuation Pause) (young), 0.0187387 secs]
   [Parallel Time: 18.1 ms, GC Workers: 4]
      [GC Worker Start (ms): Min: 4620162.2, Avg: 4620162.3, Max: 4620162.6, Diff: 0.4]
      [Ext Root Scanning (ms): Min: 0.6, Avg: 0.9, Max: 1.0, Diff: 0.5, Sum: 3.6]
      [Update RS (ms): Min: 1.8, Avg: 2.4, Max: 3.2, Diff: 1.4, Sum: 9.6]
         [Processed Buffers: Min: 4, Avg: 8.0, Max: 16, Diff: 12, Sum: 32]
      [Scan RS (ms): Min: 1.9, Avg: 2.8, Max: 3.4, Diff: 1.4, Sum: 11.1]
      [Code Root Scanning (ms): Min: 0.0, Avg: 0.0, Max: 0.0, Diff: 0.0, Sum: 0.0]
      [Object Copy (ms): Min: 11.7, Avg: 11.8, Max: 11.8, Diff: 0.1, Sum: 47.1]
      [Termination (ms): Min: 0.0, Avg: 0.0, Max: 0.0, Diff: 0.0, Sum: 0.0]
         [Termination Attempts: Min: 1, Avg: 1.0, Max: 1, Diff: 0, Sum: 4]
      [GC Worker Other (ms): Min: 0.0, Avg: 0.0, Max: 0.0, Diff: 0.0, Sum: 0.1]
      [GC Worker Total (ms): Min: 17.6, Avg: 17.9, Max: 18.0, Diff: 0.5, Sum: 71.6]
      [GC Worker End (ms): Min: 4620180.2, Avg: 4620180.2, Max: 4620180.2, Diff: 0.0]
   [Code Root Fixup: 0.0 ms]
   [Code Root Purge: 0.0 ms]
   [Clear CT: 0.1 ms]
   [Other: 0.6 ms]
      [Choose CSet: 0.0 ms]
      [Ref Proc: 0.1 ms]
      [Ref Enq: 0.0 ms]
      [Redirty Cards: 0.1 ms]
      [Humongous Register: 0.0 ms]
      [Humongous Reclaim: 0.0 ms]
      [Free CSet: 0.0 ms]
   [Eden: 46.0M(46.0M)->0.0B(44.0M) Survivors: 5120.0K->7168.0K Heap: 241.7M(1024.0M)->197.7M(1024.0M)]
 [Times: user=0.06 sys=0.01, real=0.01 secs] 
2018-11-25T16:48:16.575+0800: 4646.907: [GC pause (G1 Evacuation Pause) (young), 0.0195565 secs]
   [Parallel Time: 18.9 ms, GC Workers: 4]
      [GC Worker Start (ms): Min: 4646906.7, Avg: 4646906.9, Max: 4646907.1, Diff: 0.3]
      [Ext Root Scanning (ms): Min: 0.5, Avg: 0.8, Max: 0.9, Diff: 0.4, Sum: 3.1]
      [Update RS (ms): Min: 2.2, Avg: 2.3, Max: 2.4, Diff: 0.2, Sum: 9.1]
         [Processed Buffers: Min: 2, Avg: 8.8, Max: 22, Diff: 20, Sum: 35]
      [Scan RS (ms): Min: 3.1, Avg: 3.3, Max: 3.4, Diff: 0.2, Sum: 13.1]
      [Code Root Scanning (ms): Min: 0.0, Avg: 0.0, Max: 0.0, Diff: 0.0, Sum: 0.0]
      [Object Copy (ms): Min: 12.3, Avg: 12.4, Max: 12.5, Diff: 0.1, Sum: 49.5]
      [Termination (ms): Min: 0.0, Avg: 0.0, Max: 0.0, Diff: 0.0, Sum: 0.0]
         [Termination Attempts: Min: 1, Avg: 1.0, Max: 1, Diff: 0, Sum: 4]
      [GC Worker Other (ms): Min: 0.0, Avg: 0.0, Max: 0.0, Diff: 0.0, Sum: 0.1]
      [GC Worker Total (ms): Min: 18.5, Avg: 18.7, Max: 18.8, Diff: 0.3, Sum: 74.8]
      [GC Worker End (ms): Min: 4646925.6, Avg: 4646925.6, Max: 4646925.6, Diff: 0.0]
   [Code Root Fixup: 0.0 ms]
   [Code Root Purge: 0.0 ms]
   [Clear CT: 0.1 ms]
   [Other: 0.6 ms]
      [Choose CSet: 0.0 ms]
      [Ref Proc: 0.1 ms]
      [Ref Enq: 0.0 ms]
      [Redirty Cards: 0.1 ms]
      [Humongous Register: 0.0 ms]
      [Humongous Reclaim: 0.0 ms]
      [Free CSet: 0.1 ms]
   [Eden: 44.0M(44.0M)->0.0B(46.0M) Survivors: 7168.0K->5120.0K Heap: 241.7M(1024.0M)->197.7M(1024.0M)]
 [Times: user=0.07 sys=0.00, real=0.02 secs] 
2018-11-25T16:48:44.367+0800: 4674.698: [GC pause (G1 Evacuation Pause) (young), 0.0245081 secs]
   [Parallel Time: 23.2 ms, GC Workers: 4]
      [GC Worker Start (ms): Min: 4674698.2, Avg: 4674698.6, Max: 4674699.4, Diff: 1.2]
      [Ext Root Scanning (ms): Min: 0.3, Avg: 1.4, Max: 2.2, Diff: 1.9, Sum: 5.4]
      [Update RS (ms): Min: 4.4, Avg: 5.8, Max: 6.8, Diff: 2.4, Sum: 23.2]
         [Processed Buffers: Min: 2, Avg: 8.2, Max: 15, Diff: 13, Sum: 33]
      [Scan RS (ms): Min: 3.8, Avg: 4.6, Max: 6.0, Diff: 2.2, Sum: 18.6]
      [Code Root Scanning (ms): Min: 0.0, Avg: 0.0, Max: 0.0, Diff: 0.0, Sum: 0.0]
      [Object Copy (ms): Min: 10.7, Avg: 10.9, Max: 10.9, Diff: 0.2, Sum: 43.5]
      [Termination (ms): Min: 0.0, Avg: 0.1, Max: 0.1, Diff: 0.1, Sum: 0.4]
         [Termination Attempts: Min: 1, Avg: 1.0, Max: 1, Diff: 0, Sum: 4]
      [GC Worker Other (ms): Min: 0.0, Avg: 0.0, Max: 0.0, Diff: 0.0, Sum: 0.1]
      [GC Worker Total (ms): Min: 21.9, Avg: 22.8, Max: 23.2, Diff: 1.2, Sum: 91.1]
      [GC Worker End (ms): Min: 4674721.3, Avg: 4674721.3, Max: 4674721.4, Diff: 0.0]
   [Code Root Fixup: 0.0 ms]
   [Code Root Purge: 0.0 ms]
   [Clear CT: 0.1 ms]
   [Other: 1.1 ms]
      [Choose CSet: 0.0 ms]
      [Ref Proc: 0.2 ms]
      [Ref Enq: 0.0 ms]
      [Redirty Cards: 0.1 ms]
      [Humongous Register: 0.2 ms]
      [Humongous Reclaim: 0.0 ms]
      [Free CSet: 0.1 ms]
   [Eden: 46.0M(46.0M)->0.0B(46.0M) Survivors: 5120.0K->5120.0K Heap: 243.7M(1024.0M)->197.7M(1024.0M)]
 [Times: user=0.05 sys=0.02, real=0.03 secs] 
2018-11-25T16:49:12.218+0800: 4702.548: [GC pause (G1 Evacuation Pause) (young), 0.0189977 secs]
   [Parallel Time: 18.2 ms, GC Workers: 4]
      [GC Worker Start (ms): Min: 4702548.4, Avg: 4702548.4, Max: 4702548.4, Diff: 0.1]
      [Ext Root Scanning (ms): Min: 1.0, Avg: 1.1, Max: 1.1, Diff: 0.1, Sum: 4.2]
      [Update RS (ms): Min: 2.2, Avg: 2.4, Max: 2.4, Diff: 0.2, Sum: 9.4]
         [Processed Buffers: Min: 3, Avg: 7.8, Max: 15, Diff: 12, Sum: 31]
      [Scan RS (ms): Min: 3.4, Avg: 3.5, Max: 3.7, Diff: 0.3, Sum: 14.1]
      [Code Root Scanning (ms): Min: 0.0, Avg: 0.0, Max: 0.0, Diff: 0.0, Sum: 0.0]
      [Object Copy (ms): Min: 11.0, Avg: 11.1, Max: 11.1, Diff: 0.1, Sum: 44.2]
      [Termination (ms): Min: 0.0, Avg: 0.1, Max: 0.2, Diff: 0.1, Sum: 0.4]
         [Termination Attempts: Min: 1, Avg: 1.0, Max: 1, Diff: 0, Sum: 4]
      [GC Worker Other (ms): Min: 0.0, Avg: 0.0, Max: 0.0, Diff: 0.0, Sum: 0.1]
      [GC Worker Total (ms): Min: 18.1, Avg: 18.1, Max: 18.1, Diff: 0.1, Sum: 72.4]
      [GC Worker End (ms): Min: 4702566.5, Avg: 4702566.5, Max: 4702566.5, Diff: 0.0]
   [Code Root Fixup: 0.0 ms]
   [Code Root Purge: 0.0 ms]
   [Clear CT: 0.1 ms]
   [Other: 0.7 ms]
      [Choose CSet: 0.0 ms]
      [Ref Proc: 0.1 ms]
      [Ref Enq: 0.0 ms]
      [Redirty Cards: 0.1 ms]
      [Humongous Register: 0.2 ms]
      [Humongous Reclaim: 0.0 ms]
      [Free CSet: 0.1 ms]
   [Eden: 46.0M(46.0M)->0.0B(46.0M) Survivors: 5120.0K->5120.0K Heap: 243.7M(1024.0M)->198.2M(1024.0M)]
 [Times: user=0.07 sys=0.00, real=0.02 secs] 
2018-11-25T16:49:40.060+0800: 4730.389: [GC pause (G1 Evacuation Pause) (young), 0.0395654 secs]
   [Parallel Time: 37.0 ms, GC Workers: 4]
      [GC Worker Start (ms): Min: 4730389.1, Avg: 4730389.2, Max: 4730389.2, Diff: 0.1]
      [Ext Root Scanning (ms): Min: 0.7, Avg: 0.8, Max: 1.2, Diff: 0.5, Sum: 3.3]
      [Update RS (ms): Min: 3.7, Avg: 4.3, Max: 4.7, Diff: 1.0, Sum: 17.1]
         [Processed Buffers: Min: 1, Avg: 7.8, Max: 22, Diff: 21, Sum: 31]
      [Scan RS (ms): Min: 3.1, Avg: 4.1, Max: 5.2, Diff: 2.1, Sum: 16.5]
      [Code Root Scanning (ms): Min: 0.0, Avg: 0.0, Max: 0.0, Diff: 0.0, Sum: 0.0]
      [Object Copy (ms): Min: 25.2, Avg: 26.5, Max: 27.0, Diff: 1.8, Sum: 106.1]
      [Termination (ms): Min: 0.0, Avg: 0.5, Max: 1.1, Diff: 1.1, Sum: 2.1]
         [Termination Attempts: Min: 1, Avg: 1.2, Max: 2, Diff: 1, Sum: 5]
      [GC Worker Other (ms): Min: 0.0, Avg: 0.0, Max: 0.1, Diff: 0.0, Sum: 0.1]
      [GC Worker Total (ms): Min: 35.9, Avg: 36.3, Max: 36.8, Diff: 0.9, Sum: 145.3]
      [GC Worker End (ms): Min: 4730425.1, Avg: 4730425.5, Max: 4730425.9, Diff: 0.9]
   [Code Root Fixup: 0.1 ms]
   [Code Root Purge: 0.0 ms]
   [Clear CT: 1.0 ms]
   [Other: 1.6 ms]
      [Choose CSet: 0.0 ms]
      [Ref Proc: 0.9 ms]
      [Ref Enq: 0.0 ms]
      [Redirty Cards: 0.1 ms]
      [Humongous Register: 0.1 ms]
      [Humongous Reclaim: 0.0 ms]
      [Free CSet: 0.2 ms]
   [Eden: 46.0M(46.0M)->0.0B(45.0M) Survivors: 5120.0K->6144.0K Heap: 244.2M(1024.0M)->199.9M(1024.0M)]
 [Times: user=0.06 sys=0.02, real=0.04 secs] 
2018-11-25T16:50:07.217+0800: 4757.545: [GC pause (G1 Evacuation Pause) (young), 0.0222284 secs]
   [Parallel Time: 21.3 ms, GC Workers: 4]
      [GC Worker Start (ms): Min: 4757545.8, Avg: 4757545.9, Max: 4757546.0, Diff: 0.3]
      [Ext Root Scanning (ms): Min: 1.2, Avg: 1.7, Max: 2.5, Diff: 1.3, Sum: 6.7]
      [Update RS (ms): Min: 1.7, Avg: 2.5, Max: 2.9, Diff: 1.1, Sum: 9.9]
         [Processed Buffers: Min: 4, Avg: 9.0, Max: 20, Diff: 16, Sum: 36]
      [Scan RS (ms): Min: 3.0, Avg: 3.1, Max: 3.2, Diff: 0.3, Sum: 12.4]
      [Code Root Scanning (ms): Min: 0.0, Avg: 0.0, Max: 0.0, Diff: 0.0, Sum: 0.0]
      [Object Copy (ms): Min: 13.7, Avg: 13.7, Max: 13.8, Diff: 0.2, Sum: 54.8]
      [Termination (ms): Min: 0.0, Avg: 0.0, Max: 0.0, Diff: 0.0, Sum: 0.0]
         [Termination Attempts: Min: 1, Avg: 1.0, Max: 1, Diff: 0, Sum: 4]
      [GC Worker Other (ms): Min: 0.0, Avg: 0.0, Max: 0.0, Diff: 0.0, Sum: 0.1]
      [GC Worker Total (ms): Min: 20.9, Avg: 21.0, Max: 21.1, Diff: 0.3, Sum: 84.0]
      [GC Worker End (ms): Min: 4757566.9, Avg: 4757566.9, Max: 4757566.9, Diff: 0.0]
   [Code Root Fixup: 0.0 ms]
   [Code Root Purge: 0.0 ms]
   [Clear CT: 0.1 ms]
   [Other: 0.9 ms]
      [Choose CSet: 0.0 ms]
      [Ref Proc: 0.1 ms]
      [Ref Enq: 0.0 ms]
      [Redirty Cards: 0.1 ms]
      [Humongous Register: 0.1 ms]
      [Humongous Reclaim: 0.0 ms]
      [Free CSet: 0.1 ms]
   [Eden: 45.0M(45.0M)->0.0B(46.0M) Survivors: 6144.0K->5120.0K Heap: 244.9M(1024.0M)->200.9M(1024.0M)]
 [Times: user=0.07 sys=0.00, real=0.03 secs] 
2018-11-25T16:50:34.930+0800: 4785.258: [GC pause (G1 Evacuation Pause) (young), 0.0248690 secs]
   [Parallel Time: 20.1 ms, GC Workers: 4]
      [GC Worker Start (ms): Min: 4785261.8, Avg: 4785262.0, Max: 4785262.2, Diff: 0.3]
      [Ext Root Scanning (ms): Min: 6.4, Avg: 6.8, Max: 7.5, Diff: 1.1, Sum: 27.4]
      [Update RS (ms): Min: 1.0, Avg: 1.6, Max: 2.0, Diff: 1.0, Sum: 6.4]
         [Processed Buffers: Min: 4, Avg: 8.8, Max: 17, Diff: 13, Sum: 35]
      [Scan RS (ms): Min: 3.0, Avg: 3.1, Max: 3.3, Diff: 0.3, Sum: 12.5]
      [Code Root Scanning (ms): Min: 0.0, Avg: 0.0, Max: 0.0, Diff: 0.0, Sum: 0.0]
      [Object Copy (ms): Min: 8.0, Avg: 8.1, Max: 8.2, Diff: 0.1, Sum: 32.4]
      [Termination (ms): Min: 0.0, Avg: 0.0, Max: 0.0, Diff: 0.0, Sum: 0.0]
         [Termination Attempts: Min: 1, Avg: 1.0, Max: 1, Diff: 0, Sum: 4]
      [GC Worker Other (ms): Min: 0.0, Avg: 0.1, Max: 0.1, Diff: 0.1, Sum: 0.3]
      [GC Worker Total (ms): Min: 19.6, Avg: 19.8, Max: 19.9, Diff: 0.3, Sum: 79.1]
      [GC Worker End (ms): Min: 4785281.7, Avg: 4785281.8, Max: 4785281.8, Diff: 0.0]
   [Code Root Fixup: 0.0 ms]
   [Code Root Purge: 0.0 ms]
   [Clear CT: 0.0 ms]
   [Other: 4.7 ms]
      [Choose CSet: 0.0 ms]
      [Ref Proc: 0.2 ms]
      [Ref Enq: 0.0 ms]
      [Redirty Cards: 0.1 ms]
      [Humongous Register: 3.5 ms]
      [Humongous Reclaim: 0.0 ms]
      [Free CSet: 0.1 ms]
   [Eden: 46.0M(46.0M)->0.0B(46.0M) Survivors: 5120.0K->5120.0K Heap: 246.9M(1024.0M)->200.9M(1024.0M)]
 [Times: user=0.05 sys=0.02, real=0.03 secs] 
2018-11-25T16:51:03.004+0800: 4813.331: [GC pause (G1 Evacuation Pause) (young), 0.0208531 secs]
   [Parallel Time: 20.1 ms, GC Workers: 4]
      [GC Worker Start (ms): Min: 4813330.7, Avg: 4813330.7, Max: 4813330.8, Diff: 0.1]
      [Ext Root Scanning (ms): Min: 0.8, Avg: 0.8, Max: 0.8, Diff: 0.1, Sum: 3.2]
      [Update RS (ms): Min: 2.8, Avg: 2.9, Max: 3.0, Diff: 0.2, Sum: 11.7]
         [Processed Buffers: Min: 4, Avg: 8.5, Max: 15, Diff: 11, Sum: 34]
      [Scan RS (ms): Min: 3.2, Avg: 3.3, Max: 3.3, Diff: 0.1, Sum: 13.2]
      [Code Root Scanning (ms): Min: 0.0, Avg: 0.0, Max: 0.0, Diff: 0.0, Sum: 0.0]
      [Object Copy (ms): Min: 12.8, Avg: 12.9, Max: 13.0, Diff: 0.2, Sum: 51.6]
      [Termination (ms): Min: 0.0, Avg: 0.0, Max: 0.0, Diff: 0.0, Sum: 0.0]
         [Termination Attempts: Min: 1, Avg: 1.0, Max: 1, Diff: 0, Sum: 4]
      [GC Worker Other (ms): Min: 0.0, Avg: 0.0, Max: 0.1, Diff: 0.0, Sum: 0.2]
      [GC Worker Total (ms): Min: 19.9, Avg: 20.0, Max: 20.0, Diff: 0.1, Sum: 80.0]
      [GC Worker End (ms): Min: 4813350.7, Avg: 4813350.7, Max: 4813350.7, Diff: 0.0]
   [Code Root Fixup: 0.0 ms]
   [Code Root Purge: 0.0 ms]
   [Clear CT: 0.2 ms]
   [Other: 0.6 ms]
      [Choose CSet: 0.0 ms]
      [Ref Proc: 0.1 ms]
      [Ref Enq: 0.0 ms]
      [Redirty Cards: 0.1 ms]
      [Humongous Register: 0.0 ms]
      [Humongous Reclaim: 0.0 ms]
      [Free CSet: 0.0 ms]
   [Eden: 46.0M(46.0M)->0.0B(44.0M) Survivors: 5120.0K->7168.0K Heap: 246.9M(1024.0M)->203.4M(1024.0M)]
 [Times: user=0.07 sys=0.00, real=0.02 secs] 
2018-11-25T16:51:29.373+0800: 4839.685: [GC pause (G1 Evacuation Pause) (young), 0.0420958 secs]
   [Parallel Time: 36.3 ms, GC Workers: 4]
      [GC Worker Start (ms): Min: 4839689.7, Avg: 4839689.9, Max: 4839690.1, Diff: 0.5]
      [Ext Root Scanning (ms): Min: 5.2, Avg: 6.9, Max: 11.4, Diff: 6.1, Sum: 27.6]
      [Update RS (ms): Min: 0.0, Avg: 3.9, Max: 5.2, Diff: 5.2, Sum: 15.5]
         [Processed Buffers: Min: 0, Avg: 8.0, Max: 15, Diff: 15, Sum: 32]
      [Scan RS (ms): Min: 4.1, Avg: 4.6, Max: 4.8, Diff: 0.7, Sum: 18.3]
      [Code Root Scanning (ms): Min: 0.0, Avg: 0.0, Max: 0.0, Diff: 0.0, Sum: 0.0]
      [Object Copy (ms): Min: 20.2, Avg: 20.3, Max: 20.3, Diff: 0.2, Sum: 81.0]
      [Termination (ms): Min: 0.0, Avg: 0.2, Max: 0.3, Diff: 0.3, Sum: 0.7]
         [Termination Attempts: Min: 1, Avg: 1.0, Max: 1, Diff: 0, Sum: 4]
      [GC Worker Other (ms): Min: 0.0, Avg: 0.1, Max: 0.1, Diff: 0.1, Sum: 0.3]
      [GC Worker Total (ms): Min: 35.7, Avg: 35.9, Max: 36.0, Diff: 0.4, Sum: 143.4]
      [GC Worker End (ms): Min: 4839725.7, Avg: 4839725.8, Max: 4839725.8, Diff: 0.2]
   [Code Root Fixup: 0.0 ms]
   [Code Root Purge: 0.0 ms]
   [Clear CT: 0.1 ms]
   [Other: 5.6 ms]
      [Choose CSet: 0.0 ms]
      [Ref Proc: 0.3 ms]
      [Ref Enq: 0.0 ms]
      [Redirty Cards: 0.1 ms]
      [Humongous Register: 3.7 ms]
      [Humongous Reclaim: 0.0 ms]
      [Free CSet: 0.4 ms]
   [Eden: 44.0M(44.0M)->0.0B(46.0M) Survivors: 7168.0K->5120.0K Heap: 247.4M(1024.0M)->202.9M(1024.0M)]
 [Times: user=0.07 sys=0.05, real=0.04 secs] 
2018-11-25T16:51:57.167+0800: 4867.474: [GC pause (G1 Evacuation Pause) (young), 0.0250719 secs]
   [Parallel Time: 24.3 ms, GC Workers: 4]
      [GC Worker Start (ms): Min: 4867473.9, Avg: 4867473.9, Max: 4867474.0, Diff: 0.1]
      [Ext Root Scanning (ms): Min: 0.9, Avg: 0.9, Max: 0.9, Diff: 0.1, Sum: 3.6]
      [Update RS (ms): Min: 4.6, Avg: 4.9, Max: 5.1, Diff: 0.5, Sum: 19.6]
         [Processed Buffers: Min: 6, Avg: 9.8, Max: 16, Diff: 10, Sum: 39]
      [Scan RS (ms): Min: 4.3, Avg: 4.5, Max: 4.7, Diff: 0.5, Sum: 18.0]
      [Code Root Scanning (ms): Min: 0.0, Avg: 0.0, Max: 0.0, Diff: 0.0, Sum: 0.0]
      [Object Copy (ms): Min: 13.8, Avg: 13.9, Max: 13.9, Diff: 0.1, Sum: 55.4]
      [Termination (ms): Min: 0.0, Avg: 0.0, Max: 0.0, Diff: 0.0, Sum: 0.0]
         [Termination Attempts: Min: 1, Avg: 1.0, Max: 1, Diff: 0, Sum: 4]
      [GC Worker Other (ms): Min: 0.0, Avg: 0.0, Max: 0.1, Diff: 0.0, Sum: 0.2]
      [GC Worker Total (ms): Min: 24.2, Avg: 24.2, Max: 24.2, Diff: 0.0, Sum: 96.8]
      [GC Worker End (ms): Min: 4867498.1, Avg: 4867498.2, Max: 4867498.2, Diff: 0.0]
   [Code Root Fixup: 0.0 ms]
   [Code Root Purge: 0.0 ms]
   [Clear CT: 0.1 ms]
   [Other: 0.7 ms]
      [Choose CSet: 0.0 ms]
      [Ref Proc: 0.1 ms]
      [Ref Enq: 0.0 ms]
      [Redirty Cards: 0.1 ms]
      [Humongous Register: 0.1 ms]
      [Humongous Reclaim: 0.0 ms]
      [Free CSet: 0.1 ms]
   [Eden: 46.0M(46.0M)->0.0B(46.0M) Survivors: 5120.0K->5120.0K Heap: 248.9M(1024.0M)->203.4M(1024.0M)]
 [Times: user=0.06 sys=0.02, real=0.03 secs] 
2018-11-25T16:52:24.939+0800: 4895.245: [GC pause (G1 Evacuation Pause) (young), 0.0190119 secs]
   [Parallel Time: 18.0 ms, GC Workers: 4]
      [GC Worker Start (ms): Min: 4895244.9, Avg: 4895245.0, Max: 4895245.2, Diff: 0.3]
      [Ext Root Scanning (ms): Min: 1.3, Avg: 2.4, Max: 3.7, Diff: 2.4, Sum: 9.7]
      [Update RS (ms): Min: 0.9, Avg: 2.3, Max: 3.6, Diff: 2.6, Sum: 9.0]
         [Processed Buffers: Min: 1, Avg: 8.8, Max: 20, Diff: 19, Sum: 35]
      [Scan RS (ms): Min: 3.1, Avg: 3.3, Max: 3.5, Diff: 0.4, Sum: 13.1]
      [Code Root Scanning (ms): Min: 0.0, Avg: 0.0, Max: 0.0, Diff: 0.0, Sum: 0.0]
      [Object Copy (ms): Min: 9.8, Avg: 9.8, Max: 9.9, Diff: 0.1, Sum: 39.2]
      [Termination (ms): Min: 0.0, Avg: 0.0, Max: 0.0, Diff: 0.0, Sum: 0.0]
         [Termination Attempts: Min: 1, Avg: 1.0, Max: 1, Diff: 0, Sum: 4]
      [GC Worker Other (ms): Min: 0.0, Avg: 0.0, Max: 0.1, Diff: 0.0, Sum: 0.2]
      [GC Worker Total (ms): Min: 17.6, Avg: 17.8, Max: 17.9, Diff: 0.3, Sum: 71.3]
      [GC Worker End (ms): Min: 4895262.8, Avg: 4895262.8, Max: 4895262.8, Diff: 0.0]
   [Code Root Fixup: 0.0 ms]
   [Code Root Purge: 0.0 ms]
   [Clear CT: 0.1 ms]
   [Other: 0.9 ms]
      [Choose CSet: 0.0 ms]
      [Ref Proc: 0.3 ms]
      [Ref Enq: 0.0 ms]
      [Redirty Cards: 0.1 ms]
      [Humongous Register: 0.2 ms]
      [Humongous Reclaim: 0.0 ms]
      [Free CSet: 0.1 ms]
   [Eden: 46.0M(46.0M)->0.0B(46.0M) Survivors: 5120.0K->5120.0K Heap: 249.4M(1024.0M)->203.7M(1024.0M)]
 [Times: user=0.06 sys=0.01, real=0.03 secs] 
2018-11-25T16:52:52.585+0800: 4922.889: [GC pause (G1 Evacuation Pause) (young), 0.0243658 secs]
   [Parallel Time: 23.4 ms, GC Workers: 4]
      [GC Worker Start (ms): Min: 4922889.6, Avg: 4922889.6, Max: 4922889.6, Diff: 0.1]
      [Ext Root Scanning (ms): Min: 0.9, Avg: 1.0, Max: 1.3, Diff: 0.4, Sum: 4.0]
      [Update RS (ms): Min: 2.7, Avg: 3.3, Max: 3.7, Diff: 1.1, Sum: 13.0]
         [Processed Buffers: Min: 4, Avg: 8.2, Max: 17, Diff: 13, Sum: 33]
      [Scan RS (ms): Min: 2.3, Avg: 2.7, Max: 3.0, Diff: 0.8, Sum: 10.6]
      [Code Root Scanning (ms): Min: 0.0, Avg: 0.0, Max: 0.0, Diff: 0.0, Sum: 0.0]
      [Object Copy (ms): Min: 16.3, Avg: 16.4, Max: 16.4, Diff: 0.1, Sum: 65.5]
      [Termination (ms): Min: 0.0, Avg: 0.0, Max: 0.0, Diff: 0.0, Sum: 0.0]
         [Termination Attempts: Min: 1, Avg: 1.0, Max: 1, Diff: 0, Sum: 4]
      [GC Worker Other (ms): Min: 0.0, Avg: 0.0, Max: 0.0, Diff: 0.0, Sum: 0.1]
      [GC Worker Total (ms): Min: 23.3, Avg: 23.3, Max: 23.4, Diff: 0.1, Sum: 93.3]
      [GC Worker End (ms): Min: 4922912.9, Avg: 4922912.9, Max: 4922913.0, Diff: 0.0]
   [Code Root Fixup: 0.0 ms]
   [Code Root Purge: 0.0 ms]
   [Clear CT: 0.1 ms]
   [Other: 0.8 ms]
      [Choose CSet: 0.0 ms]
      [Ref Proc: 0.2 ms]
      [Ref Enq: 0.0 ms]
      [Redirty Cards: 0.1 ms]
      [Humongous Register: 0.0 ms]
      [Humongous Reclaim: 0.0 ms]
      [Free CSet: 0.1 ms]
   [Eden: 46.0M(46.0M)->0.0B(44.0M) Survivors: 5120.0K->7168.0K Heap: 249.7M(1024.0M)->205.7M(1024.0M)]
 [Times: user=0.06 sys=0.03, real=0.03 secs] 
2018-11-25T16:53:19.181+0800: 4949.485: [GC pause (G1 Evacuation Pause) (young), 0.0201745 secs]
   [Parallel Time: 19.1 ms, GC Workers: 4]
      [GC Worker Start (ms): Min: 4949485.3, Avg: 4949485.4, Max: 4949485.4, Diff: 0.1]
      [Ext Root Scanning (ms): Min: 1.0, Avg: 1.1, Max: 1.1, Diff: 0.1, Sum: 4.2]
      [Update RS (ms): Min: 2.5, Avg: 2.6, Max: 2.7, Diff: 0.2, Sum: 10.2]
         [Processed Buffers: Min: 4, Avg: 7.8, Max: 14, Diff: 10, Sum: 31]
      [Scan RS (ms): Min: 3.1, Avg: 3.2, Max: 3.3, Diff: 0.2, Sum: 12.8]
      [Code Root Scanning (ms): Min: 0.0, Avg: 0.0, Max: 0.0, Diff: 0.0, Sum: 0.0]
      [Object Copy (ms): Min: 12.0, Avg: 12.1, Max: 12.1, Diff: 0.2, Sum: 48.2]
      [Termination (ms): Min: 0.0, Avg: 0.0, Max: 0.0, Diff: 0.0, Sum: 0.0]
         [Termination Attempts: Min: 1, Avg: 1.0, Max: 1, Diff: 0, Sum: 4]
      [GC Worker Other (ms): Min: 0.0, Avg: 0.0, Max: 0.1, Diff: 0.0, Sum: 0.2]
      [GC Worker Total (ms): Min: 18.9, Avg: 18.9, Max: 18.9, Diff: 0.0, Sum: 75.6]
      [GC Worker End (ms): Min: 4949504.3, Avg: 4949504.3, Max: 4949504.3, Diff: 0.0]
   [Code Root Fixup: 0.0 ms]
   [Code Root Purge: 0.0 ms]
   [Clear CT: 0.1 ms]
   [Other: 1.0 ms]
      [Choose CSet: 0.0 ms]
      [Ref Proc: 0.2 ms]
      [Ref Enq: 0.0 ms]
      [Redirty Cards: 0.1 ms]
      [Humongous Register: 0.3 ms]
      [Humongous Reclaim: 0.0 ms]
      [Free CSet: 0.1 ms]
   [Eden: 44.0M(44.0M)->0.0B(46.0M) Survivors: 7168.0K->5120.0K Heap: 249.7M(1024.0M)->205.7M(1024.0M)]
 [Times: user=0.07 sys=0.01, real=0.02 secs] 
2018-11-25T16:53:46.982+0800: 4977.285: [GC pause (G1 Evacuation Pause) (young), 0.0210271 secs]
   [Parallel Time: 20.2 ms, GC Workers: 4]
      [GC Worker Start (ms): Min: 4977285.1, Avg: 4977285.2, Max: 4977285.3, Diff: 0.2]
      [Ext Root Scanning (ms): Min: 0.9, Avg: 1.1, Max: 1.4, Diff: 0.5, Sum: 4.5]
      [Update RS (ms): Min: 2.3, Avg: 3.0, Max: 3.4, Diff: 1.0, Sum: 11.9]
         [Processed Buffers: Min: 4, Avg: 8.8, Max: 21, Diff: 17, Sum: 35]
      [Scan RS (ms): Min: 5.6, Avg: 5.9, Max: 6.2, Diff: 0.6, Sum: 23.8]
      [Code Root Scanning (ms): Min: 0.0, Avg: 0.0, Max: 0.0, Diff: 0.0, Sum: 0.0]
      [Object Copy (ms): Min: 9.9, Avg: 10.0, Max: 10.0, Diff: 0.2, Sum: 39.9]
      [Termination (ms): Min: 0.0, Avg: 0.0, Max: 0.0, Diff: 0.0, Sum: 0.0]
         [Termination Attempts: Min: 1, Avg: 2.0, Max: 4, Diff: 3, Sum: 8]
      [GC Worker Other (ms): Min: 0.0, Avg: 0.0, Max: 0.0, Diff: 0.0, Sum: 0.1]
      [GC Worker Total (ms): Min: 19.9, Avg: 20.0, Max: 20.1, Diff: 0.2, Sum: 80.2]
      [GC Worker End (ms): Min: 4977305.2, Avg: 4977305.2, Max: 4977305.2, Diff: 0.0]
   [Code Root Fixup: 0.0 ms]
   [Code Root Purge: 0.0 ms]
   [Clear CT: 0.2 ms]
   [Other: 0.7 ms]
      [Choose CSet: 0.0 ms]
      [Ref Proc: 0.2 ms]
      [Ref Enq: 0.0 ms]
      [Redirty Cards: 0.1 ms]
      [Humongous Register: 0.1 ms]
      [Humongous Reclaim: 0.0 ms]
      [Free CSet: 0.1 ms]
   [Eden: 46.0M(46.0M)->0.0B(46.0M) Survivors: 5120.0K->5120.0K Heap: 251.7M(1024.0M)->205.7M(1024.0M)]
 [Times: user=0.06 sys=0.01, real=0.02 secs] 
2018-11-25T16:54:14.985+0800: 5005.287: [GC pause (G1 Evacuation Pause) (young), 0.0201621 secs]
   [Parallel Time: 19.6 ms, GC Workers: 4]
      [GC Worker Start (ms): Min: 5005287.4, Avg: 5005287.5, Max: 5005287.5, Diff: 0.1]
      [Ext Root Scanning (ms): Min: 0.8, Avg: 1.0, Max: 1.0, Diff: 0.2, Sum: 3.8]
      [Update RS (ms): Min: 2.1, Avg: 2.4, Max: 2.7, Diff: 0.5, Sum: 9.4]
         [Processed Buffers: Min: 4, Avg: 7.2, Max: 16, Diff: 12, Sum: 29]
      [Scan RS (ms): Min: 2.9, Avg: 3.1, Max: 3.3, Diff: 0.5, Sum: 12.6]
      [Code Root Scanning (ms): Min: 0.0, Avg: 0.0, Max: 0.0, Diff: 0.0, Sum: 0.0]
      [Object Copy (ms): Min: 12.9, Avg: 12.9, Max: 13.0, Diff: 0.2, Sum: 51.8]
      [Termination (ms): Min: 0.0, Avg: 0.0, Max: 0.0, Diff: 0.0, Sum: 0.0]
         [Termination Attempts: Min: 1, Avg: 1.0, Max: 1, Diff: 0, Sum: 4]
      [GC Worker Other (ms): Min: 0.0, Avg: 0.0, Max: 0.0, Diff: 0.0, Sum: 0.1]
      [GC Worker Total (ms): Min: 19.4, Avg: 19.4, Max: 19.5, Diff: 0.1, Sum: 77.8]
      [GC Worker End (ms): Min: 5005306.9, Avg: 5005306.9, Max: 5005306.9, Diff: 0.0]
   [Code Root Fixup: 0.0 ms]
   [Code Root Purge: 0.0 ms]
   [Clear CT: 0.0 ms]
   [Other: 0.5 ms]
      [Choose CSet: 0.0 ms]
      [Ref Proc: 0.1 ms]
      [Ref Enq: 0.0 ms]
      [Redirty Cards: 0.1 ms]
      [Humongous Register: 0.0 ms]
      [Humongous Reclaim: 0.0 ms]
      [Free CSet: 0.1 ms]
   [Eden: 46.0M(46.0M)->0.0B(44.0M) Survivors: 5120.0K->7168.0K Heap: 251.7M(1024.0M)->207.7M(1024.0M)]
 [Times: user=0.07 sys=0.00, real=0.02 secs] 
2018-11-25T16:54:41.397+0800: 5031.698: [GC pause (G1 Evacuation Pause) (young), 0.0204665 secs]
   [Parallel Time: 19.6 ms, GC Workers: 4]
      [GC Worker Start (ms): Min: 5031697.8, Avg: 5031697.9, Max: 5031698.0, Diff: 0.2]
      [Ext Root Scanning (ms): Min: 0.7, Avg: 0.8, Max: 0.9, Diff: 0.2, Sum: 3.3]
      [Update RS (ms): Min: 2.0, Avg: 2.2, Max: 2.5, Diff: 0.4, Sum: 8.8]
         [Processed Buffers: Min: 2, Avg: 7.8, Max: 14, Diff: 12, Sum: 31]
      [Scan RS (ms): Min: 3.0, Avg: 3.2, Max: 3.4, Diff: 0.4, Sum: 12.8]
      [Code Root Scanning (ms): Min: 0.0, Avg: 0.0, Max: 0.0, Diff: 0.0, Sum: 0.0]
      [Object Copy (ms): Min: 13.0, Avg: 13.1, Max: 13.2, Diff: 0.2, Sum: 52.4]
      [Termination (ms): Min: 0.0, Avg: 0.1, Max: 0.1, Diff: 0.1, Sum: 0.3]
         [Termination Attempts: Min: 1, Avg: 1.2, Max: 2, Diff: 1, Sum: 5]
      [GC Worker Other (ms): Min: 0.0, Avg: 0.1, Max: 0.1, Diff: 0.1, Sum: 0.2]
      [GC Worker Total (ms): Min: 19.3, Avg: 19.5, Max: 19.6, Diff: 0.2, Sum: 77.9]
      [GC Worker End (ms): Min: 5031717.3, Avg: 5031717.4, Max: 5031717.4, Diff: 0.1]
   [Code Root Fixup: 0.0 ms]
   [Code Root Purge: 0.0 ms]
   [Clear CT: 0.1 ms]
   [Other: 0.7 ms]
      [Choose CSet: 0.0 ms]
      [Ref Proc: 0.2 ms]
      [Ref Enq: 0.0 ms]
      [Redirty Cards: 0.1 ms]
      [Humongous Register: 0.0 ms]
      [Humongous Reclaim: 0.0 ms]
      [Free CSet: 0.1 ms]
   [Eden: 44.0M(44.0M)->0.0B(46.0M) Survivors: 7168.0K->5120.0K Heap: 251.7M(1024.0M)->207.7M(1024.0M)]
 [Times: user=0.08 sys=0.00, real=0.02 secs] 
2018-11-25T16:55:09.010+0800: 5059.311: [GC pause (G1 Evacuation Pause) (young), 0.0402257 secs]
   [Parallel Time: 31.1 ms, GC Workers: 4]
      [GC Worker Start (ms): Min: 5059318.8, Avg: 5059318.9, Max: 5059319.1, Diff: 0.3]
      [Ext Root Scanning (ms): Min: 4.9, Avg: 8.1, Max: 17.2, Diff: 12.3, Sum: 32.3]
      [Update RS (ms): Min: 0.0, Avg: 3.7, Max: 5.0, Diff: 5.0, Sum: 14.7]
         [Processed Buffers: Min: 0, Avg: 9.0, Max: 23, Diff: 23, Sum: 36]
      [Scan RS (ms): Min: 1.8, Avg: 7.4, Max: 10.0, Diff: 8.2, Sum: 29.8]
      [Code Root Scanning (ms): Min: 0.0, Avg: 0.0, Max: 0.0, Diff: 0.0, Sum: 0.0]
      [Object Copy (ms): Min: 10.7, Avg: 11.4, Max: 11.8, Diff: 1.1, Sum: 45.7]
      [Termination (ms): Min: 0.0, Avg: 0.1, Max: 0.2, Diff: 0.2, Sum: 0.3]
         [Termination Attempts: Min: 1, Avg: 1.0, Max: 1, Diff: 0, Sum: 4]
      [GC Worker Other (ms): Min: 0.0, Avg: 0.1, Max: 0.2, Diff: 0.1, Sum: 0.3]
      [GC Worker Total (ms): Min: 30.7, Avg: 30.8, Max: 30.9, Diff: 0.2, Sum: 123.2]
      [GC Worker End (ms): Min: 5059349.7, Avg: 5059349.7, Max: 5059349.8, Diff: 0.0]
   [Code Root Fixup: 0.0 ms]
   [Code Root Purge: 0.0 ms]
   [Clear CT: 0.1 ms]
   [Other: 9.1 ms]
      [Choose CSet: 0.0 ms]
      [Ref Proc: 0.3 ms]
      [Ref Enq: 0.0 ms]
      [Redirty Cards: 0.1 ms]
      [Humongous Register: 7.5 ms]
      [Humongous Reclaim: 0.0 ms]
      [Free CSet: 0.4 ms]
   [Eden: 46.0M(46.0M)->0.0B(46.0M) Survivors: 5120.0K->5120.0K Heap: 253.7M(1024.0M)->208.2M(1024.0M)]
 [Times: user=0.05 sys=0.03, real=0.04 secs] 
2018-11-25T16:55:36.774+0800: 5087.074: [GC pause (G1 Evacuation Pause) (young), 0.0262862 secs]
   [Parallel Time: 25.6 ms, GC Workers: 4]
      [GC Worker Start (ms): Min: 5087073.9, Avg: 5087074.0, Max: 5087074.3, Diff: 0.4]
      [Ext Root Scanning (ms): Min: 0.9, Avg: 1.2, Max: 1.3, Diff: 0.4, Sum: 4.7]
      [Update RS (ms): Min: 4.2, Avg: 4.3, Max: 4.5, Diff: 0.3, Sum: 17.2]
         [Processed Buffers: Min: 2, Avg: 9.0, Max: 16, Diff: 14, Sum: 36]
      [Scan RS (ms): Min: 3.0, Avg: 4.0, Max: 6.2, Diff: 3.1, Sum: 16.0]
      [Code Root Scanning (ms): Min: 0.0, Avg: 0.0, Max: 0.0, Diff: 0.0, Sum: 0.0]
      [Object Copy (ms): Min: 13.7, Avg: 15.9, Max: 16.6, Diff: 2.9, Sum: 63.6]
      [Termination (ms): Min: 0.0, Avg: 0.0, Max: 0.0, Diff: 0.0, Sum: 0.0]
         [Termination Attempts: Min: 1, Avg: 2.8, Max: 4, Diff: 3, Sum: 11]
      [GC Worker Other (ms): Min: 0.0, Avg: 0.0, Max: 0.0, Diff: 0.0, Sum: 0.1]
      [GC Worker Total (ms): Min: 25.2, Avg: 25.4, Max: 25.6, Diff: 0.4, Sum: 101.7]
      [GC Worker End (ms): Min: 5087099.4, Avg: 5087099.4, Max: 5087099.4, Diff: 0.0]
   [Code Root Fixup: 0.0 ms]
   [Code Root Purge: 0.0 ms]
   [Clear CT: 0.1 ms]
   [Other: 0.6 ms]
      [Choose CSet: 0.0 ms]
      [Ref Proc: 0.1 ms]
      [Ref Enq: 0.0 ms]
      [Redirty Cards: 0.0 ms]
      [Humongous Register: 0.0 ms]
      [Humongous Reclaim: 0.0 ms]
      [Free CSet: 0.1 ms]
   [Eden: 46.0M(46.0M)->0.0B(45.0M) Survivors: 5120.0K->6144.0K Heap: 254.2M(1024.0M)->209.6M(1024.0M)]
 [Times: user=0.06 sys=0.01, real=0.03 secs] 
2018-11-25T16:56:03.941+0800: 5114.240: [GC pause (G1 Evacuation Pause) (young), 0.0211322 secs]
   [Parallel Time: 19.5 ms, GC Workers: 4]
      [GC Worker Start (ms): Min: 5114240.2, Avg: 5114240.3, Max: 5114240.3, Diff: 0.1]
      [Ext Root Scanning (ms): Min: 1.0, Avg: 1.0, Max: 1.1, Diff: 0.1, Sum: 4.0]
      [Update RS (ms): Min: 2.3, Avg: 2.6, Max: 2.8, Diff: 0.5, Sum: 10.4]
         [Processed Buffers: Min: 5, Avg: 8.8, Max: 18, Diff: 13, Sum: 35]
      [Scan RS (ms): Min: 3.3, Avg: 3.5, Max: 3.8, Diff: 0.5, Sum: 14.1]
      [Code Root Scanning (ms): Min: 0.0, Avg: 0.0, Max: 0.0, Diff: 0.0, Sum: 0.0]
      [Object Copy (ms): Min: 12.2, Avg: 12.2, Max: 12.3, Diff: 0.1, Sum: 49.0]
      [Termination (ms): Min: 0.0, Avg: 0.0, Max: 0.0, Diff: 0.0, Sum: 0.0]
         [Termination Attempts: Min: 1, Avg: 1.0, Max: 1, Diff: 0, Sum: 4]
      [GC Worker Other (ms): Min: 0.0, Avg: 0.0, Max: 0.1, Diff: 0.0, Sum: 0.2]
      [GC Worker Total (ms): Min: 19.4, Avg: 19.4, Max: 19.5, Diff: 0.1, Sum: 77.6]
      [GC Worker End (ms): Min: 5114259.7, Avg: 5114259.7, Max: 5114259.7, Diff: 0.0]
   [Code Root Fixup: 0.0 ms]
   [Code Root Purge: 0.0 ms]
   [Clear CT: 0.1 ms]
   [Other: 1.5 ms]
      [Choose CSet: 0.0 ms]
      [Ref Proc: 0.4 ms]
      [Ref Enq: 0.0 ms]
      [Redirty Cards: 0.2 ms]
      [Humongous Register: 0.2 ms]
      [Humongous Reclaim: 0.1 ms]
      [Free CSet: 0.2 ms]
   [Eden: 45.0M(45.0M)->0.0B(44.0M) Survivors: 6144.0K->7168.0K Heap: 254.6M(1024.0M)->210.6M(1024.0M)]
 [Times: user=0.07 sys=0.00, real=0.02 secs] 
2018-11-25T16:56:30.394+0800: 5140.692: [GC pause (G1 Evacuation Pause) (young), 0.0194398 secs]
   [Parallel Time: 18.6 ms, GC Workers: 4]
      [GC Worker Start (ms): Min: 5140692.1, Avg: 5140692.6, Max: 5140694.2, Diff: 2.2]
      [Ext Root Scanning (ms): Min: 0.0, Avg: 0.7, Max: 1.0, Diff: 1.0, Sum: 3.0]
      [Update RS (ms): Min: 1.5, Avg: 2.3, Max: 2.9, Diff: 1.4, Sum: 9.3]
         [Processed Buffers: Min: 3, Avg: 8.2, Max: 14, Diff: 11, Sum: 33]
      [Scan RS (ms): Min: 2.8, Avg: 3.2, Max: 3.3, Diff: 0.5, Sum: 12.6]
      [Code Root Scanning (ms): Min: 0.0, Avg: 0.0, Max: 0.0, Diff: 0.0, Sum: 0.0]
      [Object Copy (ms): Min: 11.6, Avg: 11.7, Max: 11.8, Diff: 0.2, Sum: 46.9]
      [Termination (ms): Min: 0.0, Avg: 0.0, Max: 0.0, Diff: 0.0, Sum: 0.1]
         [Termination Attempts: Min: 1, Avg: 1.0, Max: 1, Diff: 0, Sum: 4]
      [GC Worker Other (ms): Min: 0.0, Avg: 0.0, Max: 0.0, Diff: 0.0, Sum: 0.1]
      [GC Worker Total (ms): Min: 16.4, Avg: 18.0, Max: 18.6, Diff: 2.2, Sum: 72.0]
      [GC Worker End (ms): Min: 5140710.6, Avg: 5140710.6, Max: 5140710.6, Diff: 0.0]
   [Code Root Fixup: 0.0 ms]
   [Code Root Purge: 0.0 ms]
   [Clear CT: 0.1 ms]
   [Other: 0.7 ms]
      [Choose CSet: 0.0 ms]
      [Ref Proc: 0.3 ms]
      [Ref Enq: 0.0 ms]
      [Redirty Cards: 0.1 ms]
      [Humongous Register: 0.0 ms]
      [Humongous Reclaim: 0.0 ms]
      [Free CSet: 0.1 ms]
   [Eden: 44.0M(44.0M)->0.0B(46.0M) Survivors: 7168.0K->5120.0K Heap: 254.6M(1024.0M)->210.5M(1024.0M)]
 [Times: user=0.07 sys=0.01, real=0.03 secs] 
2018-11-25T16:56:58.242+0800: 5168.539: [GC pause (G1 Evacuation Pause) (young), 0.0207114 secs]
   [Parallel Time: 20.0 ms, GC Workers: 4]
      [GC Worker Start (ms): Min: 5168539.5, Avg: 5168539.5, Max: 5168539.6, Diff: 0.1]
      [Ext Root Scanning (ms): Min: 0.9, Avg: 0.9, Max: 1.0, Diff: 0.1, Sum: 3.7]
      [Update RS (ms): Min: 3.5, Avg: 4.2, Max: 4.8, Diff: 1.2, Sum: 16.7]
         [Processed Buffers: Min: 3, Avg: 8.5, Max: 14, Diff: 11, Sum: 34]
      [Scan RS (ms): Min: 4.1, Avg: 4.8, Max: 5.4, Diff: 1.3, Sum: 19.1]
      [Code Root Scanning (ms): Min: 0.0, Avg: 0.0, Max: 0.0, Diff: 0.0, Sum: 0.0]
      [Object Copy (ms): Min: 9.9, Avg: 9.9, Max: 10.0, Diff: 0.2, Sum: 39.7]
      [Termination (ms): Min: 0.0, Avg: 0.0, Max: 0.0, Diff: 0.0, Sum: 0.0]
         [Termination Attempts: Min: 1, Avg: 1.0, Max: 1, Diff: 0, Sum: 4]
      [GC Worker Other (ms): Min: 0.0, Avg: 0.0, Max: 0.1, Diff: 0.1, Sum: 0.2]
      [GC Worker Total (ms): Min: 19.8, Avg: 19.8, Max: 19.9, Diff: 0.0, Sum: 79.4]
      [GC Worker End (ms): Min: 5168559.4, Avg: 5168559.4, Max: 5168559.4, Diff: 0.0]
   [Code Root Fixup: 0.0 ms]
   [Code Root Purge: 0.0 ms]
   [Clear CT: 0.1 ms]
   [Other: 0.7 ms]
      [Choose CSet: 0.0 ms]
      [Ref Proc: 0.2 ms]
      [Ref Enq: 0.0 ms]
      [Redirty Cards: 0.0 ms]
      [Humongous Register: 0.0 ms]
      [Humongous Reclaim: 0.0 ms]
      [Free CSet: 0.1 ms]
   [Eden: 46.0M(46.0M)->0.0B(46.0M) Survivors: 5120.0K->5120.0K Heap: 256.5M(1024.0M)->211.0M(1024.0M)]
 [Times: user=0.06 sys=0.01, real=0.02 secs] 
2018-11-25T16:57:26.119+0800: 5196.415: [GC pause (G1 Evacuation Pause) (young), 0.0406483 secs]
   [Parallel Time: 39.4 ms, GC Workers: 4]
      [GC Worker Start (ms): Min: 5196415.9, Avg: 5196416.1, Max: 5196416.6, Diff: 0.7]
      [Ext Root Scanning (ms): Min: 2.2, Avg: 2.6, Max: 3.6, Diff: 1.4, Sum: 10.3]
      [Update RS (ms): Min: 6.5, Avg: 7.0, Max: 8.0, Diff: 1.5, Sum: 28.1]
         [Processed Buffers: Min: 2, Avg: 8.0, Max: 13, Diff: 11, Sum: 32]
      [Scan RS (ms): Min: 3.2, Avg: 4.2, Max: 5.1, Diff: 1.9, Sum: 16.6]
      [Code Root Scanning (ms): Min: 0.0, Avg: 0.0, Max: 0.0, Diff: 0.0, Sum: 0.0]
      [Object Copy (ms): Min: 25.2, Avg: 25.3, Max: 25.6, Diff: 0.4, Sum: 101.3]
      [Termination (ms): Min: 0.0, Avg: 0.0, Max: 0.0, Diff: 0.0, Sum: 0.0]
         [Termination Attempts: Min: 1, Avg: 1.0, Max: 1, Diff: 0, Sum: 4]
      [GC Worker Other (ms): Min: 0.0, Avg: 0.0, Max: 0.1, Diff: 0.0, Sum: 0.2]
      [GC Worker Total (ms): Min: 38.7, Avg: 39.2, Max: 39.3, Diff: 0.6, Sum: 156.6]
      [GC Worker End (ms): Min: 5196455.2, Avg: 5196455.3, Max: 5196455.3, Diff: 0.0]
   [Code Root Fixup: 0.0 ms]
   [Code Root Purge: 0.0 ms]
   [Clear CT: 0.1 ms]
   [Other: 1.1 ms]
      [Choose CSet: 0.0 ms]
      [Ref Proc: 0.2 ms]
      [Ref Enq: 0.0 ms]
      [Redirty Cards: 0.1 ms]
      [Humongous Register: 0.2 ms]
      [Humongous Reclaim: 0.0 ms]
      [Free CSet: 0.1 ms]
   [Eden: 46.0M(46.0M)->0.0B(44.0M) Survivors: 5120.0K->7168.0K Heap: 257.0M(1024.0M)->213.0M(1024.0M)]
 [Times: user=0.07 sys=0.04, real=0.05 secs] 
2018-11-25T16:57:52.514+0800: 5222.809: [GC pause (G1 Evacuation Pause) (young), 0.0248129 secs]
   [Parallel Time: 23.8 ms, GC Workers: 4]
      [GC Worker Start (ms): Min: 5222809.6, Avg: 5222809.7, Max: 5222809.7, Diff: 0.1]
      [Ext Root Scanning (ms): Min: 1.0, Avg: 1.0, Max: 1.1, Diff: 0.1, Sum: 4.1]
      [Update RS (ms): Min: 4.9, Avg: 5.2, Max: 5.3, Diff: 0.5, Sum: 20.6]
         [Processed Buffers: Min: 1, Avg: 7.5, Max: 13, Diff: 12, Sum: 30]
      [Scan RS (ms): Min: 4.6, Avg: 4.8, Max: 5.3, Diff: 0.7, Sum: 19.3]
      [Code Root Scanning (ms): Min: 0.0, Avg: 0.0, Max: 0.0, Diff: 0.0, Sum: 0.0]
      [Object Copy (ms): Min: 12.4, Avg: 12.6, Max: 12.6, Diff: 0.2, Sum: 50.3]
      [Termination (ms): Min: 0.0, Avg: 0.0, Max: 0.0, Diff: 0.0, Sum: 0.0]
         [Termination Attempts: Min: 1, Avg: 1.0, Max: 1, Diff: 0, Sum: 4]
      [GC Worker Other (ms): Min: 0.0, Avg: 0.0, Max: 0.1, Diff: 0.1, Sum: 0.2]
      [GC Worker Total (ms): Min: 23.6, Avg: 23.6, Max: 23.7, Diff: 0.0, Sum: 94.6]
      [GC Worker End (ms): Min: 5222833.3, Avg: 5222833.3, Max: 5222833.3, Diff: 0.0]
   [Code Root Fixup: 0.0 ms]
   [Code Root Purge: 0.0 ms]
   [Clear CT: 0.1 ms]
   [Other: 0.9 ms]
      [Choose CSet: 0.0 ms]
      [Ref Proc: 0.2 ms]
      [Ref Enq: 0.0 ms]
      [Redirty Cards: 0.1 ms]
      [Humongous Register: 0.1 ms]
      [Humongous Reclaim: 0.0 ms]
      [Free CSet: 0.1 ms]
   [Eden: 44.0M(44.0M)->0.0B(46.0M) Survivors: 7168.0K->5120.0K Heap: 257.0M(1024.0M)->213.1M(1024.0M)]
 [Times: user=0.07 sys=0.01, real=0.03 secs] 
2018-11-25T16:58:20.216+0800: 5250.511: [GC pause (G1 Evacuation Pause) (young), 0.0198296 secs]
   [Parallel Time: 18.8 ms, GC Workers: 4]
      [GC Worker Start (ms): Min: 5250510.9, Avg: 5250511.0, Max: 5250511.0, Diff: 0.1]
      [Ext Root Scanning (ms): Min: 1.0, Avg: 1.1, Max: 1.2, Diff: 0.1, Sum: 4.3]
      [Update RS (ms): Min: 2.3, Avg: 2.5, Max: 2.6, Diff: 0.3, Sum: 9.8]
         [Processed Buffers: Min: 1, Avg: 9.2, Max: 23, Diff: 22, Sum: 37]
      [Scan RS (ms): Min: 5.1, Avg: 5.2, Max: 5.4, Diff: 0.3, Sum: 20.7]
      [Code Root Scanning (ms): Min: 0.0, Avg: 0.0, Max: 0.0, Diff: 0.0, Sum: 0.0]
      [Object Copy (ms): Min: 9.8, Avg: 9.9, Max: 9.9, Diff: 0.2, Sum: 39.5]
      [Termination (ms): Min: 0.0, Avg: 0.0, Max: 0.0, Diff: 0.0, Sum: 0.1]
         [Termination Attempts: Min: 1, Avg: 1.0, Max: 1, Diff: 0, Sum: 4]
      [GC Worker Other (ms): Min: 0.0, Avg: 0.0, Max: 0.0, Diff: 0.0, Sum: 0.1]
      [GC Worker Total (ms): Min: 18.6, Avg: 18.6, Max: 18.7, Diff: 0.1, Sum: 74.5]
      [GC Worker End (ms): Min: 5250529.6, Avg: 5250529.6, Max: 5250529.6, Diff: 0.0]
   [Code Root Fixup: 0.0 ms]
   [Code Root Purge: 0.0 ms]
   [Clear CT: 0.1 ms]
   [Other: 0.9 ms]
      [Choose CSet: 0.0 ms]
      [Ref Proc: 0.2 ms]
      [Ref Enq: 0.0 ms]
      [Redirty Cards: 0.1 ms]
      [Humongous Register: 0.2 ms]
      [Humongous Reclaim: 0.0 ms]
      [Free CSet: 0.1 ms]
   [Eden: 46.0M(46.0M)->0.0B(46.0M) Survivors: 5120.0K->5120.0K Heap: 259.1M(1024.0M)->213.1M(1024.0M)]
 [Times: user=0.07 sys=0.01, real=0.02 secs] 
2018-11-25T16:58:47.801+0800: 5278.095: [GC pause (G1 Evacuation Pause) (young), 0.0400360 secs]
   [Parallel Time: 38.7 ms, GC Workers: 4]
      [GC Worker Start (ms): Min: 5278095.7, Avg: 5278095.7, Max: 5278095.8, Diff: 0.1]
      [Ext Root Scanning (ms): Min: 1.1, Avg: 1.3, Max: 1.5, Diff: 0.4, Sum: 5.1]
      [Update RS (ms): Min: 6.8, Avg: 8.8, Max: 12.1, Diff: 5.3, Sum: 35.3]
         [Processed Buffers: Min: 1, Avg: 7.2, Max: 12, Diff: 11, Sum: 29]
      [Scan RS (ms): Min: 2.3, Avg: 5.4, Max: 7.3, Diff: 5.0, Sum: 21.7]
      [Code Root Scanning (ms): Min: 0.0, Avg: 0.0, Max: 0.0, Diff: 0.0, Sum: 0.0]
      [Object Copy (ms): Min: 22.9, Avg: 23.0, Max: 23.1, Diff: 0.2, Sum: 91.9]
      [Termination (ms): Min: 0.0, Avg: 0.1, Max: 0.1, Diff: 0.1, Sum: 0.3]
         [Termination Attempts: Min: 1, Avg: 1.2, Max: 2, Diff: 1, Sum: 5]
      [GC Worker Other (ms): Min: 0.0, Avg: 0.0, Max: 0.0, Diff: 0.0, Sum: 0.1]
      [GC Worker Total (ms): Min: 38.6, Avg: 38.6, Max: 38.7, Diff: 0.1, Sum: 154.5]
      [GC Worker End (ms): Min: 5278134.3, Avg: 5278134.4, Max: 5278134.4, Diff: 0.0]
   [Code Root Fixup: 0.0 ms]
   [Code Root Purge: 0.0 ms]
   [Clear CT: 0.1 ms]
   [Other: 1.2 ms]
      [Choose CSet: 0.0 ms]
      [Ref Proc: 0.2 ms]
      [Ref Enq: 0.0 ms]
      [Redirty Cards: 0.1 ms]
      [Humongous Register: 0.3 ms]
      [Humongous Reclaim: 0.0 ms]
      [Free CSet: 0.1 ms]
   [Eden: 46.0M(46.0M)->0.0B(44.0M) Survivors: 5120.0K->7168.0K Heap: 259.1M(1024.0M)->215.1M(1024.0M)]
 [Times: user=0.07 sys=0.04, real=0.04 secs] 
2018-11-25T16:59:14.299+0800: 5304.592: [GC pause (G1 Evacuation Pause) (young), 0.0211767 secs]
   [Parallel Time: 20.1 ms, GC Workers: 4]
      [GC Worker Start (ms): Min: 5304592.3, Avg: 5304592.3, Max: 5304592.3, Diff: 0.1]
      [Ext Root Scanning (ms): Min: 1.1, Avg: 1.2, Max: 1.4, Diff: 0.3, Sum: 4.8]
      [Update RS (ms): Min: 2.5, Avg: 2.9, Max: 3.3, Diff: 0.8, Sum: 11.7]
         [Processed Buffers: Min: 6, Avg: 9.0, Max: 16, Diff: 10, Sum: 36]
      [Scan RS (ms): Min: 3.2, Avg: 3.5, Max: 3.8, Diff: 0.7, Sum: 14.1]
      [Code Root Scanning (ms): Min: 0.0, Avg: 0.0, Max: 0.0, Diff: 0.0, Sum: 0.0]
      [Object Copy (ms): Min: 12.0, Avg: 12.1, Max: 12.2, Diff: 0.1, Sum: 48.5]
      [Termination (ms): Min: 0.0, Avg: 0.0, Max: 0.0, Diff: 0.0, Sum: 0.0]
         [Termination Attempts: Min: 1, Avg: 1.5, Max: 2, Diff: 1, Sum: 6]
      [GC Worker Other (ms): Min: 0.0, Avg: 0.1, Max: 0.2, Diff: 0.1, Sum: 0.3]
      [GC Worker Total (ms): Min: 19.8, Avg: 19.9, Max: 19.9, Diff: 0.1, Sum: 79.4]
      [GC Worker End (ms): Min: 5304612.1, Avg: 5304612.2, Max: 5304612.2, Diff: 0.1]
   [Code Root Fixup: 0.0 ms]
   [Code Root Purge: 0.0 ms]
   [Clear CT: 0.1 ms]
   [Other: 1.0 ms]
      [Choose CSet: 0.0 ms]
      [Ref Proc: 0.1 ms]
      [Ref Enq: 0.0 ms]
      [Redirty Cards: 0.1 ms]
      [Humongous Register: 0.3 ms]
      [Humongous Reclaim: 0.0 ms]
      [Free CSet: 0.1 ms]
   [Eden: 44.0M(44.0M)->0.0B(46.0M) Survivors: 7168.0K->5120.0K Heap: 259.1M(1024.0M)->215.1M(1024.0M)]
 [Times: user=0.08 sys=0.01, real=0.03 secs] 
2018-11-25T16:59:41.874+0800: 5332.166: [GC pause (G1 Evacuation Pause) (young), 0.0179475 secs]
   [Parallel Time: 17.1 ms, GC Workers: 4]
      [GC Worker Start (ms): Min: 5332166.5, Avg: 5332166.5, Max: 5332166.6, Diff: 0.1]
      [Ext Root Scanning (ms): Min: 1.0, Avg: 1.0, Max: 1.0, Diff: 0.1, Sum: 3.9]
      [Update RS (ms): Min: 2.2, Avg: 2.3, Max: 2.4, Diff: 0.1, Sum: 9.2]
         [Processed Buffers: Min: 4, Avg: 9.2, Max: 18, Diff: 14, Sum: 37]
      [Scan RS (ms): Min: 4.3, Avg: 4.4, Max: 4.6, Diff: 0.2, Sum: 17.8]
      [Code Root Scanning (ms): Min: 0.0, Avg: 0.0, Max: 0.0, Diff: 0.0, Sum: 0.0]
      [Object Copy (ms): Min: 9.1, Avg: 9.2, Max: 9.2, Diff: 0.1, Sum: 36.8]
      [Termination (ms): Min: 0.0, Avg: 0.0, Max: 0.0, Diff: 0.0, Sum: 0.0]
         [Termination Attempts: Min: 1, Avg: 1.0, Max: 1, Diff: 0, Sum: 4]
      [GC Worker Other (ms): Min: 0.0, Avg: 0.0, Max: 0.0, Diff: 0.0, Sum: 0.1]
      [GC Worker Total (ms): Min: 16.9, Avg: 17.0, Max: 17.0, Diff: 0.0, Sum: 67.9]
      [GC Worker End (ms): Min: 5332183.5, Avg: 5332183.5, Max: 5332183.5, Diff: 0.0]
   [Code Root Fixup: 0.0 ms]
   [Code Root Purge: 0.0 ms]
   [Clear CT: 0.1 ms]
   [Other: 0.7 ms]
      [Choose CSet: 0.0 ms]
      [Ref Proc: 0.2 ms]
      [Ref Enq: 0.0 ms]
      [Redirty Cards: 0.1 ms]
      [Humongous Register: 0.0 ms]
      [Humongous Reclaim: 0.0 ms]
      [Free CSet: 0.1 ms]
   [Eden: 46.0M(46.0M)->0.0B(46.0M) Survivors: 5120.0K->5120.0K Heap: 261.1M(1024.0M)->215.1M(1024.0M)]
 [Times: user=0.07 sys=0.00, real=0.02 secs] 
2018-11-25T17:00:09.543+0800: 5359.834: [GC pause (G1 Evacuation Pause) (young), 0.0235291 secs]
   [Parallel Time: 22.9 ms, GC Workers: 4]
      [GC Worker Start (ms): Min: 5359834.5, Avg: 5359834.7, Max: 5359835.1, Diff: 0.5]
      [Ext Root Scanning (ms): Min: 0.6, Avg: 1.0, Max: 1.2, Diff: 0.7, Sum: 3.9]
      [Update RS (ms): Min: 2.2, Avg: 2.5, Max: 2.7, Diff: 0.4, Sum: 9.9]
         [Processed Buffers: Min: 3, Avg: 6.8, Max: 12, Diff: 9, Sum: 27]
      [Scan RS (ms): Min: 2.8, Avg: 3.1, Max: 3.3, Diff: 0.4, Sum: 12.3]
      [Code Root Scanning (ms): Min: 0.0, Avg: 0.0, Max: 0.0, Diff: 0.0, Sum: 0.0]
      [Object Copy (ms): Min: 16.0, Avg: 16.1, Max: 16.4, Diff: 0.4, Sum: 64.6]
      [Termination (ms): Min: 0.0, Avg: 0.0, Max: 0.0, Diff: 0.0, Sum: 0.0]
         [Termination Attempts: Min: 1, Avg: 2.0, Max: 3, Diff: 2, Sum: 8]
      [GC Worker Other (ms): Min: 0.0, Avg: 0.0, Max: 0.0, Diff: 0.0, Sum: 0.1]
      [GC Worker Total (ms): Min: 22.3, Avg: 22.7, Max: 22.8, Diff: 0.5, Sum: 90.7]
      [GC Worker End (ms): Min: 5359857.4, Avg: 5359857.4, Max: 5359857.4, Diff: 0.0]
   [Code Root Fixup: 0.0 ms]
   [Code Root Purge: 0.0 ms]
   [Clear CT: 0.1 ms]
   [Other: 0.6 ms]
      [Choose CSet: 0.0 ms]
      [Ref Proc: 0.2 ms]
      [Ref Enq: 0.0 ms]
      [Redirty Cards: 0.1 ms]
      [Humongous Register: 0.0 ms]
      [Humongous Reclaim: 0.0 ms]
      [Free CSet: 0.1 ms]
   [Eden: 46.0M(46.0M)->0.0B(44.0M) Survivors: 5120.0K->7168.0K Heap: 261.1M(1024.0M)->217.1M(1024.0M)]
 [Times: user=0.07 sys=0.01, real=0.02 secs] 
2018-11-25T17:00:35.942+0800: 5386.232: [GC pause (G1 Evacuation Pause) (young), 0.0207340 secs]
   [Parallel Time: 20.1 ms, GC Workers: 4]
      [GC Worker Start (ms): Min: 5386232.3, Avg: 5386232.3, Max: 5386232.4, Diff: 0.1]
      [Ext Root Scanning (ms): Min: 0.8, Avg: 0.9, Max: 1.1, Diff: 0.4, Sum: 3.5]
      [Update RS (ms): Min: 1.9, Avg: 2.3, Max: 2.6, Diff: 0.7, Sum: 9.2]
         [Processed Buffers: Min: 2, Avg: 8.5, Max: 23, Diff: 21, Sum: 34]
      [Scan RS (ms): Min: 3.4, Avg: 3.5, Max: 3.6, Diff: 0.2, Sum: 14.1]
      [Code Root Scanning (ms): Min: 0.0, Avg: 0.0, Max: 0.0, Diff: 0.0, Sum: 0.0]
      [Object Copy (ms): Min: 13.0, Avg: 13.2, Max: 13.5, Diff: 0.5, Sum: 52.7]
      [Termination (ms): Min: 0.0, Avg: 0.0, Max: 0.0, Diff: 0.0, Sum: 0.0]
         [Termination Attempts: Min: 1, Avg: 1.0, Max: 1, Diff: 0, Sum: 4]
      [GC Worker Other (ms): Min: 0.0, Avg: 0.0, Max: 0.0, Diff: 0.0, Sum: 0.1]
      [GC Worker Total (ms): Min: 19.9, Avg: 19.9, Max: 20.0, Diff: 0.1, Sum: 79.7]
      [GC Worker End (ms): Min: 5386252.3, Avg: 5386252.3, Max: 5386252.3, Diff: 0.0]
   [Code Root Fixup: 0.0 ms]
   [Code Root Purge: 0.0 ms]
   [Clear CT: 0.1 ms]
   [Other: 0.6 ms]
      [Choose CSet: 0.0 ms]
      [Ref Proc: 0.1 ms]
      [Ref Enq: 0.0 ms]
      [Redirty Cards: 0.1 ms]
      [Humongous Register: 0.0 ms]
      [Humongous Reclaim: 0.0 ms]
      [Free CSet: 0.1 ms]
   [Eden: 44.0M(44.0M)->0.0B(46.0M) Survivors: 7168.0K->5120.0K Heap: 261.1M(1024.0M)->217.6M(1024.0M)]
 [Times: user=0.07 sys=0.00, real=0.02 secs] 
2018-11-25T17:01:03.635+0800: 5413.925: [GC pause (G1 Evacuation Pause) (young), 0.0183556 secs]
   [Parallel Time: 17.3 ms, GC Workers: 4]
      [GC Worker Start (ms): Min: 5413925.1, Avg: 5413925.2, Max: 5413925.4, Diff: 0.3]
      [Ext Root Scanning (ms): Min: 0.8, Avg: 1.0, Max: 1.2, Diff: 0.4, Sum: 4.1]
      [Update RS (ms): Min: 2.6, Avg: 2.8, Max: 3.0, Diff: 0.3, Sum: 11.1]
         [Processed Buffers: Min: 3, Avg: 10.8, Max: 17, Diff: 14, Sum: 43]
      [Scan RS (ms): Min: 4.3, Avg: 4.4, Max: 4.5, Diff: 0.3, Sum: 17.7]
      [Code Root Scanning (ms): Min: 0.0, Avg: 0.0, Max: 0.0, Diff: 0.0, Sum: 0.0]
      [Object Copy (ms): Min: 8.4, Avg: 8.7, Max: 8.8, Diff: 0.4, Sum: 34.8]
      [Termination (ms): Min: 0.0, Avg: 0.1, Max: 0.1, Diff: 0.1, Sum: 0.4]
         [Termination Attempts: Min: 1, Avg: 1.5, Max: 3, Diff: 2, Sum: 6]
      [GC Worker Other (ms): Min: 0.0, Avg: 0.0, Max: 0.0, Diff: 0.0, Sum: 0.1]
      [GC Worker Total (ms): Min: 16.9, Avg: 17.1, Max: 17.2, Diff: 0.3, Sum: 68.3]
      [GC Worker End (ms): Min: 5413942.3, Avg: 5413942.3, Max: 5413942.3, Diff: 0.0]
   [Code Root Fixup: 0.0 ms]
   [Code Root Purge: 0.0 ms]
   [Clear CT: 0.1 ms]
   [Other: 0.9 ms]
      [Choose CSet: 0.0 ms]
      [Ref Proc: 0.2 ms]
      [Ref Enq: 0.0 ms]
      [Redirty Cards: 0.1 ms]
      [Humongous Register: 0.1 ms]
      [Humongous Reclaim: 0.0 ms]
      [Free CSet: 0.1 ms]
   [Eden: 46.0M(46.0M)->0.0B(46.0M) Survivors: 5120.0K->5120.0K Heap: 263.6M(1024.0M)->217.1M(1024.0M)]
 [Times: user=0.06 sys=0.01, real=0.02 secs] 
2018-11-25T17:01:31.264+0800: 5441.553: [GC pause (G1 Evacuation Pause) (young), 0.0375212 secs]
   [Parallel Time: 31.9 ms, GC Workers: 4]
      [GC Worker Start (ms): Min: 5441557.0, Avg: 5441557.1, Max: 5441557.2, Diff: 0.2]
      [Ext Root Scanning (ms): Min: 6.6, Avg: 8.3, Max: 13.1, Diff: 6.5, Sum: 33.3]
      [Update RS (ms): Min: 0.5, Avg: 5.0, Max: 6.7, Diff: 6.1, Sum: 20.0]
         [Processed Buffers: Min: 5, Avg: 7.8, Max: 13, Diff: 8, Sum: 31]
      [Scan RS (ms): Min: 2.3, Avg: 2.5, Max: 2.6, Diff: 0.2, Sum: 10.0]
      [Code Root Scanning (ms): Min: 0.0, Avg: 0.0, Max: 0.0, Diff: 0.0, Sum: 0.0]
      [Object Copy (ms): Min: 15.4, Avg: 15.5, Max: 15.6, Diff: 0.2, Sum: 62.2]
      [Termination (ms): Min: 0.0, Avg: 0.1, Max: 0.2, Diff: 0.2, Sum: 0.5]
         [Termination Attempts: Min: 1, Avg: 1.0, Max: 1, Diff: 0, Sum: 4]
      [GC Worker Other (ms): Min: 0.0, Avg: 0.1, Max: 0.2, Diff: 0.2, Sum: 0.4]
      [GC Worker Total (ms): Min: 31.5, Avg: 31.6, Max: 31.7, Diff: 0.1, Sum: 126.4]
      [GC Worker End (ms): Min: 5441588.7, Avg: 5441588.7, Max: 5441588.8, Diff: 0.1]
   [Code Root Fixup: 0.0 ms]
   [Code Root Purge: 0.0 ms]
   [Clear CT: 0.1 ms]
   [Other: 5.5 ms]
      [Choose CSet: 0.0 ms]
      [Ref Proc: 0.3 ms]
      [Ref Enq: 0.0 ms]
      [Redirty Cards: 0.1 ms]
      [Humongous Register: 3.7 ms]
      [Humongous Reclaim: 0.0 ms]
      [Free CSet: 0.5 ms]
   [Eden: 46.0M(46.0M)->0.0B(46.0M) Survivors: 5120.0K->5120.0K Heap: 263.1M(1024.0M)->217.9M(1024.0M)]
 [Times: user=0.06 sys=0.06, real=0.04 secs] 
2018-11-25T17:01:59.001+0800: 5469.289: [GC pause (G1 Evacuation Pause) (young), 0.0230916 secs]
   [Parallel Time: 21.8 ms, GC Workers: 4]
      [GC Worker Start (ms): Min: 5469289.9, Avg: 5469289.9, Max: 5469289.9, Diff: 0.1]
      [Ext Root Scanning (ms): Min: 0.9, Avg: 1.0, Max: 1.1, Diff: 0.1, Sum: 4.0]
      [Update RS (ms): Min: 2.4, Avg: 2.8, Max: 2.9, Diff: 0.5, Sum: 11.1]
         [Processed Buffers: Min: 2, Avg: 9.0, Max: 16, Diff: 14, Sum: 36]
      [Scan RS (ms): Min: 3.6, Avg: 3.8, Max: 4.2, Diff: 0.6, Sum: 15.4]
      [Code Root Scanning (ms): Min: 0.0, Avg: 0.0, Max: 0.0, Diff: 0.0, Sum: 0.0]
      [Object Copy (ms): Min: 13.9, Avg: 14.0, Max: 14.0, Diff: 0.1, Sum: 55.9]
      [Termination (ms): Min: 0.0, Avg: 0.0, Max: 0.0, Diff: 0.0, Sum: 0.0]
         [Termination Attempts: Min: 1, Avg: 3.0, Max: 5, Diff: 4, Sum: 12]
      [GC Worker Other (ms): Min: 0.0, Avg: 0.0, Max: 0.1, Diff: 0.1, Sum: 0.2]
      [GC Worker Total (ms): Min: 21.6, Avg: 21.6, Max: 21.7, Diff: 0.0, Sum: 86.5]
      [GC Worker End (ms): Min: 5469311.5, Avg: 5469311.5, Max: 5469311.5, Diff: 0.0]
   [Code Root Fixup: 0.0 ms]
   [Code Root Purge: 0.0 ms]
   [Clear CT: 0.2 ms]
   [Other: 1.2 ms]
      [Choose CSet: 0.0 ms]
      [Ref Proc: 0.3 ms]
      [Ref Enq: 0.0 ms]
      [Redirty Cards: 0.1 ms]
      [Humongous Register: 0.2 ms]
      [Humongous Reclaim: 0.0 ms]
      [Free CSet: 0.1 ms]
   [Eden: 46.0M(46.0M)->0.0B(44.0M) Survivors: 5120.0K->7168.0K Heap: 263.9M(1024.0M)->219.9M(1024.0M)]
 [Times: user=0.06 sys=0.03, real=0.02 secs] 
2018-11-25T17:02:25.547+0800: 5495.834: [GC pause (G1 Evacuation Pause) (young), 0.0212002 secs]
   [Parallel Time: 20.3 ms, GC Workers: 4]
      [GC Worker Start (ms): Min: 5495833.9, Avg: 5495833.9, Max: 5495834.0, Diff: 0.2]
      [Ext Root Scanning (ms): Min: 0.7, Avg: 0.8, Max: 0.9, Diff: 0.2, Sum: 3.3]
      [Update RS (ms): Min: 2.9, Avg: 2.9, Max: 3.1, Diff: 0.2, Sum: 11.8]
         [Processed Buffers: Min: 1, Avg: 7.2, Max: 14, Diff: 13, Sum: 29]
      [Scan RS (ms): Min: 3.4, Avg: 3.5, Max: 3.7, Diff: 0.3, Sum: 14.2]
      [Code Root Scanning (ms): Min: 0.0, Avg: 0.0, Max: 0.0, Diff: 0.0, Sum: 0.0]
      [Object Copy (ms): Min: 12.7, Avg: 12.8, Max: 12.8, Diff: 0.2, Sum: 51.1]
      [Termination (ms): Min: 0.0, Avg: 0.0, Max: 0.0, Diff: 0.0, Sum: 0.0]
         [Termination Attempts: Min: 1, Avg: 1.0, Max: 1, Diff: 0, Sum: 4]
      [GC Worker Other (ms): Min: 0.0, Avg: 0.0, Max: 0.1, Diff: 0.0, Sum: 0.2]
      [GC Worker Total (ms): Min: 20.0, Avg: 20.1, Max: 20.2, Diff: 0.2, Sum: 80.6]
      [GC Worker End (ms): Min: 5495854.0, Avg: 5495854.1, Max: 5495854.1, Diff: 0.0]
   [Code Root Fixup: 0.0 ms]
   [Code Root Purge: 0.0 ms]
   [Clear CT: 0.1 ms]
   [Other: 0.8 ms]
      [Choose CSet: 0.0 ms]
      [Ref Proc: 0.4 ms]
      [Ref Enq: 0.0 ms]
      [Redirty Cards: 0.1 ms]
      [Humongous Register: 0.0 ms]
      [Humongous Reclaim: 0.0 ms]
      [Free CSet: 0.1 ms]
   [Eden: 44.0M(44.0M)->0.0B(46.0M) Survivors: 7168.0K->5120.0K Heap: 263.9M(1024.0M)->219.9M(1024.0M)]
 [Times: user=0.07 sys=0.01, real=0.03 secs] 
2018-11-25T17:02:53.374+0800: 5523.660: [GC pause (G1 Evacuation Pause) (young), 0.0367619 secs]
   [Parallel Time: 30.7 ms, GC Workers: 4]
      [GC Worker Start (ms): Min: 5523664.3, Avg: 5523664.5, Max: 5523664.6, Diff: 0.3]
      [Ext Root Scanning (ms): Min: 5.4, Avg: 6.8, Max: 11.0, Diff: 5.7, Sum: 27.4]
      [Update RS (ms): Min: 0.0, Avg: 3.7, Max: 5.0, Diff: 5.0, Sum: 14.9]
         [Processed Buffers: Min: 0, Avg: 8.5, Max: 15, Diff: 15, Sum: 34]
      [Scan RS (ms): Min: 4.4, Avg: 4.6, Max: 4.7, Diff: 0.3, Sum: 18.4]
      [Code Root Scanning (ms): Min: 0.0, Avg: 0.0, Max: 0.0, Diff: 0.0, Sum: 0.0]
      [Object Copy (ms): Min: 14.8, Avg: 14.9, Max: 15.1, Diff: 0.3, Sum: 59.6]
      [Termination (ms): Min: 0.0, Avg: 0.2, Max: 0.3, Diff: 0.3, Sum: 0.7]
         [Termination Attempts: Min: 1, Avg: 1.0, Max: 1, Diff: 0, Sum: 4]
      [GC Worker Other (ms): Min: 0.1, Avg: 0.1, Max: 0.1, Diff: 0.1, Sum: 0.3]
      [GC Worker Total (ms): Min: 30.2, Avg: 30.3, Max: 30.5, Diff: 0.3, Sum: 121.4]
      [GC Worker End (ms): Min: 5523694.8, Avg: 5523694.8, Max: 5523694.8, Diff: 0.1]
   [Code Root Fixup: 0.0 ms]
   [Code Root Purge: 0.0 ms]
   [Clear CT: 0.1 ms]
   [Other: 6.0 ms]
      [Choose CSet: 0.0 ms]
      [Ref Proc: 0.6 ms]
      [Ref Enq: 0.0 ms]
      [Redirty Cards: 0.1 ms]
      [Humongous Register: 3.4 ms]
      [Humongous Reclaim: 0.0 ms]
      [Free CSet: 0.8 ms]
   [Eden: 46.0M(46.0M)->0.0B(46.0M) Survivors: 5120.0K->5120.0K Heap: 265.9M(1024.0M)->219.9M(1024.0M)]
 [Times: user=0.06 sys=0.06, real=0.04 secs] 
2018-11-25T17:03:21.314+0800: 5551.600: [GC pause (G1 Evacuation Pause) (young), 0.0944917 secs]
   [Parallel Time: 90.6 ms, GC Workers: 4]
      [GC Worker Start (ms): Min: 5551602.5, Avg: 5551602.6, Max: 5551602.7, Diff: 0.2]
      [Ext Root Scanning (ms): Min: 8.1, Avg: 12.4, Max: 25.1, Diff: 17.0, Sum: 49.4]
      [Update RS (ms): Min: 5.0, Avg: 18.0, Max: 24.2, Diff: 19.2, Sum: 72.1]
         [Processed Buffers: Min: 4, Avg: 8.0, Max: 14, Diff: 10, Sum: 32]
      [Scan RS (ms): Min: 6.7, Avg: 9.2, Max: 11.9, Diff: 5.1, Sum: 36.9]
      [Code Root Scanning (ms): Min: 0.0, Avg: 0.0, Max: 0.0, Diff: 0.0, Sum: 0.0]
      [Object Copy (ms): Min: 48.6, Avg: 50.4, Max: 51.6, Diff: 3.0, Sum: 201.5]
      [Termination (ms): Min: 0.0, Avg: 0.1, Max: 0.2, Diff: 0.2, Sum: 0.5]
         [Termination Attempts: Min: 1, Avg: 2.5, Max: 4, Diff: 3, Sum: 10]
      [GC Worker Other (ms): Min: 0.0, Avg: 0.1, Max: 0.1, Diff: 0.0, Sum: 0.3]
      [GC Worker Total (ms): Min: 90.1, Avg: 90.2, Max: 90.3, Diff: 0.2, Sum: 360.7]
      [GC Worker End (ms): Min: 5551692.8, Avg: 5551692.8, Max: 5551692.8, Diff: 0.0]
   [Code Root Fixup: 0.0 ms]
   [Code Root Purge: 0.0 ms]
   [Clear CT: 0.1 ms]
   [Other: 3.9 ms]
      [Choose CSet: 0.0 ms]
      [Ref Proc: 0.2 ms]
      [Ref Enq: 0.0 ms]
      [Redirty Cards: 0.1 ms]
      [Humongous Register: 2.2 ms]
      [Humongous Reclaim: 0.0 ms]
      [Free CSet: 0.5 ms]
   [Eden: 46.0M(46.0M)->0.0B(44.0M) Survivors: 5120.0K->7168.0K Heap: 265.9M(1024.0M)->221.9M(1024.0M)]
 [Times: user=0.07 sys=0.10, real=0.10 secs] 
2018-11-25T17:03:47.765+0800: 5578.050: [GC pause (G1 Evacuation Pause) (young), 0.0204436 secs]
   [Parallel Time: 19.6 ms, GC Workers: 4]
      [GC Worker Start (ms): Min: 5578049.8, Avg: 5578049.8, Max: 5578049.9, Diff: 0.1]
      [Ext Root Scanning (ms): Min: 0.8, Avg: 0.8, Max: 0.9, Diff: 0.1, Sum: 3.4]
      [Update RS (ms): Min: 2.3, Avg: 2.5, Max: 3.0, Diff: 0.7, Sum: 10.2]
         [Processed Buffers: Min: 3, Avg: 8.8, Max: 18, Diff: 15, Sum: 35]
      [Scan RS (ms): Min: 3.1, Avg: 3.5, Max: 3.8, Diff: 0.7, Sum: 13.9]
      [Code Root Scanning (ms): Min: 0.0, Avg: 0.0, Max: 0.0, Diff: 0.0, Sum: 0.0]
      [Object Copy (ms): Min: 12.5, Avg: 12.6, Max: 12.7, Diff: 0.1, Sum: 50.4]
      [Termination (ms): Min: 0.0, Avg: 0.0, Max: 0.0, Diff: 0.0, Sum: 0.0]
         [Termination Attempts: Min: 1, Avg: 1.0, Max: 1, Diff: 0, Sum: 4]
      [GC Worker Other (ms): Min: 0.0, Avg: 0.1, Max: 0.1, Diff: 0.0, Sum: 0.2]
      [GC Worker Total (ms): Min: 19.5, Avg: 19.5, Max: 19.5, Diff: 0.0, Sum: 78.1]
      [GC Worker End (ms): Min: 5578069.3, Avg: 5578069.4, Max: 5578069.4, Diff: 0.0]
   [Code Root Fixup: 0.0 ms]
   [Code Root Purge: 0.0 ms]
   [Clear CT: 0.1 ms]
   [Other: 0.7 ms]
      [Choose CSet: 0.0 ms]
      [Ref Proc: 0.1 ms]
      [Ref Enq: 0.0 ms]
      [Redirty Cards: 0.1 ms]
      [Humongous Register: 0.0 ms]
      [Humongous Reclaim: 0.0 ms]
      [Free CSet: 0.1 ms]
   [Eden: 44.0M(44.0M)->0.0B(46.0M) Survivors: 7168.0K->5120.0K Heap: 265.9M(1024.0M)->221.9M(1024.0M)]
 [Times: user=0.07 sys=0.01, real=0.02 secs] 
2018-11-25T17:04:15.595+0800: 5605.879: [GC pause (G1 Evacuation Pause) (young), 0.0178035 secs]
   [Parallel Time: 16.9 ms, GC Workers: 4]
      [GC Worker Start (ms): Min: 5605879.4, Avg: 5605879.6, Max: 5605879.9, Diff: 0.5]
      [Ext Root Scanning (ms): Min: 0.5, Avg: 0.8, Max: 1.0, Diff: 0.5, Sum: 3.4]
      [Update RS (ms): Min: 2.1, Avg: 2.2, Max: 2.4, Diff: 0.3, Sum: 8.9]
         [Processed Buffers: Min: 6, Avg: 9.0, Max: 14, Diff: 8, Sum: 36]
      [Scan RS (ms): Min: 4.2, Avg: 4.3, Max: 4.5, Diff: 0.3, Sum: 17.3]
      [Code Root Scanning (ms): Min: 0.0, Avg: 0.0, Max: 0.0, Diff: 0.0, Sum: 0.0]
      [Object Copy (ms): Min: 9.1, Avg: 9.2, Max: 9.2, Diff: 0.1, Sum: 36.8]
      [Termination (ms): Min: 0.0, Avg: 0.0, Max: 0.0, Diff: 0.0, Sum: 0.0]
         [Termination Attempts: Min: 1, Avg: 1.8, Max: 2, Diff: 1, Sum: 7]
      [GC Worker Other (ms): Min: 0.0, Avg: 0.0, Max: 0.0, Diff: 0.0, Sum: 0.1]
      [GC Worker Total (ms): Min: 16.3, Avg: 16.6, Max: 16.8, Diff: 0.5, Sum: 66.5]
      [GC Worker End (ms): Min: 5605896.2, Avg: 5605896.2, Max: 5605896.2, Diff: 0.0]
   [Code Root Fixup: 0.0 ms]
   [Code Root Purge: 0.0 ms]
   [Clear CT: 0.1 ms]
   [Other: 0.8 ms]
      [Choose CSet: 0.0 ms]
      [Ref Proc: 0.3 ms]
      [Ref Enq: 0.0 ms]
      [Redirty Cards: 0.0 ms]
      [Humongous Register: 0.0 ms]
      [Humongous Reclaim: 0.0 ms]
      [Free CSet: 0.1 ms]
   [Eden: 46.0M(46.0M)->0.0B(46.0M) Survivors: 5120.0K->5120.0K Heap: 267.9M(1024.0M)->221.9M(1024.0M)]
 [Times: user=0.07 sys=0.00, real=0.02 secs] 
2018-11-25T17:04:43.513+0800: 5633.796: [GC pause (G1 Evacuation Pause) (young), 0.0153185 secs]
   [Parallel Time: 14.5 ms, GC Workers: 4]
      [GC Worker Start (ms): Min: 5633796.1, Avg: 5633796.2, Max: 5633796.5, Diff: 0.4]
      [Ext Root Scanning (ms): Min: 0.6, Avg: 0.9, Max: 1.0, Diff: 0.4, Sum: 3.5]
      [Update RS (ms): Min: 2.0, Avg: 2.2, Max: 2.4, Diff: 0.3, Sum: 8.8]
         [Processed Buffers: Min: 3, Avg: 7.5, Max: 18, Diff: 15, Sum: 30]
      [Scan RS (ms): Min: 1.9, Avg: 2.1, Max: 2.3, Diff: 0.4, Sum: 8.3]
      [Code Root Scanning (ms): Min: 0.0, Avg: 0.0, Max: 0.0, Diff: 0.0, Sum: 0.0]
      [Object Copy (ms): Min: 9.0, Avg: 9.1, Max: 9.2, Diff: 0.2, Sum: 36.4]
      [Termination (ms): Min: 0.0, Avg: 0.0, Max: 0.0, Diff: 0.0, Sum: 0.0]
         [Termination Attempts: Min: 1, Avg: 1.0, Max: 1, Diff: 0, Sum: 4]
      [GC Worker Other (ms): Min: 0.0, Avg: 0.0, Max: 0.0, Diff: 0.0, Sum: 0.1]
      [GC Worker Total (ms): Min: 14.0, Avg: 14.3, Max: 14.4, Diff: 0.4, Sum: 57.2]
      [GC Worker End (ms): Min: 5633810.5, Avg: 5633810.5, Max: 5633810.6, Diff: 0.0]
   [Code Root Fixup: 0.0 ms]
   [Code Root Purge: 0.0 ms]
   [Clear CT: 0.1 ms]
   [Other: 0.7 ms]
      [Choose CSet: 0.0 ms]
      [Ref Proc: 0.2 ms]
      [Ref Enq: 0.0 ms]
      [Redirty Cards: 0.1 ms]
      [Humongous Register: 0.2 ms]
      [Humongous Reclaim: 0.0 ms]
      [Free CSet: 0.1 ms]
   [Eden: 46.0M(46.0M)->0.0B(46.0M) Survivors: 5120.0K->5120.0K Heap: 267.9M(1024.0M)->222.7M(1024.0M)]
 [Times: user=0.05 sys=0.00, real=0.02 secs] 
2018-11-25T17:05:11.291+0800: 5661.573: [GC pause (G1 Evacuation Pause) (young), 0.0253843 secs]
   [Parallel Time: 24.2 ms, GC Workers: 4]
      [GC Worker Start (ms): Min: 5661573.6, Avg: 5661573.7, Max: 5661573.8, Diff: 0.2]
      [Ext Root Scanning (ms): Min: 1.0, Avg: 1.2, Max: 1.3, Diff: 0.2, Sum: 4.6]
      [Update RS (ms): Min: 4.5, Avg: 5.1, Max: 5.5, Diff: 1.0, Sum: 20.3]
         [Processed Buffers: Min: 4, Avg: 9.5, Max: 19, Diff: 15, Sum: 38]
      [Scan RS (ms): Min: 5.3, Avg: 5.6, Max: 6.1, Diff: 0.9, Sum: 22.5]
      [Code Root Scanning (ms): Min: 0.0, Avg: 0.0, Max: 0.0, Diff: 0.0, Sum: 0.0]
      [Object Copy (ms): Min: 12.1, Avg: 12.2, Max: 12.2, Diff: 0.1, Sum: 48.6]
      [Termination (ms): Min: 0.0, Avg: 0.0, Max: 0.0, Diff: 0.0, Sum: 0.0]
         [Termination Attempts: Min: 1, Avg: 1.0, Max: 1, Diff: 0, Sum: 4]
      [GC Worker Other (ms): Min: 0.0, Avg: 0.0, Max: 0.0, Diff: 0.0, Sum: 0.1]
      [GC Worker Total (ms): Min: 23.9, Avg: 24.1, Max: 24.1, Diff: 0.2, Sum: 96.2]
      [GC Worker End (ms): Min: 5661597.7, Avg: 5661597.7, Max: 5661597.7, Diff: 0.0]
   [Code Root Fixup: 0.0 ms]
   [Code Root Purge: 0.0 ms]
   [Clear CT: 0.1 ms]
   [Other: 1.0 ms]
      [Choose CSet: 0.0 ms]
      [Ref Proc: 0.2 ms]
      [Ref Enq: 0.0 ms]
      [Redirty Cards: 0.1 ms]
      [Humongous Register: 0.3 ms]
      [Humongous Reclaim: 0.0 ms]
      [Free CSet: 0.1 ms]
   [Eden: 46.0M(46.0M)->0.0B(44.0M) Survivors: 5120.0K->7168.0K Heap: 268.7M(1024.0M)->224.7M(1024.0M)]
 [Times: user=0.06 sys=0.02, real=0.02 secs] 
2018-11-25T17:05:37.616+0800: 5687.898: [GC pause (G1 Evacuation Pause) (young), 0.0197772 secs]
   [Parallel Time: 19.1 ms, GC Workers: 4]
      [GC Worker Start (ms): Min: 5687898.0, Avg: 5687898.0, Max: 5687898.1, Diff: 0.1]
      [Ext Root Scanning (ms): Min: 0.8, Avg: 0.9, Max: 0.9, Diff: 0.1, Sum: 3.4]
      [Update RS (ms): Min: 2.4, Avg: 2.5, Max: 2.7, Diff: 0.4, Sum: 9.9]
         [Processed Buffers: Min: 5, Avg: 9.8, Max: 18, Diff: 13, Sum: 39]
      [Scan RS (ms): Min: 2.9, Avg: 3.2, Max: 3.3, Diff: 0.4, Sum: 12.8]
      [Code Root Scanning (ms): Min: 0.0, Avg: 0.0, Max: 0.0, Diff: 0.0, Sum: 0.0]
      [Object Copy (ms): Min: 12.3, Avg: 12.4, Max: 12.5, Diff: 0.2, Sum: 49.6]
      [Termination (ms): Min: 0.0, Avg: 0.0, Max: 0.0, Diff: 0.0, Sum: 0.0]
         [Termination Attempts: Min: 1, Avg: 1.0, Max: 1, Diff: 0, Sum: 4]
      [GC Worker Other (ms): Min: 0.0, Avg: 0.0, Max: 0.1, Diff: 0.0, Sum: 0.2]
      [GC Worker Total (ms): Min: 19.0, Avg: 19.0, Max: 19.0, Diff: 0.1, Sum: 76.0]
      [GC Worker End (ms): Min: 5687917.0, Avg: 5687917.0, Max: 5687917.0, Diff: 0.0]
   [Code Root Fixup: 0.0 ms]
   [Code Root Purge: 0.0 ms]
   [Clear CT: 0.1 ms]
   [Other: 0.6 ms]
      [Choose CSet: 0.0 ms]
      [Ref Proc: 0.1 ms]
      [Ref Enq: 0.0 ms]
      [Redirty Cards: 0.1 ms]
      [Humongous Register: 0.0 ms]
      [Humongous Reclaim: 0.0 ms]
      [Free CSet: 0.1 ms]
   [Eden: 44.0M(44.0M)->0.0B(46.0M) Survivors: 7168.0K->5120.0K Heap: 268.7M(1024.0M)->225.2M(1024.0M)]
 [Times: user=0.08 sys=0.00, real=0.02 secs] 
2018-11-25T17:06:05.328+0800: 5715.609: [GC pause (G1 Evacuation Pause) (young), 0.0177300 secs]
   [Parallel Time: 16.8 ms, GC Workers: 4]
      [GC Worker Start (ms): Min: 5715609.1, Avg: 5715609.2, Max: 5715609.2, Diff: 0.1]
      [Ext Root Scanning (ms): Min: 0.0, Avg: 0.7, Max: 1.0, Diff: 1.0, Sum: 2.8]
      [Update RS (ms): Min: 2.4, Avg: 2.6, Max: 2.9, Diff: 0.5, Sum: 10.4]
         [Processed Buffers: Min: 3, Avg: 10.0, Max: 22, Diff: 19, Sum: 40]
      [Scan RS (ms): Min: 3.7, Avg: 4.0, Max: 4.3, Diff: 0.6, Sum: 16.1]
      [Code Root Scanning (ms): Min: 0.0, Avg: 0.0, Max: 0.0, Diff: 0.0, Sum: 0.0]
      [Object Copy (ms): Min: 8.9, Avg: 9.1, Max: 9.1, Diff: 0.2, Sum: 36.3]
      [Termination (ms): Min: 0.0, Avg: 0.0, Max: 0.0, Diff: 0.0, Sum: 0.0]
         [Termination Attempts: Min: 1, Avg: 1.2, Max: 2, Diff: 1, Sum: 5]
      [GC Worker Other (ms): Min: 0.0, Avg: 0.3, Max: 1.0, Diff: 1.0, Sum: 1.3]
      [GC Worker Total (ms): Min: 16.6, Avg: 16.7, Max: 16.7, Diff: 0.1, Sum: 66.8]
      [GC Worker End (ms): Min: 5715625.9, Avg: 5715625.9, Max: 5715625.9, Diff: 0.0]
   [Code Root Fixup: 0.0 ms]
   [Code Root Purge: 0.0 ms]
   [Clear CT: 0.2 ms]
   [Other: 0.7 ms]
      [Choose CSet: 0.0 ms]
      [Ref Proc: 0.1 ms]
      [Ref Enq: 0.0 ms]
      [Redirty Cards: 0.1 ms]
      [Humongous Register: 0.0 ms]
      [Humongous Reclaim: 0.0 ms]
      [Free CSet: 0.1 ms]
   [Eden: 46.0M(46.0M)->0.0B(46.0M) Survivors: 5120.0K->5120.0K Heap: 271.2M(1024.0M)->224.7M(1024.0M)]
 [Times: user=0.06 sys=0.01, real=0.02 secs] 
2018-11-25T17:06:33.104+0800: 5743.384: [GC pause (G1 Evacuation Pause) (young), 0.0761607 secs]
   [Parallel Time: 68.2 ms, GC Workers: 4]
      [GC Worker Start (ms): Min: 5743390.3, Avg: 5743390.4, Max: 5743390.6, Diff: 0.3]
      [Ext Root Scanning (ms): Min: 8.8, Avg: 11.6, Max: 18.7, Diff: 9.9, Sum: 46.2]
      [Update RS (ms): Min: 4.1, Avg: 10.5, Max: 14.7, Diff: 10.6, Sum: 42.0]
         [Processed Buffers: Min: 2, Avg: 7.2, Max: 20, Diff: 18, Sum: 29]
      [Scan RS (ms): Min: 5.2, Avg: 6.5, Max: 8.4, Diff: 3.2, Sum: 25.9]
      [Code Root Scanning (ms): Min: 0.0, Avg: 0.0, Max: 0.0, Diff: 0.0, Sum: 0.0]
      [Object Copy (ms): Min: 39.1, Avg: 39.3, Max: 39.5, Diff: 0.3, Sum: 157.1]
      [Termination (ms): Min: 0.0, Avg: 0.0, Max: 0.0, Diff: 0.0, Sum: 0.0]
         [Termination Attempts: Min: 1, Avg: 1.0, Max: 1, Diff: 0, Sum: 4]
      [GC Worker Other (ms): Min: 0.1, Avg: 0.1, Max: 0.1, Diff: 0.1, Sum: 0.4]
      [GC Worker Total (ms): Min: 67.7, Avg: 67.9, Max: 68.1, Diff: 0.3, Sum: 271.7]
      [GC Worker End (ms): Min: 5743458.3, Avg: 5743458.3, Max: 5743458.3, Diff: 0.0]
   [Code Root Fixup: 0.0 ms]
   [Code Root Purge: 0.0 ms]
   [Clear CT: 0.1 ms]
   [Other: 7.8 ms]
      [Choose CSet: 0.0 ms]
      [Ref Proc: 0.3 ms]
      [Ref Enq: 0.0 ms]
      [Redirty Cards: 0.1 ms]
      [Humongous Register: 5.8 ms]
      [Humongous Reclaim: 0.0 ms]
      [Free CSet: 0.5 ms]
   [Eden: 46.0M(46.0M)->0.0B(44.0M) Survivors: 5120.0K->7168.0K Heap: 270.7M(1024.0M)->226.7M(1024.0M)]
 [Times: user=0.07 sys=0.10, real=0.08 secs] 
2018-11-25T17:06:59.793+0800: 5770.072: [GC pause (G1 Evacuation Pause) (young), 0.0205258 secs]
   [Parallel Time: 19.7 ms, GC Workers: 4]
      [GC Worker Start (ms): Min: 5770072.7, Avg: 5770072.7, Max: 5770072.7, Diff: 0.1]
      [Ext Root Scanning (ms): Min: 1.1, Avg: 1.1, Max: 1.2, Diff: 0.1, Sum: 4.4]
      [Update RS (ms): Min: 2.2, Avg: 2.4, Max: 2.6, Diff: 0.4, Sum: 9.4]
         [Processed Buffers: Min: 5, Avg: 9.0, Max: 17, Diff: 12, Sum: 36]
      [Scan RS (ms): Min: 3.2, Avg: 3.4, Max: 3.7, Diff: 0.5, Sum: 13.7]
      [Code Root Scanning (ms): Min: 0.0, Avg: 0.0, Max: 0.0, Diff: 0.0, Sum: 0.0]
      [Object Copy (ms): Min: 12.7, Avg: 12.7, Max: 12.8, Diff: 0.1, Sum: 51.0]
      [Termination (ms): Min: 0.0, Avg: 0.0, Max: 0.0, Diff: 0.0, Sum: 0.0]
         [Termination Attempts: Min: 1, Avg: 1.0, Max: 1, Diff: 0, Sum: 4]
      [GC Worker Other (ms): Min: 0.0, Avg: 0.0, Max: 0.0, Diff: 0.0, Sum: 0.1]
      [GC Worker Total (ms): Min: 19.6, Avg: 19.7, Max: 19.7, Diff: 0.0, Sum: 78.7]
      [GC Worker End (ms): Min: 5770092.3, Avg: 5770092.4, Max: 5770092.4, Diff: 0.0]
   [Code Root Fixup: 0.0 ms]
   [Code Root Purge: 0.0 ms]
   [Clear CT: 0.1 ms]
   [Other: 0.7 ms]
      [Choose CSet: 0.0 ms]
      [Ref Proc: 0.2 ms]
      [Ref Enq: 0.0 ms]
      [Redirty Cards: 0.1 ms]
      [Humongous Register: 0.1 ms]
      [Humongous Reclaim: 0.0 ms]
      [Free CSet: 0.1 ms]
   [Eden: 44.0M(44.0M)->0.0B(46.0M) Survivors: 7168.0K->5120.0K Heap: 270.7M(1024.0M)->226.8M(1024.0M)]
 [Times: user=0.07 sys=0.01, real=0.02 secs] 
2018-11-25T17:07:27.745+0800: 5798.023: [GC pause (G1 Evacuation Pause) (young), 0.0186500 secs]
   [Parallel Time: 17.7 ms, GC Workers: 4]
      [GC Worker Start (ms): Min: 5798023.2, Avg: 5798023.2, Max: 5798023.2, Diff: 0.1]
      [Ext Root Scanning (ms): Min: 0.7, Avg: 0.8, Max: 0.8, Diff: 0.1, Sum: 3.1]
      [Update RS (ms): Min: 2.3, Avg: 2.5, Max: 2.8, Diff: 0.5, Sum: 10.0]
         [Processed Buffers: Min: 3, Avg: 9.5, Max: 21, Diff: 18, Sum: 38]
      [Scan RS (ms): Min: 5.0, Avg: 5.4, Max: 5.6, Diff: 0.6, Sum: 21.7]
      [Code Root Scanning (ms): Min: 0.0, Avg: 0.0, Max: 0.0, Diff: 0.0, Sum: 0.0]
      [Object Copy (ms): Min: 8.7, Avg: 8.8, Max: 8.9, Diff: 0.2, Sum: 35.4]
      [Termination (ms): Min: 0.0, Avg: 0.0, Max: 0.0, Diff: 0.0, Sum: 0.1]
         [Termination Attempts: Min: 1, Avg: 1.2, Max: 2, Diff: 1, Sum: 5]
      [GC Worker Other (ms): Min: 0.0, Avg: 0.0, Max: 0.0, Diff: 0.0, Sum: 0.2]
      [GC Worker Total (ms): Min: 17.6, Avg: 17.6, Max: 17.6, Diff: 0.0, Sum: 70.5]
      [GC Worker End (ms): Min: 5798040.8, Avg: 5798040.8, Max: 5798040.8, Diff: 0.0]
   [Code Root Fixup: 0.0 ms]
   [Code Root Purge: 0.0 ms]
   [Clear CT: 0.1 ms]
   [Other: 0.8 ms]
      [Choose CSet: 0.0 ms]
      [Ref Proc: 0.3 ms]
      [Ref Enq: 0.0 ms]
      [Redirty Cards: 0.1 ms]
      [Humongous Register: 0.0 ms]
      [Humongous Reclaim: 0.0 ms]
      [Free CSet: 0.1 ms]
   [Eden: 46.0M(46.0M)->0.0B(46.0M) Survivors: 5120.0K->5120.0K Heap: 272.8M(1024.0M)->226.8M(1024.0M)]
 [Times: user=0.06 sys=0.01, real=0.02 secs] 
2018-11-25T17:07:55.420+0800: 5825.698: [GC pause (G1 Evacuation Pause) (young), 0.0219421 secs]
   [Parallel Time: 21.2 ms, GC Workers: 4]
      [GC Worker Start (ms): Min: 5825697.8, Avg: 5825697.9, Max: 5825698.2, Diff: 0.4]
      [Ext Root Scanning (ms): Min: 0.5, Avg: 0.8, Max: 1.0, Diff: 0.5, Sum: 3.4]
      [Update RS (ms): Min: 0.0, Avg: 2.9, Max: 4.2, Diff: 4.2, Sum: 11.7]
         [Processed Buffers: Min: 0, Avg: 8.2, Max: 19, Diff: 19, Sum: 33]
      [Scan RS (ms): Min: 3.1, Avg: 4.9, Max: 9.3, Diff: 6.2, Sum: 19.6]
      [Code Root Scanning (ms): Min: 0.0, Avg: 0.0, Max: 0.0, Diff: 0.0, Sum: 0.0]
      [Object Copy (ms): Min: 7.3, Avg: 12.3, Max: 17.0, Diff: 9.7, Sum: 49.1]
      [Termination (ms): Min: 0.0, Avg: 0.0, Max: 0.0, Diff: 0.0, Sum: 0.0]
         [Termination Attempts: Min: 1, Avg: 2.8, Max: 4, Diff: 3, Sum: 11]
      [GC Worker Other (ms): Min: 0.0, Avg: 0.0, Max: 0.1, Diff: 0.0, Sum: 0.1]
      [GC Worker Total (ms): Min: 20.7, Avg: 21.0, Max: 21.1, Diff: 0.4, Sum: 83.9]
      [GC Worker End (ms): Min: 5825718.9, Avg: 5825718.9, Max: 5825718.9, Diff: 0.0]
   [Code Root Fixup: 0.0 ms]
   [Code Root Purge: 0.0 ms]
   [Clear CT: 0.1 ms]
   [Other: 0.6 ms]
      [Choose CSet: 0.0 ms]
      [Ref Proc: 0.2 ms]
      [Ref Enq: 0.0 ms]
      [Redirty Cards: 0.1 ms]
      [Humongous Register: 0.0 ms]
      [Humongous Reclaim: 0.0 ms]
      [Free CSet: 0.0 ms]
   [Eden: 46.0M(46.0M)->0.0B(46.0M) Survivors: 5120.0K->5120.0K Heap: 272.8M(1024.0M)->228.1M(1024.0M)]
 [Times: user=0.06 sys=0.00, real=0.02 secs] 
2018-11-25T17:08:23.063+0800: 5853.339: [GC pause (G1 Evacuation Pause) (young), 0.0190816 secs]
   [Parallel Time: 18.4 ms, GC Workers: 4]
      [GC Worker Start (ms): Min: 5853339.7, Avg: 5853339.8, Max: 5853340.2, Diff: 0.6]
      [Ext Root Scanning (ms): Min: 0.5, Avg: 1.0, Max: 1.1, Diff: 0.6, Sum: 3.8]
      [Update RS (ms): Min: 1.5, Avg: 1.9, Max: 2.6, Diff: 1.1, Sum: 7.7]
         [Processed Buffers: Min: 5, Avg: 8.8, Max: 11, Diff: 6, Sum: 35]
      [Scan RS (ms): Min: 3.1, Avg: 4.0, Max: 4.9, Diff: 1.9, Sum: 15.9]
      [Code Root Scanning (ms): Min: 0.0, Avg: 0.0, Max: 0.0, Diff: 0.0, Sum: 0.0]
      [Object Copy (ms): Min: 10.5, Avg: 11.3, Max: 11.6, Diff: 1.1, Sum: 45.1]
      [Termination (ms): Min: 0.0, Avg: 0.0, Max: 0.0, Diff: 0.0, Sum: 0.0]
         [Termination Attempts: Min: 1, Avg: 1.2, Max: 2, Diff: 1, Sum: 5]
      [GC Worker Other (ms): Min: 0.0, Avg: 0.0, Max: 0.0, Diff: 0.0, Sum: 0.1]
      [GC Worker Total (ms): Min: 17.8, Avg: 18.2, Max: 18.3, Diff: 0.6, Sum: 72.7]
      [GC Worker End (ms): Min: 5853358.0, Avg: 5853358.0, Max: 5853358.0, Diff: 0.0]
   [Code Root Fixup: 0.0 ms]
   [Code Root Purge: 0.0 ms]
   [Clear CT: 0.1 ms]
   [Other: 0.5 ms]
      [Choose CSet: 0.0 ms]
      [Ref Proc: 0.1 ms]
      [Ref Enq: 0.0 ms]
      [Redirty Cards: 0.1 ms]
      [Humongous Register: 0.0 ms]
      [Humongous Reclaim: 0.0 ms]
      [Free CSet: 0.1 ms]
   [Eden: 46.0M(46.0M)->0.0B(44.0M) Survivors: 5120.0K->7168.0K Heap: 274.1M(1024.0M)->229.6M(1024.0M)]
 [Times: user=0.06 sys=0.00, real=0.02 secs] 
2018-11-25T17:08:49.360+0800: 5879.635: [GC pause (G1 Evacuation Pause) (young), 0.0924606 secs]
   [Parallel Time: 77.2 ms, GC Workers: 4]
      [GC Worker Start (ms): Min: 5879648.3, Avg: 5879652.1, Max: 5879654.7, Diff: 6.4]
      [Ext Root Scanning (ms): Min: 2.3, Avg: 15.5, Max: 36.4, Diff: 34.1, Sum: 62.2]
      [Update RS (ms): Min: 0.0, Avg: 13.8, Max: 24.1, Diff: 24.1, Sum: 55.1]
         [Processed Buffers: Min: 0, Avg: 8.5, Max: 30, Diff: 30, Sum: 34]
      [Scan RS (ms): Min: 1.6, Avg: 5.9, Max: 8.4, Diff: 6.8, Sum: 23.5]
      [Code Root Scanning (ms): Min: 0.0, Avg: 0.0, Max: 0.0, Diff: 0.0, Sum: 0.0]
      [Object Copy (ms): Min: 36.8, Avg: 38.0, Max: 39.0, Diff: 2.2, Sum: 152.0]
      [Termination (ms): Min: 0.0, Avg: 0.0, Max: 0.0, Diff: 0.0, Sum: 0.0]
         [Termination Attempts: Min: 1, Avg: 1.2, Max: 2, Diff: 1, Sum: 5]
      [GC Worker Other (ms): Min: 0.0, Avg: 0.1, Max: 0.1, Diff: 0.0, Sum: 0.3]
      [GC Worker Total (ms): Min: 70.7, Avg: 73.3, Max: 77.1, Diff: 6.4, Sum: 293.0]
      [GC Worker End (ms): Min: 5879725.3, Avg: 5879725.4, Max: 5879725.4, Diff: 0.0]
   [Code Root Fixup: 0.0 ms]
   [Code Root Purge: 0.0 ms]
   [Clear CT: 0.1 ms]
   [Other: 15.1 ms]
      [Choose CSet: 0.0 ms]
      [Ref Proc: 0.3 ms]
      [Ref Enq: 0.0 ms]
      [Redirty Cards: 0.2 ms]
      [Humongous Register: 12.3 ms]
      [Humongous Reclaim: 0.0 ms]
      [Free CSet: 1.2 ms]
   [Eden: 44.0M(44.0M)->0.0B(46.0M) Survivors: 7168.0K->5120.0K Heap: 273.6M(1024.0M)->229.6M(1024.0M)]
 [Times: user=0.07 sys=0.05, real=0.10 secs] 
2018-11-25T17:09:17.178+0800: 5907.453: [GC pause (G1 Evacuation Pause) (young), 0.0195986 secs]
   [Parallel Time: 18.8 ms, GC Workers: 4]
      [GC Worker Start (ms): Min: 5907453.1, Avg: 5907453.1, Max: 5907453.2, Diff: 0.1]
      [Ext Root Scanning (ms): Min: 0.9, Avg: 1.0, Max: 1.0, Diff: 0.1, Sum: 3.8]
      [Update RS (ms): Min: 2.2, Avg: 2.5, Max: 2.9, Diff: 0.6, Sum: 10.1]
         [Processed Buffers: Min: 3, Avg: 9.8, Max: 23, Diff: 20, Sum: 39]
      [Scan RS (ms): Min: 4.4, Avg: 4.8, Max: 5.0, Diff: 0.6, Sum: 19.0]
      [Code Root Scanning (ms): Min: 0.0, Avg: 0.0, Max: 0.0, Diff: 0.0, Sum: 0.0]
      [Object Copy (ms): Min: 10.2, Avg: 10.3, Max: 10.4, Diff: 0.2, Sum: 41.1]
      [Termination (ms): Min: 0.0, Avg: 0.1, Max: 0.1, Diff: 0.1, Sum: 0.3]
         [Termination Attempts: Min: 1, Avg: 4.8, Max: 12, Diff: 11, Sum: 19]
      [GC Worker Other (ms): Min: 0.0, Avg: 0.0, Max: 0.0, Diff: 0.0, Sum: 0.1]
      [GC Worker Total (ms): Min: 18.6, Avg: 18.6, Max: 18.7, Diff: 0.1, Sum: 74.5]
      [GC Worker End (ms): Min: 5907471.8, Avg: 5907471.8, Max: 5907471.8, Diff: 0.0]
   [Code Root Fixup: 0.0 ms]
   [Code Root Purge: 0.0 ms]
   [Clear CT: 0.1 ms]
   [Other: 0.7 ms]
      [Choose CSet: 0.0 ms]
      [Ref Proc: 0.2 ms]
      [Ref Enq: 0.0 ms]
      [Redirty Cards: 0.1 ms]
      [Humongous Register: 0.0 ms]
      [Humongous Reclaim: 0.0 ms]
      [Free CSet: 0.1 ms]
   [Eden: 46.0M(46.0M)->0.0B(46.0M) Survivors: 5120.0K->5120.0K Heap: 275.6M(1024.0M)->229.6M(1024.0M)]
 [Times: user=0.07 sys=0.01, real=0.03 secs] 
2018-11-25T17:09:44.754+0800: 5935.028: [GC pause (G1 Evacuation Pause) (young), 0.0243823 secs]
   [Parallel Time: 22.8 ms, GC Workers: 4]
      [GC Worker Start (ms): Min: 5935027.9, Avg: 5935028.1, Max: 5935028.4, Diff: 0.5]
      [Ext Root Scanning (ms): Min: 0.4, Avg: 0.8, Max: 1.0, Diff: 0.6, Sum: 3.3]
      [Update RS (ms): Min: 3.1, Avg: 3.6, Max: 4.5, Diff: 1.4, Sum: 14.2]
         [Processed Buffers: Min: 2, Avg: 8.2, Max: 12, Diff: 10, Sum: 33]
      [Scan RS (ms): Min: 2.9, Avg: 3.6, Max: 4.2, Diff: 1.3, Sum: 14.3]
      [Code Root Scanning (ms): Min: 0.0, Avg: 0.0, Max: 0.0, Diff: 0.0, Sum: 0.0]
      [Object Copy (ms): Min: 14.3, Avg: 14.6, Max: 15.2, Diff: 0.8, Sum: 58.2]
      [Termination (ms): Min: 0.0, Avg: 0.1, Max: 0.2, Diff: 0.1, Sum: 0.4]
         [Termination Attempts: Min: 1, Avg: 1.0, Max: 1, Diff: 0, Sum: 4]
      [GC Worker Other (ms): Min: 0.0, Avg: 0.0, Max: 0.0, Diff: 0.0, Sum: 0.1]
      [GC Worker Total (ms): Min: 22.3, Avg: 22.6, Max: 22.8, Diff: 0.5, Sum: 90.5]
      [GC Worker End (ms): Min: 5935050.7, Avg: 5935050.7, Max: 5935050.7, Diff: 0.0]
   [Code Root Fixup: 0.0 ms]
   [Code Root Purge: 0.0 ms]
   [Clear CT: 0.1 ms]
   [Other: 1.4 ms]
      [Choose CSet: 0.0 ms]
      [Ref Proc: 0.9 ms]
      [Ref Enq: 0.0 ms]
      [Redirty Cards: 0.1 ms]
      [Humongous Register: 0.0 ms]
      [Humongous Reclaim: 0.0 ms]
      [Free CSet: 0.1 ms]
   [Eden: 46.0M(46.0M)->0.0B(45.0M) Survivors: 5120.0K->6144.0K Heap: 275.6M(1024.0M)->231.1M(1024.0M)]
 [Times: user=0.07 sys=0.00, real=0.03 secs] 
2018-11-25T17:10:12.051+0800: 5962.325: [GC pause (G1 Evacuation Pause) (young), 0.0215259 secs]
   [Parallel Time: 20.7 ms, GC Workers: 4]
      [GC Worker Start (ms): Min: 5962324.7, Avg: 5962324.7, Max: 5962324.8, Diff: 0.1]
      [Ext Root Scanning (ms): Min: 0.9, Avg: 0.9, Max: 1.0, Diff: 0.1, Sum: 3.7]
      [Update RS (ms): Min: 2.6, Avg: 2.8, Max: 3.1, Diff: 0.5, Sum: 11.2]
         [Processed Buffers: Min: 1, Avg: 9.0, Max: 21, Diff: 20, Sum: 36]
      [Scan RS (ms): Min: 3.3, Avg: 3.6, Max: 3.8, Diff: 0.5, Sum: 14.3]
      [Code Root Scanning (ms): Min: 0.0, Avg: 0.0, Max: 0.0, Diff: 0.0, Sum: 0.0]
      [Object Copy (ms): Min: 13.3, Avg: 13.3, Max: 13.3, Diff: 0.1, Sum: 53.1]
      [Termination (ms): Min: 0.0, Avg: 0.0, Max: 0.0, Diff: 0.0, Sum: 0.0]
         [Termination Attempts: Min: 1, Avg: 1.2, Max: 2, Diff: 1, Sum: 5]
      [GC Worker Other (ms): Min: 0.0, Avg: 0.0, Max: 0.1, Diff: 0.0, Sum: 0.2]
      [GC Worker Total (ms): Min: 20.6, Avg: 20.6, Max: 20.7, Diff: 0.1, Sum: 82.5]
      [GC Worker End (ms): Min: 5962345.4, Avg: 5962345.4, Max: 5962345.4, Diff: 0.0]
   [Code Root Fixup: 0.0 ms]
   [Code Root Purge: 0.0 ms]
   [Clear CT: 0.1 ms]
   [Other: 0.7 ms]
      [Choose CSet: 0.0 ms]
      [Ref Proc: 0.2 ms]
      [Ref Enq: 0.0 ms]
      [Redirty Cards: 0.1 ms]
      [Humongous Register: 0.0 ms]
      [Humongous Reclaim: 0.0 ms]
      [Free CSet: 0.1 ms]
   [Eden: 45.0M(45.0M)->0.0B(46.0M) Survivors: 6144.0K->5120.0K Heap: 276.1M(1024.0M)->232.1M(1024.0M)]
 [Times: user=0.07 sys=0.00, real=0.02 secs] 
2018-11-25T17:10:39.597+0800: 5989.869: [GC pause (G1 Evacuation Pause) (young), 0.0502260 secs]
   [Parallel Time: 43.9 ms, GC Workers: 4]
      [GC Worker Start (ms): Min: 5989874.5, Avg: 5989874.7, Max: 5989874.9, Diff: 0.3]
      [Ext Root Scanning (ms): Min: 11.2, Avg: 14.0, Max: 20.6, Diff: 9.4, Sum: 56.1]
      [Update RS (ms): Min: 0.0, Avg: 5.8, Max: 8.7, Diff: 8.7, Sum: 23.2]
         [Processed Buffers: Min: 0, Avg: 9.0, Max: 18, Diff: 18, Sum: 36]
      [Scan RS (ms): Min: 6.0, Avg: 6.2, Max: 6.5, Diff: 0.5, Sum: 24.9]
      [Code Root Scanning (ms): Min: 0.0, Avg: 0.0, Max: 0.0, Diff: 0.0, Sum: 0.0]
      [Object Copy (ms): Min: 17.1, Avg: 17.5, Max: 17.8, Diff: 0.8, Sum: 70.0]
      [Termination (ms): Min: 0.0, Avg: 0.0, Max: 0.0, Diff: 0.0, Sum: 0.0]
         [Termination Attempts: Min: 1, Avg: 1.0, Max: 1, Diff: 0, Sum: 4]
      [GC Worker Other (ms): Min: 0.0, Avg: 0.1, Max: 0.1, Diff: 0.1, Sum: 0.3]
      [GC Worker Total (ms): Min: 43.5, Avg: 43.6, Max: 43.8, Diff: 0.3, Sum: 174.5]
      [GC Worker End (ms): Min: 5989918.3, Avg: 5989918.3, Max: 5989918.3, Diff: 0.0]
   [Code Root Fixup: 0.0 ms]
   [Code Root Purge: 0.0 ms]
   [Clear CT: 0.1 ms]
   [Other: 6.2 ms]
      [Choose CSet: 0.0 ms]
      [Ref Proc: 0.2 ms]
      [Ref Enq: 0.0 ms]
      [Redirty Cards: 0.1 ms]
      [Humongous Register: 4.3 ms]
      [Humongous Reclaim: 0.0 ms]
      [Free CSet: 0.4 ms]
   [Eden: 46.0M(46.0M)->0.0B(46.0M) Survivors: 5120.0K->5120.0K Heap: 278.1M(1024.0M)->231.6M(1024.0M)]
 [Times: user=0.05 sys=0.06, real=0.06 secs] 
2018-11-25T17:11:07.487+0800: 6017.758: [GC pause (G1 Evacuation Pause) (young), 0.0236185 secs]
   [Parallel Time: 21.9 ms, GC Workers: 4]
      [GC Worker Start (ms): Min: 6017759.0, Avg: 6017759.2, Max: 6017759.4, Diff: 0.4]
      [Ext Root Scanning (ms): Min: 1.2, Avg: 1.5, Max: 1.8, Diff: 0.6, Sum: 5.8]
      [Update RS (ms): Min: 4.6, Avg: 4.8, Max: 5.1, Diff: 0.5, Sum: 19.2]
         [Processed Buffers: Min: 4, Avg: 10.0, Max: 15, Diff: 11, Sum: 40]
      [Scan RS (ms): Min: 3.1, Avg: 3.3, Max: 3.5, Diff: 0.4, Sum: 13.3]
      [Code Root Scanning (ms): Min: 0.0, Avg: 0.0, Max: 0.0, Diff: 0.0, Sum: 0.0]
      [Object Copy (ms): Min: 11.6, Avg: 12.0, Max: 12.2, Diff: 0.6, Sum: 47.8]
      [Termination (ms): Min: 0.0, Avg: 0.0, Max: 0.0, Diff: 0.0, Sum: 0.0]
         [Termination Attempts: Min: 1, Avg: 1.0, Max: 1, Diff: 0, Sum: 4]
      [GC Worker Other (ms): Min: 0.0, Avg: 0.1, Max: 0.1, Diff: 0.1, Sum: 0.3]
      [GC Worker Total (ms): Min: 21.4, Avg: 21.6, Max: 21.8, Diff: 0.4, Sum: 86.4]
      [GC Worker End (ms): Min: 6017780.8, Avg: 6017780.8, Max: 6017780.8, Diff: 0.0]
   [Code Root Fixup: 0.0 ms]
   [Code Root Purge: 0.0 ms]
   [Clear CT: 0.1 ms]
   [Other: 1.6 ms]
      [Choose CSet: 0.0 ms]
      [Ref Proc: 0.1 ms]
      [Ref Enq: 0.0 ms]
      [Redirty Cards: 0.1 ms]
      [Humongous Register: 0.6 ms]
      [Humongous Reclaim: 0.0 ms]
      [Free CSet: 0.1 ms]
   [Eden: 46.0M(46.0M)->0.0B(46.0M) Survivors: 5120.0K->5120.0K Heap: 277.6M(1024.0M)->232.6M(1024.0M)]
 [Times: user=0.05 sys=0.02, real=0.03 secs] 
2018-11-25T17:11:35.156+0800: 6045.405: [GC pause (G1 Evacuation Pause) (young), 0.0207371 secs]
   [Parallel Time: 19.9 ms, GC Workers: 4]
      [GC Worker Start (ms): Min: 6045405.2, Avg: 6045405.3, Max: 6045405.4, Diff: 0.1]
      [Ext Root Scanning (ms): Min: 1.2, Avg: 1.3, Max: 1.4, Diff: 0.2, Sum: 5.3]
      [Update RS (ms): Min: 1.7, Avg: 2.1, Max: 2.7, Diff: 1.0, Sum: 8.4]
         [Processed Buffers: Min: 2, Avg: 9.5, Max: 21, Diff: 19, Sum: 38]
      [Scan RS (ms): Min: 3.7, Avg: 4.3, Max: 5.1, Diff: 1.4, Sum: 17.2]
      [Code Root Scanning (ms): Min: 0.0, Avg: 0.0, Max: 0.0, Diff: 0.0, Sum: 0.0]
      [Object Copy (ms): Min: 10.6, Avg: 12.0, Max: 12.6, Diff: 2.0, Sum: 48.2]
      [Termination (ms): Min: 0.0, Avg: 0.0, Max: 0.0, Diff: 0.0, Sum: 0.0]
         [Termination Attempts: Min: 1, Avg: 1.0, Max: 1, Diff: 0, Sum: 4]
      [GC Worker Other (ms): Min: 0.0, Avg: 0.0, Max: 0.0, Diff: 0.0, Sum: 0.1]
      [GC Worker Total (ms): Min: 19.7, Avg: 19.8, Max: 19.9, Diff: 0.1, Sum: 79.3]
      [GC Worker End (ms): Min: 6045425.1, Avg: 6045425.1, Max: 6045425.1, Diff: 0.0]
   [Code Root Fixup: 0.0 ms]
   [Code Root Purge: 0.0 ms]
   [Clear CT: 0.1 ms]
   [Other: 0.7 ms]
      [Choose CSet: 0.0 ms]
      [Ref Proc: 0.1 ms]
      [Ref Enq: 0.0 ms]
      [Redirty Cards: 0.1 ms]
      [Humongous Register: 0.0 ms]
      [Humongous Reclaim: 0.0 ms]
      [Free CSet: 0.1 ms]
   [Eden: 46.0M(46.0M)->0.0B(44.0M) Survivors: 5120.0K->7168.0K Heap: 278.6M(1024.0M)->234.6M(1024.0M)]
 [Times: user=0.07 sys=0.00, real=0.02 secs] 
2018-11-25T17:12:01.798+0800: 6072.043: [GC pause (G1 Evacuation Pause) (young), 0.0207000 secs]
   [Parallel Time: 19.9 ms, GC Workers: 4]
      [GC Worker Start (ms): Min: 6072043.5, Avg: 6072043.7, Max: 6072044.3, Diff: 0.8]
      [Ext Root Scanning (ms): Min: 0.3, Avg: 0.9, Max: 1.1, Diff: 0.8, Sum: 3.6]
      [Update RS (ms): Min: 2.0, Avg: 2.2, Max: 2.3, Diff: 0.3, Sum: 8.7]
         [Processed Buffers: Min: 2, Avg: 8.5, Max: 21, Diff: 19, Sum: 34]
      [Scan RS (ms): Min: 3.1, Avg: 3.2, Max: 3.3, Diff: 0.3, Sum: 12.9]
      [Code Root Scanning (ms): Min: 0.0, Avg: 0.0, Max: 0.0, Diff: 0.0, Sum: 0.0]
      [Object Copy (ms): Min: 13.1, Avg: 13.2, Max: 13.3, Diff: 0.2, Sum: 52.9]
      [Termination (ms): Min: 0.0, Avg: 0.0, Max: 0.0, Diff: 0.0, Sum: 0.0]
         [Termination Attempts: Min: 1, Avg: 1.0, Max: 1, Diff: 0, Sum: 4]
      [GC Worker Other (ms): Min: 0.0, Avg: 0.0, Max: 0.0, Diff: 0.0, Sum: 0.1]
      [GC Worker Total (ms): Min: 19.0, Avg: 19.6, Max: 19.8, Diff: 0.8, Sum: 78.2]
      [GC Worker End (ms): Min: 6072063.3, Avg: 6072063.3, Max: 6072063.3, Diff: 0.0]
   [Code Root Fixup: 0.0 ms]
   [Code Root Purge: 0.0 ms]
   [Clear CT: 0.1 ms]
   [Other: 0.8 ms]
      [Choose CSet: 0.0 ms]
      [Ref Proc: 0.2 ms]
      [Ref Enq: 0.0 ms]
      [Redirty Cards: 0.1 ms]
      [Humongous Register: 0.0 ms]
      [Humongous Reclaim: 0.0 ms]
      [Free CSet: 0.1 ms]
   [Eden: 44.0M(44.0M)->0.0B(46.0M) Survivors: 7168.0K->5120.0K Heap: 278.6M(1024.0M)->234.6M(1024.0M)]
 [Times: user=0.07 sys=0.00, real=0.02 secs] 
2018-11-25T17:12:29.330+0800: 6099.574: [GC pause (G1 Evacuation Pause) (young), 0.0170847 secs]
   [Parallel Time: 15.9 ms, GC Workers: 4]
      [GC Worker Start (ms): Min: 6099574.4, Avg: 6099574.4, Max: 6099574.4, Diff: 0.1]
      [Ext Root Scanning (ms): Min: 0.4, Avg: 0.6, Max: 0.7, Diff: 0.3, Sum: 2.4]
      [Update RS (ms): Min: 0.0, Avg: 1.4, Max: 2.1, Diff: 2.1, Sum: 5.8]
         [Processed Buffers: Min: 0, Avg: 9.0, Max: 22, Diff: 22, Sum: 36]
      [Scan RS (ms): Min: 2.7, Avg: 3.8, Max: 6.0, Diff: 3.3, Sum: 15.3]
      [Code Root Scanning (ms): Min: 0.0, Avg: 0.0, Max: 0.0, Diff: 0.0, Sum: 0.0]
      [Object Copy (ms): Min: 6.8, Avg: 9.8, Max: 12.3, Diff: 5.5, Sum: 39.1]
      [Termination (ms): Min: 0.0, Avg: 0.1, Max: 0.2, Diff: 0.2, Sum: 0.3]
         [Termination Attempts: Min: 1, Avg: 1.0, Max: 1, Diff: 0, Sum: 4]
      [GC Worker Other (ms): Min: 0.0, Avg: 0.0, Max: 0.0, Diff: 0.0, Sum: 0.1]
      [GC Worker Total (ms): Min: 15.7, Avg: 15.7, Max: 15.8, Diff: 0.1, Sum: 63.0]
      [GC Worker End (ms): Min: 6099590.1, Avg: 6099590.1, Max: 6099590.2, Diff: 0.0]
   [Code Root Fixup: 0.0 ms]
   [Code Root Purge: 0.0 ms]
   [Clear CT: 0.2 ms]
   [Other: 1.0 ms]
      [Choose CSet: 0.0 ms]
      [Ref Proc: 0.5 ms]
      [Ref Enq: 0.0 ms]
      [Redirty Cards: 0.1 ms]
      [Humongous Register: 0.1 ms]
      [Humongous Reclaim: 0.0 ms]
      [Free CSet: 0.1 ms]
   [Eden: 46.0M(46.0M)->0.0B(46.0M) Survivors: 5120.0K->5120.0K Heap: 280.6M(1024.0M)->235.1M(1024.0M)]
 [Times: user=0.04 sys=0.01, real=0.02 secs] 
2018-11-25T17:12:57.088+0800: 6127.331: [GC pause (G1 Evacuation Pause) (young), 0.0245855 secs]
   [Parallel Time: 23.3 ms, GC Workers: 4]
      [GC Worker Start (ms): Min: 6127331.4, Avg: 6127331.5, Max: 6127331.7, Diff: 0.3]
      [Ext Root Scanning (ms): Min: 0.8, Avg: 1.1, Max: 1.6, Diff: 0.8, Sum: 4.6]
      [Update RS (ms): Min: 3.5, Avg: 4.1, Max: 5.3, Diff: 1.9, Sum: 16.4]
         [Processed Buffers: Min: 0, Avg: 7.8, Max: 22, Diff: 22, Sum: 31]
      [Scan RS (ms): Min: 1.2, Avg: 2.5, Max: 3.3, Diff: 2.1, Sum: 10.0]
      [Code Root Scanning (ms): Min: 0.0, Avg: 0.0, Max: 0.0, Diff: 0.0, Sum: 0.0]
      [Object Copy (ms): Min: 14.7, Avg: 15.3, Max: 15.5, Diff: 0.8, Sum: 61.1]
      [Termination (ms): Min: 0.0, Avg: 0.1, Max: 0.2, Diff: 0.2, Sum: 0.5]
         [Termination Attempts: Min: 1, Avg: 1.2, Max: 2, Diff: 1, Sum: 5]
      [GC Worker Other (ms): Min: 0.0, Avg: 0.0, Max: 0.0, Diff: 0.0, Sum: 0.1]
      [GC Worker Total (ms): Min: 23.0, Avg: 23.1, Max: 23.2, Diff: 0.3, Sum: 92.6]
      [GC Worker End (ms): Min: 6127354.6, Avg: 6127354.6, Max: 6127354.6, Diff: 0.0]
   [Code Root Fixup: 0.0 ms]
   [Code Root Purge: 0.0 ms]
   [Clear CT: 0.1 ms]
   [Other: 1.2 ms]
      [Choose CSet: 0.0 ms]
      [Ref Proc: 0.3 ms]
      [Ref Enq: 0.0 ms]
      [Redirty Cards: 0.1 ms]
      [Humongous Register: 0.3 ms]
      [Humongous Reclaim: 0.0 ms]
      [Free CSet: 0.1 ms]
   [Eden: 46.0M(46.0M)->0.0B(45.0M) Survivors: 5120.0K->6144.0K Heap: 281.1M(1024.0M)->236.1M(1024.0M)]
 [Times: user=0.06 sys=0.02, real=0.03 secs] 
2018-11-25T17:13:24.393+0800: 6154.635: [GC pause (G1 Evacuation Pause) (young), 0.0198836 secs]
   [Parallel Time: 19.1 ms, GC Workers: 4]
      [GC Worker Start (ms): Min: 6154634.8, Avg: 6154634.8, Max: 6154634.9, Diff: 0.2]
      [Ext Root Scanning (ms): Min: 0.9, Avg: 1.0, Max: 1.0, Diff: 0.2, Sum: 3.9]
      [Update RS (ms): Min: 2.2, Avg: 2.4, Max: 2.8, Diff: 0.6, Sum: 9.7]
         [Processed Buffers: Min: 1, Avg: 8.0, Max: 15, Diff: 14, Sum: 32]
      [Scan RS (ms): Min: 2.9, Avg: 3.2, Max: 3.4, Diff: 0.5, Sum: 12.7]
      [Code Root Scanning (ms): Min: 0.0, Avg: 0.0, Max: 0.0, Diff: 0.0, Sum: 0.0]
      [Object Copy (ms): Min: 12.3, Avg: 12.3, Max: 12.3, Diff: 0.1, Sum: 49.2]
      [Termination (ms): Min: 0.0, Avg: 0.0, Max: 0.0, Diff: 0.0, Sum: 0.0]
         [Termination Attempts: Min: 1, Avg: 1.0, Max: 1, Diff: 0, Sum: 4]
      [GC Worker Other (ms): Min: 0.0, Avg: 0.0, Max: 0.0, Diff: 0.0, Sum: 0.1]
      [GC Worker Total (ms): Min: 18.8, Avg: 18.9, Max: 19.0, Diff: 0.2, Sum: 75.7]
      [GC Worker End (ms): Min: 6154653.7, Avg: 6154653.7, Max: 6154653.8, Diff: 0.0]
   [Code Root Fixup: 0.0 ms]
   [Code Root Purge: 0.0 ms]
   [Clear CT: 0.1 ms]
   [Other: 0.6 ms]
      [Choose CSet: 0.0 ms]
      [Ref Proc: 0.1 ms]
      [Ref Enq: 0.0 ms]
      [Redirty Cards: 0.1 ms]
      [Humongous Register: 0.0 ms]
      [Humongous Reclaim: 0.0 ms]
      [Free CSet: 0.1 ms]
   [Eden: 45.0M(45.0M)->0.0B(46.0M) Survivors: 6144.0K->5120.0K Heap: 281.1M(1024.0M)->237.1M(1024.0M)]
 [Times: user=0.07 sys=0.00, real=0.02 secs] 
2018-11-25T17:13:52.192+0800: 6182.433: [GC pause (G1 Evacuation Pause) (young), 0.0228119 secs]
   [Parallel Time: 21.6 ms, GC Workers: 4]
      [GC Worker Start (ms): Min: 6182433.8, Avg: 6182433.9, Max: 6182434.3, Diff: 0.5]
      [Ext Root Scanning (ms): Min: 1.4, Avg: 1.6, Max: 1.8, Diff: 0.4, Sum: 6.6]
      [Update RS (ms): Min: 3.2, Avg: 3.4, Max: 3.5, Diff: 0.4, Sum: 13.6]
         [Processed Buffers: Min: 2, Avg: 9.0, Max: 21, Diff: 19, Sum: 36]
      [Scan RS (ms): Min: 7.0, Avg: 7.2, Max: 7.9, Diff: 0.9, Sum: 29.0]
      [Code Root Scanning (ms): Min: 0.0, Avg: 0.0, Max: 0.0, Diff: 0.0, Sum: 0.0]
      [Object Copy (ms): Min: 8.3, Avg: 9.0, Max: 9.5, Diff: 1.1, Sum: 36.1]
      [Termination (ms): Min: 0.0, Avg: 0.0, Max: 0.0, Diff: 0.0, Sum: 0.0]
         [Termination Attempts: Min: 1, Avg: 1.0, Max: 1, Diff: 0, Sum: 4]
      [GC Worker Other (ms): Min: 0.0, Avg: 0.0, Max: 0.0, Diff: 0.0, Sum: 0.1]
      [GC Worker Total (ms): Min: 21.0, Avg: 21.4, Max: 21.5, Diff: 0.5, Sum: 85.4]
      [GC Worker End (ms): Min: 6182455.3, Avg: 6182455.3, Max: 6182455.3, Diff: 0.0]
   [Code Root Fixup: 0.0 ms]
   [Code Root Purge: 0.0 ms]
   [Clear CT: 0.1 ms]
   [Other: 1.1 ms]
      [Choose CSet: 0.0 ms]
      [Ref Proc: 0.3 ms]
      [Ref Enq: 0.0 ms]
      [Redirty Cards: 0.1 ms]
      [Humongous Register: 0.2 ms]
      [Humongous Reclaim: 0.0 ms]
      [Free CSet: 0.1 ms]
   [Eden: 46.0M(46.0M)->0.0B(46.0M) Survivors: 5120.0K->5120.0K Heap: 283.1M(1024.0M)->236.6M(1024.0M)]
 [Times: user=0.05 sys=0.01, real=0.02 secs] 
2018-11-25T17:14:20.035+0800: 6210.275: [GC pause (G1 Evacuation Pause) (young), 0.0244962 secs]
   [Parallel Time: 23.7 ms, GC Workers: 4]
      [GC Worker Start (ms): Min: 6210275.7, Avg: 6210275.9, Max: 6210276.2, Diff: 0.6]
      [Ext Root Scanning (ms): Min: 0.3, Avg: 0.7, Max: 0.9, Diff: 0.6, Sum: 2.8]
      [Update RS (ms): Min: 2.5, Avg: 2.6, Max: 2.7, Diff: 0.3, Sum: 10.2]
         [Processed Buffers: Min: 0, Avg: 9.2, Max: 26, Diff: 26, Sum: 37]
      [Scan RS (ms): Min: 4.3, Avg: 4.6, Max: 4.7, Diff: 0.5, Sum: 18.2]
      [Code Root Scanning (ms): Min: 0.0, Avg: 0.0, Max: 0.0, Diff: 0.0, Sum: 0.0]
      [Object Copy (ms): Min: 15.5, Avg: 15.6, Max: 15.7, Diff: 0.3, Sum: 62.4]
      [Termination (ms): Min: 0.0, Avg: 0.0, Max: 0.0, Diff: 0.0, Sum: 0.0]
         [Termination Attempts: Min: 1, Avg: 1.0, Max: 1, Diff: 0, Sum: 4]
      [GC Worker Other (ms): Min: 0.0, Avg: 0.1, Max: 0.1, Diff: 0.1, Sum: 0.2]
      [GC Worker Total (ms): Min: 23.1, Avg: 23.5, Max: 23.7, Diff: 0.6, Sum: 93.8]
      [GC Worker End (ms): Min: 6210299.3, Avg: 6210299.3, Max: 6210299.3, Diff: 0.0]
   [Code Root Fixup: 0.0 ms]
   [Code Root Purge: 0.0 ms]
   [Clear CT: 0.1 ms]
   [Other: 0.7 ms]
      [Choose CSet: 0.0 ms]
      [Ref Proc: 0.3 ms]
      [Ref Enq: 0.0 ms]
      [Redirty Cards: 0.1 ms]
      [Humongous Register: 0.0 ms]
      [Humongous Reclaim: 0.0 ms]
      [Free CSet: 0.1 ms]
   [Eden: 46.0M(46.0M)->0.0B(46.0M) Survivors: 5120.0K->5120.0K Heap: 282.6M(1024.0M)->237.5M(1024.0M)]
 [Times: user=0.05 sys=0.01, real=0.03 secs] 
2018-11-25T17:14:47.676+0800: 6237.915: [GC pause (G1 Evacuation Pause) (young), 0.0213303 secs]
   [Parallel Time: 20.3 ms, GC Workers: 4]
      [GC Worker Start (ms): Min: 6237915.8, Avg: 6237915.8, Max: 6237915.8, Diff: 0.1]
      [Ext Root Scanning (ms): Min: 0.9, Avg: 1.0, Max: 1.1, Diff: 0.2, Sum: 3.9]
      [Update RS (ms): Min: 1.9, Avg: 2.5, Max: 3.0, Diff: 1.2, Sum: 9.8]
         [Processed Buffers: Min: 5, Avg: 8.8, Max: 16, Diff: 11, Sum: 35]
      [Scan RS (ms): Min: 3.9, Avg: 4.5, Max: 5.0, Diff: 1.1, Sum: 17.9]
      [Code Root Scanning (ms): Min: 0.0, Avg: 0.0, Max: 0.0, Diff: 0.0, Sum: 0.0]
      [Object Copy (ms): Min: 11.0, Avg: 12.2, Max: 12.7, Diff: 1.8, Sum: 48.7]
      [Termination (ms): Min: 0.0, Avg: 0.0, Max: 0.0, Diff: 0.0, Sum: 0.0]
         [Termination Attempts: Min: 1, Avg: 1.8, Max: 2, Diff: 1, Sum: 7]
      [GC Worker Other (ms): Min: 0.0, Avg: 0.0, Max: 0.1, Diff: 0.0, Sum: 0.2]
      [GC Worker Total (ms): Min: 20.1, Avg: 20.1, Max: 20.2, Diff: 0.1, Sum: 80.6]
      [GC Worker End (ms): Min: 6237935.9, Avg: 6237935.9, Max: 6237936.0, Diff: 0.0]
   [Code Root Fixup: 0.0 ms]
   [Code Root Purge: 0.0 ms]
   [Clear CT: 0.1 ms]
   [Other: 0.9 ms]
      [Choose CSet: 0.0 ms]
      [Ref Proc: 0.1 ms]
      [Ref Enq: 0.0 ms]
      [Redirty Cards: 0.1 ms]
      [Humongous Register: 0.3 ms]
      [Humongous Reclaim: 0.0 ms]
      [Free CSet: 0.1 ms]
   [Eden: 46.0M(46.0M)->0.0B(44.0M) Survivors: 5120.0K->7168.0K Heap: 283.5M(1024.0M)->239.5M(1024.0M)]
 [Times: user=0.07 sys=0.01, real=0.02 secs] 
2018-11-25T17:15:14.384+0800: 6264.622: [GC pause (G1 Evacuation Pause) (young), 0.0269530 secs]
   [Parallel Time: 25.9 ms, GC Workers: 4]
      [GC Worker Start (ms): Min: 6264622.5, Avg: 6264626.8, Max: 6264636.3, Diff: 13.8]
      [Ext Root Scanning (ms): Min: 0.0, Avg: 0.6, Max: 1.7, Diff: 1.7, Sum: 2.3]
      [Update RS (ms): Min: 0.0, Avg: 2.2, Max: 3.4, Diff: 3.4, Sum: 8.9]
         [Processed Buffers: Min: 0, Avg: 7.2, Max: 16, Diff: 16, Sum: 29]
      [Scan RS (ms): Min: 0.0, Avg: 2.0, Max: 2.9, Diff: 2.9, Sum: 7.9]
      [Code Root Scanning (ms): Min: 0.0, Avg: 0.0, Max: 0.0, Diff: 0.0, Sum: 0.0]
      [Object Copy (ms): Min: 12.0, Avg: 16.8, Max: 18.6, Diff: 6.6, Sum: 67.0]
      [Termination (ms): Min: 0.0, Avg: 0.0, Max: 0.0, Diff: 0.0, Sum: 0.0]
         [Termination Attempts: Min: 1, Avg: 2.5, Max: 4, Diff: 3, Sum: 10]
      [GC Worker Other (ms): Min: 0.0, Avg: 0.0, Max: 0.0, Diff: 0.0, Sum: 0.1]
      [GC Worker Total (ms): Min: 12.0, Avg: 21.6, Max: 25.8, Diff: 13.8, Sum: 86.2]
      [GC Worker End (ms): Min: 6264648.3, Avg: 6264648.3, Max: 6264648.3, Diff: 0.0]
   [Code Root Fixup: 0.0 ms]
   [Code Root Purge: 0.0 ms]
   [Clear CT: 0.1 ms]
   [Other: 0.9 ms]
      [Choose CSet: 0.0 ms]
      [Ref Proc: 0.2 ms]
      [Ref Enq: 0.0 ms]
      [Redirty Cards: 0.1 ms]
      [Humongous Register: 0.1 ms]
      [Humongous Reclaim: 0.0 ms]
      [Free CSet: 0.2 ms]
   [Eden: 44.0M(44.0M)->0.0B(46.0M) Survivors: 7168.0K->5120.0K Heap: 283.5M(1024.0M)->240.0M(1024.0M)]
 [Times: user=0.06 sys=0.00, real=0.03 secs] 
2018-11-25T17:15:42.022+0800: 6292.260: [GC pause (G1 Evacuation Pause) (young), 0.0357892 secs]
   [Parallel Time: 30.0 ms, GC Workers: 4]
      [GC Worker Start (ms): Min: 6292264.6, Avg: 6292264.7, Max: 6292264.8, Diff: 0.2]
      [Ext Root Scanning (ms): Min: 4.9, Avg: 6.4, Max: 10.9, Diff: 5.9, Sum: 25.8]
      [Update RS (ms): Min: 0.0, Avg: 3.9, Max: 5.2, Diff: 5.2, Sum: 15.5]
         [Processed Buffers: Min: 0, Avg: 9.2, Max: 21, Diff: 21, Sum: 37]
      [Scan RS (ms): Min: 4.0, Avg: 4.3, Max: 4.6, Diff: 0.5, Sum: 17.3]
      [Code Root Scanning (ms): Min: 0.0, Avg: 0.0, Max: 0.0, Diff: 0.0, Sum: 0.0]
      [Object Copy (ms): Min: 14.8, Avg: 14.9, Max: 15.0, Diff: 0.2, Sum: 59.6]
      [Termination (ms): Min: 0.0, Avg: 0.0, Max: 0.0, Diff: 0.0, Sum: 0.0]
         [Termination Attempts: Min: 1, Avg: 1.0, Max: 1, Diff: 0, Sum: 4]
      [GC Worker Other (ms): Min: 0.0, Avg: 0.1, Max: 0.1, Diff: 0.1, Sum: 0.2]
      [GC Worker Total (ms): Min: 29.5, Avg: 29.6, Max: 29.7, Diff: 0.2, Sum: 118.5]
      [GC Worker End (ms): Min: 6292294.3, Avg: 6292294.3, Max: 6292294.3, Diff: 0.0]
   [Code Root Fixup: 0.0 ms]
   [Code Root Purge: 0.0 ms]
   [Clear CT: 0.1 ms]
   [Other: 5.7 ms]
      [Choose CSet: 0.0 ms]
      [Ref Proc: 0.2 ms]
      [Ref Enq: 0.0 ms]
      [Redirty Cards: 0.1 ms]
      [Humongous Register: 3.6 ms]
      [Humongous Reclaim: 0.0 ms]
      [Free CSet: 0.5 ms]
   [Eden: 46.0M(46.0M)->0.0B(46.0M) Survivors: 5120.0K->5120.0K Heap: 286.0M(1024.0M)->239.5M(1024.0M)]
 [Times: user=0.05 sys=0.06, real=0.04 secs] 
2018-11-25T17:16:10.038+0800: 6320.275: [GC pause (G1 Evacuation Pause) (young), 0.0188724 secs]
   [Parallel Time: 18.1 ms, GC Workers: 4]
      [GC Worker Start (ms): Min: 6320275.0, Avg: 6320275.1, Max: 6320275.1, Diff: 0.1]
      [Ext Root Scanning (ms): Min: 0.9, Avg: 1.0, Max: 1.0, Diff: 0.1, Sum: 3.9]
      [Update RS (ms): Min: 2.4, Avg: 2.6, Max: 2.8, Diff: 0.4, Sum: 10.5]
         [Processed Buffers: Min: 4, Avg: 8.2, Max: 18, Diff: 14, Sum: 33]
      [Scan RS (ms): Min: 2.9, Avg: 3.3, Max: 3.7, Diff: 0.8, Sum: 13.2]
      [Code Root Scanning (ms): Min: 0.0, Avg: 0.0, Max: 0.0, Diff: 0.0, Sum: 0.0]
      [Object Copy (ms): Min: 10.9, Avg: 11.1, Max: 11.6, Diff: 0.7, Sum: 44.3]
      [Termination (ms): Min: 0.0, Avg: 0.0, Max: 0.0, Diff: 0.0, Sum: 0.0]
         [Termination Attempts: Min: 1, Avg: 1.0, Max: 1, Diff: 0, Sum: 4]
      [GC Worker Other (ms): Min: 0.0, Avg: 0.0, Max: 0.0, Diff: 0.0, Sum: 0.1]
      [GC Worker Total (ms): Min: 18.0, Avg: 18.0, Max: 18.1, Diff: 0.1, Sum: 72.1]
      [GC Worker End (ms): Min: 6320293.1, Avg: 6320293.1, Max: 6320293.1, Diff: 0.0]
   [Code Root Fixup: 0.0 ms]
   [Code Root Purge: 0.0 ms]
   [Clear CT: 0.1 ms]
   [Other: 0.7 ms]
      [Choose CSet: 0.0 ms]
      [Ref Proc: 0.2 ms]
      [Ref Enq: 0.0 ms]
      [Redirty Cards: 0.1 ms]
      [Humongous Register: 0.0 ms]
      [Humongous Reclaim: 0.0 ms]
      [Free CSet: 0.1 ms]
   [Eden: 46.0M(46.0M)->0.0B(46.0M) Survivors: 5120.0K->5120.0K Heap: 285.5M(1024.0M)->240.3M(1024.0M)]
 [Times: user=0.07 sys=0.00, real=0.02 secs] 
2018-11-25T17:16:37.581+0800: 6347.817: [GC pause (G1 Evacuation Pause) (young), 0.0206836 secs]
   [Parallel Time: 20.0 ms, GC Workers: 4]
      [GC Worker Start (ms): Min: 6347817.6, Avg: 6347817.9, Max: 6347818.3, Diff: 0.7]
      [Ext Root Scanning (ms): Min: 0.4, Avg: 0.9, Max: 1.1, Diff: 0.7, Sum: 3.5]
      [Update RS (ms): Min: 1.9, Avg: 2.3, Max: 3.1, Diff: 1.2, Sum: 9.2]
         [Processed Buffers: Min: 4, Avg: 9.5, Max: 21, Diff: 17, Sum: 38]
      [Scan RS (ms): Min: 3.4, Avg: 4.1, Max: 4.6, Diff: 1.2, Sum: 16.6]
      [Code Root Scanning (ms): Min: 0.0, Avg: 0.0, Max: 0.0, Diff: 0.0, Sum: 0.0]
      [Object Copy (ms): Min: 12.3, Avg: 12.4, Max: 12.5, Diff: 0.2, Sum: 49.5]
      [Termination (ms): Min: 0.0, Avg: 0.0, Max: 0.0, Diff: 0.0, Sum: 0.0]
         [Termination Attempts: Min: 1, Avg: 1.0, Max: 1, Diff: 0, Sum: 4]
      [GC Worker Other (ms): Min: 0.0, Avg: 0.0, Max: 0.1, Diff: 0.0, Sum: 0.2]
      [GC Worker Total (ms): Min: 19.3, Avg: 19.8, Max: 20.0, Diff: 0.7, Sum: 79.0]
      [GC Worker End (ms): Min: 6347837.6, Avg: 6347837.6, Max: 6347837.6, Diff: 0.0]
   [Code Root Fixup: 0.0 ms]
   [Code Root Purge: 0.0 ms]
   [Clear CT: 0.1 ms]
   [Other: 0.6 ms]
      [Choose CSet: 0.0 ms]
      [Ref Proc: 0.1 ms]
      [Ref Enq: 0.0 ms]
      [Redirty Cards: 0.0 ms]
      [Humongous Register: 0.0 ms]
      [Humongous Reclaim: 0.0 ms]
      [Free CSet: 0.1 ms]
   [Eden: 46.0M(46.0M)->0.0B(44.0M) Survivors: 5120.0K->7168.0K Heap: 286.3M(1024.0M)->242.3M(1024.0M)]
 [Times: user=0.07 sys=0.00, real=0.02 secs] 
2018-11-25T17:17:04.155+0800: 6374.390: [GC pause (G1 Evacuation Pause) (young), 0.0341635 secs]
   [Parallel Time: 32.5 ms, GC Workers: 4]
      [GC Worker Start (ms): Min: 6374390.6, Avg: 6374397.3, Max: 6374403.5, Diff: 12.9]
      [Ext Root Scanning (ms): Min: 0.0, Avg: 1.4, Max: 5.5, Diff: 5.4, Sum: 5.5]
      [Update RS (ms): Min: 0.0, Avg: 1.9, Max: 3.1, Diff: 3.1, Sum: 7.4]
         [Processed Buffers: Min: 0, Avg: 9.0, Max: 28, Diff: 28, Sum: 36]
      [Scan RS (ms): Min: 0.0, Avg: 2.0, Max: 3.1, Diff: 3.1, Sum: 8.0]
      [Code Root Scanning (ms): Min: 0.0, Avg: 0.0, Max: 0.0, Diff: 0.0, Sum: 0.0]
      [Object Copy (ms): Min: 19.2, Avg: 20.2, Max: 20.7, Diff: 1.4, Sum: 80.9]
      [Termination (ms): Min: 0.0, Avg: 0.1, Max: 0.2, Diff: 0.2, Sum: 0.6]
         [Termination Attempts: Min: 1, Avg: 1.0, Max: 1, Diff: 0, Sum: 4]
      [GC Worker Other (ms): Min: 0.0, Avg: 0.0, Max: 0.0, Diff: 0.0, Sum: 0.1]
      [GC Worker Total (ms): Min: 19.4, Avg: 25.6, Max: 32.4, Diff: 12.9, Sum: 102.6]
      [GC Worker End (ms): Min: 6374422.9, Avg: 6374423.0, Max: 6374423.0, Diff: 0.1]
   [Code Root Fixup: 0.0 ms]
   [Code Root Purge: 0.0 ms]
   [Clear CT: 0.1 ms]
   [Other: 1.6 ms]
      [Choose CSet: 0.0 ms]
      [Ref Proc: 0.5 ms]
      [Ref Enq: 0.0 ms]
      [Redirty Cards: 0.2 ms]
      [Humongous Register: 0.2 ms]
      [Humongous Reclaim: 0.0 ms]
      [Free CSet: 0.1 ms]
   [Eden: 44.0M(44.0M)->0.0B(46.0M) Survivors: 7168.0K->5120.0K Heap: 286.3M(1024.0M)->242.8M(1024.0M)]
 [Times: user=0.06 sys=0.01, real=0.04 secs] 
2018-11-25T17:17:31.858+0800: 6402.093: [GC pause (G1 Evacuation Pause) (young), 0.0202215 secs]
   [Parallel Time: 19.4 ms, GC Workers: 4]
      [GC Worker Start (ms): Min: 6402093.1, Avg: 6402093.2, Max: 6402093.2, Diff: 0.1]
      [Ext Root Scanning (ms): Min: 1.3, Avg: 1.3, Max: 1.3, Diff: 0.1, Sum: 5.3]
      [Update RS (ms): Min: 4.7, Avg: 4.9, Max: 5.2, Diff: 0.5, Sum: 19.7]
         [Processed Buffers: Min: 1, Avg: 9.8, Max: 25, Diff: 24, Sum: 39]
      [Scan RS (ms): Min: 4.8, Avg: 5.0, Max: 5.0, Diff: 0.2, Sum: 19.8]
      [Code Root Scanning (ms): Min: 0.0, Avg: 0.0, Max: 0.0, Diff: 0.0, Sum: 0.0]
      [Object Copy (ms): Min: 7.9, Avg: 8.0, Max: 8.1, Diff: 0.2, Sum: 32.0]
      [Termination (ms): Min: 0.0, Avg: 0.0, Max: 0.0, Diff: 0.0, Sum: 0.0]
         [Termination Attempts: Min: 1, Avg: 1.0, Max: 1, Diff: 0, Sum: 4]
      [GC Worker Other (ms): Min: 0.0, Avg: 0.0, Max: 0.0, Diff: 0.0, Sum: 0.1]
      [GC Worker Total (ms): Min: 19.2, Avg: 19.2, Max: 19.3, Diff: 0.1, Sum: 76.9]
      [GC Worker End (ms): Min: 6402112.4, Avg: 6402112.4, Max: 6402112.4, Diff: 0.0]
   [Code Root Fixup: 0.0 ms]
   [Code Root Purge: 0.0 ms]
   [Clear CT: 0.1 ms]
   [Other: 0.8 ms]
      [Choose CSet: 0.0 ms]
      [Ref Proc: 0.1 ms]
      [Ref Enq: 0.0 ms]
      [Redirty Cards: 0.1 ms]
      [Humongous Register: 0.1 ms]
      [Humongous Reclaim: 0.0 ms]
      [Free CSet: 0.1 ms]
   [Eden: 46.0M(46.0M)->0.0B(46.0M) Survivors: 5120.0K->5120.0K Heap: 288.8M(1024.0M)->242.3M(1024.0M)]
 [Times: user=0.06 sys=0.01, real=0.03 secs] 
2018-11-25T17:17:59.687+0800: 6429.920: [GC pause (G1 Evacuation Pause) (young), 0.0225345 secs]
   [Parallel Time: 21.4 ms, GC Workers: 4]
      [GC Worker Start (ms): Min: 6429920.8, Avg: 6429920.9, Max: 6429921.0, Diff: 0.3]
      [Ext Root Scanning (ms): Min: 1.2, Avg: 1.3, Max: 1.3, Diff: 0.2, Sum: 5.0]
      [Update RS (ms): Min: 0.0, Avg: 2.3, Max: 3.2, Diff: 3.2, Sum: 9.3]
         [Processed Buffers: Min: 0, Avg: 9.0, Max: 16, Diff: 16, Sum: 36]
      [Scan RS (ms): Min: 2.2, Avg: 3.6, Max: 5.7, Diff: 3.4, Sum: 14.3]
      [Code Root Scanning (ms): Min: 0.0, Avg: 0.0, Max: 0.0, Diff: 0.0, Sum: 0.0]
      [Object Copy (ms): Min: 11.3, Avg: 14.0, Max: 17.6, Diff: 6.3, Sum: 56.0]
      [Termination (ms): Min: 0.0, Avg: 0.0, Max: 0.0, Diff: 0.0, Sum: 0.0]
         [Termination Attempts: Min: 1, Avg: 1.0, Max: 1, Diff: 0, Sum: 4]
      [GC Worker Other (ms): Min: 0.0, Avg: 0.0, Max: 0.1, Diff: 0.0, Sum: 0.2]
      [GC Worker Total (ms): Min: 21.0, Avg: 21.2, Max: 21.3, Diff: 0.3, Sum: 84.8]
      [GC Worker End (ms): Min: 6429942.1, Avg: 6429942.1, Max: 6429942.1, Diff: 0.0]
   [Code Root Fixup: 0.0 ms]
   [Code Root Purge: 0.0 ms]
   [Clear CT: 0.1 ms]
   [Other: 1.1 ms]
      [Choose CSet: 0.0 ms]
      [Ref Proc: 0.2 ms]
      [Ref Enq: 0.0 ms]
      [Redirty Cards: 0.1 ms]
      [Humongous Register: 0.3 ms]
      [Humongous Reclaim: 0.0 ms]
      [Free CSet: 0.1 ms]
   [Eden: 46.0M(46.0M)->0.0B(44.0M) Survivors: 5120.0K->7168.0K Heap: 288.3M(1024.0M)->244.3M(1024.0M)]
 [Times: user=0.06 sys=0.00, real=0.03 secs] 
2018-11-25T17:18:26.289+0800: 6456.522: [GC pause (G1 Evacuation Pause) (young), 0.0212983 secs]
   [Parallel Time: 20.5 ms, GC Workers: 4]
      [GC Worker Start (ms): Min: 6456521.7, Avg: 6456522.0, Max: 6456522.3, Diff: 0.6]
      [Ext Root Scanning (ms): Min: 0.5, Avg: 1.2, Max: 1.8, Diff: 1.4, Sum: 5.0]
      [Update RS (ms): Min: 0.4, Avg: 4.2, Max: 13.4, Diff: 13.0, Sum: 16.8]
         [Processed Buffers: Min: 4, Avg: 8.5, Max: 13, Diff: 9, Sum: 34]
      [Scan RS (ms): Min: 0.0, Avg: 2.4, Max: 3.2, Diff: 3.2, Sum: 9.4]
      [Code Root Scanning (ms): Min: 0.0, Avg: 0.0, Max: 0.0, Diff: 0.0, Sum: 0.0]
      [Object Copy (ms): Min: 5.9, Avg: 12.3, Max: 14.5, Diff: 8.6, Sum: 49.4]
      [Termination (ms): Min: 0.0, Avg: 0.0, Max: 0.0, Diff: 0.0, Sum: 0.0]
         [Termination Attempts: Min: 1, Avg: 1.0, Max: 1, Diff: 0, Sum: 4]
      [GC Worker Other (ms): Min: 0.0, Avg: 0.0, Max: 0.0, Diff: 0.0, Sum: 0.1]
      [GC Worker Total (ms): Min: 19.9, Avg: 20.2, Max: 20.4, Diff: 0.6, Sum: 80.6]
      [GC Worker End (ms): Min: 6456542.2, Avg: 6456542.2, Max: 6456542.2, Diff: 0.0]
   [Code Root Fixup: 0.0 ms]
   [Code Root Purge: 0.0 ms]
   [Clear CT: 0.1 ms]
   [Other: 0.7 ms]
      [Choose CSet: 0.0 ms]
      [Ref Proc: 0.3 ms]
      [Ref Enq: 0.0 ms]
      [Redirty Cards: 0.1 ms]
      [Humongous Register: 0.0 ms]
      [Humongous Reclaim: 0.0 ms]
      [Free CSet: 0.1 ms]
   [Eden: 44.0M(44.0M)->0.0B(46.0M) Survivors: 7168.0K->5120.0K Heap: 288.3M(1024.0M)->244.3M(1024.0M)]
 [Times: user=0.05 sys=0.00, real=0.03 secs] 
2018-11-25T17:18:54.284+0800: 6484.516: [GC pause (G1 Evacuation Pause) (young), 0.0175118 secs]
   [Parallel Time: 16.7 ms, GC Workers: 4]
      [GC Worker Start (ms): Min: 6484516.4, Avg: 6484516.4, Max: 6484516.5, Diff: 0.1]
      [Ext Root Scanning (ms): Min: 0.7, Avg: 0.8, Max: 0.8, Diff: 0.1, Sum: 3.1]
      [Update RS (ms): Min: 2.3, Avg: 2.4, Max: 2.7, Diff: 0.5, Sum: 9.6]
         [Processed Buffers: Min: 5, Avg: 9.8, Max: 17, Diff: 12, Sum: 39]
      [Scan RS (ms): Min: 4.1, Avg: 4.5, Max: 4.8, Diff: 0.6, Sum: 18.1]
      [Code Root Scanning (ms): Min: 0.0, Avg: 0.0, Max: 0.0, Diff: 0.0, Sum: 0.0]
      [Object Copy (ms): Min: 8.7, Avg: 8.8, Max: 8.9, Diff: 0.2, Sum: 35.3]
      [Termination (ms): Min: 0.0, Avg: 0.0, Max: 0.0, Diff: 0.0, Sum: 0.0]
         [Termination Attempts: Min: 1, Avg: 2.8, Max: 4, Diff: 3, Sum: 11]
      [GC Worker Other (ms): Min: 0.0, Avg: 0.0, Max: 0.1, Diff: 0.0, Sum: 0.2]
      [GC Worker Total (ms): Min: 16.5, Avg: 16.6, Max: 16.6, Diff: 0.0, Sum: 66.3]
      [GC Worker End (ms): Min: 6484533.0, Avg: 6484533.0, Max: 6484533.0, Diff: 0.0]
   [Code Root Fixup: 0.0 ms]
   [Code Root Purge: 0.0 ms]
   [Clear CT: 0.1 ms]
   [Other: 0.7 ms]
      [Choose CSet: 0.0 ms]
      [Ref Proc: 0.2 ms]
      [Ref Enq: 0.0 ms]
      [Redirty Cards: 0.1 ms]
      [Humongous Register: 0.0 ms]
      [Humongous Reclaim: 0.0 ms]
      [Free CSet: 0.1 ms]
   [Eden: 46.0M(46.0M)->0.0B(46.0M) Survivors: 5120.0K->5120.0K Heap: 290.3M(1024.0M)->244.3M(1024.0M)]
 [Times: user=0.06 sys=0.00, real=0.02 secs] 
2018-11-25T17:19:22.159+0800: 6512.390: [GC pause (G1 Evacuation Pause) (young), 0.0180155 secs]
   [Parallel Time: 17.3 ms, GC Workers: 4]
      [GC Worker Start (ms): Min: 6512390.0, Avg: 6512390.0, Max: 6512390.1, Diff: 0.1]
      [Ext Root Scanning (ms): Min: 0.8, Avg: 0.8, Max: 0.9, Diff: 0.1, Sum: 3.3]
      [Update RS (ms): Min: 2.6, Avg: 2.6, Max: 2.7, Diff: 0.1, Sum: 10.5]
         [Processed Buffers: Min: 3, Avg: 7.8, Max: 13, Diff: 10, Sum: 31]
      [Scan RS (ms): Min: 3.3, Avg: 3.4, Max: 3.5, Diff: 0.2, Sum: 13.6]
      [Code Root Scanning (ms): Min: 0.0, Avg: 0.0, Max: 0.0, Diff: 0.0, Sum: 0.0]
      [Object Copy (ms): Min: 10.2, Avg: 10.3, Max: 10.3, Diff: 0.2, Sum: 41.1]
      [Termination (ms): Min: 0.0, Avg: 0.0, Max: 0.0, Diff: 0.0, Sum: 0.0]
         [Termination Attempts: Min: 1, Avg: 3.0, Max: 6, Diff: 5, Sum: 12]
      [GC Worker Other (ms): Min: 0.0, Avg: 0.0, Max: 0.1, Diff: 0.0, Sum: 0.2]
      [GC Worker Total (ms): Min: 17.1, Avg: 17.1, Max: 17.2, Diff: 0.1, Sum: 68.6]
      [GC Worker End (ms): Min: 6512407.2, Avg: 6512407.2, Max: 6512407.2, Diff: 0.0]
   [Code Root Fixup: 0.0 ms]
   [Code Root Purge: 0.0 ms]
   [Clear CT: 0.1 ms]
   [Other: 0.6 ms]
      [Choose CSet: 0.0 ms]
      [Ref Proc: 0.2 ms]
      [Ref Enq: 0.0 ms]
      [Redirty Cards: 0.1 ms]
      [Humongous Register: 0.0 ms]
      [Humongous Reclaim: 0.0 ms]
      [Free CSet: 0.0 ms]
   [Eden: 46.0M(46.0M)->0.0B(46.0M) Survivors: 5120.0K->5120.0K Heap: 290.3M(1024.0M)->245.1M(1024.0M)]
 [Times: user=0.07 sys=0.00, real=0.02 secs] 
2018-11-25T17:19:49.936+0800: 6540.166: [GC pause (G1 Evacuation Pause) (young), 0.0208851 secs]
   [Parallel Time: 20.2 ms, GC Workers: 4]
      [GC Worker Start (ms): Min: 6540166.5, Avg: 6540166.6, Max: 6540166.6, Diff: 0.1]
      [Ext Root Scanning (ms): Min: 0.8, Avg: 0.8, Max: 0.9, Diff: 0.1, Sum: 3.3]
      [Update RS (ms): Min: 2.0, Avg: 2.6, Max: 3.1, Diff: 1.1, Sum: 10.5]
         [Processed Buffers: Min: 2, Avg: 8.0, Max: 21, Diff: 19, Sum: 32]
      [Scan RS (ms): Min: 3.2, Avg: 3.7, Max: 4.3, Diff: 1.1, Sum: 15.0]
      [Code Root Scanning (ms): Min: 0.0, Avg: 0.0, Max: 0.0, Diff: 0.0, Sum: 0.0]
      [Object Copy (ms): Min: 12.8, Avg: 12.9, Max: 13.0, Diff: 0.1, Sum: 51.5]
      [Termination (ms): Min: 0.0, Avg: 0.0, Max: 0.0, Diff: 0.0, Sum: 0.0]
         [Termination Attempts: Min: 1, Avg: 1.0, Max: 1, Diff: 0, Sum: 4]
      [GC Worker Other (ms): Min: 0.0, Avg: 0.0, Max: 0.1, Diff: 0.0, Sum: 0.1]
      [GC Worker Total (ms): Min: 20.1, Avg: 20.1, Max: 20.2, Diff: 0.1, Sum: 80.5]
      [GC Worker End (ms): Min: 6540186.7, Avg: 6540186.7, Max: 6540186.7, Diff: 0.0]
   [Code Root Fixup: 0.0 ms]
   [Code Root Purge: 0.0 ms]
   [Clear CT: 0.1 ms]
   [Other: 0.6 ms]
      [Choose CSet: 0.0 ms]
      [Ref Proc: 0.1 ms]
      [Ref Enq: 0.0 ms]
      [Redirty Cards: 0.1 ms]
      [Humongous Register: 0.0 ms]
      [Humongous Reclaim: 0.0 ms]
      [Free CSet: 0.1 ms]
   [Eden: 46.0M(46.0M)->0.0B(44.0M) Survivors: 5120.0K->7168.0K Heap: 291.1M(1024.0M)->247.1M(1024.0M)]
 [Times: user=0.07 sys=0.01, real=0.02 secs] 
2018-11-25T17:20:16.558+0800: 6566.787: [GC pause (G1 Evacuation Pause) (young), 0.0226601 secs]
   [Parallel Time: 21.9 ms, GC Workers: 4]
      [GC Worker Start (ms): Min: 6566787.5, Avg: 6566787.6, Max: 6566788.0, Diff: 0.5]
      [Ext Root Scanning (ms): Min: 0.6, Avg: 1.0, Max: 1.1, Diff: 0.6, Sum: 3.8]
      [Update RS (ms): Min: 2.8, Avg: 3.5, Max: 5.4, Diff: 2.6, Sum: 14.0]
         [Processed Buffers: Min: 4, Avg: 8.8, Max: 15, Diff: 11, Sum: 35]
      [Scan RS (ms): Min: 1.6, Avg: 3.7, Max: 5.1, Diff: 3.5, Sum: 14.8]
      [Code Root Scanning (ms): Min: 0.0, Avg: 0.0, Max: 0.0, Diff: 0.0, Sum: 0.0]
      [Object Copy (ms): Min: 12.9, Avg: 13.5, Max: 13.8, Diff: 0.9, Sum: 54.2]
      [Termination (ms): Min: 0.0, Avg: 0.0, Max: 0.0, Diff: 0.0, Sum: 0.0]
         [Termination Attempts: Min: 1, Avg: 1.0, Max: 1, Diff: 0, Sum: 4]
      [GC Worker Other (ms): Min: 0.0, Avg: 0.0, Max: 0.0, Diff: 0.0, Sum: 0.1]
      [GC Worker Total (ms): Min: 21.3, Avg: 21.7, Max: 21.8, Diff: 0.5, Sum: 86.8]
      [GC Worker End (ms): Min: 6566809.3, Avg: 6566809.3, Max: 6566809.3, Diff: 0.0]
   [Code Root Fixup: 0.0 ms]
   [Code Root Purge: 0.0 ms]
   [Clear CT: 0.1 ms]
   [Other: 0.6 ms]
      [Choose CSet: 0.0 ms]
      [Ref Proc: 0.2 ms]
      [Ref Enq: 0.0 ms]
      [Redirty Cards: 0.1 ms]
      [Humongous Register: 0.0 ms]
      [Humongous Reclaim: 0.0 ms]
      [Free CSet: 0.1 ms]
   [Eden: 44.0M(44.0M)->0.0B(46.0M) Survivors: 7168.0K->5120.0K Heap: 291.1M(1024.0M)->247.2M(1024.0M)]
 [Times: user=0.06 sys=0.00, real=0.03 secs] 
2018-11-25T17:20:44.295+0800: 6594.524: [GC pause (G1 Evacuation Pause) (young), 0.0190370 secs]
   [Parallel Time: 18.2 ms, GC Workers: 4]
      [GC Worker Start (ms): Min: 6594523.8, Avg: 6594524.0, Max: 6594524.3, Diff: 0.4]
      [Ext Root Scanning (ms): Min: 0.7, Avg: 1.0, Max: 1.1, Diff: 0.5, Sum: 4.0]
      [Update RS (ms): Min: 2.2, Avg: 2.4, Max: 2.7, Diff: 0.5, Sum: 9.6]
         [Processed Buffers: Min: 4, Avg: 9.5, Max: 19, Diff: 15, Sum: 38]
      [Scan RS (ms): Min: 4.9, Avg: 5.0, Max: 5.2, Diff: 0.3, Sum: 20.1]
      [Code Root Scanning (ms): Min: 0.0, Avg: 0.0, Max: 0.0, Diff: 0.0, Sum: 0.0]
      [Object Copy (ms): Min: 9.4, Avg: 9.5, Max: 9.6, Diff: 0.2, Sum: 38.1]
      [Termination (ms): Min: 0.0, Avg: 0.0, Max: 0.0, Diff: 0.0, Sum: 0.0]
         [Termination Attempts: Min: 1, Avg: 2.5, Max: 4, Diff: 3, Sum: 10]
      [GC Worker Other (ms): Min: 0.0, Avg: 0.0, Max: 0.1, Diff: 0.0, Sum: 0.1]
      [GC Worker Total (ms): Min: 17.7, Avg: 18.0, Max: 18.1, Diff: 0.4, Sum: 71.9]
      [GC Worker End (ms): Min: 6594541.9, Avg: 6594541.9, Max: 6594542.0, Diff: 0.0]
   [Code Root Fixup: 0.0 ms]
   [Code Root Purge: 0.0 ms]
   [Clear CT: 0.1 ms]
   [Other: 0.7 ms]
      [Choose CSet: 0.0 ms]
      [Ref Proc: 0.3 ms]
      [Ref Enq: 0.0 ms]
      [Redirty Cards: 0.1 ms]
      [Humongous Register: 0.0 ms]
      [Humongous Reclaim: 0.0 ms]
      [Free CSet: 0.1 ms]
   [Eden: 46.0M(46.0M)->0.0B(46.0M) Survivors: 5120.0K->5120.0K Heap: 293.2M(1024.0M)->247.2M(1024.0M)]
 [Times: user=0.07 sys=0.00, real=0.02 secs] 
2018-11-25T17:21:12.211+0800: 6622.439: [GC pause (G1 Evacuation Pause) (young), 0.0193532 secs]
   [Parallel Time: 18.6 ms, GC Workers: 4]
      [GC Worker Start (ms): Min: 6622438.9, Avg: 6622439.0, Max: 6622439.2, Diff: 0.3]
      [Ext Root Scanning (ms): Min: 0.6, Avg: 0.8, Max: 0.9, Diff: 0.3, Sum: 3.2]
      [Update RS (ms): Min: 2.5, Avg: 2.8, Max: 2.9, Diff: 0.5, Sum: 11.0]
         [Processed Buffers: Min: 2, Avg: 8.8, Max: 18, Diff: 16, Sum: 35]
      [Scan RS (ms): Min: 3.2, Avg: 3.4, Max: 3.7, Diff: 0.4, Sum: 13.8]
      [Code Root Scanning (ms): Min: 0.0, Avg: 0.0, Max: 0.0, Diff: 0.0, Sum: 0.0]
      [Object Copy (ms): Min: 11.4, Avg: 11.4, Max: 11.4, Diff: 0.1, Sum: 45.5]
      [Termination (ms): Min: 0.0, Avg: 0.0, Max: 0.0, Diff: 0.0, Sum: 0.0]
         [Termination Attempts: Min: 1, Avg: 1.0, Max: 1, Diff: 0, Sum: 4]
      [GC Worker Other (ms): Min: 0.0, Avg: 0.0, Max: 0.0, Diff: 0.0, Sum: 0.1]
      [GC Worker Total (ms): Min: 18.2, Avg: 18.4, Max: 18.5, Diff: 0.3, Sum: 73.6]
      [GC Worker End (ms): Min: 6622457.4, Avg: 6622457.4, Max: 6622457.5, Diff: 0.0]
   [Code Root Fixup: 0.0 ms]
   [Code Root Purge: 0.0 ms]
   [Clear CT: 0.1 ms]
   [Other: 0.6 ms]
      [Choose CSet: 0.0 ms]
      [Ref Proc: 0.1 ms]
      [Ref Enq: 0.0 ms]
      [Redirty Cards: 0.1 ms]
      [Humongous Register: 0.0 ms]
      [Humongous Reclaim: 0.0 ms]
      [Free CSet: 0.1 ms]
   [Eden: 46.0M(46.0M)->0.0B(44.0M) Survivors: 5120.0K->7168.0K Heap: 293.2M(1024.0M)->249.2M(1024.0M)]
 [Times: user=0.07 sys=0.00, real=0.02 secs] 
2018-11-25T17:21:38.930+0800: 6649.157: [GC pause (G1 Evacuation Pause) (young), 0.0188172 secs]
   [Parallel Time: 17.9 ms, GC Workers: 4]
      [GC Worker Start (ms): Min: 6649157.6, Avg: 6649157.9, Max: 6649158.3, Diff: 0.7]
      [Ext Root Scanning (ms): Min: 0.3, Avg: 0.7, Max: 1.1, Diff: 0.7, Sum: 2.7]
      [Update RS (ms): Min: 1.5, Avg: 2.0, Max: 3.4, Diff: 2.0, Sum: 8.2]
         [Processed Buffers: Min: 4, Avg: 7.8, Max: 12, Diff: 8, Sum: 31]
      [Scan RS (ms): Min: 1.0, Avg: 2.3, Max: 3.1, Diff: 2.1, Sum: 9.4]
      [Code Root Scanning (ms): Min: 0.0, Avg: 0.0, Max: 0.0, Diff: 0.0, Sum: 0.0]
      [Object Copy (ms): Min: 12.1, Avg: 12.4, Max: 12.6, Diff: 0.5, Sum: 49.5]
      [Termination (ms): Min: 0.0, Avg: 0.0, Max: 0.0, Diff: 0.0, Sum: 0.0]
         [Termination Attempts: Min: 1, Avg: 1.0, Max: 1, Diff: 0, Sum: 4]
      [GC Worker Other (ms): Min: 0.0, Avg: 0.0, Max: 0.1, Diff: 0.0, Sum: 0.2]
      [GC Worker Total (ms): Min: 17.1, Avg: 17.5, Max: 17.9, Diff: 0.8, Sum: 69.8]
      [GC Worker End (ms): Min: 6649175.4, Avg: 6649175.4, Max: 6649175.4, Diff: 0.0]
   [Code Root Fixup: 0.0 ms]
   [Code Root Purge: 0.0 ms]
   [Clear CT: 0.1 ms]
   [Other: 0.8 ms]
      [Choose CSet: 0.0 ms]
      [Ref Proc: 0.1 ms]
      [Ref Enq: 0.0 ms]
      [Redirty Cards: 0.1 ms]
      [Humongous Register: 0.2 ms]
      [Humongous Reclaim: 0.0 ms]
      [Free CSet: 0.1 ms]
   [Eden: 44.0M(44.0M)->0.0B(54.0M) Survivors: 7168.0K->5120.0K Heap: 293.2M(1024.0M)->249.2M(1024.0M)]
 [Times: user=0.06 sys=0.01, real=0.02 secs] 
2018-11-25T17:22:06.394+0800: 6676.620: [GC pause (G1 Evacuation Pause) (young), 0.0270808 secs]
   [Parallel Time: 26.1 ms, GC Workers: 4]
      [GC Worker Start (ms): Min: 6676620.7, Avg: 6676620.7, Max: 6676620.8, Diff: 0.1]
      [Ext Root Scanning (ms): Min: 1.4, Avg: 1.5, Max: 1.5, Diff: 0.1, Sum: 6.0]
      [Update RS (ms): Min: 7.4, Avg: 7.7, Max: 8.1, Diff: 0.7, Sum: 31.0]
         [Processed Buffers: Min: 1, Avg: 9.5, Max: 17, Diff: 16, Sum: 38]
      [Scan RS (ms): Min: 5.2, Avg: 5.4, Max: 5.7, Diff: 0.5, Sum: 21.8]
      [Code Root Scanning (ms): Min: 0.0, Avg: 0.0, Max: 0.0, Diff: 0.0, Sum: 0.0]
      [Object Copy (ms): Min: 11.1, Avg: 11.2, Max: 11.3, Diff: 0.2, Sum: 44.7]
      [Termination (ms): Min: 0.0, Avg: 0.1, Max: 0.1, Diff: 0.1, Sum: 0.3]
         [Termination Attempts: Min: 1, Avg: 1.0, Max: 1, Diff: 0, Sum: 4]
      [GC Worker Other (ms): Min: 0.0, Avg: 0.0, Max: 0.0, Diff: 0.0, Sum: 0.1]
      [GC Worker Total (ms): Min: 25.9, Avg: 26.0, Max: 26.0, Diff: 0.1, Sum: 103.9]
      [GC Worker End (ms): Min: 6676646.7, Avg: 6676646.7, Max: 6676646.7, Diff: 0.0]
   [Code Root Fixup: 0.0 ms]
   [Code Root Purge: 0.0 ms]
   [Clear CT: 0.1 ms]
   [Other: 0.9 ms]
      [Choose CSet: 0.0 ms]
      [Ref Proc: 0.2 ms]
      [Ref Enq: 0.0 ms]
      [Redirty Cards: 0.1 ms]
      [Humongous Register: 0.1 ms]
      [Humongous Reclaim: 0.0 ms]
      [Free CSet: 0.1 ms]
   [Eden: 46.0M(46.0M)->0.0B(46.0M) Survivors: 5120.0K->5120.0K Heap: 295.2M(1024.0M)->249.7M(1024.0M)]
 [Times: user=0.06 sys=0.03, real=0.03 secs] 
2018-11-25T17:22:34.018+0800: 6704.243: [GC pause (G1 Evacuation Pause) (young), 0.0387297 secs]
   [Parallel Time: 32.5 ms, GC Workers: 4]
      [GC Worker Start (ms): Min: 6704247.5, Avg: 6704247.7, Max: 6704247.9, Diff: 0.4]
      [Ext Root Scanning (ms): Min: 5.4, Avg: 6.8, Max: 10.9, Diff: 5.5, Sum: 27.3]
      [Update RS (ms): Min: 0.0, Avg: 2.7, Max: 3.6, Diff: 3.6, Sum: 10.8]
         [Processed Buffers: Min: 0, Avg: 7.5, Max: 13, Diff: 13, Sum: 30]
      [Scan RS (ms): Min: 2.5, Avg: 3.0, Max: 3.2, Diff: 0.7, Sum: 11.9]
      [Code Root Scanning (ms): Min: 0.0, Avg: 0.0, Max: 0.0, Diff: 0.0, Sum: 0.0]
      [Object Copy (ms): Min: 19.0, Avg: 19.6, Max: 19.8, Diff: 0.9, Sum: 78.3]
      [Termination (ms): Min: 0.0, Avg: 0.0, Max: 0.0, Diff: 0.0, Sum: 0.0]
         [Termination Attempts: Min: 1, Avg: 1.2, Max: 2, Diff: 1, Sum: 5]
      [GC Worker Other (ms): Min: 0.1, Avg: 0.1, Max: 0.1, Diff: 0.1, Sum: 0.4]
      [GC Worker Total (ms): Min: 32.0, Avg: 32.2, Max: 32.4, Diff: 0.4, Sum: 128.8]
      [GC Worker End (ms): Min: 6704279.9, Avg: 6704279.9, Max: 6704279.9, Diff: 0.0]
   [Code Root Fixup: 0.0 ms]
   [Code Root Purge: 0.0 ms]
   [Clear CT: 0.1 ms]
   [Other: 6.0 ms]
      [Choose CSet: 0.0 ms]
      [Ref Proc: 0.5 ms]
      [Ref Enq: 0.0 ms]
      [Redirty Cards: 0.1 ms]
      [Humongous Register: 3.7 ms]
      [Humongous Reclaim: 0.0 ms]
      [Free CSet: 0.6 ms]
   [Eden: 46.0M(46.0M)->0.0B(45.0M) Survivors: 5120.0K->6144.0K Heap: 295.7M(1024.0M)->251.5M(1024.0M)]
 [Times: user=0.06 sys=0.04, real=0.04 secs] 
2018-11-25T17:23:01.192+0800: 6731.417: [GC pause (G1 Evacuation Pause) (young), 0.0204129 secs]
   [Parallel Time: 19.6 ms, GC Workers: 4]
      [GC Worker Start (ms): Min: 6731416.9, Avg: 6731417.3, Max: 6731417.7, Diff: 0.8]
      [Ext Root Scanning (ms): Min: 0.5, Avg: 0.9, Max: 1.3, Diff: 0.8, Sum: 3.7]
      [Update RS (ms): Min: 2.1, Avg: 2.9, Max: 3.8, Diff: 1.7, Sum: 11.6]
         [Processed Buffers: Min: 1, Avg: 8.2, Max: 14, Diff: 13, Sum: 33]
      [Scan RS (ms): Min: 2.3, Avg: 3.3, Max: 4.1, Diff: 1.8, Sum: 13.3]
      [Code Root Scanning (ms): Min: 0.0, Avg: 0.0, Max: 0.0, Diff: 0.0, Sum: 0.0]
      [Object Copy (ms): Min: 11.8, Avg: 12.0, Max: 12.0, Diff: 0.2, Sum: 47.8]
      [Termination (ms): Min: 0.0, Avg: 0.0, Max: 0.0, Diff: 0.0, Sum: 0.0]
         [Termination Attempts: Min: 1, Avg: 3.2, Max: 4, Diff: 3, Sum: 13]
      [GC Worker Other (ms): Min: 0.0, Avg: 0.0, Max: 0.1, Diff: 0.1, Sum: 0.2]
      [GC Worker Total (ms): Min: 18.7, Avg: 19.1, Max: 19.5, Diff: 0.8, Sum: 76.6]
      [GC Worker End (ms): Min: 6731436.4, Avg: 6731436.4, Max: 6731436.4, Diff: 0.0]
   [Code Root Fixup: 0.0 ms]
   [Code Root Purge: 0.0 ms]
   [Clear CT: 0.1 ms]
   [Other: 0.7 ms]
      [Choose CSet: 0.0 ms]
      [Ref Proc: 0.1 ms]
      [Ref Enq: 0.0 ms]
      [Redirty Cards: 0.1 ms]
      [Humongous Register: 0.1 ms]
      [Humongous Reclaim: 0.0 ms]
      [Free CSet: 0.1 ms]
   [Eden: 45.0M(45.0M)->0.0B(46.0M) Survivors: 6144.0K->5120.0K Heap: 296.5M(1024.0M)->252.1M(1024.0M)]
 [Times: user=0.07 sys=0.00, real=0.02 secs] 
2018-11-25T17:23:28.949+0800: 6759.172: [GC pause (G1 Evacuation Pause) (young), 0.0142123 secs]
   [Parallel Time: 13.5 ms, GC Workers: 4]
      [GC Worker Start (ms): Min: 6759172.6, Avg: 6759172.6, Max: 6759172.7, Diff: 0.1]
      [Ext Root Scanning (ms): Min: 0.5, Avg: 0.6, Max: 0.6, Diff: 0.1, Sum: 2.4]
      [Update RS (ms): Min: 1.2, Avg: 1.5, Max: 1.9, Diff: 0.7, Sum: 5.8]
         [Processed Buffers: Min: 2, Avg: 9.0, Max: 16, Diff: 14, Sum: 36]
      [Scan RS (ms): Min: 2.1, Avg: 2.6, Max: 2.8, Diff: 0.7, Sum: 10.2]
      [Code Root Scanning (ms): Min: 0.0, Avg: 0.0, Max: 0.0, Diff: 0.0, Sum: 0.0]
      [Object Copy (ms): Min: 8.7, Avg: 8.8, Max: 8.9, Diff: 0.1, Sum: 35.3]
      [Termination (ms): Min: 0.0, Avg: 0.0, Max: 0.0, Diff: 0.0, Sum: 0.0]
         [Termination Attempts: Min: 1, Avg: 1.0, Max: 1, Diff: 0, Sum: 4]
      [GC Worker Other (ms): Min: 0.0, Avg: 0.0, Max: 0.0, Diff: 0.0, Sum: 0.1]
      [GC Worker Total (ms): Min: 13.4, Avg: 13.4, Max: 13.5, Diff: 0.1, Sum: 53.7]
      [GC Worker End (ms): Min: 6759186.1, Avg: 6759186.1, Max: 6759186.1, Diff: 0.0]
   [Code Root Fixup: 0.0 ms]
   [Code Root Purge: 0.0 ms]
   [Clear CT: 0.1 ms]
   [Other: 0.6 ms]
      [Choose CSet: 0.0 ms]
      [Ref Proc: 0.2 ms]
      [Ref Enq: 0.0 ms]
      [Redirty Cards: 0.1 ms]
      [Humongous Register: 0.0 ms]
      [Humongous Reclaim: 0.0 ms]
      [Free CSet: 0.1 ms]
   [Eden: 46.0M(46.0M)->0.0B(45.0M) Survivors: 5120.0K->6144.0K Heap: 298.1M(1024.0M)->252.6M(1024.0M)]
 [Times: user=0.05 sys=0.00, real=0.02 secs] 
2018-11-25T17:23:56.203+0800: 6786.426: [GC pause (G1 Evacuation Pause) (young), 0.0186348 secs]
   [Parallel Time: 17.7 ms, GC Workers: 4]
      [GC Worker Start (ms): Min: 6786426.5, Avg: 6786426.5, Max: 6786426.6, Diff: 0.1]
      [Ext Root Scanning (ms): Min: 0.8, Avg: 0.8, Max: 0.8, Diff: 0.1, Sum: 3.2]
      [Update RS (ms): Min: 2.2, Avg: 2.5, Max: 2.7, Diff: 0.4, Sum: 9.9]
         [Processed Buffers: Min: 1, Avg: 6.8, Max: 17, Diff: 16, Sum: 27]
      [Scan RS (ms): Min: 3.3, Avg: 3.5, Max: 3.6, Diff: 0.3, Sum: 13.9]
      [Code Root Scanning (ms): Min: 0.0, Avg: 0.0, Max: 0.0, Diff: 0.0, Sum: 0.0]
      [Object Copy (ms): Min: 10.7, Avg: 10.7, Max: 10.8, Diff: 0.1, Sum: 43.0]
      [Termination (ms): Min: 0.0, Avg: 0.0, Max: 0.0, Diff: 0.0, Sum: 0.0]
         [Termination Attempts: Min: 1, Avg: 1.0, Max: 1, Diff: 0, Sum: 4]
      [GC Worker Other (ms): Min: 0.0, Avg: 0.0, Max: 0.1, Diff: 0.0, Sum: 0.1]
      [GC Worker Total (ms): Min: 17.5, Avg: 17.5, Max: 17.6, Diff: 0.0, Sum: 70.2]
      [GC Worker End (ms): Min: 6786444.1, Avg: 6786444.1, Max: 6786444.1, Diff: 0.0]
   [Code Root Fixup: 0.0 ms]
   [Code Root Purge: 0.0 ms]
   [Clear CT: 0.2 ms]
   [Other: 0.7 ms]
      [Choose CSet: 0.0 ms]
      [Ref Proc: 0.2 ms]
      [Ref Enq: 0.0 ms]
      [Redirty Cards: 0.1 ms]
      [Humongous Register: 0.0 ms]
      [Humongous Reclaim: 0.0 ms]
      [Free CSet: 0.1 ms]
   [Eden: 45.0M(45.0M)->0.0B(46.0M) Survivors: 6144.0K->5120.0K Heap: 297.6M(1024.0M)->252.3M(1024.0M)]
 [Times: user=0.07 sys=0.00, real=0.02 secs] 
2018-11-25T17:24:23.924+0800: 6814.146: [GC pause (G1 Evacuation Pause) (young), 0.0211773 secs]
   [Parallel Time: 20.2 ms, GC Workers: 4]
      [GC Worker Start (ms): Min: 6814146.2, Avg: 6814146.2, Max: 6814146.3, Diff: 0.1]
      [Ext Root Scanning (ms): Min: 0.9, Avg: 1.0, Max: 1.1, Diff: 0.2, Sum: 3.9]
      [Update RS (ms): Min: 2.1, Avg: 2.4, Max: 2.6, Diff: 0.5, Sum: 9.5]
         [Processed Buffers: Min: 6, Avg: 8.8, Max: 15, Diff: 9, Sum: 35]
      [Scan RS (ms): Min: 3.8, Avg: 4.0, Max: 4.1, Diff: 0.2, Sum: 15.9]
      [Code Root Scanning (ms): Min: 0.0, Avg: 0.0, Max: 0.0, Diff: 0.0, Sum: 0.0]
      [Object Copy (ms): Min: 12.6, Avg: 12.7, Max: 12.9, Diff: 0.3, Sum: 50.9]
      [Termination (ms): Min: 0.0, Avg: 0.0, Max: 0.0, Diff: 0.0, Sum: 0.0]
         [Termination Attempts: Min: 1, Avg: 1.0, Max: 1, Diff: 0, Sum: 4]
      [GC Worker Other (ms): Min: 0.0, Avg: 0.0, Max: 0.0, Diff: 0.0, Sum: 0.1]
      [GC Worker Total (ms): Min: 20.1, Avg: 20.1, Max: 20.1, Diff: 0.1, Sum: 80.4]
      [GC Worker End (ms): Min: 6814166.3, Avg: 6814166.3, Max: 6814166.3, Diff: 0.0]
   [Code Root Fixup: 0.0 ms]
   [Code Root Purge: 0.0 ms]
   [Clear CT: 0.1 ms]
   [Other: 0.9 ms]
      [Choose CSet: 0.0 ms]
      [Ref Proc: 0.2 ms]
      [Ref Enq: 0.0 ms]
      [Redirty Cards: 0.1 ms]
      [Humongous Register: 0.2 ms]
      [Humongous Reclaim: 0.0 ms]
      [Free CSet: 0.1 ms]
   [Eden: 46.0M(46.0M)->0.0B(44.0M) Survivors: 5120.0K->7168.0K Heap: 298.3M(1024.0M)->254.3M(1024.0M)]
 [Times: user=0.07 sys=0.01, real=0.02 secs] 
2018-11-25T17:24:50.387+0800: 6840.609: [GC pause (G1 Evacuation Pause) (young), 0.0197655 secs]
   [Parallel Time: 19.0 ms, GC Workers: 4]
      [GC Worker Start (ms): Min: 6840609.0, Avg: 6840609.0, Max: 6840609.1, Diff: 0.1]
      [Ext Root Scanning (ms): Min: 0.8, Avg: 0.8, Max: 0.8, Diff: 0.1, Sum: 3.2]
      [Update RS (ms): Min: 2.2, Avg: 2.4, Max: 2.5, Diff: 0.2, Sum: 9.4]
         [Processed Buffers: Min: 3, Avg: 8.8, Max: 19, Diff: 16, Sum: 35]
      [Scan RS (ms): Min: 3.5, Avg: 3.5, Max: 3.6, Diff: 0.1, Sum: 14.0]
      [Code Root Scanning (ms): Min: 0.0, Avg: 0.0, Max: 0.0, Diff: 0.0, Sum: 0.0]
      [Object Copy (ms): Min: 12.1, Avg: 12.2, Max: 12.3, Diff: 0.2, Sum: 48.8]
      [Termination (ms): Min: 0.0, Avg: 0.0, Max: 0.0, Diff: 0.0, Sum: 0.0]
         [Termination Attempts: Min: 1, Avg: 1.0, Max: 1, Diff: 0, Sum: 4]
      [GC Worker Other (ms): Min: 0.0, Avg: 0.0, Max: 0.1, Diff: 0.0, Sum: 0.1]
      [GC Worker Total (ms): Min: 18.9, Avg: 18.9, Max: 18.9, Diff: 0.1, Sum: 75.7]
      [GC Worker End (ms): Min: 6840628.0, Avg: 6840628.0, Max: 6840628.0, Diff: 0.0]
   [Code Root Fixup: 0.0 ms]
   [Code Root Purge: 0.0 ms]
   [Clear CT: 0.1 ms]
   [Other: 0.6 ms]
      [Choose CSet: 0.0 ms]
      [Ref Proc: 0.2 ms]
      [Ref Enq: 0.0 ms]
      [Redirty Cards: 0.1 ms]
      [Humongous Register: 0.1 ms]
      [Humongous Reclaim: 0.0 ms]
      [Free CSet: 0.1 ms]
   [Eden: 44.0M(44.0M)->0.0B(46.0M) Survivors: 7168.0K->5120.0K Heap: 298.3M(1024.0M)->254.4M(1024.0M)]
 [Times: user=0.07 sys=0.00, real=0.02 secs] 
2018-11-25T17:25:18.138+0800: 6868.359: [GC pause (G1 Evacuation Pause) (young), 0.0173900 secs]
   [Parallel Time: 16.7 ms, GC Workers: 4]
      [GC Worker Start (ms): Min: 6868358.9, Avg: 6868358.9, Max: 6868359.0, Diff: 0.1]
      [Ext Root Scanning (ms): Min: 0.8, Avg: 0.8, Max: 0.9, Diff: 0.1, Sum: 3.2]
      [Update RS (ms): Min: 2.2, Avg: 2.4, Max: 2.6, Diff: 0.5, Sum: 9.5]
         [Processed Buffers: Min: 4, Avg: 9.0, Max: 18, Diff: 14, Sum: 36]
      [Scan RS (ms): Min: 4.2, Avg: 4.4, Max: 4.6, Diff: 0.3, Sum: 17.7]
      [Code Root Scanning (ms): Min: 0.0, Avg: 0.0, Max: 0.0, Diff: 0.0, Sum: 0.0]
      [Object Copy (ms): Min: 8.8, Avg: 8.9, Max: 9.0, Diff: 0.2, Sum: 35.6]
      [Termination (ms): Min: 0.0, Avg: 0.0, Max: 0.0, Diff: 0.0, Sum: 0.0]
         [Termination Attempts: Min: 1, Avg: 1.0, Max: 1, Diff: 0, Sum: 4]
      [GC Worker Other (ms): Min: 0.0, Avg: 0.1, Max: 0.1, Diff: 0.0, Sum: 0.3]
      [GC Worker Total (ms): Min: 16.5, Avg: 16.6, Max: 16.6, Diff: 0.1, Sum: 66.4]
      [GC Worker End (ms): Min: 6868375.5, Avg: 6868375.5, Max: 6868375.5, Diff: 0.0]
   [Code Root Fixup: 0.0 ms]
   [Code Root Purge: 0.0 ms]
   [Clear CT: 0.1 ms]
   [Other: 0.7 ms]
      [Choose CSet: 0.0 ms]
      [Ref Proc: 0.2 ms]
      [Ref Enq: 0.0 ms]
      [Redirty Cards: 0.1 ms]
      [Humongous Register: 0.0 ms]
      [Humongous Reclaim: 0.0 ms]
      [Free CSet: 0.1 ms]
   [Eden: 46.0M(46.0M)->0.0B(46.0M) Survivors: 5120.0K->5120.0K Heap: 300.4M(1024.0M)->254.4M(1024.0M)]
 [Times: user=0.07 sys=0.00, real=0.02 secs] 
2018-11-25T17:25:45.900+0800: 6896.119: [GC pause (G1 Evacuation Pause) (young), 0.0202558 secs]
   [Parallel Time: 19.4 ms, GC Workers: 4]
      [GC Worker Start (ms): Min: 6896119.5, Avg: 6896119.6, Max: 6896119.9, Diff: 0.4]
      [Ext Root Scanning (ms): Min: 0.5, Avg: 0.8, Max: 0.9, Diff: 0.4, Sum: 3.1]
      [Update RS (ms): Min: 1.8, Avg: 2.0, Max: 2.1, Diff: 0.3, Sum: 8.2]
         [Processed Buffers: Min: 2, Avg: 8.5, Max: 27, Diff: 25, Sum: 34]
      [Scan RS (ms): Min: 3.6, Avg: 3.7, Max: 3.8, Diff: 0.3, Sum: 14.8]
      [Code Root Scanning (ms): Min: 0.0, Avg: 0.0, Max: 0.0, Diff: 0.0, Sum: 0.0]
      [Object Copy (ms): Min: 12.6, Avg: 12.7, Max: 12.8, Diff: 0.2, Sum: 50.9]
      [Termination (ms): Min: 0.0, Avg: 0.0, Max: 0.0, Diff: 0.0, Sum: 0.0]
         [Termination Attempts: Min: 1, Avg: 1.0, Max: 1, Diff: 0, Sum: 4]
      [GC Worker Other (ms): Min: 0.0, Avg: 0.0, Max: 0.0, Diff: 0.0, Sum: 0.1]
      [GC Worker Total (ms): Min: 19.0, Avg: 19.3, Max: 19.4, Diff: 0.4, Sum: 77.0]
      [GC Worker End (ms): Min: 6896138.9, Avg: 6896138.9, Max: 6896138.9, Diff: 0.0]
   [Code Root Fixup: 0.0 ms]
   [Code Root Purge: 0.0 ms]
   [Clear CT: 0.0 ms]
   [Other: 0.8 ms]
      [Choose CSet: 0.0 ms]
      [Ref Proc: 0.3 ms]
      [Ref Enq: 0.0 ms]
      [Redirty Cards: 0.1 ms]
      [Humongous Register: 0.1 ms]
      [Humongous Reclaim: 0.0 ms]
      [Free CSet: 0.1 ms]
   [Eden: 46.0M(46.0M)->0.0B(45.0M) Survivors: 5120.0K->6144.0K Heap: 300.4M(1024.0M)->256.2M(1024.0M)]
 [Times: user=0.06 sys=0.01, real=0.02 secs] 
2018-11-25T17:26:12.632+0800: 6922.851: [GC pause (G1 Evacuation Pause) (young), 0.0244835 secs]
   [Parallel Time: 23.5 ms, GC Workers: 4]
      [GC Worker Start (ms): Min: 6922850.9, Avg: 6922850.9, Max: 6922850.9, Diff: 0.1]
      [Ext Root Scanning (ms): Min: 0.5, Avg: 0.5, Max: 0.5, Diff: 0.1, Sum: 2.0]
      [Update RS (ms): Min: 2.3, Avg: 2.6, Max: 2.9, Diff: 0.6, Sum: 10.5]
         [Processed Buffers: Min: 3, Avg: 10.0, Max: 16, Diff: 13, Sum: 40]
      [Scan RS (ms): Min: 7.0, Avg: 8.4, Max: 9.7, Diff: 2.7, Sum: 33.7]
      [Code Root Scanning (ms): Min: 0.0, Avg: 0.1, Max: 0.2, Diff: 0.2, Sum: 0.2]
      [Object Copy (ms): Min: 10.1, Avg: 11.6, Max: 12.7, Diff: 2.6, Sum: 46.4]
      [Termination (ms): Min: 0.0, Avg: 0.1, Max: 0.3, Diff: 0.3, Sum: 0.5]
         [Termination Attempts: Min: 1, Avg: 1.0, Max: 1, Diff: 0, Sum: 4]
      [GC Worker Other (ms): Min: 0.0, Avg: 0.0, Max: 0.0, Diff: 0.0, Sum: 0.1]
      [GC Worker Total (ms): Min: 23.3, Avg: 23.4, Max: 23.4, Diff: 0.1, Sum: 93.5]
      [GC Worker End (ms): Min: 6922874.2, Avg: 6922874.3, Max: 6922874.3, Diff: 0.1]
   [Code Root Fixup: 0.0 ms]
   [Code Root Purge: 0.0 ms]
   [Clear CT: 0.1 ms]
   [Other: 0.8 ms]
      [Choose CSet: 0.0 ms]
      [Ref Proc: 0.3 ms]
      [Ref Enq: 0.0 ms]
      [Redirty Cards: 0.1 ms]
      [Humongous Register: 0.1 ms]
      [Humongous Reclaim: 0.0 ms]
      [Free CSet: 0.1 ms]
   [Eden: 45.0M(45.0M)->0.0B(46.0M) Survivors: 6144.0K->5120.0K Heap: 301.2M(1024.0M)->257.2M(1024.0M)]
 [Times: user=0.06 sys=0.00, real=0.02 secs] 
2018-11-25T17:26:40.373+0800: 6950.591: [GC pause (G1 Evacuation Pause) (young), 0.0356106 secs]
   [Parallel Time: 30.5 ms, GC Workers: 4]
      [GC Worker Start (ms): Min: 6950595.3, Avg: 6950595.4, Max: 6950595.5, Diff: 0.2]
      [Ext Root Scanning (ms): Min: 5.5, Avg: 7.0, Max: 11.3, Diff: 5.8, Sum: 28.1]
      [Update RS (ms): Min: 0.0, Avg: 3.9, Max: 5.3, Diff: 5.3, Sum: 15.5]
         [Processed Buffers: Min: 0, Avg: 9.5, Max: 23, Diff: 23, Sum: 38]
      [Scan RS (ms): Min: 4.8, Avg: 4.9, Max: 5.0, Diff: 0.1, Sum: 19.7]
      [Code Root Scanning (ms): Min: 0.0, Avg: 0.0, Max: 0.0, Diff: 0.0, Sum: 0.0]
      [Object Copy (ms): Min: 14.1, Avg: 14.4, Max: 14.6, Diff: 0.5, Sum: 57.6]
      [Termination (ms): Min: 0.0, Avg: 0.0, Max: 0.0, Diff: 0.0, Sum: 0.0]
         [Termination Attempts: Min: 1, Avg: 1.0, Max: 1, Diff: 0, Sum: 4]
      [GC Worker Other (ms): Min: 0.0, Avg: 0.1, Max: 0.1, Diff: 0.0, Sum: 0.3]
      [GC Worker Total (ms): Min: 30.2, Avg: 30.3, Max: 30.4, Diff: 0.2, Sum: 121.1]
      [GC Worker End (ms): Min: 6950625.7, Avg: 6950625.7, Max: 6950625.7, Diff: 0.0]
   [Code Root Fixup: 0.0 ms]
   [Code Root Purge: 0.0 ms]
   [Clear CT: 0.1 ms]
   [Other: 5.0 ms]
      [Choose CSet: 0.0 ms]
      [Ref Proc: 0.2 ms]
      [Ref Enq: 0.0 ms]
      [Redirty Cards: 0.1 ms]
      [Humongous Register: 3.1 ms]
      [Humongous Reclaim: 0.0 ms]
      [Free CSet: 0.5 ms]
   [Eden: 46.0M(46.0M)->0.0B(46.0M) Survivors: 5120.0K->5120.0K Heap: 303.2M(1024.0M)->257.2M(1024.0M)]
 [Times: user=0.05 sys=0.05, real=0.04 secs] 
2018-11-25T17:27:08.263+0800: 6978.480: [GC pause (G1 Evacuation Pause) (young), 0.0337300 secs]
   [Parallel Time: 32.7 ms, GC Workers: 4]
      [GC Worker Start (ms): Min: 6978480.6, Avg: 6978480.6, Max: 6978480.8, Diff: 0.2]
      [Ext Root Scanning (ms): Min: 0.4, Avg: 0.8, Max: 1.3, Diff: 0.9, Sum: 3.1]
      [Update RS (ms): Min: 4.8, Avg: 7.7, Max: 11.3, Diff: 6.5, Sum: 30.9]
         [Processed Buffers: Min: 0, Avg: 8.2, Max: 18, Diff: 18, Sum: 33]
      [Scan RS (ms): Min: 3.1, Avg: 6.8, Max: 9.2, Diff: 6.1, Sum: 27.2]
      [Code Root Scanning (ms): Min: 0.0, Avg: 0.0, Max: 0.0, Diff: 0.0, Sum: 0.0]
      [Object Copy (ms): Min: 16.2, Avg: 17.2, Max: 17.6, Diff: 1.4, Sum: 68.9]
      [Termination (ms): Min: 0.0, Avg: 0.0, Max: 0.1, Diff: 0.1, Sum: 0.1]
         [Termination Attempts: Min: 1, Avg: 1.8, Max: 3, Diff: 2, Sum: 7]
      [GC Worker Other (ms): Min: 0.0, Avg: 0.0, Max: 0.0, Diff: 0.0, Sum: 0.1]
      [GC Worker Total (ms): Min: 32.5, Avg: 32.6, Max: 32.6, Diff: 0.2, Sum: 130.3]
      [GC Worker End (ms): Min: 6978513.2, Avg: 6978513.2, Max: 6978513.2, Diff: 0.0]
   [Code Root Fixup: 0.0 ms]
   [Code Root Purge: 0.0 ms]
   [Clear CT: 0.1 ms]
   [Other: 0.9 ms]
      [Choose CSet: 0.0 ms]
      [Ref Proc: 0.3 ms]
      [Ref Enq: 0.0 ms]
      [Redirty Cards: 0.1 ms]
      [Humongous Register: 0.1 ms]
      [Humongous Reclaim: 0.0 ms]
      [Free CSet: 0.1 ms]
   [Eden: 46.0M(46.0M)->0.0B(46.0M) Survivors: 5120.0K->5120.0K Heap: 303.2M(1024.0M)->258.1M(1024.0M)]
 [Times: user=0.06 sys=0.01, real=0.03 secs] 
2018-11-25T17:27:36.041+0800: 7006.258: [GC pause (G1 Evacuation Pause) (young), 0.0803435 secs]
   [Parallel Time: 75.9 ms, GC Workers: 4]
      [GC Worker Start (ms): Min: 7006260.3, Avg: 7006260.4, Max: 7006260.5, Diff: 0.1]
      [Ext Root Scanning (ms): Min: 11.7, Avg: 14.7, Max: 23.4, Diff: 11.6, Sum: 58.7]
      [Update RS (ms): Min: 8.4, Avg: 10.1, Max: 15.0, Diff: 6.7, Sum: 40.4]
         [Processed Buffers: Min: 1, Avg: 8.8, Max: 12, Diff: 11, Sum: 35]
      [Scan RS (ms): Min: 10.3, Avg: 14.3, Max: 18.1, Diff: 7.8, Sum: 57.3]
      [Code Root Scanning (ms): Min: 0.0, Avg: 0.0, Max: 0.0, Diff: 0.0, Sum: 0.0]
      [Object Copy (ms): Min: 30.1, Avg: 33.9, Max: 37.5, Diff: 7.4, Sum: 135.5]
      [Termination (ms): Min: 0.0, Avg: 2.7, Max: 3.6, Diff: 3.6, Sum: 10.8]
         [Termination Attempts: Min: 1, Avg: 1.0, Max: 1, Diff: 0, Sum: 4]
      [GC Worker Other (ms): Min: 0.0, Avg: 0.1, Max: 0.1, Diff: 0.0, Sum: 0.2]
      [GC Worker Total (ms): Min: 75.7, Avg: 75.7, Max: 75.8, Diff: 0.1, Sum: 302.9]
      [GC Worker End (ms): Min: 7006336.1, Avg: 7006336.1, Max: 7006336.2, Diff: 0.0]
   [Code Root Fixup: 0.0 ms]
   [Code Root Purge: 0.0 ms]
   [Clear CT: 0.1 ms]
   [Other: 4.3 ms]
      [Choose CSet: 0.0 ms]
      [Ref Proc: 0.4 ms]
      [Ref Enq: 0.0 ms]
      [Redirty Cards: 0.1 ms]
      [Humongous Register: 2.2 ms]
      [Humongous Reclaim: 0.0 ms]
      [Free CSet: 0.6 ms]
   [Eden: 46.0M(46.0M)->0.0B(44.0M) Survivors: 5120.0K->7168.0K Heap: 304.1M(1024.0M)->260.1M(1024.0M)]
 [Times: user=0.08 sys=0.07, real=0.08 secs] 
2018-11-25T17:28:02.777+0800: 7032.993: [GC pause (G1 Evacuation Pause) (young), 0.0257677 secs]
   [Parallel Time: 24.2 ms, GC Workers: 4]
      [GC Worker Start (ms): Min: 7032993.7, Avg: 7032993.8, Max: 7032993.8, Diff: 0.1]
      [Ext Root Scanning (ms): Min: 0.8, Avg: 1.0, Max: 1.7, Diff: 0.9, Sum: 4.0]
      [Update RS (ms): Min: 2.7, Avg: 3.2, Max: 3.7, Diff: 1.0, Sum: 12.8]
         [Processed Buffers: Min: 5, Avg: 9.5, Max: 14, Diff: 9, Sum: 38]
      [Scan RS (ms): Min: 2.2, Avg: 3.5, Max: 4.8, Diff: 2.6, Sum: 14.1]
      [Code Root Scanning (ms): Min: 0.0, Avg: 0.0, Max: 0.0, Diff: 0.0, Sum: 0.0]
      [Object Copy (ms): Min: 14.9, Avg: 16.3, Max: 17.4, Diff: 2.5, Sum: 65.2]
      [Termination (ms): Min: 0.0, Avg: 0.0, Max: 0.0, Diff: 0.0, Sum: 0.0]
         [Termination Attempts: Min: 1, Avg: 1.0, Max: 1, Diff: 0, Sum: 4]
      [GC Worker Other (ms): Min: 0.0, Avg: 0.0, Max: 0.0, Diff: 0.0, Sum: 0.1]
      [GC Worker Total (ms): Min: 24.0, Avg: 24.1, Max: 24.1, Diff: 0.1, Sum: 96.3]
      [GC Worker End (ms): Min: 7033017.8, Avg: 7033017.8, Max: 7033017.9, Diff: 0.0]
   [Code Root Fixup: 0.0 ms]
   [Code Root Purge: 0.0 ms]
   [Clear CT: 0.1 ms]
   [Other: 1.5 ms]
      [Choose CSet: 0.0 ms]
      [Ref Proc: 0.1 ms]
      [Ref Enq: 0.0 ms]
      [Redirty Cards: 0.1 ms]
      [Humongous Register: 0.5 ms]
      [Humongous Reclaim: 0.0 ms]
      [Free CSet: 0.3 ms]
   [Eden: 44.0M(44.0M)->0.0B(46.0M) Survivors: 7168.0K->5120.0K Heap: 304.1M(1024.0M)->260.1M(1024.0M)]
 [Times: user=0.06 sys=0.01, real=0.03 secs] 
2018-11-25T17:28:30.672+0800: 7060.887: [GC pause (G1 Evacuation Pause) (young), 0.0240572 secs]
   [Parallel Time: 23.2 ms, GC Workers: 4]
      [GC Worker Start (ms): Min: 7060887.0, Avg: 7060887.1, Max: 7060887.4, Diff: 0.4]
      [Ext Root Scanning (ms): Min: 1.4, Avg: 1.8, Max: 2.0, Diff: 0.6, Sum: 7.2]
      [Update RS (ms): Min: 2.7, Avg: 2.9, Max: 3.2, Diff: 0.5, Sum: 11.7]
         [Processed Buffers: Min: 3, Avg: 9.2, Max: 19, Diff: 16, Sum: 37]
      [Scan RS (ms): Min: 5.6, Avg: 6.1, Max: 7.1, Diff: 1.4, Sum: 24.3]
      [Code Root Scanning (ms): Min: 0.0, Avg: 0.0, Max: 0.0, Diff: 0.0, Sum: 0.0]
      [Object Copy (ms): Min: 10.8, Avg: 12.0, Max: 12.4, Diff: 1.6, Sum: 47.8]
      [Termination (ms): Min: 0.0, Avg: 0.1, Max: 0.2, Diff: 0.2, Sum: 0.4]
         [Termination Attempts: Min: 1, Avg: 1.0, Max: 1, Diff: 0, Sum: 4]
      [GC Worker Other (ms): Min: 0.0, Avg: 0.0, Max: 0.0, Diff: 0.0, Sum: 0.1]
      [GC Worker Total (ms): Min: 22.6, Avg: 22.9, Max: 23.0, Diff: 0.5, Sum: 91.6]
      [GC Worker End (ms): Min: 7060910.0, Avg: 7060910.0, Max: 7060910.1, Diff: 0.1]
   [Code Root Fixup: 0.0 ms]
   [Code Root Purge: 0.0 ms]
   [Clear CT: 0.1 ms]
   [Other: 0.8 ms]
      [Choose CSet: 0.0 ms]
      [Ref Proc: 0.2 ms]
      [Ref Enq: 0.0 ms]
      [Redirty Cards: 0.1 ms]
      [Humongous Register: 0.1 ms]
      [Humongous Reclaim: 0.0 ms]
      [Free CSet: 0.1 ms]
   [Eden: 46.0M(46.0M)->0.0B(46.0M) Survivors: 5120.0K->5120.0K Heap: 306.1M(1024.0M)->260.6M(1024.0M)]
 [Times: user=0.07 sys=0.02, real=0.04 secs] 
2018-11-25T17:28:58.578+0800: 7088.792: [GC pause (G1 Evacuation Pause) (young), 0.0410688 secs]
   [Parallel Time: 35.2 ms, GC Workers: 4]
      [GC Worker Start (ms): Min: 7088796.9, Avg: 7088797.1, Max: 7088797.4, Diff: 0.5]
      [Ext Root Scanning (ms): Min: 6.0, Avg: 8.1, Max: 13.6, Diff: 7.6, Sum: 32.5]
      [Update RS (ms): Min: 0.0, Avg: 5.4, Max: 7.4, Diff: 7.3, Sum: 21.6]
         [Processed Buffers: Min: 2, Avg: 9.2, Max: 15, Diff: 13, Sum: 37]
      [Scan RS (ms): Min: 4.3, Avg: 4.6, Max: 4.9, Diff: 0.6, Sum: 18.4]
      [Code Root Scanning (ms): Min: 0.0, Avg: 0.0, Max: 0.0, Diff: 0.0, Sum: 0.0]
      [Object Copy (ms): Min: 16.4, Avg: 16.5, Max: 16.8, Diff: 0.4, Sum: 66.2]
      [Termination (ms): Min: 0.0, Avg: 0.0, Max: 0.0, Diff: 0.0, Sum: 0.0]
         [Termination Attempts: Min: 1, Avg: 1.2, Max: 2, Diff: 1, Sum: 5]
      [GC Worker Other (ms): Min: 0.0, Avg: 0.1, Max: 0.1, Diff: 0.1, Sum: 0.3]
      [GC Worker Total (ms): Min: 34.5, Avg: 34.8, Max: 35.0, Diff: 0.5, Sum: 139.1]
      [GC Worker End (ms): Min: 7088831.9, Avg: 7088831.9, Max: 7088831.9, Diff: 0.0]
   [Code Root Fixup: 0.0 ms]
   [Code Root Purge: 0.0 ms]
   [Clear CT: 0.1 ms]
   [Other: 5.8 ms]
      [Choose CSet: 0.0 ms]
      [Ref Proc: 0.2 ms]
      [Ref Enq: 0.0 ms]
      [Redirty Cards: 0.1 ms]
      [Humongous Register: 4.3 ms]
      [Humongous Reclaim: 0.0 ms]
      [Free CSet: 0.5 ms]
   [Eden: 46.0M(46.0M)->0.0B(46.0M) Survivors: 5120.0K->5120.0K Heap: 306.6M(1024.0M)->261.0M(1024.0M)]
 [Times: user=0.06 sys=0.06, real=0.05 secs] 
2018-11-25T17:29:26.389+0800: 7116.602: [GC pause (G1 Evacuation Pause) (young), 0.0269076 secs]
   [Parallel Time: 25.7 ms, GC Workers: 4]
      [GC Worker Start (ms): Min: 7116602.0, Avg: 7116602.1, Max: 7116602.3, Diff: 0.3]
      [Ext Root Scanning (ms): Min: 0.4, Avg: 0.7, Max: 1.1, Diff: 0.8, Sum: 2.9]
      [Update RS (ms): Min: 0.9, Avg: 1.6, Max: 2.6, Diff: 1.7, Sum: 6.5]
         [Processed Buffers: Min: 0, Avg: 8.8, Max: 15, Diff: 15, Sum: 35]
      [Scan RS (ms): Min: 3.0, Avg: 4.6, Max: 8.3, Diff: 5.3, Sum: 18.3]
      [Code Root Scanning (ms): Min: 0.0, Avg: 0.0, Max: 0.0, Diff: 0.0, Sum: 0.0]
      [Object Copy (ms): Min: 11.6, Avg: 15.5, Max: 18.7, Diff: 7.1, Sum: 62.2]
      [Termination (ms): Min: 0.0, Avg: 2.3, Max: 3.5, Diff: 3.5, Sum: 9.2]
         [Termination Attempts: Min: 1, Avg: 1.0, Max: 1, Diff: 0, Sum: 4]
      [GC Worker Other (ms): Min: 0.0, Avg: 0.0, Max: 0.0, Diff: 0.0, Sum: 0.1]
      [GC Worker Total (ms): Min: 23.9, Avg: 24.8, Max: 25.6, Diff: 1.7, Sum: 99.1]
      [GC Worker End (ms): Min: 7116626.0, Avg: 7116626.8, Max: 7116627.6, Diff: 1.6]
   [Code Root Fixup: 0.0 ms]
   [Code Root Purge: 0.0 ms]
   [Clear CT: 0.2 ms]
   [Other: 1.0 ms]
      [Choose CSet: 0.0 ms]
      [Ref Proc: 0.5 ms]
      [Ref Enq: 0.0 ms]
      [Redirty Cards: 0.1 ms]
      [Humongous Register: 0.0 ms]
      [Humongous Reclaim: 0.0 ms]
      [Free CSet: 0.1 ms]
   [Eden: 46.0M(46.0M)->0.0B(45.0M) Survivors: 5120.0K->6144.0K Heap: 307.0M(1024.0M)->262.5M(1024.0M)]
 [Times: user=0.06 sys=0.00, real=0.03 secs] 
2018-11-25T17:29:53.761+0800: 7143.973: [GC pause (G1 Evacuation Pause) (young), 0.0267230 secs]
   [Parallel Time: 25.6 ms, GC Workers: 4]
      [GC Worker Start (ms): Min: 7143973.8, Avg: 7143973.9, Max: 7143974.2, Diff: 0.4]
      [Ext Root Scanning (ms): Min: 1.2, Avg: 1.4, Max: 1.6, Diff: 0.5, Sum: 5.7]
      [Update RS (ms): Min: 3.1, Avg: 3.3, Max: 3.8, Diff: 0.7, Sum: 13.1]
         [Processed Buffers: Min: 6, Avg: 8.8, Max: 13, Diff: 7, Sum: 35]
      [Scan RS (ms): Min: 3.4, Avg: 4.6, Max: 5.7, Diff: 2.3, Sum: 18.3]
      [Code Root Scanning (ms): Min: 0.0, Avg: 0.0, Max: 0.0, Diff: 0.0, Sum: 0.0]
      [Object Copy (ms): Min: 15.0, Avg: 15.9, Max: 16.5, Diff: 1.6, Sum: 63.6]
      [Termination (ms): Min: 0.0, Avg: 0.1, Max: 0.1, Diff: 0.1, Sum: 0.2]
         [Termination Attempts: Min: 1, Avg: 1.2, Max: 2, Diff: 1, Sum: 5]
      [GC Worker Other (ms): Min: 0.0, Avg: 0.0, Max: 0.0, Diff: 0.0, Sum: 0.1]
      [GC Worker Total (ms): Min: 25.0, Avg: 25.3, Max: 25.4, Diff: 0.4, Sum: 101.1]
      [GC Worker End (ms): Min: 7143999.2, Avg: 7143999.2, Max: 7143999.2, Diff: 0.0]
   [Code Root Fixup: 0.0 ms]
   [Code Root Purge: 0.0 ms]
   [Clear CT: 0.1 ms]
   [Other: 1.1 ms]
      [Choose CSet: 0.0 ms]
      [Ref Proc: 0.2 ms]
      [Ref Enq: 0.0 ms]
      [Redirty Cards: 0.2 ms]
      [Humongous Register: 0.2 ms]
      [Humongous Reclaim: 0.0 ms]
      [Free CSet: 0.2 ms]
   [Eden: 45.0M(45.0M)->0.0B(46.0M) Survivors: 6144.0K->5120.0K Heap: 307.5M(1024.0M)->263.0M(1024.0M)]
 [Times: user=0.07 sys=0.01, real=0.03 secs] 
2018-11-25T17:30:21.569+0800: 7171.780: [GC pause (G1 Evacuation Pause) (young), 0.0348236 secs]
   [Parallel Time: 30.7 ms, GC Workers: 4]
      [GC Worker Start (ms): Min: 7171784.1, Avg: 7171784.3, Max: 7171784.5, Diff: 0.4]
      [Ext Root Scanning (ms): Min: 4.8, Avg: 6.5, Max: 11.2, Diff: 6.4, Sum: 26.0]
      [Update RS (ms): Min: 0.0, Avg: 3.6, Max: 5.0, Diff: 5.0, Sum: 14.5]
         [Processed Buffers: Min: 0, Avg: 10.0, Max: 25, Diff: 25, Sum: 40]
      [Scan RS (ms): Min: 5.5, Avg: 6.5, Max: 7.3, Diff: 1.8, Sum: 26.1]
      [Code Root Scanning (ms): Min: 0.0, Avg: 0.0, Max: 0.0, Diff: 0.0, Sum: 0.0]
      [Object Copy (ms): Min: 12.5, Avg: 12.9, Max: 13.1, Diff: 0.6, Sum: 51.5]
      [Termination (ms): Min: 0.0, Avg: 0.1, Max: 0.1, Diff: 0.1, Sum: 0.4]
         [Termination Attempts: Min: 1, Avg: 1.0, Max: 1, Diff: 0, Sum: 4]
      [GC Worker Other (ms): Min: 0.0, Avg: 0.1, Max: 0.1, Diff: 0.1, Sum: 0.3]
      [GC Worker Total (ms): Min: 29.5, Avg: 29.7, Max: 29.9, Diff: 0.4, Sum: 118.7]
      [GC Worker End (ms): Min: 7171814.0, Avg: 7171814.0, Max: 7171814.0, Diff: 0.0]
   [Code Root Fixup: 0.0 ms]
   [Code Root Purge: 0.0 ms]
   [Clear CT: 0.1 ms]
   [Other: 4.0 ms]
      [Choose CSet: 0.0 ms]
      [Ref Proc: 0.2 ms]
      [Ref Enq: 0.0 ms]
      [Redirty Cards: 0.1 ms]
      [Humongous Register: 2.0 ms]
      [Humongous Reclaim: 0.0 ms]
      [Free CSet: 0.5 ms]
   [Eden: 46.0M(46.0M)->0.0B(46.0M) Survivors: 5120.0K->5120.0K Heap: 309.0M(1024.0M)->263.0M(1024.0M)]
 [Times: user=0.05 sys=0.04, real=0.04 secs] 
2018-11-25T17:30:49.349+0800: 7199.555: [GC pause (G1 Evacuation Pause) (young), 0.0173178 secs]
   [Parallel Time: 16.6 ms, GC Workers: 4]
      [GC Worker Start (ms): Min: 7199555.5, Avg: 7199555.6, Max: 7199555.6, Diff: 0.0]
      [Ext Root Scanning (ms): Min: 0.6, Avg: 0.7, Max: 0.7, Diff: 0.0, Sum: 2.6]
      [Update RS (ms): Min: 1.3, Avg: 1.5, Max: 1.6, Diff: 0.3, Sum: 6.1]
         [Processed Buffers: Min: 1, Avg: 7.2, Max: 16, Diff: 15, Sum: 29]
      [Scan RS (ms): Min: 4.5, Avg: 4.7, Max: 4.9, Diff: 0.5, Sum: 18.8]
      [Code Root Scanning (ms): Min: 0.0, Avg: 0.0, Max: 0.0, Diff: 0.0, Sum: 0.0]
      [Object Copy (ms): Min: 9.5, Avg: 9.6, Max: 9.8, Diff: 0.3, Sum: 38.6]
      [Termination (ms): Min: 0.0, Avg: 0.0, Max: 0.0, Diff: 0.0, Sum: 0.0]
         [Termination Attempts: Min: 1, Avg: 1.0, Max: 1, Diff: 0, Sum: 4]
      [GC Worker Other (ms): Min: 0.0, Avg: 0.0, Max: 0.0, Diff: 0.0, Sum: 0.1]
      [GC Worker Total (ms): Min: 16.5, Avg: 16.6, Max: 16.6, Diff: 0.0, Sum: 66.2]
      [GC Worker End (ms): Min: 7199572.1, Avg: 7199572.1, Max: 7199572.1, Diff: 0.0]
   [Code Root Fixup: 0.0 ms]
   [Code Root Purge: 0.0 ms]
   [Clear CT: 0.1 ms]
   [Other: 0.6 ms]
      [Choose CSet: 0.0 ms]
      [Ref Proc: 0.2 ms]
      [Ref Enq: 0.0 ms]
      [Redirty Cards: 0.1 ms]
      [Humongous Register: 0.0 ms]
      [Humongous Reclaim: 0.0 ms]
      [Free CSet: 0.1 ms]
   [Eden: 46.0M(46.0M)->0.0B(46.0M) Survivors: 5120.0K->5120.0K Heap: 309.0M(1024.0M)->263.9M(1024.0M)]
 [Times: user=0.05 sys=0.01, real=0.02 secs] 
2018-11-25T17:31:15.499+0800: 7225.687: [GC pause (G1 Evacuation Pause) (young), 0.0374028 secs]
   [Parallel Time: 36.6 ms, GC Workers: 4]
      [GC Worker Start (ms): Min: 7225687.5, Avg: 7225687.5, Max: 7225687.6, Diff: 0.1]
      [Ext Root Scanning (ms): Min: 0.7, Avg: 0.7, Max: 0.8, Diff: 0.1, Sum: 2.9]
      [Update RS (ms): Min: 2.7, Avg: 3.3, Max: 5.2, Diff: 2.5, Sum: 13.4]
         [Processed Buffers: Min: 3, Avg: 11.0, Max: 18, Diff: 15, Sum: 44]
      [Scan RS (ms): Min: 2.4, Avg: 3.8, Max: 4.3, Diff: 1.9, Sum: 15.2]
      [Code Root Scanning (ms): Min: 0.0, Avg: 0.0, Max: 0.0, Diff: 0.0, Sum: 0.0]
      [Object Copy (ms): Min: 26.4, Avg: 28.1, Max: 28.7, Diff: 2.4, Sum: 112.6]
      [Termination (ms): Min: 0.0, Avg: 0.4, Max: 1.8, Diff: 1.8, Sum: 1.8]
         [Termination Attempts: Min: 1, Avg: 1.2, Max: 2, Diff: 1, Sum: 5]
      [GC Worker Other (ms): Min: 0.0, Avg: 0.0, Max: 0.0, Diff: 0.0, Sum: 0.1]
      [GC Worker Total (ms): Min: 36.4, Avg: 36.5, Max: 36.5, Diff: 0.1, Sum: 146.0]
      [GC Worker End (ms): Min: 7225724.0, Avg: 7225724.0, Max: 7225724.0, Diff: 0.0]
   [Code Root Fixup: 0.0 ms]
   [Code Root Purge: 0.0 ms]
   [Clear CT: 0.1 ms]
   [Other: 0.6 ms]
      [Choose CSet: 0.0 ms]
      [Ref Proc: 0.2 ms]
      [Ref Enq: 0.0 ms]
      [Redirty Cards: 0.1 ms]
      [Humongous Register: 0.0 ms]
      [Humongous Reclaim: 0.0 ms]
      [Free CSet: 0.1 ms]
   [Eden: 46.0M(46.0M)->0.0B(44.0M) Survivors: 5120.0K->7168.0K Heap: 309.9M(1024.0M)->266.8M(1024.0M)]
 [Times: user=0.07 sys=0.02, real=0.04 secs] 
2018-11-25T17:31:41.972+0800: 7252.157: [GC pause (G1 Evacuation Pause) (young), 0.0613530 secs]
   [Parallel Time: 55.7 ms, GC Workers: 4]
      [GC Worker Start (ms): Min: 7252161.6, Avg: 7252161.8, Max: 7252161.9, Diff: 0.3]
      [Ext Root Scanning (ms): Min: 6.7, Avg: 9.3, Max: 16.4, Diff: 9.7, Sum: 37.1]
      [Update RS (ms): Min: 0.0, Avg: 4.3, Max: 5.7, Diff: 5.7, Sum: 17.1]
         [Processed Buffers: Min: 0, Avg: 9.5, Max: 17, Diff: 17, Sum: 38]
      [Scan RS (ms): Min: 10.0, Avg: 13.5, Max: 17.3, Diff: 7.3, Sum: 53.8]
      [Code Root Scanning (ms): Min: 0.0, Avg: 0.0, Max: 0.0, Diff: 0.0, Sum: 0.0]
      [Object Copy (ms): Min: 25.4, Avg: 28.3, Max: 29.4, Diff: 4.0, Sum: 113.1]
      [Termination (ms): Min: 0.0, Avg: 0.0, Max: 0.0, Diff: 0.0, Sum: 0.0]
         [Termination Attempts: Min: 1, Avg: 1.5, Max: 2, Diff: 1, Sum: 6]
      [GC Worker Other (ms): Min: 0.1, Avg: 0.1, Max: 0.2, Diff: 0.2, Sum: 0.5]
      [GC Worker Total (ms): Min: 55.3, Avg: 55.4, Max: 55.6, Diff: 0.3, Sum: 221.7]
      [GC Worker End (ms): Min: 7252217.2, Avg: 7252217.2, Max: 7252217.2, Diff: 0.0]
   [Code Root Fixup: 0.0 ms]
   [Code Root Purge: 0.0 ms]
   [Clear CT: 0.1 ms]
   [Other: 5.5 ms]
      [Choose CSet: 0.0 ms]
      [Ref Proc: 0.2 ms]
      [Ref Enq: 0.0 ms]
      [Redirty Cards: 0.1 ms]
      [Humongous Register: 3.6 ms]
      [Humongous Reclaim: 0.0 ms]
      [Free CSet: 0.5 ms]
   [Eden: 44.0M(44.0M)->0.0B(47.0M) Survivors: 7168.0K->4096.0K Heap: 310.8M(1024.0M)->267.2M(1024.0M)]
 [Times: user=0.08 sys=0.09, real=0.06 secs] 
2018-11-25T17:32:10.476+0800: 7280.659: [GC pause (G1 Evacuation Pause) (young), 0.0171737 secs]
   [Parallel Time: 16.3 ms, GC Workers: 4]
      [GC Worker Start (ms): Min: 7280659.7, Avg: 7280659.8, Max: 7280660.1, Diff: 0.4]
      [Ext Root Scanning (ms): Min: 0.6, Avg: 0.9, Max: 1.0, Diff: 0.4, Sum: 3.6]
      [Update RS (ms): Min: 1.9, Avg: 2.1, Max: 2.4, Diff: 0.5, Sum: 8.3]
         [Processed Buffers: Min: 3, Avg: 9.0, Max: 17, Diff: 14, Sum: 36]
      [Scan RS (ms): Min: 4.7, Avg: 5.3, Max: 6.8, Diff: 2.1, Sum: 21.1]
      [Code Root Scanning (ms): Min: 0.0, Avg: 0.0, Max: 0.0, Diff: 0.0, Sum: 0.0]
      [Object Copy (ms): Min: 6.0, Avg: 7.8, Max: 8.4, Diff: 2.4, Sum: 31.2]
      [Termination (ms): Min: 0.0, Avg: 0.1, Max: 0.1, Diff: 0.1, Sum: 0.4]
         [Termination Attempts: Min: 1, Avg: 1.0, Max: 1, Diff: 0, Sum: 4]
      [GC Worker Other (ms): Min: 0.0, Avg: 0.0, Max: 0.0, Diff: 0.0, Sum: 0.1]
      [GC Worker Total (ms): Min: 15.9, Avg: 16.2, Max: 16.3, Diff: 0.4, Sum: 64.6]
      [GC Worker End (ms): Min: 7280676.0, Avg: 7280676.0, Max: 7280676.0, Diff: 0.0]
   [Code Root Fixup: 0.0 ms]
   [Code Root Purge: 0.0 ms]
   [Clear CT: 0.1 ms]
   [Other: 0.7 ms]
      [Choose CSet: 0.0 ms]
      [Ref Proc: 0.2 ms]
      [Ref Enq: 0.0 ms]
      [Redirty Cards: 0.1 ms]
      [Humongous Register: 0.1 ms]
      [Humongous Reclaim: 0.0 ms]
      [Free CSet: 0.1 ms]
   [Eden: 47.0M(47.0M)->0.0B(46.0M) Survivors: 4096.0K->5120.0K Heap: 314.2M(1024.0M)->267.7M(1024.0M)]
 [Times: user=0.05 sys=0.01, real=0.02 secs] 
2018-11-25T17:32:38.200+0800: 7308.382: [GC pause (G1 Evacuation Pause) (young), 0.0457434 secs]
   [Parallel Time: 42.5 ms, GC Workers: 4]
      [GC Worker Start (ms): Min: 7308382.2, Avg: 7308382.3, Max: 7308382.4, Diff: 0.2]
      [Ext Root Scanning (ms): Min: 0.8, Avg: 1.1, Max: 1.2, Diff: 0.4, Sum: 4.2]
      [Update RS (ms): Min: 4.0, Avg: 8.3, Max: 14.2, Diff: 10.2, Sum: 33.1]
         [Processed Buffers: Min: 0, Avg: 9.2, Max: 37, Diff: 37, Sum: 37]
      [Scan RS (ms): Min: 2.0, Avg: 9.9, Max: 13.8, Diff: 11.8, Sum: 39.4]
      [Code Root Scanning (ms): Min: 0.0, Avg: 0.0, Max: 0.0, Diff: 0.0, Sum: 0.0]
      [Object Copy (ms): Min: 10.9, Avg: 12.9, Max: 14.9, Diff: 4.0, Sum: 51.4]
      [Termination (ms): Min: 0.0, Avg: 5.1, Max: 10.2, Diff: 10.2, Sum: 20.4]
         [Termination Attempts: Min: 1, Avg: 1.0, Max: 1, Diff: 0, Sum: 4]
      [GC Worker Other (ms): Min: 0.0, Avg: 0.1, Max: 0.1, Diff: 0.1, Sum: 0.3]
      [GC Worker Total (ms): Min: 32.0, Avg: 37.2, Max: 42.3, Diff: 10.3, Sum: 148.8]
      [GC Worker End (ms): Min: 7308414.4, Avg: 7308419.5, Max: 7308424.5, Diff: 10.1]
   [Code Root Fixup: 0.0 ms]
   [Code Root Purge: 0.0 ms]
   [Clear CT: 0.1 ms]
   [Other: 3.2 ms]
      [Choose CSet: 0.0 ms]
      [Ref Proc: 2.5 ms]
      [Ref Enq: 0.0 ms]
      [Redirty Cards: 0.1 ms]
      [Humongous Register: 0.1 ms]
      [Humongous Reclaim: 0.0 ms]
      [Free CSet: 0.1 ms]
   [Eden: 46.0M(46.0M)->0.0B(45.0M) Survivors: 5120.0K->6144.0K Heap: 313.7M(1024.0M)->269.1M(1024.0M)]
 [Times: user=0.05 sys=0.01, real=0.04 secs] 
2018-11-25T17:33:05.357+0800: 7335.539: [GC pause (G1 Evacuation Pause) (young), 0.0191384 secs]
   [Parallel Time: 18.0 ms, GC Workers: 4]
      [GC Worker Start (ms): Min: 7335539.5, Avg: 7335539.6, Max: 7335539.9, Diff: 0.4]
      [Ext Root Scanning (ms): Min: 0.7, Avg: 1.2, Max: 2.2, Diff: 1.5, Sum: 5.0]
      [Update RS (ms): Min: 1.7, Avg: 2.0, Max: 2.4, Diff: 0.7, Sum: 8.2]
         [Processed Buffers: Min: 7, Avg: 9.8, Max: 15, Diff: 8, Sum: 39]
      [Scan RS (ms): Min: 4.4, Avg: 4.8, Max: 5.3, Diff: 0.9, Sum: 19.1]
      [Code Root Scanning (ms): Min: 0.0, Avg: 0.0, Max: 0.0, Diff: 0.0, Sum: 0.0]
      [Object Copy (ms): Min: 9.4, Avg: 9.6, Max: 9.7, Diff: 0.3, Sum: 38.2]
      [Termination (ms): Min: 0.0, Avg: 0.1, Max: 0.1, Diff: 0.1, Sum: 0.2]
         [Termination Attempts: Min: 1, Avg: 1.0, Max: 1, Diff: 0, Sum: 4]
      [GC Worker Other (ms): Min: 0.0, Avg: 0.0, Max: 0.0, Diff: 0.0, Sum: 0.1]
      [GC Worker Total (ms): Min: 17.4, Avg: 17.7, Max: 17.8, Diff: 0.4, Sum: 70.8]
      [GC Worker End (ms): Min: 7335557.3, Avg: 7335557.4, Max: 7335557.4, Diff: 0.0]
   [Code Root Fixup: 0.0 ms]
   [Code Root Purge: 0.0 ms]
   [Clear CT: 0.1 ms]
   [Other: 1.1 ms]
      [Choose CSet: 0.0 ms]
      [Ref Proc: 0.3 ms]
      [Ref Enq: 0.0 ms]
      [Redirty Cards: 0.1 ms]
      [Humongous Register: 0.2 ms]
      [Humongous Reclaim: 0.0 ms]
      [Free CSet: 0.1 ms]
   [Eden: 45.0M(45.0M)->0.0B(47.0M) Survivors: 6144.0K->4096.0K Heap: 314.1M(1024.0M)->268.8M(1024.0M)]
 [Times: user=0.06 sys=0.00, real=0.02 secs] 
2018-11-25T17:33:33.595+0800: 7363.776: [GC pause (G1 Evacuation Pause) (young), 0.0208708 secs]
   [Parallel Time: 19.5 ms, GC Workers: 4]
      [GC Worker Start (ms): Min: 7363776.2, Avg: 7363776.4, Max: 7363776.8, Diff: 0.6]
      [Ext Root Scanning (ms): Min: 3.7, Avg: 4.0, Max: 4.4, Diff: 0.7, Sum: 15.9]
      [Update RS (ms): Min: 3.3, Avg: 3.8, Max: 4.5, Diff: 1.1, Sum: 15.1]
         [Processed Buffers: Min: 0, Avg: 8.2, Max: 16, Diff: 16, Sum: 33]
      [Scan RS (ms): Min: 0.0, Avg: 0.7, Max: 1.1, Diff: 1.1, Sum: 3.0]
      [Code Root Scanning (ms): Min: 0.0, Avg: 0.0, Max: 0.0, Diff: 0.0, Sum: 0.0]
      [Object Copy (ms): Min: 10.4, Avg: 10.5, Max: 10.7, Diff: 0.3, Sum: 42.2]
      [Termination (ms): Min: 0.0, Avg: 0.1, Max: 0.2, Diff: 0.2, Sum: 0.6]
         [Termination Attempts: Min: 1, Avg: 1.0, Max: 1, Diff: 0, Sum: 4]
      [GC Worker Other (ms): Min: 0.0, Avg: 0.0, Max: 0.0, Diff: 0.0, Sum: 0.1]
      [GC Worker Total (ms): Min: 18.8, Avg: 19.2, Max: 19.5, Diff: 0.6, Sum: 76.8]
      [GC Worker End (ms): Min: 7363795.6, Avg: 7363795.6, Max: 7363795.7, Diff: 0.1]
   [Code Root Fixup: 0.0 ms]
   [Code Root Purge: 0.0 ms]
   [Clear CT: 0.1 ms]
   [Other: 1.2 ms]
      [Choose CSet: 0.0 ms]
      [Ref Proc: 0.3 ms]
      [Ref Enq: 0.0 ms]
      [Redirty Cards: 0.3 ms]
      [Humongous Register: 0.0 ms]
      [Humongous Reclaim: 0.0 ms]
      [Free CSet: 0.1 ms]
   [Eden: 47.0M(47.0M)->0.0B(46.0M) Survivors: 4096.0K->5120.0K Heap: 315.8M(1024.0M)->269.2M(1024.0M)]
 [Times: user=0.03 sys=0.01, real=0.02 secs] 
2018-11-25T17:34:01.271+0800: 7391.451: [GC pause (G1 Evacuation Pause) (young), 0.0124712 secs]
   [Parallel Time: 11.7 ms, GC Workers: 4]
      [GC Worker Start (ms): Min: 7391451.4, Avg: 7391451.5, Max: 7391451.5, Diff: 0.1]
      [Ext Root Scanning (ms): Min: 1.1, Avg: 1.1, Max: 1.2, Diff: 0.1, Sum: 4.6]
      [Update RS (ms): Min: 1.0, Avg: 1.1, Max: 1.2, Diff: 0.1, Sum: 4.4]
         [Processed Buffers: Min: 1, Avg: 7.5, Max: 13, Diff: 12, Sum: 30]
      [Scan RS (ms): Min: 1.0, Avg: 1.1, Max: 1.2, Diff: 0.2, Sum: 4.4]
      [Code Root Scanning (ms): Min: 0.0, Avg: 0.0, Max: 0.0, Diff: 0.0, Sum: 0.0]
      [Object Copy (ms): Min: 8.1, Avg: 8.2, Max: 8.3, Diff: 0.2, Sum: 32.8]
      [Termination (ms): Min: 0.0, Avg: 0.0, Max: 0.0, Diff: 0.0, Sum: 0.0]
         [Termination Attempts: Min: 1, Avg: 1.0, Max: 1, Diff: 0, Sum: 4]
      [GC Worker Other (ms): Min: 0.0, Avg: 0.0, Max: 0.1, Diff: 0.1, Sum: 0.2]
      [GC Worker Total (ms): Min: 11.5, Avg: 11.6, Max: 11.6, Diff: 0.1, Sum: 46.3]
      [GC Worker End (ms): Min: 7391463.0, Avg: 7391463.0, Max: 7391463.1, Diff: 0.0]
   [Code Root Fixup: 0.0 ms]
   [Code Root Purge: 0.0 ms]
   [Clear CT: 0.1 ms]
   [Other: 0.6 ms]
      [Choose CSet: 0.0 ms]
      [Ref Proc: 0.2 ms]
      [Ref Enq: 0.0 ms]
      [Redirty Cards: 0.1 ms]
      [Humongous Register: 0.1 ms]
      [Humongous Reclaim: 0.0 ms]
      [Free CSet: 0.0 ms]
   [Eden: 46.0M(46.0M)->0.0B(46.0M) Survivors: 5120.0K->5120.0K Heap: 315.2M(1024.0M)->269.3M(1024.0M)]
 [Times: user=0.04 sys=0.00, real=0.01 secs] 
2018-11-25T17:34:28.951+0800: 7419.130: [GC pause (G1 Evacuation Pause) (young), 0.0236202 secs]
   [Parallel Time: 21.6 ms, GC Workers: 4]
      [GC Worker Start (ms): Min: 7419130.3, Avg: 7419130.3, Max: 7419130.4, Diff: 0.1]
      [Ext Root Scanning (ms): Min: 1.1, Avg: 1.1, Max: 1.2, Diff: 0.1, Sum: 4.4]
      [Update RS (ms): Min: 1.1, Avg: 1.3, Max: 1.5, Diff: 0.4, Sum: 5.2]
         [Processed Buffers: Min: 1, Avg: 7.0, Max: 13, Diff: 12, Sum: 28]
      [Scan RS (ms): Min: 0.6, Avg: 1.0, Max: 1.5, Diff: 0.9, Sum: 4.0]
      [Code Root Scanning (ms): Min: 0.0, Avg: 0.0, Max: 0.0, Diff: 0.0, Sum: 0.0]
      [Object Copy (ms): Min: 15.2, Avg: 16.9, Max: 17.7, Diff: 2.5, Sum: 67.7]
      [Termination (ms): Min: 0.0, Avg: 0.8, Max: 2.6, Diff: 2.6, Sum: 3.3]
         [Termination Attempts: Min: 1, Avg: 1.0, Max: 1, Diff: 0, Sum: 4]
      [GC Worker Other (ms): Min: 0.0, Avg: 0.0, Max: 0.1, Diff: 0.0, Sum: 0.1]
      [GC Worker Total (ms): Min: 21.1, Avg: 21.2, Max: 21.4, Diff: 0.3, Sum: 84.7]
      [GC Worker End (ms): Min: 7419151.4, Avg: 7419151.5, Max: 7419151.8, Diff: 0.4]
   [Code Root Fixup: 0.0 ms]
   [Code Root Purge: 0.0 ms]
   [Clear CT: 0.1 ms]
   [Other: 1.9 ms]
      [Choose CSet: 0.0 ms]
      [Ref Proc: 1.3 ms]
      [Ref Enq: 0.0 ms]
      [Redirty Cards: 0.1 ms]
      [Humongous Register: 0.0 ms]
      [Humongous Reclaim: 0.0 ms]
      [Free CSet: 0.1 ms]
   [Eden: 46.0M(46.0M)->0.0B(44.0M) Survivors: 5120.0K->7168.0K Heap: 315.3M(1024.0M)->271.9M(1024.0M)]
 [Times: user=0.06 sys=0.00, real=0.02 secs] 
2018-11-25T17:34:55.489+0800: 7445.667: [GC pause (G1 Evacuation Pause) (young), 0.0401890 secs]
   [Parallel Time: 31.1 ms, GC Workers: 4]
      [GC Worker Start (ms): Min: 7445674.9, Avg: 7445675.2, Max: 7445675.7, Diff: 0.8]
      [Ext Root Scanning (ms): Min: 11.9, Avg: 14.2, Max: 19.2, Diff: 7.3, Sum: 56.6]
      [Update RS (ms): Min: 0.0, Avg: 3.1, Max: 4.8, Diff: 4.8, Sum: 12.3]
         [Processed Buffers: Min: 0, Avg: 6.8, Max: 23, Diff: 23, Sum: 27]
      [Scan RS (ms): Min: 0.0, Avg: 1.4, Max: 3.3, Diff: 3.3, Sum: 5.5]
      [Code Root Scanning (ms): Min: 0.0, Avg: 0.0, Max: 0.0, Diff: 0.0, Sum: 0.0]
      [Object Copy (ms): Min: 11.0, Avg: 12.0, Max: 12.7, Diff: 1.6, Sum: 47.8]
      [Termination (ms): Min: 0.0, Avg: 0.0, Max: 0.0, Diff: 0.0, Sum: 0.0]
         [Termination Attempts: Min: 1, Avg: 3.0, Max: 5, Diff: 4, Sum: 12]
      [GC Worker Other (ms): Min: 0.0, Avg: 0.1, Max: 0.1, Diff: 0.0, Sum: 0.2]
      [GC Worker Total (ms): Min: 30.2, Avg: 30.6, Max: 31.0, Diff: 0.8, Sum: 122.5]
      [GC Worker End (ms): Min: 7445705.8, Avg: 7445705.8, Max: 7445705.8, Diff: 0.0]
   [Code Root Fixup: 0.0 ms]
   [Code Root Purge: 0.0 ms]
   [Clear CT: 0.1 ms]
   [Other: 9.0 ms]
      [Choose CSet: 0.0 ms]
      [Ref Proc: 0.3 ms]
      [Ref Enq: 0.0 ms]
      [Redirty Cards: 0.1 ms]
      [Humongous Register: 7.1 ms]
      [Humongous Reclaim: 0.0 ms]
      [Free CSet: 0.5 ms]
   [Eden: 44.0M(44.0M)->0.0B(46.0M) Survivors: 7168.0K->5120.0K Heap: 315.9M(1024.0M)->270.2M(1024.0M)]
 [Times: user=0.04 sys=0.03, real=0.04 secs] 
2018-11-25T17:35:23.109+0800: 7473.287: [GC pause (G1 Evacuation Pause) (young), 0.0177745 secs]
   [Parallel Time: 17.2 ms, GC Workers: 4]
      [GC Worker Start (ms): Min: 7473286.7, Avg: 7473286.8, Max: 7473286.8, Diff: 0.1]
      [Ext Root Scanning (ms): Min: 0.7, Avg: 0.8, Max: 0.8, Diff: 0.1, Sum: 3.1]
      [Update RS (ms): Min: 2.0, Avg: 2.1, Max: 2.4, Diff: 0.4, Sum: 8.5]
         [Processed Buffers: Min: 4, Avg: 7.2, Max: 13, Diff: 9, Sum: 29]
      [Scan RS (ms): Min: 1.5, Avg: 2.2, Max: 3.4, Diff: 1.9, Sum: 8.8]
      [Code Root Scanning (ms): Min: 0.0, Avg: 0.0, Max: 0.0, Diff: 0.0, Sum: 0.0]
      [Object Copy (ms): Min: 10.9, Avg: 11.9, Max: 12.4, Diff: 1.5, Sum: 47.8]
      [Termination (ms): Min: 0.0, Avg: 0.0, Max: 0.0, Diff: 0.0, Sum: 0.0]
         [Termination Attempts: Min: 1, Avg: 1.0, Max: 1, Diff: 0, Sum: 4]
      [GC Worker Other (ms): Min: 0.0, Avg: 0.0, Max: 0.1, Diff: 0.0, Sum: 0.2]
      [GC Worker Total (ms): Min: 17.0, Avg: 17.1, Max: 17.1, Diff: 0.1, Sum: 68.3]
      [GC Worker End (ms): Min: 7473303.8, Avg: 7473303.9, Max: 7473303.9, Diff: 0.0]
   [Code Root Fixup: 0.0 ms]
   [Code Root Purge: 0.0 ms]
   [Clear CT: 0.1 ms]
   [Other: 0.5 ms]
      [Choose CSet: 0.0 ms]
      [Ref Proc: 0.1 ms]
      [Ref Enq: 0.0 ms]
      [Redirty Cards: 0.1 ms]
      [Humongous Register: 0.1 ms]
      [Humongous Reclaim: 0.0 ms]
      [Free CSet: 0.0 ms]
   [Eden: 46.0M(46.0M)->0.0B(46.0M) Survivors: 5120.0K->5120.0K Heap: 316.2M(1024.0M)->270.7M(1024.0M)]
 [Times: user=0.06 sys=0.01, real=0.02 secs] 
2018-11-25T17:35:50.857+0800: 7501.034: [GC pause (G1 Evacuation Pause) (young), 0.0207413 secs]
   [Parallel Time: 20.0 ms, GC Workers: 4]
      [GC Worker Start (ms): Min: 7501033.8, Avg: 7501033.9, Max: 7501034.3, Diff: 0.5]
      [Ext Root Scanning (ms): Min: 0.6, Avg: 1.0, Max: 1.1, Diff: 0.5, Sum: 3.8]
      [Update RS (ms): Min: 1.5, Avg: 1.6, Max: 1.8, Diff: 0.3, Sum: 6.5]
         [Processed Buffers: Min: 4, Avg: 7.0, Max: 11, Diff: 7, Sum: 28]
      [Scan RS (ms): Min: 1.8, Avg: 3.2, Max: 5.4, Diff: 3.6, Sum: 12.9]
      [Code Root Scanning (ms): Min: 0.0, Avg: 0.0, Max: 0.0, Diff: 0.0, Sum: 0.0]
      [Object Copy (ms): Min: 11.8, Avg: 13.9, Max: 15.5, Diff: 3.7, Sum: 55.7]
      [Termination (ms): Min: 0.0, Avg: 0.0, Max: 0.0, Diff: 0.0, Sum: 0.0]
         [Termination Attempts: Min: 1, Avg: 1.0, Max: 1, Diff: 0, Sum: 4]
      [GC Worker Other (ms): Min: 0.0, Avg: 0.0, Max: 0.0, Diff: 0.0, Sum: 0.1]
      [GC Worker Total (ms): Min: 19.4, Avg: 19.8, Max: 19.9, Diff: 0.5, Sum: 79.0]
      [GC Worker End (ms): Min: 7501053.7, Avg: 7501053.7, Max: 7501053.7, Diff: 0.0]
   [Code Root Fixup: 0.0 ms]
   [Code Root Purge: 0.0 ms]
   [Clear CT: 0.1 ms]
   [Other: 0.6 ms]
      [Choose CSet: 0.0 ms]
      [Ref Proc: 0.2 ms]
      [Ref Enq: 0.0 ms]
      [Redirty Cards: 0.1 ms]
      [Humongous Register: 0.0 ms]
      [Humongous Reclaim: 0.0 ms]
      [Free CSet: 0.0 ms]
   [Eden: 46.0M(46.0M)->0.0B(44.0M) Survivors: 5120.0K->7168.0K Heap: 316.7M(1024.0M)->272.7M(1024.0M)]
 [Times: user=0.07 sys=0.01, real=0.03 secs] 
2018-11-25T17:36:17.635+0800: 7527.811: [GC pause (G1 Evacuation Pause) (young), 0.0192199 secs]
   [Parallel Time: 18.7 ms, GC Workers: 4]
      [GC Worker Start (ms): Min: 7527810.6, Avg: 7527810.7, Max: 7527810.8, Diff: 0.2]
      [Ext Root Scanning (ms): Min: 0.5, Avg: 1.7, Max: 5.2, Diff: 4.6, Sum: 7.0]
      [Update RS (ms): Min: 0.0, Avg: 0.9, Max: 1.3, Diff: 1.2, Sum: 3.6]
         [Processed Buffers: Min: 0, Avg: 8.2, Max: 13, Diff: 13, Sum: 33]
      [Scan RS (ms): Min: 0.5, Avg: 5.1, Max: 6.7, Diff: 6.2, Sum: 20.5]
      [Code Root Scanning (ms): Min: 0.0, Avg: 0.0, Max: 0.0, Diff: 0.0, Sum: 0.0]
      [Object Copy (ms): Min: 10.0, Avg: 10.8, Max: 12.9, Diff: 2.9, Sum: 43.1]
      [Termination (ms): Min: 0.0, Avg: 0.0, Max: 0.0, Diff: 0.0, Sum: 0.0]
         [Termination Attempts: Min: 1, Avg: 2.5, Max: 4, Diff: 3, Sum: 10]
      [GC Worker Other (ms): Min: 0.0, Avg: 0.0, Max: 0.0, Diff: 0.0, Sum: 0.1]
      [GC Worker Total (ms): Min: 18.5, Avg: 18.6, Max: 18.6, Diff: 0.2, Sum: 74.3]
      [GC Worker End (ms): Min: 7527829.3, Avg: 7527829.3, Max: 7527829.3, Diff: 0.0]
   [Code Root Fixup: 0.0 ms]
   [Code Root Purge: 0.0 ms]
   [Clear CT: 0.1 ms]
   [Other: 0.5 ms]
      [Choose CSet: 0.0 ms]
      [Ref Proc: 0.1 ms]
      [Ref Enq: 0.0 ms]
      [Redirty Cards: 0.1 ms]
      [Humongous Register: 0.0 ms]
      [Humongous Reclaim: 0.0 ms]
      [Free CSet: 0.0 ms]
   [Eden: 44.0M(44.0M)->0.0B(46.0M) Survivors: 7168.0K->5120.0K Heap: 316.7M(1024.0M)->273.3M(1024.0M)]
 [Times: user=0.05 sys=0.01, real=0.02 secs] 
2018-11-25T17:36:45.234+0800: 7555.409: [GC pause (G1 Evacuation Pause) (young), 0.0186052 secs]
   [Parallel Time: 17.9 ms, GC Workers: 4]
      [GC Worker Start (ms): Min: 7555408.7, Avg: 7555408.8, Max: 7555409.1, Diff: 0.5]
      [Ext Root Scanning (ms): Min: 0.5, Avg: 0.9, Max: 1.0, Diff: 0.5, Sum: 3.5]
      [Update RS (ms): Min: 1.9, Avg: 2.3, Max: 2.6, Diff: 0.7, Sum: 9.3]
         [Processed Buffers: Min: 1, Avg: 8.0, Max: 23, Diff: 22, Sum: 32]
      [Scan RS (ms): Min: 5.0, Avg: 7.0, Max: 9.1, Diff: 4.1, Sum: 27.8]
      [Code Root Scanning (ms): Min: 0.0, Avg: 0.0, Max: 0.0, Diff: 0.0, Sum: 0.0]
      [Object Copy (ms): Min: 5.8, Avg: 7.5, Max: 9.3, Diff: 3.6, Sum: 30.1]
      [Termination (ms): Min: 0.0, Avg: 0.0, Max: 0.0, Diff: 0.0, Sum: 0.0]
         [Termination Attempts: Min: 1, Avg: 2.8, Max: 5, Diff: 4, Sum: 11]
      [GC Worker Other (ms): Min: 0.0, Avg: 0.0, Max: 0.0, Diff: 0.0, Sum: 0.1]
      [GC Worker Total (ms): Min: 17.4, Avg: 17.7, Max: 17.8, Diff: 0.4, Sum: 70.9]
      [GC Worker End (ms): Min: 7555426.5, Avg: 7555426.5, Max: 7555426.5, Diff: 0.0]
   [Code Root Fixup: 0.0 ms]
   [Code Root Purge: 0.0 ms]
   [Clear CT: 0.1 ms]
   [Other: 0.6 ms]
      [Choose CSet: 0.0 ms]
      [Ref Proc: 0.2 ms]
      [Ref Enq: 0.0 ms]
      [Redirty Cards: 0.1 ms]
      [Humongous Register: 0.0 ms]
      [Humongous Reclaim: 0.0 ms]
      [Free CSet: 0.0 ms]
   [Eden: 46.0M(46.0M)->0.0B(45.0M) Survivors: 5120.0K->6144.0K Heap: 319.3M(1024.0M)->273.8M(1024.0M)]
 [Times: user=0.05 sys=0.01, real=0.02 secs] 
2018-11-25T17:37:12.468+0800: 7582.642: [GC pause (G1 Evacuation Pause) (young), 0.0165212 secs]
   [Parallel Time: 15.9 ms, GC Workers: 4]
      [GC Worker Start (ms): Min: 7582642.6, Avg: 7582642.8, Max: 7582643.2, Diff: 0.6]
      [Ext Root Scanning (ms): Min: 0.3, Avg: 0.8, Max: 1.2, Diff: 0.9, Sum: 3.2]
      [Update RS (ms): Min: 1.5, Avg: 1.9, Max: 2.2, Diff: 0.6, Sum: 7.5]
         [Processed Buffers: Min: 0, Avg: 7.8, Max: 22, Diff: 22, Sum: 31]
      [Scan RS (ms): Min: 1.8, Avg: 3.3, Max: 3.9, Diff: 2.1, Sum: 13.1]
      [Code Root Scanning (ms): Min: 0.0, Avg: 0.0, Max: 0.0, Diff: 0.0, Sum: 0.0]
      [Object Copy (ms): Min: 9.1, Avg: 9.7, Max: 11.3, Diff: 2.2, Sum: 38.8]
      [Termination (ms): Min: 0.0, Avg: 0.0, Max: 0.0, Diff: 0.0, Sum: 0.0]
         [Termination Attempts: Min: 1, Avg: 1.0, Max: 1, Diff: 0, Sum: 4]
      [GC Worker Other (ms): Min: 0.0, Avg: 0.0, Max: 0.0, Diff: 0.0, Sum: 0.1]
      [GC Worker Total (ms): Min: 15.2, Avg: 15.6, Max: 15.8, Diff: 0.6, Sum: 62.6]
      [GC Worker End (ms): Min: 7582658.4, Avg: 7582658.4, Max: 7582658.4, Diff: 0.0]
   [Code Root Fixup: 0.0 ms]
   [Code Root Purge: 0.0 ms]
   [Clear CT: 0.1 ms]
   [Other: 0.6 ms]
      [Choose CSet: 0.0 ms]
      [Ref Proc: 0.2 ms]
      [Ref Enq: 0.0 ms]
      [Redirty Cards: 0.1 ms]
      [Humongous Register: 0.0 ms]
      [Humongous Reclaim: 0.0 ms]
      [Free CSet: 0.1 ms]
   [Eden: 45.0M(45.0M)->0.0B(45.0M) Survivors: 6144.0K->6144.0K Heap: 318.8M(1024.0M)->275.2M(1024.0M)]
 [Times: user=0.05 sys=0.01, real=0.02 secs] 
2018-11-25T17:37:39.459+0800: 7609.633: [GC pause (G1 Evacuation Pause) (young), 0.0227166 secs]
   [Parallel Time: 21.6 ms, GC Workers: 4]
      [GC Worker Start (ms): Min: 7609632.7, Avg: 7609632.7, Max: 7609632.8, Diff: 0.1]
      [Ext Root Scanning (ms): Min: 0.8, Avg: 0.8, Max: 0.8, Diff: 0.1, Sum: 3.1]
      [Update RS (ms): Min: 1.9, Avg: 2.2, Max: 2.6, Diff: 0.7, Sum: 8.8]
         [Processed Buffers: Min: 2, Avg: 7.8, Max: 14, Diff: 12, Sum: 31]
      [Scan RS (ms): Min: 3.0, Avg: 4.1, Max: 5.4, Diff: 2.3, Sum: 16.3]
      [Code Root Scanning (ms): Min: 0.0, Avg: 0.0, Max: 0.0, Diff: 0.0, Sum: 0.0]
      [Object Copy (ms): Min: 13.2, Avg: 14.3, Max: 15.3, Diff: 2.1, Sum: 57.3]
      [Termination (ms): Min: 0.0, Avg: 0.1, Max: 0.2, Diff: 0.2, Sum: 0.3]
         [Termination Attempts: Min: 1, Avg: 1.5, Max: 2, Diff: 1, Sum: 6]
      [GC Worker Other (ms): Min: 0.0, Avg: 0.0, Max: 0.0, Diff: 0.0, Sum: 0.1]
      [GC Worker Total (ms): Min: 21.4, Avg: 21.5, Max: 21.5, Diff: 0.1, Sum: 85.9]
      [GC Worker End (ms): Min: 7609654.2, Avg: 7609654.2, Max: 7609654.2, Diff: 0.0]
   [Code Root Fixup: 0.0 ms]
   [Code Root Purge: 0.0 ms]
   [Clear CT: 0.1 ms]
   [Other: 1.0 ms]
      [Choose CSet: 0.0 ms]
      [Ref Proc: 0.5 ms]
      [Ref Enq: 0.0 ms]
      [Redirty Cards: 0.1 ms]
      [Humongous Register: 0.0 ms]
      [Humongous Reclaim: 0.0 ms]
      [Free CSet: 0.1 ms]
   [Eden: 45.0M(45.0M)->0.0B(45.0M) Survivors: 6144.0K->6144.0K Heap: 320.2M(1024.0M)->276.3M(1024.0M)]
 [Times: user=0.06 sys=0.00, real=0.03 secs] 
2018-11-25T17:38:06.698+0800: 7636.870: [GC pause (G1 Evacuation Pause) (young), 0.0165398 secs]
   [Parallel Time: 15.9 ms, GC Workers: 4]
      [GC Worker Start (ms): Min: 7636870.5, Avg: 7636870.5, Max: 7636870.6, Diff: 0.1]
      [Ext Root Scanning (ms): Min: 0.8, Avg: 0.8, Max: 0.9, Diff: 0.1, Sum: 3.2]
      [Update RS (ms): Min: 1.8, Avg: 2.1, Max: 2.6, Diff: 0.8, Sum: 8.5]
         [Processed Buffers: Min: 1, Avg: 7.0, Max: 13, Diff: 12, Sum: 28]
      [Scan RS (ms): Min: 3.4, Avg: 4.5, Max: 5.3, Diff: 1.9, Sum: 18.1]
      [Code Root Scanning (ms): Min: 0.0, Avg: 0.0, Max: 0.0, Diff: 0.0, Sum: 0.0]
      [Object Copy (ms): Min: 7.6, Avg: 8.2, Max: 9.0, Diff: 1.4, Sum: 33.0]
      [Termination (ms): Min: 0.0, Avg: 0.0, Max: 0.0, Diff: 0.0, Sum: 0.0]
         [Termination Attempts: Min: 1, Avg: 1.2, Max: 2, Diff: 1, Sum: 5]
      [GC Worker Other (ms): Min: 0.0, Avg: 0.0, Max: 0.0, Diff: 0.0, Sum: 0.1]
      [GC Worker Total (ms): Min: 15.7, Avg: 15.7, Max: 15.8, Diff: 0.1, Sum: 62.9]
      [GC Worker End (ms): Min: 7636886.2, Avg: 7636886.2, Max: 7636886.3, Diff: 0.0]
   [Code Root Fixup: 0.0 ms]
   [Code Root Purge: 0.0 ms]
   [Clear CT: 0.1 ms]
   [Other: 0.5 ms]
      [Choose CSet: 0.0 ms]
      [Ref Proc: 0.1 ms]
      [Ref Enq: 0.0 ms]
      [Redirty Cards: 0.1 ms]
      [Humongous Register: 0.0 ms]
      [Humongous Reclaim: 0.0 ms]
      [Free CSet: 0.1 ms]
   [Eden: 45.0M(45.0M)->0.0B(46.0M) Survivors: 6144.0K->5120.0K Heap: 321.3M(1024.0M)->275.8M(1024.0M)]
 [Times: user=0.06 sys=0.00, real=0.02 secs] 
2018-11-25T17:38:34.433+0800: 7664.605: [GC pause (G1 Evacuation Pause) (young), 0.0194242 secs]
   [Parallel Time: 18.8 ms, GC Workers: 4]
      [GC Worker Start (ms): Min: 7664604.7, Avg: 7664604.8, Max: 7664605.2, Diff: 0.5]
      [Ext Root Scanning (ms): Min: 0.6, Avg: 1.1, Max: 1.8, Diff: 1.2, Sum: 4.6]
      [Update RS (ms): Min: 1.8, Avg: 2.4, Max: 3.0, Diff: 1.3, Sum: 9.6]
         [Processed Buffers: Min: 1, Avg: 7.2, Max: 15, Diff: 14, Sum: 29]
      [Scan RS (ms): Min: 4.9, Avg: 5.2, Max: 5.3, Diff: 0.4, Sum: 20.7]
      [Code Root Scanning (ms): Min: 0.0, Avg: 0.0, Max: 0.0, Diff: 0.0, Sum: 0.0]
      [Object Copy (ms): Min: 9.6, Avg: 9.7, Max: 9.8, Diff: 0.2, Sum: 38.8]
      [Termination (ms): Min: 0.0, Avg: 0.0, Max: 0.0, Diff: 0.0, Sum: 0.0]
         [Termination Attempts: Min: 1, Avg: 1.0, Max: 1, Diff: 0, Sum: 4]
      [GC Worker Other (ms): Min: 0.0, Avg: 0.1, Max: 0.1, Diff: 0.0, Sum: 0.2]
      [GC Worker Total (ms): Min: 18.2, Avg: 18.5, Max: 18.6, Diff: 0.4, Sum: 73.9]
      [GC Worker End (ms): Min: 7664623.3, Avg: 7664623.3, Max: 7664623.3, Diff: 0.0]
   [Code Root Fixup: 0.0 ms]
   [Code Root Purge: 0.0 ms]
   [Clear CT: 0.1 ms]
   [Other: 0.6 ms]
      [Choose CSet: 0.0 ms]
      [Ref Proc: 0.1 ms]
      [Ref Enq: 0.0 ms]
      [Redirty Cards: 0.1 ms]
      [Humongous Register: 0.0 ms]
      [Humongous Reclaim: 0.0 ms]
      [Free CSet: 0.0 ms]
   [Eden: 46.0M(46.0M)->0.0B(46.0M) Survivors: 5120.0K->5120.0K Heap: 321.8M(1024.0M)->276.1M(1024.0M)]
 [Times: user=0.06 sys=0.01, real=0.02 secs] 
2018-11-25T17:39:02.380+0800: 7692.551: [GC pause (G1 Evacuation Pause) (young), 0.0188643 secs]
   [Parallel Time: 18.0 ms, GC Workers: 4]
      [GC Worker Start (ms): Min: 7692551.0, Avg: 7692551.0, Max: 7692551.1, Diff: 0.2]
      [Ext Root Scanning (ms): Min: 0.9, Avg: 1.0, Max: 1.0, Diff: 0.1, Sum: 4.0]
      [Update RS (ms): Min: 2.3, Avg: 2.5, Max: 2.6, Diff: 0.3, Sum: 9.9]
         [Processed Buffers: Min: 1, Avg: 7.5, Max: 13, Diff: 12, Sum: 30]
      [Scan RS (ms): Min: 3.2, Avg: 3.3, Max: 3.5, Diff: 0.4, Sum: 13.2]
      [Code Root Scanning (ms): Min: 0.0, Avg: 0.0, Max: 0.0, Diff: 0.0, Sum: 0.0]
      [Object Copy (ms): Min: 11.0, Avg: 11.0, Max: 11.1, Diff: 0.2, Sum: 44.1]
      [Termination (ms): Min: 0.0, Avg: 0.0, Max: 0.0, Diff: 0.0, Sum: 0.0]
         [Termination Attempts: Min: 1, Avg: 1.0, Max: 1, Diff: 0, Sum: 4]
      [GC Worker Other (ms): Min: 0.0, Avg: 0.0, Max: 0.0, Diff: 0.0, Sum: 0.1]
      [GC Worker Total (ms): Min: 17.7, Avg: 17.8, Max: 17.9, Diff: 0.2, Sum: 71.2]
      [GC Worker End (ms): Min: 7692568.8, Avg: 7692568.8, Max: 7692568.8, Diff: 0.0]
   [Code Root Fixup: 0.0 ms]
   [Code Root Purge: 0.0 ms]
   [Clear CT: 0.1 ms]
   [Other: 0.8 ms]
      [Choose CSet: 0.0 ms]
      [Ref Proc: 0.3 ms]
      [Ref Enq: 0.0 ms]
      [Redirty Cards: 0.1 ms]
      [Humongous Register: 0.0 ms]
      [Humongous Reclaim: 0.0 ms]
      [Free CSet: 0.1 ms]
   [Eden: 46.0M(46.0M)->0.0B(44.0M) Survivors: 5120.0K->7168.0K Heap: 322.1M(1024.0M)->278.1M(1024.0M)]
 [Times: user=0.07 sys=0.00, real=0.01 secs] 
2018-11-25T17:39:28.906+0800: 7719.076: [GC pause (G1 Evacuation Pause) (young), 0.0200060 secs]
   [Parallel Time: 19.3 ms, GC Workers: 4]
      [GC Worker Start (ms): Min: 7719076.5, Avg: 7719076.6, Max: 7719076.6, Diff: 0.1]
      [Ext Root Scanning (ms): Min: 0.7, Avg: 0.7, Max: 0.8, Diff: 0.1, Sum: 2.7]
      [Update RS (ms): Min: 2.2, Avg: 2.3, Max: 2.3, Diff: 0.1, Sum: 9.0]
         [Processed Buffers: Min: 3, Avg: 7.2, Max: 19, Diff: 16, Sum: 29]
      [Scan RS (ms): Min: 3.1, Avg: 3.2, Max: 3.4, Diff: 0.2, Sum: 12.9]
      [Code Root Scanning (ms): Min: 0.0, Avg: 0.0, Max: 0.0, Diff: 0.0, Sum: 0.0]
      [Object Copy (ms): Min: 12.8, Avg: 12.9, Max: 13.0, Diff: 0.2, Sum: 51.7]
      [Termination (ms): Min: 0.0, Avg: 0.0, Max: 0.0, Diff: 0.0, Sum: 0.0]
         [Termination Attempts: Min: 1, Avg: 1.0, Max: 1, Diff: 0, Sum: 4]
      [GC Worker Other (ms): Min: 0.0, Avg: 0.0, Max: 0.1, Diff: 0.0, Sum: 0.2]
      [GC Worker Total (ms): Min: 19.1, Avg: 19.1, Max: 19.2, Diff: 0.1, Sum: 76.5]
      [GC Worker End (ms): Min: 7719095.7, Avg: 7719095.7, Max: 7719095.7, Diff: 0.0]
   [Code Root Fixup: 0.0 ms]
   [Code Root Purge: 0.0 ms]
   [Clear CT: 0.1 ms]
   [Other: 0.6 ms]
      [Choose CSet: 0.0 ms]
      [Ref Proc: 0.2 ms]
      [Ref Enq: 0.0 ms]
      [Redirty Cards: 0.1 ms]
      [Humongous Register: 0.0 ms]
      [Humongous Reclaim: 0.0 ms]
      [Free CSet: 0.0 ms]
   [Eden: 44.0M(44.0M)->0.0B(46.0M) Survivors: 7168.0K->5120.0K Heap: 322.1M(1024.0M)->278.1M(1024.0M)]
 [Times: user=0.08 sys=0.01, real=0.02 secs] 
2018-11-25T17:39:56.651+0800: 7746.821: [GC pause (G1 Evacuation Pause) (young), 0.0186719 secs]
   [Parallel Time: 17.2 ms, GC Workers: 4]
      [GC Worker Start (ms): Min: 7746821.2, Avg: 7746821.3, Max: 7746821.3, Diff: 0.1]
      [Ext Root Scanning (ms): Min: 0.9, Avg: 1.0, Max: 1.1, Diff: 0.1, Sum: 3.9]
      [Update RS (ms): Min: 2.1, Avg: 2.2, Max: 2.4, Diff: 0.3, Sum: 8.9]
         [Processed Buffers: Min: 2, Avg: 8.5, Max: 21, Diff: 19, Sum: 34]
      [Scan RS (ms): Min: 3.7, Avg: 3.9, Max: 3.9, Diff: 0.2, Sum: 15.5]
      [Code Root Scanning (ms): Min: 0.0, Avg: 0.0, Max: 0.0, Diff: 0.0, Sum: 0.0]
      [Object Copy (ms): Min: 9.8, Avg: 9.9, Max: 10.0, Diff: 0.2, Sum: 39.7]
      [Termination (ms): Min: 0.0, Avg: 0.0, Max: 0.0, Diff: 0.0, Sum: 0.0]
         [Termination Attempts: Min: 1, Avg: 1.5, Max: 3, Diff: 2, Sum: 6]
      [GC Worker Other (ms): Min: 0.0, Avg: 0.0, Max: 0.1, Diff: 0.0, Sum: 0.2]
      [GC Worker Total (ms): Min: 17.0, Avg: 17.1, Max: 17.1, Diff: 0.0, Sum: 68.3]
      [GC Worker End (ms): Min: 7746838.3, Avg: 7746838.3, Max: 7746838.3, Diff: 0.0]
   [Code Root Fixup: 0.0 ms]
   [Code Root Purge: 0.0 ms]
   [Clear CT: 0.2 ms]
   [Other: 1.3 ms]
      [Choose CSet: 0.0 ms]
      [Ref Proc: 0.3 ms]
      [Ref Enq: 0.0 ms]
      [Redirty Cards: 0.1 ms]
      [Humongous Register: 0.2 ms]
      [Humongous Reclaim: 0.1 ms]
      [Free CSet: 0.1 ms]
   [Eden: 46.0M(46.0M)->0.0B(46.0M) Survivors: 5120.0K->5120.0K Heap: 324.1M(1024.0M)->278.1M(1024.0M)]
 [Times: user=0.06 sys=0.01, real=0.02 secs] 
2018-11-25T17:40:24.555+0800: 7774.724: [GC pause (G1 Evacuation Pause) (young), 0.0209518 secs]
   [Parallel Time: 19.2 ms, GC Workers: 4]
      [GC Worker Start (ms): Min: 7774724.9, Avg: 7774725.3, Max: 7774725.9, Diff: 1.0]
      [Ext Root Scanning (ms): Min: 0.2, Avg: 0.8, Max: 1.2, Diff: 1.0, Sum: 3.1]
      [Update RS (ms): Min: 1.9, Avg: 2.6, Max: 2.9, Diff: 1.0, Sum: 10.5]
         [Processed Buffers: Min: 1, Avg: 7.0, Max: 18, Diff: 17, Sum: 28]
      [Scan RS (ms): Min: 2.3, Avg: 2.9, Max: 4.8, Diff: 2.5, Sum: 11.8]
      [Code Root Scanning (ms): Min: 0.0, Avg: 0.0, Max: 0.0, Diff: 0.0, Sum: 0.0]
      [Object Copy (ms): Min: 9.9, Avg: 11.8, Max: 13.2, Diff: 3.3, Sum: 47.4]
      [Termination (ms): Min: 0.0, Avg: 0.1, Max: 0.2, Diff: 0.2, Sum: 0.4]
         [Termination Attempts: Min: 1, Avg: 1.0, Max: 1, Diff: 0, Sum: 4]
      [GC Worker Other (ms): Min: 0.0, Avg: 0.0, Max: 0.0, Diff: 0.0, Sum: 0.1]
      [GC Worker Total (ms): Min: 17.8, Avg: 18.3, Max: 18.8, Diff: 0.9, Sum: 73.3]
      [GC Worker End (ms): Min: 7774743.6, Avg: 7774743.7, Max: 7774743.7, Diff: 0.1]
   [Code Root Fixup: 0.0 ms]
   [Code Root Purge: 0.0 ms]
   [Clear CT: 0.1 ms]
   [Other: 1.6 ms]
      [Choose CSet: 0.0 ms]
      [Ref Proc: 0.3 ms]
      [Ref Enq: 0.0 ms]
      [Redirty Cards: 0.1 ms]
      [Humongous Register: 0.1 ms]
      [Humongous Reclaim: 0.0 ms]
      [Free CSet: 0.1 ms]
   [Eden: 46.0M(46.0M)->0.0B(45.0M) Survivors: 5120.0K->6144.0K Heap: 324.1M(1024.0M)->279.6M(1024.0M)]
 [Times: user=0.07 sys=0.00, real=0.02 secs] 
2018-11-25T17:40:51.643+0800: 7801.810: [GC pause (G1 Evacuation Pause) (young), 0.0200523 secs]
   [Parallel Time: 19.0 ms, GC Workers: 4]
      [GC Worker Start (ms): Min: 7801810.6, Avg: 7801810.7, Max: 7801810.7, Diff: 0.1]
      [Ext Root Scanning (ms): Min: 0.6, Avg: 0.7, Max: 0.7, Diff: 0.1, Sum: 2.7]
      [Update RS (ms): Min: 2.0, Avg: 2.1, Max: 2.2, Diff: 0.2, Sum: 8.4]
         [Processed Buffers: Min: 1, Avg: 6.5, Max: 11, Diff: 10, Sum: 26]
      [Scan RS (ms): Min: 3.2, Avg: 3.3, Max: 3.4, Diff: 0.3, Sum: 13.2]
      [Code Root Scanning (ms): Min: 0.0, Avg: 0.0, Max: 0.0, Diff: 0.0, Sum: 0.0]
      [Object Copy (ms): Min: 12.7, Avg: 12.8, Max: 12.8, Diff: 0.1, Sum: 51.1]
      [Termination (ms): Min: 0.0, Avg: 0.0, Max: 0.0, Diff: 0.0, Sum: 0.0]
         [Termination Attempts: Min: 1, Avg: 1.0, Max: 1, Diff: 0, Sum: 4]
      [GC Worker Other (ms): Min: 0.0, Avg: 0.1, Max: 0.1, Diff: 0.0, Sum: 0.2]
      [GC Worker Total (ms): Min: 18.9, Avg: 18.9, Max: 18.9, Diff: 0.0, Sum: 75.7]
      [GC Worker End (ms): Min: 7801829.6, Avg: 7801829.6, Max: 7801829.6, Diff: 0.0]
   [Code Root Fixup: 0.0 ms]
   [Code Root Purge: 0.0 ms]
   [Clear CT: 0.1 ms]
   [Other: 0.9 ms]
      [Choose CSet: 0.0 ms]
      [Ref Proc: 0.5 ms]
      [Ref Enq: 0.0 ms]
      [Redirty Cards: 0.1 ms]
      [Humongous Register: 0.0 ms]
      [Humongous Reclaim: 0.0 ms]
      [Free CSet: 0.1 ms]
   [Eden: 45.0M(45.0M)->0.0B(46.0M) Survivors: 6144.0K->5120.0K Heap: 324.6M(1024.0M)->280.7M(1024.0M)]
 [Times: user=0.08 sys=0.00, real=0.02 secs] 
2018-11-25T17:41:19.362+0800: 7829.529: [GC pause (G1 Evacuation Pause) (young), 0.0134181 secs]
   [Parallel Time: 12.6 ms, GC Workers: 4]
      [GC Worker Start (ms): Min: 7829529.4, Avg: 7829529.4, Max: 7829529.4, Diff: 0.0]
      [Ext Root Scanning (ms): Min: 0.5, Avg: 0.6, Max: 0.6, Diff: 0.1, Sum: 2.2]
      [Update RS (ms): Min: 1.0, Avg: 1.1, Max: 1.2, Diff: 0.2, Sum: 4.4]
         [Processed Buffers: Min: 4, Avg: 10.0, Max: 16, Diff: 12, Sum: 40]
      [Scan RS (ms): Min: 2.3, Avg: 3.0, Max: 4.7, Diff: 2.4, Sum: 11.9]
      [Code Root Scanning (ms): Min: 0.0, Avg: 0.0, Max: 0.0, Diff: 0.0, Sum: 0.0]
      [Object Copy (ms): Min: 5.9, Avg: 7.8, Max: 8.5, Diff: 2.5, Sum: 31.0]
      [Termination (ms): Min: 0.0, Avg: 0.1, Max: 0.1, Diff: 0.1, Sum: 0.4]
         [Termination Attempts: Min: 1, Avg: 1.0, Max: 1, Diff: 0, Sum: 4]
      [GC Worker Other (ms): Min: 0.0, Avg: 0.0, Max: 0.0, Diff: 0.0, Sum: 0.1]
      [GC Worker Total (ms): Min: 12.5, Avg: 12.5, Max: 12.5, Diff: 0.1, Sum: 50.0]
      [GC Worker End (ms): Min: 7829541.9, Avg: 7829541.9, Max: 7829541.9, Diff: 0.0]
   [Code Root Fixup: 0.0 ms]
   [Code Root Purge: 0.0 ms]
   [Clear CT: 0.1 ms]
   [Other: 0.7 ms]
      [Choose CSet: 0.0 ms]
      [Ref Proc: 0.2 ms]
      [Ref Enq: 0.0 ms]
      [Redirty Cards: 0.1 ms]
      [Humongous Register: 0.0 ms]
      [Humongous Reclaim: 0.0 ms]
      [Free CSet: 0.1 ms]
   [Eden: 46.0M(46.0M)->0.0B(100.0M) Survivors: 5120.0K->5120.0K Heap: 326.7M(1024.0M)->280.7M(1024.0M)]
 [Times: user=0.04 sys=0.00, real=0.01 secs] 
2018-11-25T17:42:19.358+0800: 7889.523: [GC pause (G1 Evacuation Pause) (young), 0.0423389 secs]
   [Parallel Time: 41.6 ms, GC Workers: 4]
      [GC Worker Start (ms): Min: 7889523.6, Avg: 7889523.6, Max: 7889523.6, Diff: 0.1]
      [Ext Root Scanning (ms): Min: 0.8, Avg: 0.8, Max: 0.9, Diff: 0.1, Sum: 3.4]
      [Update RS (ms): Min: 0.2, Avg: 2.3, Max: 3.3, Diff: 3.1, Sum: 9.2]
         [Processed Buffers: Min: 2, Avg: 8.0, Max: 16, Diff: 14, Sum: 32]
      [Scan RS (ms): Min: 2.3, Avg: 3.0, Max: 4.3, Diff: 2.0, Sum: 12.0]
      [Code Root Scanning (ms): Min: 0.0, Avg: 0.0, Max: 0.0, Diff: 0.0, Sum: 0.0]
      [Object Copy (ms): Min: 30.2, Avg: 33.9, Max: 35.2, Diff: 5.0, Sum: 135.4]
      [Termination (ms): Min: 0.0, Avg: 1.4, Max: 2.7, Diff: 2.7, Sum: 5.7]
         [Termination Attempts: Min: 1, Avg: 1.0, Max: 1, Diff: 0, Sum: 4]
      [GC Worker Other (ms): Min: 0.0, Avg: 0.0, Max: 0.0, Diff: 0.0, Sum: 0.1]
      [GC Worker Total (ms): Min: 41.4, Avg: 41.4, Max: 41.5, Diff: 0.1, Sum: 165.8]
      [GC Worker End (ms): Min: 7889565.0, Avg: 7889565.0, Max: 7889565.0, Diff: 0.0]
   [Code Root Fixup: 0.0 ms]
   [Code Root Purge: 0.0 ms]
   [Clear CT: 0.1 ms]
   [Other: 0.6 ms]
      [Choose CSet: 0.0 ms]
      [Ref Proc: 0.1 ms]
      [Ref Enq: 0.0 ms]
      [Redirty Cards: 0.1 ms]
      [Humongous Register: 0.1 ms]
      [Humongous Reclaim: 0.0 ms]
      [Free CSet: 0.1 ms]
   [Eden: 100.0M(100.0M)->0.0B(44.0M) Survivors: 5120.0K->7168.0K Heap: 380.7M(1024.0M)->282.7M(1024.0M)]
 [Times: user=0.07 sys=0.03, real=0.05 secs] 
2018-11-25T17:42:45.946+0800: 7916.110: [GC pause (G1 Evacuation Pause) (young), 0.0211538 secs]
   [Parallel Time: 20.4 ms, GC Workers: 4]
      [GC Worker Start (ms): Min: 7916110.6, Avg: 7916110.6, Max: 7916110.6, Diff: 0.1]
      [Ext Root Scanning (ms): Min: 0.8, Avg: 0.8, Max: 0.9, Diff: 0.1, Sum: 3.4]
      [Update RS (ms): Min: 1.9, Avg: 2.0, Max: 2.2, Diff: 0.3, Sum: 8.2]
         [Processed Buffers: Min: 1, Avg: 8.0, Max: 22, Diff: 21, Sum: 32]
      [Scan RS (ms): Min: 3.1, Avg: 3.3, Max: 3.5, Diff: 0.4, Sum: 13.0]
      [Code Root Scanning (ms): Min: 0.0, Avg: 0.0, Max: 0.0, Diff: 0.0, Sum: 0.0]
      [Object Copy (ms): Min: 14.0, Avg: 14.1, Max: 14.2, Diff: 0.2, Sum: 56.4]
      [Termination (ms): Min: 0.0, Avg: 0.0, Max: 0.0, Diff: 0.0, Sum: 0.0]
         [Termination Attempts: Min: 1, Avg: 3.0, Max: 4, Diff: 3, Sum: 12]
      [GC Worker Other (ms): Min: 0.0, Avg: 0.0, Max: 0.0, Diff: 0.0, Sum: 0.1]
      [GC Worker Total (ms): Min: 20.3, Avg: 20.3, Max: 20.3, Diff: 0.1, Sum: 81.1]
      [GC Worker End (ms): Min: 7916130.9, Avg: 7916130.9, Max: 7916130.9, Diff: 0.0]
   [Code Root Fixup: 0.0 ms]
   [Code Root Purge: 0.0 ms]
   [Clear CT: 0.1 ms]
   [Other: 0.6 ms]
      [Choose CSet: 0.0 ms]
      [Ref Proc: 0.2 ms]
      [Ref Enq: 0.0 ms]
      [Redirty Cards: 0.1 ms]
      [Humongous Register: 0.0 ms]
      [Humongous Reclaim: 0.0 ms]
      [Free CSet: 0.1 ms]
   [Eden: 44.0M(44.0M)->0.0B(46.0M) Survivors: 7168.0K->5120.0K Heap: 326.7M(1024.0M)->282.2M(1024.0M)]
 [Times: user=0.07 sys=0.00, real=0.03 secs] 
2018-11-25T17:43:13.650+0800: 7943.814: [GC pause (G1 Evacuation Pause) (young), 0.0223860 secs]
   [Parallel Time: 21.7 ms, GC Workers: 4]
      [GC Worker Start (ms): Min: 7943813.7, Avg: 7943813.8, Max: 7943814.3, Diff: 0.6]
      [Ext Root Scanning (ms): Min: 0.5, Avg: 0.9, Max: 1.0, Diff: 0.5, Sum: 3.5]
      [Update RS (ms): Min: 2.3, Avg: 4.0, Max: 6.9, Diff: 4.5, Sum: 15.9]
         [Processed Buffers: Min: 5, Avg: 8.5, Max: 14, Diff: 9, Sum: 34]
      [Scan RS (ms): Min: 1.0, Avg: 4.5, Max: 7.2, Diff: 6.2, Sum: 17.9]
      [Code Root Scanning (ms): Min: 0.0, Avg: 0.0, Max: 0.0, Diff: 0.0, Sum: 0.0]
      [Object Copy (ms): Min: 11.0, Avg: 12.0, Max: 12.6, Diff: 1.6, Sum: 47.9]
      [Termination (ms): Min: 0.0, Avg: 0.1, Max: 0.1, Diff: 0.1, Sum: 0.4]
         [Termination Attempts: Min: 1, Avg: 1.0, Max: 1, Diff: 0, Sum: 4]
      [GC Worker Other (ms): Min: 0.0, Avg: 0.0, Max: 0.0, Diff: 0.0, Sum: 0.1]
      [GC Worker Total (ms): Min: 21.0, Avg: 21.4, Max: 21.6, Diff: 0.6, Sum: 85.6]
      [GC Worker End (ms): Min: 7943835.3, Avg: 7943835.3, Max: 7943835.3, Diff: 0.0]
   [Code Root Fixup: 0.0 ms]
   [Code Root Purge: 0.0 ms]
   [Clear CT: 0.1 ms]
   [Other: 0.6 ms]
      [Choose CSet: 0.0 ms]
      [Ref Proc: 0.2 ms]
      [Ref Enq: 0.0 ms]
      [Redirty Cards: 0.1 ms]
      [Humongous Register: 0.0 ms]
      [Humongous Reclaim: 0.0 ms]
      [Free CSet: 0.1 ms]
   [Eden: 46.0M(46.0M)->0.0B(45.0M) Survivors: 5120.0K->6144.0K Heap: 328.2M(1024.0M)->283.7M(1024.0M)]
 [Times: user=0.07 sys=0.01, real=0.02 secs] 
2018-11-25T17:43:40.846+0800: 7971.008: [GC pause (G1 Evacuation Pause) (young), 0.0209339 secs]
   [Parallel Time: 20.3 ms, GC Workers: 4]
      [GC Worker Start (ms): Min: 7971008.3, Avg: 7971008.3, Max: 7971008.4, Diff: 0.1]
      [Ext Root Scanning (ms): Min: 0.7, Avg: 0.8, Max: 0.8, Diff: 0.1, Sum: 3.1]
      [Update RS (ms): Min: 2.0, Avg: 2.1, Max: 2.2, Diff: 0.2, Sum: 8.3]
         [Processed Buffers: Min: 3, Avg: 7.5, Max: 16, Diff: 13, Sum: 30]
      [Scan RS (ms): Min: 3.0, Avg: 3.0, Max: 3.1, Diff: 0.1, Sum: 12.1]
      [Code Root Scanning (ms): Min: 0.0, Avg: 0.0, Max: 0.0, Diff: 0.0, Sum: 0.0]
      [Object Copy (ms): Min: 14.2, Avg: 14.2, Max: 14.3, Diff: 0.1, Sum: 56.9]
      [Termination (ms): Min: 0.0, Avg: 0.0, Max: 0.0, Diff: 0.0, Sum: 0.0]
         [Termination Attempts: Min: 1, Avg: 1.0, Max: 1, Diff: 0, Sum: 4]
      [GC Worker Other (ms): Min: 0.0, Avg: 0.0, Max: 0.0, Diff: 0.0, Sum: 0.1]
      [GC Worker Total (ms): Min: 20.1, Avg: 20.2, Max: 20.2, Diff: 0.1, Sum: 80.6]
      [GC Worker End (ms): Min: 7971028.5, Avg: 7971028.5, Max: 7971028.5, Diff: 0.0]
   [Code Root Fixup: 0.0 ms]
   [Code Root Purge: 0.0 ms]
   [Clear CT: 0.1 ms]
   [Other: 0.6 ms]
      [Choose CSet: 0.0 ms]
      [Ref Proc: 0.1 ms]
      [Ref Enq: 0.0 ms]
      [Redirty Cards: 0.1 ms]
      [Humongous Register: 0.0 ms]
      [Humongous Reclaim: 0.0 ms]
      [Free CSet: 0.1 ms]
   [Eden: 45.0M(45.0M)->0.0B(46.0M) Survivors: 6144.0K->5120.0K Heap: 328.7M(1024.0M)->285.2M(1024.0M)]
 [Times: user=0.07 sys=0.00, real=0.02 secs] 
2018-11-25T17:44:08.683+0800: 7998.844: [GC pause (G1 Evacuation Pause) (young), 0.0153990 secs]
   [Parallel Time: 14.7 ms, GC Workers: 4]
      [GC Worker Start (ms): Min: 7998844.6, Avg: 7998844.7, Max: 7998845.2, Diff: 0.7]
      [Ext Root Scanning (ms): Min: 0.3, Avg: 0.8, Max: 0.9, Diff: 0.7, Sum: 3.0]
      [Update RS (ms): Min: 1.7, Avg: 1.9, Max: 2.2, Diff: 0.5, Sum: 7.7]
         [Processed Buffers: Min: 4, Avg: 8.5, Max: 14, Diff: 10, Sum: 34]
      [Scan RS (ms): Min: 3.9, Avg: 4.2, Max: 4.4, Diff: 0.5, Sum: 16.7]
      [Code Root Scanning (ms): Min: 0.0, Avg: 0.0, Max: 0.0, Diff: 0.0, Sum: 0.0]
      [Object Copy (ms): Min: 7.5, Avg: 7.5, Max: 7.6, Diff: 0.2, Sum: 30.1]
      [Termination (ms): Min: 0.0, Avg: 0.0, Max: 0.0, Diff: 0.0, Sum: 0.0]
         [Termination Attempts: Min: 1, Avg: 1.0, Max: 1, Diff: 0, Sum: 4]
      [GC Worker Other (ms): Min: 0.0, Avg: 0.0, Max: 0.0, Diff: 0.0, Sum: 0.1]
      [GC Worker Total (ms): Min: 13.9, Avg: 14.4, Max: 14.6, Diff: 0.7, Sum: 57.7]
      [GC Worker End (ms): Min: 7998859.2, Avg: 7998859.2, Max: 7998859.2, Diff: 0.0]
   [Code Root Fixup: 0.0 ms]
   [Code Root Purge: 0.0 ms]
   [Clear CT: 0.1 ms]
   [Other: 0.6 ms]
      [Choose CSet: 0.0 ms]
      [Ref Proc: 0.2 ms]
      [Ref Enq: 0.0 ms]
      [Redirty Cards: 0.1 ms]
      [Humongous Register: 0.0 ms]
      [Humongous Reclaim: 0.0 ms]
      [Free CSet: 0.1 ms]
   [Eden: 46.0M(46.0M)->0.0B(46.0M) Survivors: 5120.0K->5120.0K Heap: 331.2M(1024.0M)->285.2M(1024.0M)]
 [Times: user=0.06 sys=0.00, real=0.02 secs] 
2018-11-25T17:44:36.550+0800: 8026.711: [GC pause (G1 Evacuation Pause) (young), 0.0156479 secs]
   [Parallel Time: 14.9 ms, GC Workers: 4]
      [GC Worker Start (ms): Min: 8026710.8, Avg: 8026710.9, Max: 8026710.9, Diff: 0.1]
      [Ext Root Scanning (ms): Min: 0.7, Avg: 0.7, Max: 0.8, Diff: 0.1, Sum: 2.9]
      [Update RS (ms): Min: 2.2, Avg: 2.3, Max: 2.4, Diff: 0.2, Sum: 9.1]
         [Processed Buffers: Min: 4, Avg: 7.5, Max: 13, Diff: 9, Sum: 30]
      [Scan RS (ms): Min: 2.9, Avg: 3.5, Max: 5.1, Diff: 2.2, Sum: 14.1]
      [Code Root Scanning (ms): Min: 0.0, Avg: 0.0, Max: 0.0, Diff: 0.0, Sum: 0.0]
      [Object Copy (ms): Min: 6.7, Avg: 8.2, Max: 8.8, Diff: 2.2, Sum: 33.0]
      [Termination (ms): Min: 0.0, Avg: 0.0, Max: 0.0, Diff: 0.0, Sum: 0.0]
         [Termination Attempts: Min: 1, Avg: 1.0, Max: 1, Diff: 0, Sum: 4]
      [GC Worker Other (ms): Min: 0.0, Avg: 0.0, Max: 0.1, Diff: 0.0, Sum: 0.1]
      [GC Worker Total (ms): Min: 14.8, Avg: 14.8, Max: 14.8, Diff: 0.0, Sum: 59.2]
      [GC Worker End (ms): Min: 8026725.7, Avg: 8026725.7, Max: 8026725.7, Diff: 0.0]
   [Code Root Fixup: 0.0 ms]
   [Code Root Purge: 0.0 ms]
   [Clear CT: 0.2 ms]
   [Other: 0.6 ms]
      [Choose CSet: 0.0 ms]
      [Ref Proc: 0.1 ms]
      [Ref Enq: 0.0 ms]
      [Redirty Cards: 0.1 ms]
      [Humongous Register: 0.1 ms]
      [Humongous Reclaim: 0.0 ms]
      [Free CSet: 0.1 ms]
   [Eden: 46.0M(46.0M)->0.0B(47.0M) Survivors: 5120.0K->5120.0K Heap: 331.2M(1024.0M)->285.2M(1024.0M)]
 [Times: user=0.06 sys=0.00, real=0.01 secs] 
2018-11-25T17:45:04.921+0800: 8055.081: [GC pause (G1 Evacuation Pause) (young), 0.0187410 secs]
   [Parallel Time: 17.7 ms, GC Workers: 4]
      [GC Worker Start (ms): Min: 8055081.6, Avg: 8055081.6, Max: 8055081.6, Diff: 0.1]
      [Ext Root Scanning (ms): Min: 1.2, Avg: 1.3, Max: 1.3, Diff: 0.1, Sum: 5.0]
      [Update RS (ms): Min: 2.0, Avg: 2.3, Max: 2.7, Diff: 0.7, Sum: 9.3]
         [Processed Buffers: Min: 4, Avg: 8.0, Max: 19, Diff: 15, Sum: 32]
      [Scan RS (ms): Min: 2.3, Avg: 2.5, Max: 2.6, Diff: 0.3, Sum: 9.9]
      [Code Root Scanning (ms): Min: 0.0, Avg: 0.0, Max: 0.0, Diff: 0.0, Sum: 0.0]
      [Object Copy (ms): Min: 11.2, Avg: 11.4, Max: 11.6, Diff: 0.4, Sum: 45.7]
      [Termination (ms): Min: 0.0, Avg: 0.0, Max: 0.0, Diff: 0.0, Sum: 0.0]
         [Termination Attempts: Min: 1, Avg: 1.0, Max: 1, Diff: 0, Sum: 4]
      [GC Worker Other (ms): Min: 0.0, Avg: 0.1, Max: 0.1, Diff: 0.1, Sum: 0.3]
      [GC Worker Total (ms): Min: 17.5, Avg: 17.5, Max: 17.6, Diff: 0.1, Sum: 70.2]
      [GC Worker End (ms): Min: 8055099.1, Avg: 8055099.1, Max: 8055099.2, Diff: 0.0]
   [Code Root Fixup: 0.0 ms]
   [Code Root Purge: 0.0 ms]
   [Clear CT: 0.1 ms]
   [Other: 0.9 ms]
      [Choose CSet: 0.0 ms]
      [Ref Proc: 0.2 ms]
      [Ref Enq: 0.0 ms]
      [Redirty Cards: 0.1 ms]
      [Humongous Register: 0.2 ms]
      [Humongous Reclaim: 0.0 ms]
      [Free CSet: 0.1 ms]
   [Eden: 47.0M(47.0M)->0.0B(48.0M) Survivors: 5120.0K->7168.0K Heap: 332.2M(1024.0M)->287.2M(1024.0M)]
 [Times: user=0.07 sys=0.00, real=0.02 secs] 
2018-11-25T17:45:33.928+0800: 8084.087: [GC pause (G1 Evacuation Pause) (young), 0.0253629 secs]
   [Parallel Time: 24.6 ms, GC Workers: 4]
      [GC Worker Start (ms): Min: 8084087.5, Avg: 8084087.8, Max: 8084088.6, Diff: 1.0]
      [Ext Root Scanning (ms): Min: 0.0, Avg: 0.7, Max: 1.0, Diff: 1.0, Sum: 3.0]
      [Update RS (ms): Min: 1.9, Avg: 2.1, Max: 2.4, Diff: 0.4, Sum: 8.5]
         [Processed Buffers: Min: 1, Avg: 8.5, Max: 19, Diff: 18, Sum: 34]
      [Scan RS (ms): Min: 2.7, Avg: 3.3, Max: 4.7, Diff: 2.0, Sum: 13.1]
      [Code Root Scanning (ms): Min: 0.0, Avg: 0.0, Max: 0.0, Diff: 0.0, Sum: 0.0]
      [Object Copy (ms): Min: 16.3, Avg: 17.9, Max: 18.5, Diff: 2.2, Sum: 71.7]
      [Termination (ms): Min: 0.0, Avg: 0.1, Max: 0.3, Diff: 0.3, Sum: 0.5]
         [Termination Attempts: Min: 1, Avg: 1.0, Max: 1, Diff: 0, Sum: 4]
      [GC Worker Other (ms): Min: 0.0, Avg: 0.0, Max: 0.1, Diff: 0.0, Sum: 0.1]
      [GC Worker Total (ms): Min: 23.4, Avg: 24.2, Max: 24.6, Diff: 1.2, Sum: 96.9]
      [GC Worker End (ms): Min: 8084112.0, Avg: 8084112.0, Max: 8084112.1, Diff: 0.1]
   [Code Root Fixup: 0.0 ms]
   [Code Root Purge: 0.0 ms]
   [Clear CT: 0.1 ms]
   [Other: 0.7 ms]
      [Choose CSet: 0.0 ms]
      [Ref Proc: 0.2 ms]
      [Ref Enq: 0.0 ms]
      [Redirty Cards: 0.1 ms]
      [Humongous Register: 0.0 ms]
      [Humongous Reclaim: 0.0 ms]
      [Free CSet: 0.1 ms]
   [Eden: 48.0M(48.0M)->0.0B(46.0M) Survivors: 7168.0K->5120.0K Heap: 335.2M(1024.0M)->287.7M(1024.0M)]
 [Times: user=0.08 sys=0.00, real=0.03 secs] 
2018-11-25T17:46:01.737+0800: 8111.895: [GC pause (G1 Evacuation Pause) (young), 0.0185262 secs]
   [Parallel Time: 17.8 ms, GC Workers: 4]
      [GC Worker Start (ms): Min: 8111895.7, Avg: 8111895.7, Max: 8111895.7, Diff: 0.1]
      [Ext Root Scanning (ms): Min: 0.7, Avg: 0.7, Max: 0.8, Diff: 0.1, Sum: 2.9]
      [Update RS (ms): Min: 2.1, Avg: 2.2, Max: 2.4, Diff: 0.3, Sum: 8.9]
         [Processed Buffers: Min: 2, Avg: 9.8, Max: 18, Diff: 16, Sum: 39]
      [Scan RS (ms): Min: 4.6, Avg: 5.2, Max: 6.9, Diff: 2.3, Sum: 20.9]
      [Code Root Scanning (ms): Min: 0.0, Avg: 0.0, Max: 0.0, Diff: 0.0, Sum: 0.0]
      [Object Copy (ms): Min: 7.9, Avg: 9.5, Max: 10.1, Diff: 2.2, Sum: 38.1]
      [Termination (ms): Min: 0.0, Avg: 0.0, Max: 0.0, Diff: 0.0, Sum: 0.0]
         [Termination Attempts: Min: 1, Avg: 1.5, Max: 2, Diff: 1, Sum: 6]
      [GC Worker Other (ms): Min: 0.0, Avg: 0.0, Max: 0.1, Diff: 0.1, Sum: 0.2]
      [GC Worker Total (ms): Min: 17.7, Avg: 17.7, Max: 17.7, Diff: 0.1, Sum: 70.9]
      [GC Worker End (ms): Min: 8111913.4, Avg: 8111913.4, Max: 8111913.4, Diff: 0.0]
   [Code Root Fixup: 0.0 ms]
   [Code Root Purge: 0.0 ms]
   [Clear CT: 0.1 ms]
   [Other: 0.6 ms]
      [Choose CSet: 0.0 ms]
      [Ref Proc: 0.2 ms]
      [Ref Enq: 0.0 ms]
      [Redirty Cards: 0.1 ms]
      [Humongous Register: 0.0 ms]
      [Humongous Reclaim: 0.0 ms]
      [Free CSet: 0.1 ms]
   [Eden: 46.0M(46.0M)->0.0B(46.0M) Survivors: 5120.0K->5120.0K Heap: 333.7M(1024.0M)->289.2M(1024.0M)]
 [Times: user=0.06 sys=0.00, real=0.02 secs] 
2018-11-25T17:46:29.410+0800: 8139.567: [GC pause (G1 Evacuation Pause) (young), 0.0163148 secs]
   [Parallel Time: 15.7 ms, GC Workers: 4]
      [GC Worker Start (ms): Min: 8139567.4, Avg: 8139567.4, Max: 8139567.5, Diff: 0.1]
      [Ext Root Scanning (ms): Min: 0.7, Avg: 0.8, Max: 0.8, Diff: 0.1, Sum: 3.2]
      [Update RS (ms): Min: 2.2, Avg: 2.3, Max: 2.5, Diff: 0.3, Sum: 9.1]
         [Processed Buffers: Min: 4, Avg: 8.0, Max: 16, Diff: 12, Sum: 32]
      [Scan RS (ms): Min: 3.3, Avg: 3.4, Max: 3.5, Diff: 0.2, Sum: 13.7]
      [Code Root Scanning (ms): Min: 0.0, Avg: 0.0, Max: 0.0, Diff: 0.0, Sum: 0.0]
      [Object Copy (ms): Min: 8.9, Avg: 9.0, Max: 9.1, Diff: 0.2, Sum: 36.1]
      [Termination (ms): Min: 0.0, Avg: 0.0, Max: 0.0, Diff: 0.0, Sum: 0.0]
         [Termination Attempts: Min: 1, Avg: 1.0, Max: 1, Diff: 0, Sum: 4]
      [GC Worker Other (ms): Min: 0.0, Avg: 0.0, Max: 0.0, Diff: 0.0, Sum: 0.1]
      [GC Worker Total (ms): Min: 15.5, Avg: 15.6, Max: 15.6, Diff: 0.1, Sum: 62.3]
      [GC Worker End (ms): Min: 8139583.0, Avg: 8139583.0, Max: 8139583.0, Diff: 0.0]
   [Code Root Fixup: 0.0 ms]
   [Code Root Purge: 0.0 ms]
   [Clear CT: 0.1 ms]
   [Other: 0.5 ms]
      [Choose CSet: 0.0 ms]
      [Ref Proc: 0.1 ms]
      [Ref Enq: 0.0 ms]
      [Redirty Cards: 0.1 ms]
      [Humongous Register: 0.0 ms]
      [Humongous Reclaim: 0.0 ms]
      [Free CSet: 0.1 ms]
   [Eden: 46.0M(46.0M)->0.0B(69.0M) Survivors: 5120.0K->5120.0K Heap: 335.2M(1024.0M)->289.2M(1024.0M)]
 [Times: user=0.06 sys=0.00, real=0.01 secs] 
2018-11-25T17:47:10.585+0800: 8180.742: [GC pause (G1 Evacuation Pause) (young), 0.0358780 secs]
   [Parallel Time: 35.1 ms, GC Workers: 4]
      [GC Worker Start (ms): Min: 8180741.8, Avg: 8180741.8, Max: 8180741.8, Diff: 0.1]
      [Ext Root Scanning (ms): Min: 0.7, Avg: 0.8, Max: 0.8, Diff: 0.1, Sum: 3.1]
      [Update RS (ms): Min: 1.7, Avg: 2.9, Max: 3.8, Diff: 2.1, Sum: 11.4]
         [Processed Buffers: Min: 4, Avg: 7.5, Max: 12, Diff: 8, Sum: 30]
      [Scan RS (ms): Min: 2.6, Avg: 4.4, Max: 8.5, Diff: 5.9, Sum: 17.6]
      [Code Root Scanning (ms): Min: 0.0, Avg: 0.0, Max: 0.0, Diff: 0.0, Sum: 0.0]
      [Object Copy (ms): Min: 22.9, Avg: 26.8, Max: 29.1, Diff: 6.2, Sum: 107.3]
      [Termination (ms): Min: 0.0, Avg: 0.1, Max: 0.2, Diff: 0.2, Sum: 0.4]
         [Termination Attempts: Min: 1, Avg: 1.0, Max: 1, Diff: 0, Sum: 4]
      [GC Worker Other (ms): Min: 0.0, Avg: 0.0, Max: 0.0, Diff: 0.0, Sum: 0.1]
      [GC Worker Total (ms): Min: 34.9, Avg: 35.0, Max: 35.0, Diff: 0.1, Sum: 139.9]
      [GC Worker End (ms): Min: 8180776.8, Avg: 8180776.8, Max: 8180776.8, Diff: 0.0]
   [Code Root Fixup: 0.0 ms]
   [Code Root Purge: 0.0 ms]
   [Clear CT: 0.1 ms]
   [Other: 0.7 ms]
      [Choose CSet: 0.0 ms]
      [Ref Proc: 0.3 ms]
      [Ref Enq: 0.0 ms]
      [Redirty Cards: 0.1 ms]
      [Humongous Register: 0.0 ms]
      [Humongous Reclaim: 0.0 ms]
      [Free CSet: 0.1 ms]
   [Eden: 69.0M(69.0M)->0.0B(44.0M) Survivors: 5120.0K->7168.0K Heap: 358.2M(1024.0M)->291.2M(1024.0M)]
 [Times: user=0.08 sys=0.03, real=0.04 secs] 
2018-11-25T17:47:37.068+0800: 8207.223: [GC pause (G1 Evacuation Pause) (young), 0.0206896 secs]
   [Parallel Time: 20.0 ms, GC Workers: 4]
      [GC Worker Start (ms): Min: 8207223.3, Avg: 8207223.3, Max: 8207223.4, Diff: 0.1]
      [Ext Root Scanning (ms): Min: 0.7, Avg: 0.8, Max: 0.8, Diff: 0.1, Sum: 3.1]
      [Update RS (ms): Min: 2.2, Avg: 2.3, Max: 2.4, Diff: 0.3, Sum: 9.4]
         [Processed Buffers: Min: 4, Avg: 8.2, Max: 13, Diff: 9, Sum: 33]
      [Scan RS (ms): Min: 3.1, Avg: 4.2, Max: 5.2, Diff: 2.1, Sum: 16.8]
      [Code Root Scanning (ms): Min: 0.0, Avg: 0.0, Max: 0.0, Diff: 0.0, Sum: 0.0]
      [Object Copy (ms): Min: 11.4, Avg: 12.5, Max: 13.8, Diff: 2.4, Sum: 50.2]
      [Termination (ms): Min: 0.0, Avg: 0.0, Max: 0.0, Diff: 0.0, Sum: 0.0]
         [Termination Attempts: Min: 1, Avg: 1.2, Max: 2, Diff: 1, Sum: 5]
      [GC Worker Other (ms): Min: 0.0, Avg: 0.0, Max: 0.0, Diff: 0.0, Sum: 0.1]
      [GC Worker Total (ms): Min: 19.9, Avg: 19.9, Max: 19.9, Diff: 0.1, Sum: 79.6]
      [GC Worker End (ms): Min: 8207243.2, Avg: 8207243.2, Max: 8207243.2, Diff: 0.0]
   [Code Root Fixup: 0.0 ms]
   [Code Root Purge: 0.0 ms]
   [Clear CT: 0.1 ms]
   [Other: 0.6 ms]
      [Choose CSet: 0.0 ms]
      [Ref Proc: 0.1 ms]
      [Ref Enq: 0.0 ms]
      [Redirty Cards: 0.1 ms]
      [Humongous Register: 0.0 ms]
      [Humongous Reclaim: 0.0 ms]
      [Free CSet: 0.1 ms]
   [Eden: 44.0M(44.0M)->0.0B(46.0M) Survivors: 7168.0K->5120.0K Heap: 335.2M(1024.0M)->291.2M(1024.0M)]
 [Times: user=0.07 sys=0.00, real=0.03 secs] 
2018-11-25T17:48:05.052+0800: 8235.206: [GC pause (G1 Evacuation Pause) (young), 0.0187406 secs]
   [Parallel Time: 17.9 ms, GC Workers: 4]
      [GC Worker Start (ms): Min: 8235206.7, Avg: 8235206.8, Max: 8235207.2, Diff: 0.5]
      [Ext Root Scanning (ms): Min: 0.7, Avg: 1.0, Max: 1.1, Diff: 0.4, Sum: 4.0]
      [Update RS (ms): Min: 1.9, Avg: 2.0, Max: 2.1, Diff: 0.2, Sum: 8.1]
         [Processed Buffers: Min: 4, Avg: 8.8, Max: 17, Diff: 13, Sum: 35]
      [Scan RS (ms): Min: 4.8, Avg: 5.9, Max: 7.0, Diff: 2.1, Sum: 23.6]
      [Code Root Scanning (ms): Min: 0.0, Avg: 0.0, Max: 0.0, Diff: 0.0, Sum: 0.0]
      [Object Copy (ms): Min: 7.5, Avg: 8.7, Max: 9.8, Diff: 2.3, Sum: 34.9]
      [Termination (ms): Min: 0.0, Avg: 0.0, Max: 0.0, Diff: 0.0, Sum: 0.0]
         [Termination Attempts: Min: 1, Avg: 1.0, Max: 1, Diff: 0, Sum: 4]
      [GC Worker Other (ms): Min: 0.0, Avg: 0.0, Max: 0.0, Diff: 0.0, Sum: 0.1]
      [GC Worker Total (ms): Min: 17.3, Avg: 17.7, Max: 17.8, Diff: 0.5, Sum: 70.6]
      [GC Worker End (ms): Min: 8235224.5, Avg: 8235224.5, Max: 8235224.5, Diff: 0.0]
   [Code Root Fixup: 0.0 ms]
   [Code Root Purge: 0.0 ms]
   [Clear CT: 0.2 ms]
   [Other: 0.7 ms]
      [Choose CSet: 0.0 ms]
      [Ref Proc: 0.1 ms]
      [Ref Enq: 0.0 ms]
      [Redirty Cards: 0.1 ms]
      [Humongous Register: 0.0 ms]
      [Humongous Reclaim: 0.0 ms]
      [Free CSet: 0.1 ms]
   [Eden: 46.0M(46.0M)->0.0B(45.0M) Survivors: 5120.0K->6144.0K Heap: 337.2M(1024.0M)->292.2M(1024.0M)]
 [Times: user=0.07 sys=0.00, real=0.02 secs] 
2018-11-25T17:48:32.226+0800: 8262.380: [GC pause (G1 Evacuation Pause) (young), 0.0166455 secs]
   [Parallel Time: 15.7 ms, GC Workers: 4]
      [GC Worker Start (ms): Min: 8262379.8, Avg: 8262379.9, Max: 8262380.1, Diff: 0.2]
      [Ext Root Scanning (ms): Min: 0.5, Avg: 0.7, Max: 0.8, Diff: 0.3, Sum: 2.7]
      [Update RS (ms): Min: 1.4, Avg: 1.6, Max: 1.8, Diff: 0.4, Sum: 6.4]
         [Processed Buffers: Min: 1, Avg: 7.0, Max: 16, Diff: 15, Sum: 28]
      [Scan RS (ms): Min: 2.0, Avg: 2.6, Max: 4.0, Diff: 2.0, Sum: 10.2]
      [Code Root Scanning (ms): Min: 0.0, Avg: 0.0, Max: 0.0, Diff: 0.0, Sum: 0.0]
      [Object Copy (ms): Min: 9.0, Avg: 10.7, Max: 11.3, Diff: 2.3, Sum: 42.8]
      [Termination (ms): Min: 0.0, Avg: 0.0, Max: 0.0, Diff: 0.0, Sum: 0.0]
         [Termination Attempts: Min: 1, Avg: 1.0, Max: 1, Diff: 0, Sum: 4]
      [GC Worker Other (ms): Min: 0.0, Avg: 0.0, Max: 0.1, Diff: 0.0, Sum: 0.2]
      [GC Worker Total (ms): Min: 15.4, Avg: 15.6, Max: 15.6, Diff: 0.2, Sum: 62.3]
      [GC Worker End (ms): Min: 8262395.5, Avg: 8262395.5, Max: 8262395.5, Diff: 0.0]
   [Code Root Fixup: 0.0 ms]
   [Code Root Purge: 0.0 ms]
   [Clear CT: 0.1 ms]
   [Other: 0.8 ms]
      [Choose CSet: 0.0 ms]
      [Ref Proc: 0.4 ms]
      [Ref Enq: 0.0 ms]
      [Redirty Cards: 0.1 ms]
      [Humongous Register: 0.0 ms]
      [Humongous Reclaim: 0.0 ms]
      [Free CSet: 0.0 ms]
   [Eden: 45.0M(45.0M)->0.0B(45.0M) Survivors: 6144.0K->6144.0K Heap: 337.2M(1024.0M)->293.8M(1024.0M)]
 [Times: user=0.06 sys=0.00, real=0.02 secs] 
2018-11-25T17:48:59.434+0800: 8289.587: [GC pause (G1 Evacuation Pause) (young), 0.0205593 secs]
   [Parallel Time: 19.9 ms, GC Workers: 4]
      [GC Worker Start (ms): Min: 8289587.2, Avg: 8289587.3, Max: 8289587.3, Diff: 0.1]
      [Ext Root Scanning (ms): Min: 0.7, Avg: 0.8, Max: 0.8, Diff: 0.1, Sum: 3.1]
      [Update RS (ms): Min: 2.7, Avg: 2.9, Max: 3.4, Diff: 0.7, Sum: 11.8]
         [Processed Buffers: Min: 2, Avg: 7.5, Max: 16, Diff: 14, Sum: 30]
      [Scan RS (ms): Min: 3.4, Avg: 4.4, Max: 5.9, Diff: 2.6, Sum: 17.4]
      [Code Root Scanning (ms): Min: 0.0, Avg: 0.0, Max: 0.0, Diff: 0.0, Sum: 0.0]
      [Object Copy (ms): Min: 10.1, Avg: 11.6, Max: 12.2, Diff: 2.1, Sum: 46.5]
      [Termination (ms): Min: 0.0, Avg: 0.0, Max: 0.0, Diff: 0.0, Sum: 0.0]
         [Termination Attempts: Min: 1, Avg: 1.0, Max: 1, Diff: 0, Sum: 4]
      [GC Worker Other (ms): Min: 0.0, Avg: 0.0, Max: 0.1, Diff: 0.0, Sum: 0.2]
      [GC Worker Total (ms): Min: 19.7, Avg: 19.7, Max: 19.8, Diff: 0.1, Sum: 79.0]
      [GC Worker End (ms): Min: 8289607.0, Avg: 8289607.0, Max: 8289607.0, Diff: 0.0]
   [Code Root Fixup: 0.0 ms]
   [Code Root Purge: 0.0 ms]
   [Clear CT: 0.1 ms]
   [Other: 0.6 ms]
      [Choose CSet: 0.0 ms]
      [Ref Proc: 0.2 ms]
      [Ref Enq: 0.0 ms]
      [Redirty Cards: 0.1 ms]
      [Humongous Register: 0.0 ms]
      [Humongous Reclaim: 0.0 ms]
      [Free CSet: 0.1 ms]
   [Eden: 45.0M(45.0M)->0.0B(46.0M) Survivors: 6144.0K->5120.0K Heap: 338.8M(1024.0M)->294.2M(1024.0M)]
 [Times: user=0.07 sys=0.00, real=0.02 secs] 
2018-11-25T17:49:27.120+0800: 8317.273: [GC pause (G1 Evacuation Pause) (young), 0.0177864 secs]
   [Parallel Time: 17.1 ms, GC Workers: 4]
      [GC Worker Start (ms): Min: 8317272.7, Avg: 8317272.7, Max: 8317272.8, Diff: 0.1]
      [Ext Root Scanning (ms): Min: 0.8, Avg: 0.8, Max: 0.9, Diff: 0.1, Sum: 3.4]
      [Update RS (ms): Min: 2.5, Avg: 2.6, Max: 2.9, Diff: 0.4, Sum: 10.5]
         [Processed Buffers: Min: 3, Avg: 7.5, Max: 16, Diff: 13, Sum: 30]
      [Scan RS (ms): Min: 4.4, Avg: 4.7, Max: 5.1, Diff: 0.7, Sum: 18.7]
      [Code Root Scanning (ms): Min: 0.0, Avg: 0.0, Max: 0.0, Diff: 0.0, Sum: 0.0]
      [Object Copy (ms): Min: 8.4, Avg: 8.8, Max: 9.1, Diff: 0.7, Sum: 35.3]
      [Termination (ms): Min: 0.0, Avg: 0.0, Max: 0.0, Diff: 0.0, Sum: 0.0]
         [Termination Attempts: Min: 1, Avg: 1.0, Max: 1, Diff: 0, Sum: 4]
      [GC Worker Other (ms): Min: 0.1, Avg: 0.1, Max: 0.1, Diff: 0.0, Sum: 0.3]
      [GC Worker Total (ms): Min: 17.0, Avg: 17.0, Max: 17.1, Diff: 0.1, Sum: 68.1]
      [GC Worker End (ms): Min: 8317289.7, Avg: 8317289.8, Max: 8317289.8, Diff: 0.0]
   [Code Root Fixup: 0.0 ms]
   [Code Root Purge: 0.0 ms]
   [Clear CT: 0.1 ms]
   [Other: 0.5 ms]
      [Choose CSet: 0.0 ms]
      [Ref Proc: 0.1 ms]
      [Ref Enq: 0.0 ms]
      [Redirty Cards: 0.1 ms]
      [Humongous Register: 0.0 ms]
      [Humongous Reclaim: 0.0 ms]
      [Free CSet: 0.1 ms]
   [Eden: 46.0M(46.0M)->0.0B(46.0M) Survivors: 5120.0K->5120.0K Heap: 340.2M(1024.0M)->294.2M(1024.0M)]
 [Times: user=0.06 sys=0.00, real=0.02 secs] 
2018-11-25T17:49:54.982+0800: 8345.133: [GC pause (G1 Evacuation Pause) (young), 0.0165912 secs]
   [Parallel Time: 15.9 ms, GC Workers: 4]
      [GC Worker Start (ms): Min: 8345133.6, Avg: 8345133.7, Max: 8345134.0, Diff: 0.4]
      [Ext Root Scanning (ms): Min: 1.0, Avg: 1.7, Max: 3.9, Diff: 2.9, Sum: 6.9]
      [Update RS (ms): Min: 0.0, Avg: 2.1, Max: 2.9, Diff: 2.9, Sum: 8.2]
         [Processed Buffers: Min: 0, Avg: 6.8, Max: 17, Diff: 17, Sum: 27]
      [Scan RS (ms): Min: 2.2, Avg: 3.7, Max: 5.0, Diff: 2.8, Sum: 14.7]
      [Code Root Scanning (ms): Min: 0.0, Avg: 0.0, Max: 0.0, Diff: 0.0, Sum: 0.0]
      [Object Copy (ms): Min: 7.1, Avg: 8.2, Max: 9.4, Diff: 2.2, Sum: 33.0]
      [Termination (ms): Min: 0.0, Avg: 0.0, Max: 0.0, Diff: 0.0, Sum: 0.0]
         [Termination Attempts: Min: 1, Avg: 1.0, Max: 1, Diff: 0, Sum: 4]
      [GC Worker Other (ms): Min: 0.0, Avg: 0.0, Max: 0.0, Diff: 0.0, Sum: 0.1]
      [GC Worker Total (ms): Min: 15.4, Avg: 15.7, Max: 15.8, Diff: 0.4, Sum: 62.9]
      [GC Worker End (ms): Min: 8345149.4, Avg: 8345149.4, Max: 8345149.4, Diff: 0.0]
   [Code Root Fixup: 0.0 ms]
   [Code Root Purge: 0.0 ms]
   [Clear CT: 0.1 ms]
   [Other: 0.6 ms]
      [Choose CSet: 0.0 ms]
      [Ref Proc: 0.2 ms]
      [Ref Enq: 0.0 ms]
      [Redirty Cards: 0.1 ms]
      [Humongous Register: 0.0 ms]
      [Humongous Reclaim: 0.0 ms]
      [Free CSet: 0.1 ms]
   [Eden: 46.0M(46.0M)->0.0B(71.0M) Survivors: 5120.0K->5120.0K Heap: 340.2M(1024.0M)->295.1M(1024.0M)]
 [Times: user=0.06 sys=0.01, real=0.02 secs] 
2018-11-25T17:50:22.525+0800: 8372.675: [GC pause (G1 Evacuation Pause) (young), 0.0195937 secs]
   [Parallel Time: 18.6 ms, GC Workers: 4]
      [GC Worker Start (ms): Min: 8372675.4, Avg: 8372675.5, Max: 8372675.8, Diff: 0.4]
      [Ext Root Scanning (ms): Min: 0.5, Avg: 0.9, Max: 1.2, Diff: 0.7, Sum: 3.5]
      [Update RS (ms): Min: 1.7, Avg: 1.8, Max: 2.0, Diff: 0.3, Sum: 7.4]
         [Processed Buffers: Min: 3, Avg: 9.0, Max: 14, Diff: 11, Sum: 36]
      [Scan RS (ms): Min: 4.0, Avg: 4.2, Max: 4.3, Diff: 0.4, Sum: 16.7]
      [Code Root Scanning (ms): Min: 0.0, Avg: 0.0, Max: 0.0, Diff: 0.0, Sum: 0.0]
      [Object Copy (ms): Min: 11.3, Avg: 11.6, Max: 11.7, Diff: 0.4, Sum: 46.3]
      [Termination (ms): Min: 0.0, Avg: 0.0, Max: 0.0, Diff: 0.0, Sum: 0.0]
         [Termination Attempts: Min: 1, Avg: 1.0, Max: 1, Diff: 0, Sum: 4]
      [GC Worker Other (ms): Min: 0.0, Avg: 0.0, Max: 0.0, Diff: 0.0, Sum: 0.1]
      [GC Worker Total (ms): Min: 18.2, Avg: 18.5, Max: 18.6, Diff: 0.4, Sum: 73.9]
      [GC Worker End (ms): Min: 8372694.0, Avg: 8372694.0, Max: 8372694.0, Diff: 0.0]
   [Code Root Fixup: 0.0 ms]
   [Code Root Purge: 0.0 ms]
   [Clear CT: 0.1 ms]
   [Other: 0.8 ms]
      [Choose CSet: 0.0 ms]
      [Ref Proc: 0.3 ms]
      [Ref Enq: 0.0 ms]
      [Redirty Cards: 0.1 ms]
      [Humongous Register: 0.1 ms]
      [Humongous Reclaim: 0.0 ms]
      [Free CSet: 0.1 ms]
   [Eden: 46.0M(46.0M)->0.0B(54.0M) Survivors: 5120.0K->7168.0K Heap: 341.1M(1024.0M)->297.1M(1024.0M)]
 [Times: user=0.07 sys=0.00, real=0.02 secs] 
2018-11-25T17:50:54.800+0800: 8404.929: [GC pause (G1 Evacuation Pause) (young), 0.0373452 secs]
   [Parallel Time: 32.0 ms, GC Workers: 4]
      [GC Worker Start (ms): Min: 8404933.2, Avg: 8404933.3, Max: 8404933.4, Diff: 0.2]
      [Ext Root Scanning (ms): Min: 3.9, Avg: 5.3, Max: 9.2, Diff: 5.3, Sum: 21.2]
      [Update RS (ms): Min: 0.0, Avg: 3.2, Max: 4.4, Diff: 4.4, Sum: 12.8]
         [Processed Buffers: Min: 0, Avg: 8.2, Max: 17, Diff: 17, Sum: 33]
      [Scan RS (ms): Min: 2.0, Avg: 3.8, Max: 4.5, Diff: 2.5, Sum: 15.1]
      [Code Root Scanning (ms): Min: 0.0, Avg: 0.0, Max: 0.0, Diff: 0.0, Sum: 0.0]
      [Object Copy (ms): Min: 18.9, Avg: 19.4, Max: 20.5, Diff: 1.6, Sum: 77.4]
      [Termination (ms): Min: 0.0, Avg: 0.0, Max: 0.0, Diff: 0.0, Sum: 0.0]
         [Termination Attempts: Min: 1, Avg: 1.0, Max: 1, Diff: 0, Sum: 4]
      [GC Worker Other (ms): Min: 0.0, Avg: 0.1, Max: 0.1, Diff: 0.0, Sum: 0.2]
      [GC Worker Total (ms): Min: 31.6, Avg: 31.7, Max: 31.8, Diff: 0.2, Sum: 126.8]
      [GC Worker End (ms): Min: 8404965.0, Avg: 8404965.0, Max: 8404965.0, Diff: 0.0]
   [Code Root Fixup: 0.0 ms]
   [Code Root Purge: 0.0 ms]
   [Clear CT: 0.1 ms]
   [Other: 5.3 ms]
      [Choose CSet: 0.0 ms]
      [Ref Proc: 0.3 ms]
      [Ref Enq: 0.0 ms]
      [Redirty Cards: 0.2 ms]
      [Humongous Register: 3.3 ms]
      [Humongous Reclaim: 0.0 ms]
      [Free CSet: 0.4 ms]
   [Eden: 54.0M(54.0M)->0.0B(45.0M) Survivors: 7168.0K->6144.0K Heap: 351.1M(1024.0M)->297.5M(1024.0M)]
 [Times: user=0.06 sys=0.05, real=0.03 secs] 
2018-11-25T17:51:21.966+0800: 8432.092: [GC pause (G1 Evacuation Pause) (young), 0.0207660 secs]
   [Parallel Time: 20.0 ms, GC Workers: 4]
      [GC Worker Start (ms): Min: 8432092.3, Avg: 8432092.3, Max: 8432092.4, Diff: 0.1]
      [Ext Root Scanning (ms): Min: 0.9, Avg: 1.0, Max: 1.1, Diff: 0.2, Sum: 4.1]
      [Update RS (ms): Min: 2.4, Avg: 2.7, Max: 2.8, Diff: 0.4, Sum: 10.7]
         [Processed Buffers: Min: 2, Avg: 9.5, Max: 21, Diff: 19, Sum: 38]
      [Scan RS (ms): Min: 4.5, Avg: 5.2, Max: 5.4, Diff: 0.9, Sum: 20.7]
      [Code Root Scanning (ms): Min: 0.0, Avg: 0.0, Max: 0.0, Diff: 0.0, Sum: 0.0]
      [Object Copy (ms): Min: 10.6, Avg: 10.9, Max: 11.9, Diff: 1.3, Sum: 43.8]
      [Termination (ms): Min: 0.0, Avg: 0.0, Max: 0.0, Diff: 0.0, Sum: 0.0]
         [Termination Attempts: Min: 1, Avg: 1.0, Max: 1, Diff: 0, Sum: 4]
      [GC Worker Other (ms): Min: 0.0, Avg: 0.0, Max: 0.0, Diff: 0.0, Sum: 0.1]
      [GC Worker Total (ms): Min: 19.8, Avg: 19.9, Max: 19.9, Diff: 0.1, Sum: 79.4]
      [GC Worker End (ms): Min: 8432112.1, Avg: 8432112.2, Max: 8432112.2, Diff: 0.0]
   [Code Root Fixup: 0.0 ms]
   [Code Root Purge: 0.0 ms]
   [Clear CT: 0.1 ms]
   [Other: 0.7 ms]
      [Choose CSet: 0.0 ms]
      [Ref Proc: 0.2 ms]
      [Ref Enq: 0.0 ms]
      [Redirty Cards: 0.1 ms]
      [Humongous Register: 0.0 ms]
      [Humongous Reclaim: 0.0 ms]
      [Free CSet: 0.1 ms]
   [Eden: 45.0M(45.0M)->0.0B(44.0M) Survivors: 6144.0K->7168.0K Heap: 342.5M(1024.0M)->299.8M(1024.0M)]
 [Times: user=0.07 sys=0.00, real=0.02 secs] 
2018-11-25T17:51:48.404+0800: 8458.529: [GC pause (G1 Evacuation Pause) (young), 0.0231845 secs]
   [Parallel Time: 22.3 ms, GC Workers: 4]
      [GC Worker Start (ms): Min: 8458529.2, Avg: 8458529.2, Max: 8458529.2, Diff: 0.1]
      [Ext Root Scanning (ms): Min: 0.6, Avg: 0.7, Max: 0.7, Diff: 0.1, Sum: 2.8]
      [Update RS (ms): Min: 1.8, Avg: 2.4, Max: 2.8, Diff: 1.0, Sum: 9.5]
         [Processed Buffers: Min: 4, Avg: 9.0, Max: 17, Diff: 13, Sum: 36]
      [Scan RS (ms): Min: 4.9, Avg: 5.1, Max: 5.1, Diff: 0.2, Sum: 20.2]
      [Code Root Scanning (ms): Min: 0.0, Avg: 0.0, Max: 0.0, Diff: 0.0, Sum: 0.0]
      [Object Copy (ms): Min: 13.6, Avg: 14.1, Max: 14.6, Diff: 1.0, Sum: 56.3]
      [Termination (ms): Min: 0.0, Avg: 0.0, Max: 0.0, Diff: 0.0, Sum: 0.0]
         [Termination Attempts: Min: 1, Avg: 1.0, Max: 1, Diff: 0, Sum: 4]
      [GC Worker Other (ms): Min: 0.0, Avg: 0.0, Max: 0.1, Diff: 0.0, Sum: 0.2]
      [GC Worker Total (ms): Min: 22.2, Avg: 22.3, Max: 22.3, Diff: 0.0, Sum: 89.0]
      [GC Worker End (ms): Min: 8458551.4, Avg: 8458551.5, Max: 8458551.5, Diff: 0.0]
   [Code Root Fixup: 0.0 ms]
   [Code Root Purge: 0.0 ms]
   [Clear CT: 0.1 ms]
   [Other: 0.7 ms]
      [Choose CSet: 0.0 ms]
      [Ref Proc: 0.2 ms]
      [Ref Enq: 0.0 ms]
      [Redirty Cards: 0.1 ms]
      [Humongous Register: 0.0 ms]
      [Humongous Reclaim: 0.0 ms]
      [Free CSet: 0.1 ms]
   [Eden: 44.0M(44.0M)->0.0B(46.0M) Survivors: 7168.0K->5120.0K Heap: 343.8M(1024.0M)->299.4M(1024.0M)]
 [Times: user=0.07 sys=0.01, real=0.03 secs] 
2018-11-25T17:52:16.250+0800: 8486.374: [GC pause (G1 Evacuation Pause) (young), 0.0190743 secs]
   [Parallel Time: 18.5 ms, GC Workers: 4]
      [GC Worker Start (ms): Min: 8486374.1, Avg: 8486374.2, Max: 8486374.2, Diff: 0.1]
      [Ext Root Scanning (ms): Min: 1.1, Avg: 2.0, Max: 4.7, Diff: 3.6, Sum: 8.0]
      [Update RS (ms): Min: 0.0, Avg: 2.6, Max: 3.7, Diff: 3.7, Sum: 10.4]
         [Processed Buffers: Min: 0, Avg: 9.5, Max: 22, Diff: 22, Sum: 38]
      [Scan RS (ms): Min: 4.8, Avg: 5.3, Max: 6.4, Diff: 1.6, Sum: 21.3]
      [Code Root Scanning (ms): Min: 0.0, Avg: 0.0, Max: 0.0, Diff: 0.0, Sum: 0.0]
      [Object Copy (ms): Min: 7.5, Avg: 8.4, Max: 8.7, Diff: 1.2, Sum: 33.5]
      [Termination (ms): Min: 0.0, Avg: 0.0, Max: 0.0, Diff: 0.0, Sum: 0.0]
         [Termination Attempts: Min: 1, Avg: 1.0, Max: 1, Diff: 0, Sum: 4]
      [GC Worker Other (ms): Min: 0.0, Avg: 0.0, Max: 0.0, Diff: 0.0, Sum: 0.1]
      [GC Worker Total (ms): Min: 18.3, Avg: 18.3, Max: 18.4, Diff: 0.1, Sum: 73.4]
      [GC Worker End (ms): Min: 8486392.5, Avg: 8486392.5, Max: 8486392.5, Diff: 0.0]
   [Code Root Fixup: 0.0 ms]
   [Code Root Purge: 0.0 ms]
   [Clear CT: 0.1 ms]
   [Other: 0.5 ms]
      [Choose CSet: 0.0 ms]
      [Ref Proc: 0.1 ms]
      [Ref Enq: 0.0 ms]
      [Redirty Cards: 0.0 ms]
      [Humongous Register: 0.0 ms]
      [Humongous Reclaim: 0.0 ms]
      [Free CSet: 0.1 ms]
   [Eden: 46.0M(46.0M)->0.0B(46.0M) Survivors: 5120.0K->5120.0K Heap: 345.4M(1024.0M)->299.4M(1024.0M)]
 [Times: user=0.06 sys=0.00, real=0.02 secs] 
2018-11-25T17:52:44.010+0800: 8514.132: [GC pause (G1 Evacuation Pause) (young), 0.0308281 secs]
   [Parallel Time: 29.1 ms, GC Workers: 4]
      [GC Worker Start (ms): Min: 8514133.0, Avg: 8514133.1, Max: 8514133.5, Diff: 0.5]
      [Ext Root Scanning (ms): Min: 0.7, Avg: 1.1, Max: 1.3, Diff: 0.5, Sum: 4.5]
      [Update RS (ms): Min: 1.7, Avg: 1.9, Max: 2.0, Diff: 0.4, Sum: 7.6]
         [Processed Buffers: Min: 2, Avg: 7.0, Max: 17, Diff: 15, Sum: 28]
      [Scan RS (ms): Min: 2.5, Avg: 2.8, Max: 3.3, Diff: 0.8, Sum: 11.0]
      [Code Root Scanning (ms): Min: 0.0, Avg: 0.0, Max: 0.0, Diff: 0.0, Sum: 0.0]
      [Object Copy (ms): Min: 22.2, Avg: 22.7, Max: 23.1, Diff: 0.9, Sum: 90.8]
      [Termination (ms): Min: 0.0, Avg: 0.3, Max: 0.6, Diff: 0.6, Sum: 1.2]
         [Termination Attempts: Min: 1, Avg: 1.0, Max: 1, Diff: 0, Sum: 4]
      [GC Worker Other (ms): Min: 0.0, Avg: 0.0, Max: 0.0, Diff: 0.0, Sum: 0.1]
      [GC Worker Total (ms): Min: 28.4, Avg: 28.8, Max: 29.0, Diff: 0.5, Sum: 115.2]
      [GC Worker End (ms): Min: 8514161.9, Avg: 8514161.9, Max: 8514162.0, Diff: 0.1]
   [Code Root Fixup: 0.0 ms]
   [Code Root Purge: 0.0 ms]
   [Clear CT: 0.1 ms]
   [Other: 1.7 ms]
      [Choose CSet: 0.0 ms]
      [Ref Proc: 0.6 ms]
      [Ref Enq: 0.0 ms]
      [Redirty Cards: 0.2 ms]
      [Humongous Register: 0.2 ms]
      [Humongous Reclaim: 0.1 ms]
      [Free CSet: 0.1 ms]
   [Eden: 46.0M(46.0M)->0.0B(44.0M) Survivors: 5120.0K->7168.0K Heap: 345.4M(1024.0M)->302.2M(1024.0M)]
 [Times: user=0.06 sys=0.00, real=0.03 secs] 
2018-11-25T17:53:10.639+0800: 8540.761: [GC pause (G1 Evacuation Pause) (young), 0.0196867 secs]
   [Parallel Time: 19.0 ms, GC Workers: 4]
      [GC Worker Start (ms): Min: 8540761.2, Avg: 8540761.2, Max: 8540761.3, Diff: 0.1]
      [Ext Root Scanning (ms): Min: 0.7, Avg: 0.7, Max: 0.8, Diff: 0.1, Sum: 2.9]
      [Update RS (ms): Min: 2.3, Avg: 2.6, Max: 2.7, Diff: 0.4, Sum: 10.3]
         [Processed Buffers: Min: 1, Avg: 9.0, Max: 24, Diff: 23, Sum: 36]
      [Scan RS (ms): Min: 3.9, Avg: 4.7, Max: 6.3, Diff: 2.4, Sum: 18.8]
      [Code Root Scanning (ms): Min: 0.0, Avg: 0.0, Max: 0.0, Diff: 0.0, Sum: 0.0]
      [Object Copy (ms): Min: 9.1, Avg: 10.8, Max: 11.4, Diff: 2.4, Sum: 43.2]
      [Termination (ms): Min: 0.0, Avg: 0.0, Max: 0.0, Diff: 0.0, Sum: 0.0]
         [Termination Attempts: Min: 1, Avg: 1.0, Max: 1, Diff: 0, Sum: 4]
      [GC Worker Other (ms): Min: 0.0, Avg: 0.0, Max: 0.1, Diff: 0.0, Sum: 0.2]
      [GC Worker Total (ms): Min: 18.8, Avg: 18.9, Max: 18.9, Diff: 0.1, Sum: 75.5]
      [GC Worker End (ms): Min: 8540780.1, Avg: 8540780.1, Max: 8540780.1, Diff: 0.0]
   [Code Root Fixup: 0.0 ms]
   [Code Root Purge: 0.0 ms]
   [Clear CT: 0.2 ms]
   [Other: 0.5 ms]
      [Choose CSet: 0.0 ms]
      [Ref Proc: 0.1 ms]
      [Ref Enq: 0.0 ms]
      [Redirty Cards: 0.1 ms]
      [Humongous Register: 0.0 ms]
      [Humongous Reclaim: 0.0 ms]
      [Free CSet: 0.0 ms]
   [Eden: 44.0M(44.0M)->0.0B(46.0M) Survivors: 7168.0K->5120.0K Heap: 346.2M(1024.0M)->301.9M(1024.0M)]
 [Times: user=0.07 sys=0.00, real=0.02 secs] 
2018-11-25T17:53:38.354+0800: 8568.475: [GC pause (G1 Evacuation Pause) (young), 0.0191771 secs]
   [Parallel Time: 18.0 ms, GC Workers: 4]
      [GC Worker Start (ms): Min: 8568475.2, Avg: 8568476.1, Max: 8568477.6, Diff: 2.4]
      [Ext Root Scanning (ms): Min: 0.0, Avg: 0.8, Max: 1.6, Diff: 1.6, Sum: 3.3]
      [Update RS (ms): Min: 2.2, Avg: 2.8, Max: 3.4, Diff: 1.2, Sum: 11.2]
         [Processed Buffers: Min: 3, Avg: 9.0, Max: 18, Diff: 15, Sum: 36]
      [Scan RS (ms): Min: 4.5, Avg: 4.8, Max: 5.0, Diff: 0.5, Sum: 19.1]
      [Code Root Scanning (ms): Min: 0.0, Avg: 0.0, Max: 0.0, Diff: 0.0, Sum: 0.0]
      [Object Copy (ms): Min: 8.3, Avg: 8.4, Max: 8.7, Diff: 0.4, Sum: 33.8]
      [Termination (ms): Min: 0.0, Avg: 0.1, Max: 0.1, Diff: 0.1, Sum: 0.4]
         [Termination Attempts: Min: 1, Avg: 1.0, Max: 1, Diff: 0, Sum: 4]
      [GC Worker Other (ms): Min: 0.0, Avg: 0.0, Max: 0.0, Diff: 0.0, Sum: 0.1]
      [GC Worker Total (ms): Min: 15.5, Avg: 17.0, Max: 18.0, Diff: 2.4, Sum: 67.9]
      [GC Worker End (ms): Min: 8568493.1, Avg: 8568493.1, Max: 8568493.1, Diff: 0.0]
   [Code Root Fixup: 0.0 ms]
   [Code Root Purge: 0.0 ms]
   [Clear CT: 0.2 ms]
   [Other: 0.9 ms]
      [Choose CSet: 0.0 ms]
      [Ref Proc: 0.4 ms]
      [Ref Enq: 0.0 ms]
      [Redirty Cards: 0.1 ms]
      [Humongous Register: 0.1 ms]
      [Humongous Reclaim: 0.0 ms]
      [Free CSet: 0.1 ms]
   [Eden: 46.0M(46.0M)->0.0B(46.0M) Survivors: 5120.0K->5120.0K Heap: 347.9M(1024.0M)->301.9M(1024.0M)]
 [Times: user=0.06 sys=0.00, real=0.02 secs] 
2018-11-25T17:54:06.284+0800: 8596.405: [GC pause (G1 Evacuation Pause) (young), 0.0167912 secs]
   [Parallel Time: 16.0 ms, GC Workers: 4]
      [GC Worker Start (ms): Min: 8596404.8, Avg: 8596404.9, Max: 8596405.4, Diff: 0.7]
      [Ext Root Scanning (ms): Min: 0.3, Avg: 0.8, Max: 1.1, Diff: 0.7, Sum: 3.2]
      [Update RS (ms): Min: 1.6, Avg: 2.0, Max: 2.8, Diff: 1.3, Sum: 8.0]
         [Processed Buffers: Min: 4, Avg: 7.2, Max: 11, Diff: 7, Sum: 29]
      [Scan RS (ms): Min: 2.8, Avg: 3.6, Max: 4.1, Diff: 1.4, Sum: 14.6]
      [Code Root Scanning (ms): Min: 0.0, Avg: 0.0, Max: 0.0, Diff: 0.0, Sum: 0.0]
      [Object Copy (ms): Min: 9.1, Avg: 9.2, Max: 9.3, Diff: 0.1, Sum: 36.9]
      [Termination (ms): Min: 0.0, Avg: 0.0, Max: 0.0, Diff: 0.0, Sum: 0.0]
         [Termination Attempts: Min: 1, Avg: 1.0, Max: 1, Diff: 0, Sum: 4]
      [GC Worker Other (ms): Min: 0.0, Avg: 0.0, Max: 0.0, Diff: 0.0, Sum: 0.1]
      [GC Worker Total (ms): Min: 15.2, Avg: 15.7, Max: 15.9, Diff: 0.7, Sum: 62.8]
      [GC Worker End (ms): Min: 8596420.6, Avg: 8596420.6, Max: 8596420.7, Diff: 0.0]
   [Code Root Fixup: 0.0 ms]
   [Code Root Purge: 0.0 ms]
   [Clear CT: 0.1 ms]
   [Other: 0.7 ms]
      [Choose CSet: 0.0 ms]
      [Ref Proc: 0.1 ms]
      [Ref Enq: 0.0 ms]
      [Redirty Cards: 0.1 ms]
      [Humongous Register: 0.0 ms]
      [Humongous Reclaim: 0.0 ms]
      [Free CSet: 0.1 ms]
   [Eden: 46.0M(46.0M)->0.0B(46.0M) Survivors: 5120.0K->5120.0K Heap: 347.9M(1024.0M)->302.8M(1024.0M)]
 [Times: user=0.06 sys=0.00, real=0.02 secs] 
2018-11-25T17:54:34.128+0800: 8624.248: [GC pause (G1 Evacuation Pause) (young), 0.0198492 secs]
   [Parallel Time: 19.0 ms, GC Workers: 4]
      [GC Worker Start (ms): Min: 8624247.8, Avg: 8624247.9, Max: 8624248.4, Diff: 0.6]
      [Ext Root Scanning (ms): Min: 0.4, Avg: 0.8, Max: 1.0, Diff: 0.6, Sum: 3.3]
      [Update RS (ms): Min: 1.6, Avg: 1.8, Max: 2.0, Diff: 0.4, Sum: 7.2]
         [Processed Buffers: Min: 3, Avg: 8.5, Max: 16, Diff: 13, Sum: 34]
      [Scan RS (ms): Min: 4.3, Avg: 4.5, Max: 4.6, Diff: 0.3, Sum: 17.9]
      [Code Root Scanning (ms): Min: 0.0, Avg: 0.0, Max: 0.0, Diff: 0.0, Sum: 0.0]
      [Object Copy (ms): Min: 11.5, Avg: 11.6, Max: 11.7, Diff: 0.2, Sum: 46.3]
      [Termination (ms): Min: 0.0, Avg: 0.0, Max: 0.0, Diff: 0.0, Sum: 0.0]
         [Termination Attempts: Min: 1, Avg: 1.2, Max: 2, Diff: 1, Sum: 5]
      [GC Worker Other (ms): Min: 0.0, Avg: 0.0, Max: 0.0, Diff: 0.0, Sum: 0.1]
      [GC Worker Total (ms): Min: 18.3, Avg: 18.7, Max: 18.9, Diff: 0.6, Sum: 74.9]
      [GC Worker End (ms): Min: 8624266.6, Avg: 8624266.6, Max: 8624266.6, Diff: 0.0]
   [Code Root Fixup: 0.0 ms]
   [Code Root Purge: 0.0 ms]
   [Clear CT: 0.1 ms]
   [Other: 0.7 ms]
      [Choose CSet: 0.0 ms]
      [Ref Proc: 0.2 ms]
      [Ref Enq: 0.0 ms]
      [Redirty Cards: 0.2 ms]
      [Humongous Register: 0.0 ms]
      [Humongous Reclaim: 0.0 ms]
      [Free CSet: 0.1 ms]
   [Eden: 46.0M(46.0M)->0.0B(44.0M) Survivors: 5120.0K->7168.0K Heap: 348.8M(1024.0M)->304.8M(1024.0M)]
 [Times: user=0.08 sys=0.01, real=0.03 secs] 
2018-11-25T17:55:00.764+0800: 8650.883: [GC pause (G1 Evacuation Pause) (young), 0.0201752 secs]
   [Parallel Time: 19.5 ms, GC Workers: 4]
      [GC Worker Start (ms): Min: 8650882.9, Avg: 8650883.1, Max: 8650883.7, Diff: 0.8]
      [Ext Root Scanning (ms): Min: 0.2, Avg: 1.0, Max: 1.6, Diff: 1.3, Sum: 3.8]
      [Update RS (ms): Min: 1.9, Avg: 2.5, Max: 2.8, Diff: 0.9, Sum: 9.9]
         [Processed Buffers: Min: 5, Avg: 8.5, Max: 15, Diff: 10, Sum: 34]
      [Scan RS (ms): Min: 3.5, Avg: 4.1, Max: 5.4, Diff: 1.9, Sum: 16.4]
      [Code Root Scanning (ms): Min: 0.0, Avg: 0.0, Max: 0.0, Diff: 0.0, Sum: 0.0]
      [Object Copy (ms): Min: 10.1, Avg: 11.6, Max: 12.1, Diff: 1.9, Sum: 46.2]
      [Termination (ms): Min: 0.0, Avg: 0.0, Max: 0.0, Diff: 0.0, Sum: 0.0]
         [Termination Attempts: Min: 1, Avg: 1.0, Max: 1, Diff: 0, Sum: 4]
      [GC Worker Other (ms): Min: 0.0, Avg: 0.0, Max: 0.0, Diff: 0.0, Sum: 0.1]
      [GC Worker Total (ms): Min: 18.5, Avg: 19.1, Max: 19.4, Diff: 0.8, Sum: 76.5]
      [GC Worker End (ms): Min: 8650902.2, Avg: 8650902.3, Max: 8650902.3, Diff: 0.0]
   [Code Root Fixup: 0.0 ms]
   [Code Root Purge: 0.0 ms]
   [Clear CT: 0.1 ms]
   [Other: 0.6 ms]
      [Choose CSet: 0.0 ms]
      [Ref Proc: 0.1 ms]
      [Ref Enq: 0.0 ms]
      [Redirty Cards: 0.1 ms]
      [Humongous Register: 0.0 ms]
      [Humongous Reclaim: 0.0 ms]
      [Free CSet: 0.1 ms]
   [Eden: 44.0M(44.0M)->0.0B(46.0M) Survivors: 7168.0K->5120.0K Heap: 348.8M(1024.0M)->304.8M(1024.0M)]
 [Times: user=0.07 sys=0.00, real=0.03 secs] 
2018-11-25T17:55:28.592+0800: 8678.710: [GC pause (G1 Evacuation Pause) (young), 0.0171937 secs]
   [Parallel Time: 16.5 ms, GC Workers: 4]
      [GC Worker Start (ms): Min: 8678710.3, Avg: 8678710.3, Max: 8678710.4, Diff: 0.1]
      [Ext Root Scanning (ms): Min: 0.9, Avg: 1.0, Max: 1.0, Diff: 0.1, Sum: 3.8]
      [Update RS (ms): Min: 2.1, Avg: 2.5, Max: 2.9, Diff: 0.8, Sum: 10.1]
         [Processed Buffers: Min: 3, Avg: 8.0, Max: 16, Diff: 13, Sum: 32]
      [Scan RS (ms): Min: 4.3, Avg: 4.9, Max: 6.4, Diff: 2.1, Sum: 19.7]
      [Code Root Scanning (ms): Min: 0.0, Avg: 0.0, Max: 0.0, Diff: 0.0, Sum: 0.0]
      [Object Copy (ms): Min: 6.1, Avg: 8.0, Max: 9.0, Diff: 2.9, Sum: 32.0]
      [Termination (ms): Min: 0.0, Avg: 0.0, Max: 0.0, Diff: 0.0, Sum: 0.0]
         [Termination Attempts: Min: 1, Avg: 1.0, Max: 1, Diff: 0, Sum: 4]
      [GC Worker Other (ms): Min: 0.0, Avg: 0.0, Max: 0.1, Diff: 0.0, Sum: 0.1]
      [GC Worker Total (ms): Min: 16.4, Avg: 16.4, Max: 16.5, Diff: 0.0, Sum: 65.7]
      [GC Worker End (ms): Min: 8678726.8, Avg: 8678726.8, Max: 8678726.8, Diff: 0.0]
   [Code Root Fixup: 0.0 ms]
   [Code Root Purge: 0.0 ms]
   [Clear CT: 0.1 ms]
   [Other: 0.6 ms]
      [Choose CSet: 0.0 ms]
      [Ref Proc: 0.1 ms]
      [Ref Enq: 0.0 ms]
      [Redirty Cards: 0.1 ms]
      [Humongous Register: 0.0 ms]
      [Humongous Reclaim: 0.0 ms]
      [Free CSet: 0.1 ms]
   [Eden: 46.0M(46.0M)->0.0B(55.0M) Survivors: 5120.0K->5120.0K Heap: 350.8M(1024.0M)->304.8M(1024.0M)]
 [Times: user=0.06 sys=0.01, real=0.02 secs] 
2018-11-25T17:55:57.131+0800: 8707.248: [GC pause (G1 Evacuation Pause) (young), 0.0233236 secs]
   [Parallel Time: 22.5 ms, GC Workers: 4]
      [GC Worker Start (ms): Min: 8707247.9, Avg: 8707247.9, Max: 8707248.0, Diff: 0.1]
      [Ext Root Scanning (ms): Min: 0.8, Avg: 0.9, Max: 0.9, Diff: 0.2, Sum: 3.5]
      [Update RS (ms): Min: 2.9, Avg: 3.1, Max: 3.3, Diff: 0.4, Sum: 12.3]
         [Processed Buffers: Min: 6, Avg: 8.0, Max: 10, Diff: 4, Sum: 32]
      [Scan RS (ms): Min: 4.0, Avg: 4.7, Max: 6.4, Diff: 2.4, Sum: 18.9]
      [Code Root Scanning (ms): Min: 0.0, Avg: 0.0, Max: 0.0, Diff: 0.0, Sum: 0.0]
      [Object Copy (ms): Min: 11.9, Avg: 13.7, Max: 14.2, Diff: 2.3, Sum: 54.6]
      [Termination (ms): Min: 0.0, Avg: 0.0, Max: 0.0, Diff: 0.0, Sum: 0.0]
         [Termination Attempts: Min: 1, Avg: 1.0, Max: 1, Diff: 0, Sum: 4]
      [GC Worker Other (ms): Min: 0.0, Avg: 0.1, Max: 0.1, Diff: 0.1, Sum: 0.2]
      [GC Worker Total (ms): Min: 22.3, Avg: 22.4, Max: 22.4, Diff: 0.1, Sum: 89.5]
      [GC Worker End (ms): Min: 8707270.3, Avg: 8707270.3, Max: 8707270.3, Diff: 0.0]
   [Code Root Fixup: 0.0 ms]
   [Code Root Purge: 0.0 ms]
   [Clear CT: 0.1 ms]
   [Other: 0.7 ms]
      [Choose CSet: 0.0 ms]
      [Ref Proc: 0.2 ms]
      [Ref Enq: 0.0 ms]
      [Redirty Cards: 0.1 ms]
      [Humongous Register: 0.0 ms]
      [Humongous Reclaim: 0.0 ms]
      [Free CSet: 0.1 ms]
   [Eden: 48.0M(46.0M)->0.0B(44.0M) Survivors: 5120.0K->7168.0K Heap: 352.8M(1024.0M)->307.3M(1024.0M)]
 [Times: user=0.07 sys=0.01, real=0.02 secs] 
2018-11-25T17:56:23.393+0800: 8733.510: [GC pause (G1 Evacuation Pause) (young), 0.0391531 secs]
   [Parallel Time: 32.7 ms, GC Workers: 4]
      [GC Worker Start (ms): Min: 8733514.9, Avg: 8733515.0, Max: 8733515.1, Diff: 0.3]
      [Ext Root Scanning (ms): Min: 4.9, Avg: 7.2, Max: 13.7, Diff: 8.8, Sum: 28.8]
      [Update RS (ms): Min: 0.0, Avg: 4.1, Max: 5.6, Diff: 5.6, Sum: 16.3]
         [Processed Buffers: Min: 0, Avg: 8.0, Max: 16, Diff: 16, Sum: 32]
      [Scan RS (ms): Min: 0.5, Avg: 3.2, Max: 5.4, Diff: 4.9, Sum: 12.8]
      [Code Root Scanning (ms): Min: 0.0, Avg: 0.0, Max: 0.0, Diff: 0.0, Sum: 0.0]
      [Object Copy (ms): Min: 16.2, Avg: 17.8, Max: 18.3, Diff: 2.1, Sum: 71.0]
      [Termination (ms): Min: 0.0, Avg: 0.0, Max: 0.0, Diff: 0.0, Sum: 0.0]
         [Termination Attempts: Min: 1, Avg: 1.0, Max: 1, Diff: 0, Sum: 4]
      [GC Worker Other (ms): Min: 0.0, Avg: 0.1, Max: 0.1, Diff: 0.1, Sum: 0.3]
      [GC Worker Total (ms): Min: 32.2, Avg: 32.3, Max: 32.5, Diff: 0.3, Sum: 129.4]
      [GC Worker End (ms): Min: 8733547.3, Avg: 8733547.3, Max: 8733547.3, Diff: 0.0]
   [Code Root Fixup: 0.0 ms]
   [Code Root Purge: 0.0 ms]
   [Clear CT: 0.1 ms]
   [Other: 6.4 ms]
      [Choose CSet: 0.0 ms]
      [Ref Proc: 0.2 ms]
      [Ref Enq: 0.0 ms]
      [Redirty Cards: 0.1 ms]
      [Humongous Register: 4.7 ms]
      [Humongous Reclaim: 0.0 ms]
      [Free CSet: 0.6 ms]
   [Eden: 44.0M(44.0M)->0.0B(46.0M) Survivors: 7168.0K->5120.0K Heap: 351.3M(1024.0M)->306.8M(1024.0M)]
 [Times: user=0.07 sys=0.04, real=0.04 secs] 
2018-11-25T17:56:51.005+0800: 8761.121: [GC pause (G1 Evacuation Pause) (young), 0.0245658 secs]
   [Parallel Time: 23.7 ms, GC Workers: 4]
      [GC Worker Start (ms): Min: 8761121.1, Avg: 8761123.4, Max: 8761126.3, Diff: 5.2]
      [Ext Root Scanning (ms): Min: 0.0, Avg: 1.2, Max: 2.5, Diff: 2.5, Sum: 4.7]
      [Update RS (ms): Min: 0.6, Avg: 2.1, Max: 3.1, Diff: 2.5, Sum: 8.6]
         [Processed Buffers: Min: 7, Avg: 9.0, Max: 14, Diff: 7, Sum: 36]
      [Scan RS (ms): Min: 3.2, Avg: 3.7, Max: 4.8, Diff: 1.6, Sum: 14.7]
      [Code Root Scanning (ms): Min: 0.0, Avg: 0.0, Max: 0.0, Diff: 0.0, Sum: 0.0]
      [Object Copy (ms): Min: 13.0, Avg: 14.1, Max: 14.6, Diff: 1.6, Sum: 56.5]
      [Termination (ms): Min: 0.0, Avg: 0.1, Max: 0.2, Diff: 0.2, Sum: 0.5]
         [Termination Attempts: Min: 1, Avg: 1.5, Max: 3, Diff: 2, Sum: 6]
      [GC Worker Other (ms): Min: 0.0, Avg: 0.0, Max: 0.0, Diff: 0.0, Sum: 0.1]
      [GC Worker Total (ms): Min: 18.4, Avg: 21.3, Max: 23.6, Diff: 5.3, Sum: 85.2]
      [GC Worker End (ms): Min: 8761144.7, Avg: 8761144.7, Max: 8761144.7, Diff: 0.1]
   [Code Root Fixup: 0.0 ms]
   [Code Root Purge: 0.0 ms]
   [Clear CT: 0.1 ms]
   [Other: 0.8 ms]
      [Choose CSet: 0.0 ms]
      [Ref Proc: 0.1 ms]
      [Ref Enq: 0.0 ms]
      [Redirty Cards: 0.1 ms]
      [Humongous Register: 0.1 ms]
      [Humongous Reclaim: 0.0 ms]
      [Free CSet: 0.1 ms]
   [Eden: 46.0M(46.0M)->0.0B(45.0M) Survivors: 5120.0K->6144.0K Heap: 352.8M(1024.0M)->307.8M(1024.0M)]
 [Times: user=0.05 sys=0.01, real=0.03 secs] 
2018-11-25T17:57:18.203+0800: 8788.318: [GC pause (G1 Evacuation Pause) (young), 0.0198918 secs]
   [Parallel Time: 19.1 ms, GC Workers: 4]
      [GC Worker Start (ms): Min: 8788317.9, Avg: 8788318.0, Max: 8788318.0, Diff: 0.1]
      [Ext Root Scanning (ms): Min: 0.8, Avg: 0.8, Max: 0.8, Diff: 0.1, Sum: 3.1]
      [Update RS (ms): Min: 1.7, Avg: 2.0, Max: 2.6, Diff: 0.9, Sum: 8.2]
         [Processed Buffers: Min: 5, Avg: 9.2, Max: 11, Diff: 6, Sum: 37]
      [Scan RS (ms): Min: 3.6, Avg: 4.2, Max: 4.6, Diff: 1.0, Sum: 17.0]
      [Code Root Scanning (ms): Min: 0.0, Avg: 0.0, Max: 0.0, Diff: 0.0, Sum: 0.0]
      [Object Copy (ms): Min: 11.8, Avg: 11.9, Max: 12.0, Diff: 0.2, Sum: 47.6]
      [Termination (ms): Min: 0.0, Avg: 0.0, Max: 0.0, Diff: 0.0, Sum: 0.0]
         [Termination Attempts: Min: 1, Avg: 1.0, Max: 1, Diff: 0, Sum: 4]
      [GC Worker Other (ms): Min: 0.0, Avg: 0.0, Max: 0.0, Diff: 0.0, Sum: 0.1]
      [GC Worker Total (ms): Min: 19.0, Avg: 19.0, Max: 19.0, Diff: 0.1, Sum: 76.0]
      [GC Worker End (ms): Min: 8788337.0, Avg: 8788337.0, Max: 8788337.0, Diff: 0.0]
   [Code Root Fixup: 0.0 ms]
   [Code Root Purge: 0.0 ms]
   [Clear CT: 0.2 ms]
   [Other: 0.6 ms]
      [Choose CSet: 0.0 ms]
      [Ref Proc: 0.1 ms]
      [Ref Enq: 0.0 ms]
      [Redirty Cards: 0.1 ms]
      [Humongous Register: 0.0 ms]
      [Humongous Reclaim: 0.0 ms]
      [Free CSet: 0.1 ms]
   [Eden: 45.0M(45.0M)->0.0B(44.0M) Survivors: 6144.0K->7168.0K Heap: 352.8M(1024.0M)->309.6M(1024.0M)]
 [Times: user=0.07 sys=0.00, real=0.02 secs] 
2018-11-25T17:57:44.688+0800: 8814.802: [GC pause (G1 Evacuation Pause) (young), 0.0576836 secs]
   [Parallel Time: 53.6 ms, GC Workers: 4]
      [GC Worker Start (ms): Min: 8814804.4, Avg: 8814805.8, Max: 8814808.1, Diff: 3.7]
      [Ext Root Scanning (ms): Min: 2.0, Avg: 6.0, Max: 11.5, Diff: 9.5, Sum: 24.2]
      [Update RS (ms): Min: 2.3, Avg: 5.3, Max: 7.3, Diff: 5.0, Sum: 21.1]
         [Processed Buffers: Min: 0, Avg: 9.5, Max: 18, Diff: 18, Sum: 38]
      [Scan RS (ms): Min: 7.5, Avg: 8.9, Max: 10.1, Diff: 2.5, Sum: 35.5]
      [Code Root Scanning (ms): Min: 0.0, Avg: 0.0, Max: 0.0, Diff: 0.0, Sum: 0.0]
      [Object Copy (ms): Min: 31.2, Avg: 31.6, Max: 32.0, Diff: 0.8, Sum: 126.3]
      [Termination (ms): Min: 0.0, Avg: 0.1, Max: 0.2, Diff: 0.2, Sum: 0.4]
         [Termination Attempts: Min: 1, Avg: 1.5, Max: 2, Diff: 1, Sum: 6]
      [GC Worker Other (ms): Min: 0.0, Avg: 0.1, Max: 0.1, Diff: 0.1, Sum: 0.3]
      [GC Worker Total (ms): Min: 49.8, Avg: 52.0, Max: 53.4, Diff: 3.6, Sum: 207.9]
      [GC Worker End (ms): Min: 8814857.8, Avg: 8814857.8, Max: 8814857.8, Diff: 0.0]
   [Code Root Fixup: 0.0 ms]
   [Code Root Purge: 0.0 ms]
   [Clear CT: 0.1 ms]
   [Other: 4.0 ms]
      [Choose CSet: 0.0 ms]
      [Ref Proc: 0.3 ms]
      [Ref Enq: 0.0 ms]
      [Redirty Cards: 0.1 ms]
      [Humongous Register: 1.7 ms]
      [Humongous Reclaim: 0.0 ms]
      [Free CSet: 0.7 ms]
   [Eden: 44.0M(44.0M)->0.0B(46.0M) Survivors: 7168.0K->5120.0K Heap: 353.6M(1024.0M)->309.9M(1024.0M)]
 [Times: user=0.06 sys=0.06, real=0.06 secs] 
2018-11-25T17:58:12.464+0800: 8842.577: [GC pause (G1 Evacuation Pause) (young), 0.0205167 secs]
   [Parallel Time: 19.7 ms, GC Workers: 4]
      [GC Worker Start (ms): Min: 8842577.6, Avg: 8842577.7, Max: 8842577.9, Diff: 0.2]
      [Ext Root Scanning (ms): Min: 1.2, Avg: 1.3, Max: 1.4, Diff: 0.2, Sum: 5.3]
      [Update RS (ms): Min: 2.6, Avg: 2.9, Max: 3.1, Diff: 0.6, Sum: 11.5]
         [Processed Buffers: Min: 3, Avg: 9.0, Max: 16, Diff: 13, Sum: 36]
      [Scan RS (ms): Min: 4.9, Avg: 6.0, Max: 7.2, Diff: 2.3, Sum: 24.2]
      [Code Root Scanning (ms): Min: 0.0, Avg: 0.0, Max: 0.0, Diff: 0.0, Sum: 0.0]
      [Object Copy (ms): Min: 8.0, Avg: 9.2, Max: 10.6, Diff: 2.7, Sum: 36.9]
      [Termination (ms): Min: 0.0, Avg: 0.0, Max: 0.0, Diff: 0.0, Sum: 0.0]
         [Termination Attempts: Min: 1, Avg: 1.0, Max: 1, Diff: 0, Sum: 4]
      [GC Worker Other (ms): Min: 0.0, Avg: 0.0, Max: 0.1, Diff: 0.1, Sum: 0.2]
      [GC Worker Total (ms): Min: 19.4, Avg: 19.5, Max: 19.6, Diff: 0.2, Sum: 78.2]
      [GC Worker End (ms): Min: 8842597.2, Avg: 8842597.2, Max: 8842597.2, Diff: 0.0]
   [Code Root Fixup: 0.0 ms]
   [Code Root Purge: 0.0 ms]
   [Clear CT: 0.1 ms]
   [Other: 0.7 ms]
      [Choose CSet: 0.0 ms]
      [Ref Proc: 0.2 ms]
      [Ref Enq: 0.0 ms]
      [Redirty Cards: 0.1 ms]
      [Humongous Register: 0.0 ms]
      [Humongous Reclaim: 0.0 ms]
      [Free CSet: 0.1 ms]
   [Eden: 46.0M(46.0M)->0.0B(46.0M) Survivors: 5120.0K->5120.0K Heap: 355.9M(1024.0M)->309.9M(1024.0M)]
 [Times: user=0.06 sys=0.01, real=0.03 secs] 
2018-11-25T17:58:40.203+0800: 8870.315: [GC pause (G1 Evacuation Pause) (young), 0.0173320 secs]
   [Parallel Time: 16.7 ms, GC Workers: 4]
      [GC Worker Start (ms): Min: 8870315.6, Avg: 8870315.6, Max: 8870315.7, Diff: 0.1]
      [Ext Root Scanning (ms): Min: 0.5, Avg: 0.6, Max: 0.6, Diff: 0.1, Sum: 2.2]
      [Update RS (ms): Min: 1.4, Avg: 1.6, Max: 1.7, Diff: 0.3, Sum: 6.4]
         [Processed Buffers: Min: 3, Avg: 7.2, Max: 16, Diff: 13, Sum: 29]
      [Scan RS (ms): Min: 2.0, Avg: 2.1, Max: 2.3, Diff: 0.3, Sum: 8.5]
      [Code Root Scanning (ms): Min: 0.0, Avg: 0.0, Max: 0.0, Diff: 0.0, Sum: 0.0]
      [Object Copy (ms): Min: 12.2, Avg: 12.3, Max: 12.3, Diff: 0.1, Sum: 49.0]
      [Termination (ms): Min: 0.0, Avg: 0.1, Max: 0.1, Diff: 0.1, Sum: 0.3]
         [Termination Attempts: Min: 1, Avg: 2.2, Max: 4, Diff: 3, Sum: 9]
      [GC Worker Other (ms): Min: 0.0, Avg: 0.0, Max: 0.0, Diff: 0.0, Sum: 0.1]
      [GC Worker Total (ms): Min: 16.6, Avg: 16.6, Max: 16.6, Diff: 0.1, Sum: 66.5]
      [GC Worker End (ms): Min: 8870332.2, Avg: 8870332.3, Max: 8870332.3, Diff: 0.0]
   [Code Root Fixup: 0.0 ms]
   [Code Root Purge: 0.0 ms]
   [Clear CT: 0.1 ms]
   [Other: 0.5 ms]
      [Choose CSet: 0.0 ms]
      [Ref Proc: 0.1 ms]
      [Ref Enq: 0.0 ms]
      [Redirty Cards: 0.1 ms]
      [Humongous Register: 0.0 ms]
      [Humongous Reclaim: 0.0 ms]
      [Free CSet: 0.1 ms]
   [Eden: 46.0M(46.0M)->0.0B(46.0M) Survivors: 5120.0K->5120.0K Heap: 355.9M(1024.0M)->310.6M(1024.0M)]
 [Times: user=0.04 sys=0.00, real=0.02 secs] 
2018-11-25T17:59:07.873+0800: 8897.984: [GC pause (G1 Evacuation Pause) (young), 0.0208609 secs]
   [Parallel Time: 20.2 ms, GC Workers: 4]
      [GC Worker Start (ms): Min: 8897984.6, Avg: 8897984.7, Max: 8897984.8, Diff: 0.2]
      [Ext Root Scanning (ms): Min: 0.8, Avg: 0.9, Max: 1.0, Diff: 0.2, Sum: 3.7]
      [Update RS (ms): Min: 2.1, Avg: 2.5, Max: 2.8, Diff: 0.7, Sum: 10.0]
         [Processed Buffers: Min: 1, Avg: 9.0, Max: 17, Diff: 16, Sum: 36]
      [Scan RS (ms): Min: 3.8, Avg: 4.5, Max: 5.7, Diff: 1.9, Sum: 17.9]
      [Code Root Scanning (ms): Min: 0.0, Avg: 0.0, Max: 0.0, Diff: 0.0, Sum: 0.0]
      [Object Copy (ms): Min: 10.5, Avg: 12.1, Max: 12.7, Diff: 2.2, Sum: 48.5]
      [Termination (ms): Min: 0.0, Avg: 0.0, Max: 0.0, Diff: 0.0, Sum: 0.0]
         [Termination Attempts: Min: 1, Avg: 3.5, Max: 6, Diff: 5, Sum: 14]
      [GC Worker Other (ms): Min: 0.0, Avg: 0.0, Max: 0.0, Diff: 0.0, Sum: 0.1]
      [GC Worker Total (ms): Min: 19.9, Avg: 20.0, Max: 20.1, Diff: 0.2, Sum: 80.1]
      [GC Worker End (ms): Min: 8898004.7, Avg: 8898004.7, Max: 8898004.7, Diff: 0.0]
   [Code Root Fixup: 0.0 ms]
   [Code Root Purge: 0.0 ms]
   [Clear CT: 0.1 ms]
   [Other: 0.6 ms]
      [Choose CSet: 0.0 ms]
      [Ref Proc: 0.2 ms]
      [Ref Enq: 0.0 ms]
      [Redirty Cards: 0.1 ms]
      [Humongous Register: 0.0 ms]
      [Humongous Reclaim: 0.0 ms]
      [Free CSet: 0.0 ms]
   [Eden: 46.0M(46.0M)->0.0B(44.0M) Survivors: 5120.0K->7168.0K Heap: 356.6M(1024.0M)->312.1M(1024.0M)]
 [Times: user=0.07 sys=0.00, real=0.02 secs] 
2018-11-25T17:59:34.178+0800: 8924.289: [GC pause (G1 Evacuation Pause) (young), 0.0282066 secs]
   [Parallel Time: 27.0 ms, GC Workers: 4]
      [GC Worker Start (ms): Min: 8924289.0, Avg: 8924289.1, Max: 8924289.1, Diff: 0.1]
      [Ext Root Scanning (ms): Min: 0.8, Avg: 0.9, Max: 1.1, Diff: 0.3, Sum: 3.8]
      [Update RS (ms): Min: 2.2, Avg: 3.4, Max: 5.5, Diff: 3.3, Sum: 13.7]
         [Processed Buffers: Min: 1, Avg: 9.8, Max: 26, Diff: 25, Sum: 39]
      [Scan RS (ms): Min: 1.5, Avg: 3.8, Max: 5.1, Diff: 3.6, Sum: 15.1]
      [Code Root Scanning (ms): Min: 0.0, Avg: 0.0, Max: 0.0, Diff: 0.0, Sum: 0.0]
      [Object Copy (ms): Min: 17.2, Avg: 18.5, Max: 19.2, Diff: 2.0, Sum: 73.8]
      [Termination (ms): Min: 0.0, Avg: 0.1, Max: 0.2, Diff: 0.2, Sum: 0.5]
         [Termination Attempts: Min: 1, Avg: 1.0, Max: 1, Diff: 0, Sum: 4]
      [GC Worker Other (ms): Min: 0.0, Avg: 0.1, Max: 0.2, Diff: 0.2, Sum: 0.5]
      [GC Worker Total (ms): Min: 26.7, Avg: 26.8, Max: 27.0, Diff: 0.2, Sum: 107.4]
      [GC Worker End (ms): Min: 8924315.9, Avg: 8924315.9, Max: 8924316.0, Diff: 0.1]
   [Code Root Fixup: 0.0 ms]
   [Code Root Purge: 0.0 ms]
   [Clear CT: 0.1 ms]
   [Other: 1.1 ms]
      [Choose CSet: 0.0 ms]
      [Ref Proc: 0.3 ms]
      [Ref Enq: 0.0 ms]
      [Redirty Cards: 0.1 ms]
      [Humongous Register: 0.2 ms]
      [Humongous Reclaim: 0.0 ms]
      [Free CSet: 0.1 ms]
   [Eden: 44.0M(44.0M)->0.0B(46.0M) Survivors: 7168.0K->5120.0K Heap: 356.1M(1024.0M)->312.1M(1024.0M)]
 [Times: user=0.08 sys=0.01, real=0.03 secs] 
2018-11-25T18:00:01.903+0800: 8952.012: [GC pause (G1 Evacuation Pause) (young), 0.0206349 secs]
   [Parallel Time: 19.7 ms, GC Workers: 4]
      [GC Worker Start (ms): Min: 8952012.7, Avg: 8952012.7, Max: 8952012.8, Diff: 0.1]
      [Ext Root Scanning (ms): Min: 0.9, Avg: 1.2, Max: 1.9, Diff: 1.0, Sum: 4.6]
      [Update RS (ms): Min: 1.8, Avg: 2.8, Max: 3.7, Diff: 1.8, Sum: 11.2]
         [Processed Buffers: Min: 4, Avg: 9.0, Max: 19, Diff: 15, Sum: 36]
      [Scan RS (ms): Min: 5.2, Avg: 5.9, Max: 6.5, Diff: 1.3, Sum: 23.5]
      [Code Root Scanning (ms): Min: 0.0, Avg: 0.0, Max: 0.0, Diff: 0.0, Sum: 0.0]
      [Object Copy (ms): Min: 9.2, Avg: 9.7, Max: 10.8, Diff: 1.6, Sum: 38.9]
      [Termination (ms): Min: 0.0, Avg: 0.0, Max: 0.0, Diff: 0.0, Sum: 0.0]
         [Termination Attempts: Min: 1, Avg: 1.0, Max: 1, Diff: 0, Sum: 4]
      [GC Worker Other (ms): Min: 0.0, Avg: 0.0, Max: 0.0, Diff: 0.0, Sum: 0.1]
      [GC Worker Total (ms): Min: 19.6, Avg: 19.6, Max: 19.6, Diff: 0.0, Sum: 78.3]
      [GC Worker End (ms): Min: 8952032.3, Avg: 8952032.3, Max: 8952032.3, Diff: 0.0]
   [Code Root Fixup: 0.0 ms]
   [Code Root Purge: 0.0 ms]
   [Clear CT: 0.1 ms]
   [Other: 0.9 ms]
      [Choose CSet: 0.0 ms]
      [Ref Proc: 0.2 ms]
      [Ref Enq: 0.0 ms]
      [Redirty Cards: 0.1 ms]
      [Humongous Register: 0.1 ms]
      [Humongous Reclaim: 0.0 ms]
      [Free CSet: 0.1 ms]
   [Eden: 46.0M(46.0M)->0.0B(46.0M) Survivors: 5120.0K->5120.0K Heap: 358.1M(1024.0M)->312.1M(1024.0M)]
 [Times: user=0.06 sys=0.01, real=0.02 secs] 
2018-11-25T18:00:29.524+0800: 8979.633: [GC pause (G1 Evacuation Pause) (young), 0.0468024 secs]
   [Parallel Time: 41.9 ms, GC Workers: 4]
      [GC Worker Start (ms): Min: 8979637.2, Avg: 8979637.3, Max: 8979637.5, Diff: 0.3]
      [Ext Root Scanning (ms): Min: 5.1, Avg: 6.6, Max: 10.5, Diff: 5.4, Sum: 26.2]
      [Update RS (ms): Min: 2.1, Avg: 4.8, Max: 5.9, Diff: 3.8, Sum: 19.2]
         [Processed Buffers: Min: 4, Avg: 8.8, Max: 15, Diff: 11, Sum: 35]
      [Scan RS (ms): Min: 5.7, Avg: 7.6, Max: 8.6, Diff: 2.9, Sum: 30.4]
      [Code Root Scanning (ms): Min: 0.0, Avg: 0.0, Max: 0.0, Diff: 0.0, Sum: 0.0]
      [Object Copy (ms): Min: 22.0, Avg: 22.5, Max: 23.3, Diff: 1.4, Sum: 90.0]
      [Termination (ms): Min: 0.0, Avg: 0.0, Max: 0.0, Diff: 0.0, Sum: 0.0]
         [Termination Attempts: Min: 1, Avg: 1.0, Max: 1, Diff: 0, Sum: 4]
      [GC Worker Other (ms): Min: 0.1, Avg: 0.1, Max: 0.1, Diff: 0.0, Sum: 0.3]
      [GC Worker Total (ms): Min: 41.4, Avg: 41.5, Max: 41.7, Diff: 0.3, Sum: 166.1]
      [GC Worker End (ms): Min: 8979678.8, Avg: 8979678.8, Max: 8979678.9, Diff: 0.0]
   [Code Root Fixup: 0.0 ms]
   [Code Root Purge: 0.0 ms]
   [Clear CT: 0.1 ms]
   [Other: 4.8 ms]
      [Choose CSet: 0.0 ms]
      [Ref Proc: 0.2 ms]
      [Ref Enq: 0.0 ms]
      [Redirty Cards: 0.1 ms]
      [Humongous Register: 3.1 ms]
      [Humongous Reclaim: 0.0 ms]
      [Free CSet: 0.5 ms]
   [Eden: 46.0M(46.0M)->0.0B(44.0M) Survivors: 5120.0K->7168.0K Heap: 358.1M(1024.0M)->314.1M(1024.0M)]
 [Times: user=0.07 sys=0.08, real=0.05 secs] 
2018-11-25T18:00:56.120+0800: 9006.228: [GC pause (G1 Evacuation Pause) (young), 0.0233236 secs]
   [Parallel Time: 21.9 ms, GC Workers: 4]
      [GC Worker Start (ms): Min: 9006228.1, Avg: 9006228.2, Max: 9006228.2, Diff: 0.0]
      [Ext Root Scanning (ms): Min: 0.5, Avg: 0.5, Max: 0.5, Diff: 0.1, Sum: 2.0]
      [Update RS (ms): Min: 1.3, Avg: 1.5, Max: 1.6, Diff: 0.3, Sum: 5.8]
         [Processed Buffers: Min: 4, Avg: 9.5, Max: 17, Diff: 13, Sum: 38]
      [Scan RS (ms): Min: 2.5, Avg: 3.5, Max: 4.5, Diff: 2.0, Sum: 13.9]
      [Code Root Scanning (ms): Min: 0.0, Avg: 0.0, Max: 0.0, Diff: 0.0, Sum: 0.0]
      [Object Copy (ms): Min: 15.1, Avg: 16.1, Max: 17.2, Diff: 2.1, Sum: 64.5]
      [Termination (ms): Min: 0.0, Avg: 0.2, Max: 0.3, Diff: 0.3, Sum: 0.6]
         [Termination Attempts: Min: 1, Avg: 1.0, Max: 1, Diff: 0, Sum: 4]
      [GC Worker Other (ms): Min: 0.0, Avg: 0.0, Max: 0.0, Diff: 0.0, Sum: 0.1]
      [GC Worker Total (ms): Min: 21.7, Avg: 21.7, Max: 21.8, Diff: 0.0, Sum: 86.9]
      [GC Worker End (ms): Min: 9006249.9, Avg: 9006249.9, Max: 9006249.9, Diff: 0.1]
   [Code Root Fixup: 0.0 ms]
   [Code Root Purge: 0.0 ms]
   [Clear CT: 0.1 ms]
   [Other: 1.4 ms]
      [Choose CSet: 0.0 ms]
      [Ref Proc: 0.3 ms]
      [Ref Enq: 0.0 ms]
      [Redirty Cards: 0.1 ms]
      [Humongous Register: 0.0 ms]
      [Humongous Reclaim: 0.0 ms]
      [Free CSet: 0.6 ms]
   [Eden: 44.0M(44.0M)->0.0B(46.0M) Survivors: 7168.0K->5120.0K Heap: 358.1M(1024.0M)->314.1M(1024.0M)]
 [Times: user=0.06 sys=0.01, real=0.02 secs] 
2018-11-25T18:01:23.974+0800: 9034.081: [GC pause (G1 Evacuation Pause) (young), 0.0253543 secs]
   [Parallel Time: 24.6 ms, GC Workers: 4]
      [GC Worker Start (ms): Min: 9034081.6, Avg: 9034082.4, Max: 9034084.1, Diff: 2.5]
      [Ext Root Scanning (ms): Min: 0.0, Avg: 0.8, Max: 1.4, Diff: 1.4, Sum: 3.2]
      [Update RS (ms): Min: 2.1, Avg: 3.0, Max: 3.4, Diff: 1.3, Sum: 12.0]
         [Processed Buffers: Min: 1, Avg: 10.0, Max: 21, Diff: 20, Sum: 40]
      [Scan RS (ms): Min: 4.3, Avg: 6.1, Max: 8.1, Diff: 3.8, Sum: 24.6]
      [Code Root Scanning (ms): Min: 0.0, Avg: 0.0, Max: 0.0, Diff: 0.0, Sum: 0.0]
      [Object Copy (ms): Min: 11.4, Avg: 13.5, Max: 15.5, Diff: 4.1, Sum: 54.2]
      [Termination (ms): Min: 0.0, Avg: 0.1, Max: 0.1, Diff: 0.1, Sum: 0.4]
         [Termination Attempts: Min: 1, Avg: 1.2, Max: 2, Diff: 1, Sum: 5]
      [GC Worker Other (ms): Min: 0.0, Avg: 0.0, Max: 0.0, Diff: 0.0, Sum: 0.1]
      [GC Worker Total (ms): Min: 22.0, Avg: 23.6, Max: 24.5, Diff: 2.5, Sum: 94.4]
      [GC Worker End (ms): Min: 9034106.0, Avg: 9034106.0, Max: 9034106.0, Diff: 0.0]
   [Code Root Fixup: 0.0 ms]
   [Code Root Purge: 0.0 ms]
   [Clear CT: 0.1 ms]
   [Other: 0.7 ms]
      [Choose CSet: 0.0 ms]
      [Ref Proc: 0.1 ms]
      [Ref Enq: 0.0 ms]
      [Redirty Cards: 0.1 ms]
      [Humongous Register: 0.1 ms]
      [Humongous Reclaim: 0.0 ms]
      [Free CSet: 0.1 ms]
   [Eden: 46.0M(46.0M)->0.0B(45.0M) Survivors: 5120.0K->6144.0K Heap: 360.1M(1024.0M)->315.1M(1024.0M)]
 [Times: user=0.06 sys=0.01, real=0.03 secs] 
2018-11-25T18:01:51.021+0800: 9061.127: [GC pause (G1 Evacuation Pause) (young), 0.0452991 secs]
   [Parallel Time: 38.3 ms, GC Workers: 4]
      [GC Worker Start (ms): Min: 9061130.9, Avg: 9061131.0, Max: 9061131.2, Diff: 0.4]
      [Ext Root Scanning (ms): Min: 5.8, Avg: 7.9, Max: 13.7, Diff: 7.9, Sum: 31.6]
      [Update RS (ms): Min: 0.0, Avg: 5.1, Max: 7.0, Diff: 7.0, Sum: 20.5]
         [Processed Buffers: Min: 0, Avg: 9.0, Max: 24, Diff: 24, Sum: 36]
      [Scan RS (ms): Min: 4.9, Avg: 6.2, Max: 7.1, Diff: 2.1, Sum: 24.7]
      [Code Root Scanning (ms): Min: 0.0, Avg: 0.0, Max: 0.0, Diff: 0.0, Sum: 0.0]
      [Object Copy (ms): Min: 17.9, Avg: 18.7, Max: 19.5, Diff: 1.6, Sum: 74.7]
      [Termination (ms): Min: 0.0, Avg: 0.0, Max: 0.0, Diff: 0.0, Sum: 0.0]
         [Termination Attempts: Min: 1, Avg: 1.0, Max: 1, Diff: 0, Sum: 4]
      [GC Worker Other (ms): Min: 0.1, Avg: 0.1, Max: 0.1, Diff: 0.0, Sum: 0.2]
      [GC Worker Total (ms): Min: 37.8, Avg: 38.0, Max: 38.1, Diff: 0.3, Sum: 151.9]
      [GC Worker End (ms): Min: 9061169.0, Avg: 9061169.0, Max: 9061169.0, Diff: 0.0]
   [Code Root Fixup: 0.0 ms]
   [Code Root Purge: 0.0 ms]
   [Clear CT: 0.1 ms]
   [Other: 7.0 ms]
      [Choose CSet: 0.0 ms]
      [Ref Proc: 0.4 ms]
      [Ref Enq: 0.0 ms]
      [Redirty Cards: 0.1 ms]
      [Humongous Register: 3.1 ms]
      [Humongous Reclaim: 0.0 ms]
      [Free CSet: 2.3 ms]
   [Eden: 45.0M(45.0M)->0.0B(44.0M) Survivors: 6144.0K->7168.0K Heap: 360.1M(1024.0M)->316.1M(1024.0M)]
 [Times: user=0.06 sys=0.06, real=0.04 secs] 
2018-11-25T18:02:17.634+0800: 9087.739: [GC pause (G1 Evacuation Pause) (young), 0.0216762 secs]
   [Parallel Time: 20.9 ms, GC Workers: 4]
      [GC Worker Start (ms): Min: 9087739.5, Avg: 9087739.5, Max: 9087739.5, Diff: 0.1]
      [Ext Root Scanning (ms): Min: 0.7, Avg: 0.8, Max: 1.0, Diff: 0.3, Sum: 3.3]
      [Update RS (ms): Min: 2.4, Avg: 2.6, Max: 2.7, Diff: 0.3, Sum: 10.5]
         [Processed Buffers: Min: 4, Avg: 9.0, Max: 14, Diff: 10, Sum: 36]
      [Scan RS (ms): Min: 4.5, Avg: 4.9, Max: 5.9, Diff: 1.4, Sum: 19.7]
      [Code Root Scanning (ms): Min: 0.0, Avg: 0.0, Max: 0.0, Diff: 0.0, Sum: 0.0]
      [Object Copy (ms): Min: 11.2, Avg: 12.4, Max: 12.9, Diff: 1.7, Sum: 49.6]
      [Termination (ms): Min: 0.0, Avg: 0.0, Max: 0.0, Diff: 0.0, Sum: 0.0]
         [Termination Attempts: Min: 1, Avg: 1.2, Max: 2, Diff: 1, Sum: 5]
      [GC Worker Other (ms): Min: 0.0, Avg: 0.0, Max: 0.1, Diff: 0.0, Sum: 0.1]
      [GC Worker Total (ms): Min: 20.8, Avg: 20.8, Max: 20.8, Diff: 0.1, Sum: 83.2]
      [GC Worker End (ms): Min: 9087760.3, Avg: 9087760.3, Max: 9087760.3, Diff: 0.0]
   [Code Root Fixup: 0.0 ms]
   [Code Root Purge: 0.0 ms]
   [Clear CT: 0.1 ms]
   [Other: 0.7 ms]
      [Choose CSet: 0.0 ms]
      [Ref Proc: 0.1 ms]
      [Ref Enq: 0.0 ms]
      [Redirty Cards: 0.1 ms]
      [Humongous Register: 0.0 ms]
      [Humongous Reclaim: 0.0 ms]
      [Free CSet: 0.1 ms]
   [Eden: 44.0M(44.0M)->0.0B(46.0M) Survivors: 7168.0K->5120.0K Heap: 360.1M(1024.0M)->316.6M(1024.0M)]
 [Times: user=0.07 sys=0.00, real=0.02 secs] 
2018-11-25T18:02:45.370+0800: 9115.475: [GC pause (G1 Evacuation Pause) (young), 0.0187489 secs]
   [Parallel Time: 18.0 ms, GC Workers: 4]
      [GC Worker Start (ms): Min: 9115474.9, Avg: 9115475.0, Max: 9115475.4, Diff: 0.5]
      [Ext Root Scanning (ms): Min: 0.7, Avg: 1.1, Max: 1.3, Diff: 0.6, Sum: 4.3]
      [Update RS (ms): Min: 2.1, Avg: 2.3, Max: 2.5, Diff: 0.3, Sum: 9.2]
         [Processed Buffers: Min: 3, Avg: 9.5, Max: 20, Diff: 17, Sum: 38]
      [Scan RS (ms): Min: 4.6, Avg: 5.1, Max: 6.3, Diff: 1.7, Sum: 20.5]
      [Code Root Scanning (ms): Min: 0.0, Avg: 0.0, Max: 0.0, Diff: 0.0, Sum: 0.0]
      [Object Copy (ms): Min: 7.8, Avg: 9.1, Max: 9.5, Diff: 1.7, Sum: 36.2]
      [Termination (ms): Min: 0.0, Avg: 0.1, Max: 0.1, Diff: 0.1, Sum: 0.3]
         [Termination Attempts: Min: 1, Avg: 1.8, Max: 3, Diff: 2, Sum: 7]
      [GC Worker Other (ms): Min: 0.0, Avg: 0.1, Max: 0.1, Diff: 0.1, Sum: 0.3]
      [GC Worker Total (ms): Min: 17.3, Avg: 17.7, Max: 17.9, Diff: 0.5, Sum: 70.7]
      [GC Worker End (ms): Min: 9115492.7, Avg: 9115492.7, Max: 9115492.7, Diff: 0.0]
   [Code Root Fixup: 0.0 ms]
   [Code Root Purge: 0.0 ms]
   [Clear CT: 0.1 ms]
   [Other: 0.6 ms]
      [Choose CSet: 0.0 ms]
      [Ref Proc: 0.2 ms]
      [Ref Enq: 0.0 ms]
      [Redirty Cards: 0.1 ms]
      [Humongous Register: 0.0 ms]
      [Humongous Reclaim: 0.0 ms]
      [Free CSet: 0.1 ms]
   [Eden: 46.0M(46.0M)->0.0B(46.0M) Survivors: 5120.0K->5120.0K Heap: 362.6M(1024.0M)->316.1M(1024.0M)]
 [Times: user=0.06 sys=0.00, real=0.02 secs] 
2018-11-25T18:03:13.017+0800: 9143.121: [GC pause (G1 Evacuation Pause) (young), 0.0190953 secs]
   [Parallel Time: 18.3 ms, GC Workers: 4]
      [GC Worker Start (ms): Min: 9143121.1, Avg: 9143121.2, Max: 9143121.2, Diff: 0.1]
      [Ext Root Scanning (ms): Min: 0.9, Avg: 0.9, Max: 1.0, Diff: 0.1, Sum: 3.7]
      [Update RS (ms): Min: 2.3, Avg: 2.5, Max: 2.8, Diff: 0.6, Sum: 10.1]
         [Processed Buffers: Min: 3, Avg: 7.2, Max: 16, Diff: 13, Sum: 29]
      [Scan RS (ms): Min: 2.7, Avg: 3.0, Max: 3.2, Diff: 0.5, Sum: 12.0]
      [Code Root Scanning (ms): Min: 0.0, Avg: 0.0, Max: 0.0, Diff: 0.0, Sum: 0.0]
      [Object Copy (ms): Min: 11.6, Avg: 11.7, Max: 11.7, Diff: 0.1, Sum: 46.6]
      [Termination (ms): Min: 0.0, Avg: 0.1, Max: 0.1, Diff: 0.1, Sum: 0.4]
         [Termination Attempts: Min: 1, Avg: 1.0, Max: 1, Diff: 0, Sum: 4]
      [GC Worker Other (ms): Min: 0.0, Avg: 0.0, Max: 0.0, Diff: 0.0, Sum: 0.1]
      [GC Worker Total (ms): Min: 18.2, Avg: 18.2, Max: 18.3, Diff: 0.1, Sum: 72.9]
      [GC Worker End (ms): Min: 9143139.4, Avg: 9143139.4, Max: 9143139.4, Diff: 0.0]
   [Code Root Fixup: 0.0 ms]
   [Code Root Purge: 0.0 ms]
   [Clear CT: 0.1 ms]
   [Other: 0.6 ms]
      [Choose CSet: 0.0 ms]
      [Ref Proc: 0.2 ms]
      [Ref Enq: 0.0 ms]
      [Redirty Cards: 0.1 ms]
      [Humongous Register: 0.1 ms]
      [Humongous Reclaim: 0.0 ms]
      [Free CSet: 0.1 ms]
   [Eden: 46.0M(46.0M)->0.0B(45.0M) Survivors: 5120.0K->6144.0K Heap: 362.1M(1024.0M)->318.5M(1024.0M)]
 [Times: user=0.07 sys=0.00, real=0.02 secs] 
2018-11-25T18:03:39.979+0800: 9170.082: [GC pause (G1 Evacuation Pause) (young), 0.0204623 secs]
   [Parallel Time: 19.3 ms, GC Workers: 4]
      [GC Worker Start (ms): Min: 9170082.3, Avg: 9170082.3, Max: 9170082.4, Diff: 0.2]
      [Ext Root Scanning (ms): Min: 0.9, Avg: 1.1, Max: 1.2, Diff: 0.3, Sum: 4.4]
      [Update RS (ms): Min: 1.9, Avg: 2.3, Max: 3.1, Diff: 1.2, Sum: 9.2]
         [Processed Buffers: Min: 2, Avg: 8.5, Max: 14, Diff: 12, Sum: 34]
      [Scan RS (ms): Min: 3.6, Avg: 5.4, Max: 7.0, Diff: 3.4, Sum: 21.7]
      [Code Root Scanning (ms): Min: 0.0, Avg: 0.0, Max: 0.0, Diff: 0.0, Sum: 0.0]
      [Object Copy (ms): Min: 9.2, Avg: 10.3, Max: 11.4, Diff: 2.2, Sum: 41.3]
      [Termination (ms): Min: 0.0, Avg: 0.0, Max: 0.0, Diff: 0.0, Sum: 0.0]
         [Termination Attempts: Min: 1, Avg: 1.0, Max: 1, Diff: 0, Sum: 4]
      [GC Worker Other (ms): Min: 0.0, Avg: 0.1, Max: 0.1, Diff: 0.1, Sum: 0.2]
      [GC Worker Total (ms): Min: 19.1, Avg: 19.2, Max: 19.2, Diff: 0.2, Sum: 76.8]
      [GC Worker End (ms): Min: 9170101.5, Avg: 9170101.5, Max: 9170101.5, Diff: 0.0]
   [Code Root Fixup: 0.0 ms]
   [Code Root Purge: 0.0 ms]
   [Clear CT: 0.1 ms]
   [Other: 1.1 ms]
      [Choose CSet: 0.0 ms]
      [Ref Proc: 0.3 ms]
      [Ref Enq: 0.0 ms]
      [Redirty Cards: 0.1 ms]
      [Humongous Register: 0.2 ms]
      [Humongous Reclaim: 0.0 ms]
      [Free CSet: 0.1 ms]
   [Eden: 45.0M(45.0M)->0.0B(46.0M) Survivors: 6144.0K->5120.0K Heap: 363.5M(1024.0M)->319.3M(1024.0M)]
 [Times: user=0.06 sys=0.00, real=0.03 secs] 
2018-11-25T18:04:07.864+0800: 9197.967: [GC pause (G1 Evacuation Pause) (young), 0.0248929 secs]
   [Parallel Time: 24.0 ms, GC Workers: 4]
      [GC Worker Start (ms): Min: 9197966.9, Avg: 9197967.0, Max: 9197967.0, Diff: 0.1]
      [Ext Root Scanning (ms): Min: 1.0, Avg: 1.0, Max: 1.1, Diff: 0.1, Sum: 4.1]
      [Update RS (ms): Min: 5.8, Avg: 6.1, Max: 6.5, Diff: 0.7, Sum: 24.4]
         [Processed Buffers: Min: 2, Avg: 9.0, Max: 16, Diff: 14, Sum: 36]
      [Scan RS (ms): Min: 6.7, Avg: 7.2, Max: 8.0, Diff: 1.3, Sum: 28.7]
      [Code Root Scanning (ms): Min: 0.0, Avg: 0.0, Max: 0.0, Diff: 0.0, Sum: 0.0]
      [Object Copy (ms): Min: 8.3, Avg: 9.5, Max: 10.0, Diff: 1.7, Sum: 38.1]
      [Termination (ms): Min: 0.0, Avg: 0.0, Max: 0.0, Diff: 0.0, Sum: 0.0]
         [Termination Attempts: Min: 1, Avg: 1.0, Max: 1, Diff: 0, Sum: 4]
      [GC Worker Other (ms): Min: 0.0, Avg: 0.0, Max: 0.1, Diff: 0.0, Sum: 0.1]
      [GC Worker Total (ms): Min: 23.8, Avg: 23.9, Max: 23.9, Diff: 0.1, Sum: 95.4]
      [GC Worker End (ms): Min: 9197990.9, Avg: 9197990.9, Max: 9197990.9, Diff: 0.0]
   [Code Root Fixup: 0.0 ms]
   [Code Root Purge: 0.0 ms]
   [Clear CT: 0.1 ms]
   [Other: 0.8 ms]
      [Choose CSet: 0.0 ms]
      [Ref Proc: 0.1 ms]
      [Ref Enq: 0.0 ms]
      [Redirty Cards: 0.1 ms]
      [Humongous Register: 0.1 ms]
      [Humongous Reclaim: 0.0 ms]
      [Free CSet: 0.1 ms]
   [Eden: 46.0M(46.0M)->0.0B(46.0M) Survivors: 5120.0K->5120.0K Heap: 365.3M(1024.0M)->319.3M(1024.0M)]
 [Times: user=0.06 sys=0.02, real=0.03 secs] 
2018-11-25T18:04:35.641+0800: 9225.742: [GC pause (G1 Evacuation Pause) (young), 0.0195700 secs]
   [Parallel Time: 18.6 ms, GC Workers: 4]
      [GC Worker Start (ms): Min: 9225742.6, Avg: 9225743.9, Max: 9225744.4, Diff: 1.8]
      [Ext Root Scanning (ms): Min: 0.5, Avg: 1.2, Max: 2.4, Diff: 1.9, Sum: 4.9]
      [Update RS (ms): Min: 1.4, Avg: 1.9, Max: 2.3, Diff: 1.0, Sum: 7.7]
         [Processed Buffers: Min: 3, Avg: 8.5, Max: 13, Diff: 10, Sum: 34]
      [Scan RS (ms): Min: 3.9, Avg: 4.9, Max: 7.3, Diff: 3.4, Sum: 19.4]
      [Code Root Scanning (ms): Min: 0.0, Avg: 0.0, Max: 0.0, Diff: 0.0, Sum: 0.0]
      [Object Copy (ms): Min: 5.9, Avg: 9.2, Max: 10.5, Diff: 4.6, Sum: 36.6]
      [Termination (ms): Min: 0.0, Avg: 0.0, Max: 0.0, Diff: 0.0, Sum: 0.0]
         [Termination Attempts: Min: 1, Avg: 1.0, Max: 1, Diff: 0, Sum: 4]
      [GC Worker Other (ms): Min: 0.0, Avg: 0.0, Max: 0.1, Diff: 0.0, Sum: 0.2]
      [GC Worker Total (ms): Min: 16.7, Avg: 17.2, Max: 18.5, Diff: 1.9, Sum: 68.8]
      [GC Worker End (ms): Min: 9225761.1, Avg: 9225761.1, Max: 9225761.1, Diff: 0.0]
   [Code Root Fixup: 0.0 ms]
   [Code Root Purge: 0.0 ms]
   [Clear CT: 0.1 ms]
   [Other: 0.8 ms]
      [Choose CSet: 0.0 ms]
      [Ref Proc: 0.2 ms]
      [Ref Enq: 0.0 ms]
      [Redirty Cards: 0.1 ms]
      [Humongous Register: 0.1 ms]
      [Humongous Reclaim: 0.0 ms]
      [Free CSet: 0.1 ms]
   [Eden: 46.0M(46.0M)->0.0B(46.0M) Survivors: 5120.0K->5120.0K Heap: 365.3M(1024.0M)->319.6M(1024.0M)]
 [Times: user=0.05 sys=0.00, real=0.02 secs] 
2018-11-25T18:05:03.539+0800: 9253.639: [GC pause (G1 Evacuation Pause) (young), 0.0251333 secs]
   [Parallel Time: 23.8 ms, GC Workers: 4]
      [GC Worker Start (ms): Min: 9253640.0, Avg: 9253640.4, Max: 9253640.7, Diff: 0.7]
      [Ext Root Scanning (ms): Min: 0.8, Avg: 1.1, Max: 1.4, Diff: 0.6, Sum: 4.3]
      [Update RS (ms): Min: 2.5, Avg: 3.0, Max: 4.3, Diff: 1.8, Sum: 11.9]
         [Processed Buffers: Min: 3, Avg: 9.5, Max: 22, Diff: 19, Sum: 38]
      [Scan RS (ms): Min: 1.1, Avg: 3.7, Max: 4.8, Diff: 3.7, Sum: 15.0]
      [Code Root Scanning (ms): Min: 0.0, Avg: 0.0, Max: 0.0, Diff: 0.0, Sum: 0.0]
      [Object Copy (ms): Min: 14.3, Avg: 14.9, Max: 16.3, Diff: 2.0, Sum: 59.7]
      [Termination (ms): Min: 0.0, Avg: 0.1, Max: 0.2, Diff: 0.2, Sum: 0.5]
         [Termination Attempts: Min: 1, Avg: 1.0, Max: 1, Diff: 0, Sum: 4]
      [GC Worker Other (ms): Min: 0.0, Avg: 0.0, Max: 0.0, Diff: 0.0, Sum: 0.1]
      [GC Worker Total (ms): Min: 22.6, Avg: 22.9, Max: 23.2, Diff: 0.6, Sum: 91.5]
      [GC Worker End (ms): Min: 9253663.3, Avg: 9253663.3, Max: 9253663.4, Diff: 0.1]
   [Code Root Fixup: 0.0 ms]
   [Code Root Purge: 0.0 ms]
   [Clear CT: 0.1 ms]
   [Other: 1.2 ms]
      [Choose CSet: 0.0 ms]
      [Ref Proc: 0.5 ms]
      [Ref Enq: 0.0 ms]
      [Redirty Cards: 0.1 ms]
      [Humongous Register: 0.2 ms]
      [Humongous Reclaim: 0.0 ms]
      [Free CSet: 0.1 ms]
   [Eden: 46.0M(46.0M)->0.0B(44.0M) Survivors: 5120.0K->7168.0K Heap: 365.6M(1024.0M)->321.6M(1024.0M)]
 [Times: user=0.06 sys=0.01, real=0.03 secs] 
2018-11-25T18:05:30.118+0800: 9280.213: [GC pause (G1 Evacuation Pause) (young), 0.0261465 secs]
   [Parallel Time: 25.4 ms, GC Workers: 4]
      [GC Worker Start (ms): Min: 9280213.6, Avg: 9280213.7, Max: 9280213.7, Diff: 0.1]
      [Ext Root Scanning (ms): Min: 0.9, Avg: 0.9, Max: 0.9, Diff: 0.1, Sum: 3.5]
      [Update RS (ms): Min: 2.7, Avg: 2.8, Max: 3.0, Diff: 0.3, Sum: 11.3]
         [Processed Buffers: Min: 4, Avg: 8.0, Max: 11, Diff: 7, Sum: 32]
      [Scan RS (ms): Min: 3.5, Avg: 4.3, Max: 6.0, Diff: 2.5, Sum: 17.1]
      [Code Root Scanning (ms): Min: 0.0, Avg: 0.0, Max: 0.0, Diff: 0.0, Sum: 0.0]
      [Object Copy (ms): Min: 15.7, Avg: 17.3, Max: 17.9, Diff: 2.2, Sum: 69.0]
      [Termination (ms): Min: 0.0, Avg: 0.0, Max: 0.0, Diff: 0.0, Sum: 0.0]
         [Termination Attempts: Min: 1, Avg: 1.0, Max: 1, Diff: 0, Sum: 4]
      [GC Worker Other (ms): Min: 0.0, Avg: 0.0, Max: 0.0, Diff: 0.0, Sum: 0.1]
      [GC Worker Total (ms): Min: 25.3, Avg: 25.3, Max: 25.3, Diff: 0.1, Sum: 101.1]
      [GC Worker End (ms): Min: 9280239.0, Avg: 9280239.0, Max: 9280239.0, Diff: 0.0]
   [Code Root Fixup: 0.0 ms]
   [Code Root Purge: 0.0 ms]
   [Clear CT: 0.1 ms]
   [Other: 0.6 ms]
      [Choose CSet: 0.0 ms]
      [Ref Proc: 0.2 ms]
      [Ref Enq: 0.0 ms]
      [Redirty Cards: 0.1 ms]
      [Humongous Register: 0.0 ms]
      [Humongous Reclaim: 0.0 ms]
      [Free CSet: 0.1 ms]
   [Eden: 44.0M(44.0M)->0.0B(46.0M) Survivors: 7168.0K->5120.0K Heap: 365.6M(1024.0M)->321.6M(1024.0M)]
 [Times: user=0.07 sys=0.00, real=0.03 secs] 
2018-11-25T18:05:57.849+0800: 9307.931: [GC pause (G1 Evacuation Pause) (young), 0.0229882 secs]
   [Parallel Time: 21.7 ms, GC Workers: 4]
      [GC Worker Start (ms): Min: 9307931.7, Avg: 9307931.7, Max: 9307931.7, Diff: 0.1]
      [Ext Root Scanning (ms): Min: 1.0, Avg: 1.0, Max: 1.1, Diff: 0.1, Sum: 4.1]
      [Update RS (ms): Min: 4.2, Avg: 4.6, Max: 5.0, Diff: 0.8, Sum: 18.3]
         [Processed Buffers: Min: 7, Avg: 9.5, Max: 12, Diff: 5, Sum: 38]
      [Scan RS (ms): Min: 4.6, Avg: 5.0, Max: 5.3, Diff: 0.7, Sum: 20.0]
      [Code Root Scanning (ms): Min: 0.0, Avg: 0.0, Max: 0.0, Diff: 0.0, Sum: 0.0]
      [Object Copy (ms): Min: 10.9, Avg: 11.0, Max: 11.0, Diff: 0.1, Sum: 43.9]
      [Termination (ms): Min: 0.0, Avg: 0.1, Max: 0.1, Diff: 0.1, Sum: 0.2]
         [Termination Attempts: Min: 1, Avg: 1.0, Max: 1, Diff: 0, Sum: 4]
      [GC Worker Other (ms): Min: 0.0, Avg: 0.0, Max: 0.0, Diff: 0.0, Sum: 0.1]
      [GC Worker Total (ms): Min: 21.6, Avg: 21.7, Max: 21.7, Diff: 0.1, Sum: 86.7]
      [GC Worker End (ms): Min: 9307953.4, Avg: 9307953.4, Max: 9307953.4, Diff: 0.0]
   [Code Root Fixup: 0.0 ms]
   [Code Root Purge: 0.0 ms]
   [Clear CT: 0.3 ms]
   [Other: 1.0 ms]
      [Choose CSet: 0.0 ms]
      [Ref Proc: 0.3 ms]
      [Ref Enq: 0.0 ms]
      [Redirty Cards: 0.1 ms]
      [Humongous Register: 0.1 ms]
      [Humongous Reclaim: 0.0 ms]
      [Free CSet: 0.1 ms]
   [Eden: 46.0M(46.0M)->0.0B(46.0M) Survivors: 5120.0K->5120.0K Heap: 367.6M(1024.0M)->321.6M(1024.0M)]
 [Times: user=0.06 sys=0.02, real=0.03 secs] 
2018-11-25T18:06:25.291+0800: 9335.370: [GC pause (G1 Evacuation Pause) (young), 0.0194215 secs]
   [Parallel Time: 18.8 ms, GC Workers: 4]
      [GC Worker Start (ms): Min: 9335370.5, Avg: 9335370.5, Max: 9335370.5, Diff: 0.1]
      [Ext Root Scanning (ms): Min: 0.8, Avg: 0.8, Max: 0.8, Diff: 0.1, Sum: 3.1]
      [Update RS (ms): Min: 2.2, Avg: 2.6, Max: 2.9, Diff: 0.6, Sum: 10.5]
         [Processed Buffers: Min: 2, Avg: 9.0, Max: 22, Diff: 20, Sum: 36]
      [Scan RS (ms): Min: 3.3, Avg: 4.5, Max: 5.5, Diff: 2.2, Sum: 17.9]
      [Code Root Scanning (ms): Min: 0.0, Avg: 0.0, Max: 0.0, Diff: 0.0, Sum: 0.0]
      [Object Copy (ms): Min: 9.4, Avg: 10.7, Max: 11.9, Diff: 2.5, Sum: 42.7]
      [Termination (ms): Min: 0.0, Avg: 0.0, Max: 0.0, Diff: 0.0, Sum: 0.0]
         [Termination Attempts: Min: 1, Avg: 1.0, Max: 1, Diff: 0, Sum: 4]
      [GC Worker Other (ms): Min: 0.0, Avg: 0.0, Max: 0.0, Diff: 0.0, Sum: 0.1]
      [GC Worker Total (ms): Min: 18.5, Avg: 18.6, Max: 18.6, Diff: 0.1, Sum: 74.4]
      [GC Worker End (ms): Min: 9335389.1, Avg: 9335389.1, Max: 9335389.1, Diff: 0.0]
   [Code Root Fixup: 0.0 ms]
   [Code Root Purge: 0.0 ms]
   [Clear CT: 0.1 ms]
   [Other: 0.6 ms]
      [Choose CSet: 0.0 ms]
      [Ref Proc: 0.2 ms]
      [Ref Enq: 0.0 ms]
      [Redirty Cards: 0.1 ms]
      [Humongous Register: 0.0 ms]
      [Humongous Reclaim: 0.0 ms]
      [Free CSet: 0.1 ms]
   [Eden: 46.0M(46.0M)->0.0B(45.0M) Survivors: 5120.0K->6144.0K Heap: 367.6M(1024.0M)->323.5M(1024.0M)]
 [Times: user=0.07 sys=0.00, real=0.02 secs] 
2018-11-25T18:06:52.520+0800: 9362.598: [GC pause (G1 Evacuation Pause) (young), 0.0201880 secs]
   [Parallel Time: 19.2 ms, GC Workers: 4]
      [GC Worker Start (ms): Min: 9362598.3, Avg: 9362598.4, Max: 9362598.4, Diff: 0.1]
      [Ext Root Scanning (ms): Min: 1.0, Avg: 1.0, Max: 1.1, Diff: 0.1, Sum: 4.0]
      [Update RS (ms): Min: 1.7, Avg: 2.0, Max: 2.5, Diff: 0.8, Sum: 8.1]
         [Processed Buffers: Min: 1, Avg: 7.8, Max: 17, Diff: 16, Sum: 31]
      [Scan RS (ms): Min: 4.1, Avg: 4.5, Max: 4.7, Diff: 0.7, Sum: 17.9]
      [Code Root Scanning (ms): Min: 0.0, Avg: 0.0, Max: 0.0, Diff: 0.0, Sum: 0.0]
      [Object Copy (ms): Min: 11.5, Avg: 11.6, Max: 11.7, Diff: 0.2, Sum: 46.2]
      [Termination (ms): Min: 0.0, Avg: 0.0, Max: 0.0, Diff: 0.0, Sum: 0.0]
         [Termination Attempts: Min: 1, Avg: 1.0, Max: 1, Diff: 0, Sum: 4]
      [GC Worker Other (ms): Min: 0.0, Avg: 0.1, Max: 0.1, Diff: 0.0, Sum: 0.2]
      [GC Worker Total (ms): Min: 19.1, Avg: 19.1, Max: 19.1, Diff: 0.1, Sum: 76.5]
      [GC Worker End (ms): Min: 9362617.5, Avg: 9362617.5, Max: 9362617.5, Diff: 0.0]
   [Code Root Fixup: 0.0 ms]
   [Code Root Purge: 0.0 ms]
   [Clear CT: 0.1 ms]
   [Other: 0.8 ms]
      [Choose CSet: 0.0 ms]
      [Ref Proc: 0.2 ms]
      [Ref Enq: 0.0 ms]
      [Redirty Cards: 0.1 ms]
      [Humongous Register: 0.2 ms]
      [Humongous Reclaim: 0.0 ms]
      [Free CSet: 0.1 ms]
   [Eden: 45.0M(45.0M)->0.0B(46.0M) Survivors: 6144.0K->5120.0K Heap: 368.5M(1024.0M)->324.7M(1024.0M)]
 [Times: user=0.07 sys=0.01, real=0.02 secs] 
2018-11-25T18:07:20.323+0800: 9390.400: [GC pause (G1 Evacuation Pause) (young), 0.0183891 secs]
   [Parallel Time: 17.7 ms, GC Workers: 4]
      [GC Worker Start (ms): Min: 9390399.9, Avg: 9390400.0, Max: 9390400.2, Diff: 0.3]
      [Ext Root Scanning (ms): Min: 0.7, Avg: 0.9, Max: 1.0, Diff: 0.3, Sum: 3.7]
      [Update RS (ms): Min: 2.2, Avg: 2.5, Max: 2.7, Diff: 0.5, Sum: 9.9]
         [Processed Buffers: Min: 3, Avg: 9.0, Max: 22, Diff: 19, Sum: 36]
      [Scan RS (ms): Min: 4.7, Avg: 5.0, Max: 5.3, Diff: 0.6, Sum: 19.9]
      [Code Root Scanning (ms): Min: 0.0, Avg: 0.0, Max: 0.0, Diff: 0.0, Sum: 0.0]
      [Object Copy (ms): Min: 9.1, Avg: 9.1, Max: 9.2, Diff: 0.2, Sum: 36.6]
      [Termination (ms): Min: 0.0, Avg: 0.0, Max: 0.0, Diff: 0.0, Sum: 0.0]
         [Termination Attempts: Min: 1, Avg: 1.0, Max: 1, Diff: 0, Sum: 4]
      [GC Worker Other (ms): Min: 0.0, Avg: 0.0, Max: 0.1, Diff: 0.0, Sum: 0.2]
      [GC Worker Total (ms): Min: 17.3, Avg: 17.6, Max: 17.7, Diff: 0.3, Sum: 70.2]
      [GC Worker End (ms): Min: 9390417.6, Avg: 9390417.6, Max: 9390417.6, Diff: 0.0]
   [Code Root Fixup: 0.0 ms]
   [Code Root Purge: 0.0 ms]
   [Clear CT: 0.1 ms]
   [Other: 0.5 ms]
      [Choose CSet: 0.0 ms]
      [Ref Proc: 0.1 ms]
      [Ref Enq: 0.0 ms]
      [Redirty Cards: 0.1 ms]
      [Humongous Register: 0.0 ms]
      [Humongous Reclaim: 0.0 ms]
      [Free CSet: 0.1 ms]
   [Eden: 46.0M(46.0M)->0.0B(46.0M) Survivors: 5120.0K->5120.0K Heap: 370.7M(1024.0M)->324.2M(1024.0M)]
 [Times: user=0.07 sys=0.00, real=0.02 secs] 
2018-11-25T18:07:47.880+0800: 9417.956: [GC pause (G1 Evacuation Pause) (young), 0.0158189 secs]
   [Parallel Time: 15.1 ms, GC Workers: 4]
      [GC Worker Start (ms): Min: 9417956.6, Avg: 9417956.6, Max: 9417956.7, Diff: 0.1]
      [Ext Root Scanning (ms): Min: 0.7, Avg: 0.7, Max: 0.8, Diff: 0.1, Sum: 2.9]
      [Update RS (ms): Min: 1.5, Avg: 1.9, Max: 2.3, Diff: 0.8, Sum: 7.6]
         [Processed Buffers: Min: 4, Avg: 8.2, Max: 18, Diff: 14, Sum: 33]
      [Scan RS (ms): Min: 2.8, Avg: 3.2, Max: 3.6, Diff: 0.8, Sum: 12.8]
      [Code Root Scanning (ms): Min: 0.0, Avg: 0.0, Max: 0.0, Diff: 0.0, Sum: 0.0]
      [Object Copy (ms): Min: 9.1, Avg: 9.1, Max: 9.2, Diff: 0.1, Sum: 36.4]
      [Termination (ms): Min: 0.0, Avg: 0.0, Max: 0.0, Diff: 0.0, Sum: 0.0]
         [Termination Attempts: Min: 1, Avg: 1.8, Max: 2, Diff: 1, Sum: 7]
      [GC Worker Other (ms): Min: 0.0, Avg: 0.0, Max: 0.0, Diff: 0.0, Sum: 0.2]
      [GC Worker Total (ms): Min: 14.9, Avg: 15.0, Max: 15.0, Diff: 0.1, Sum: 59.8]
      [GC Worker End (ms): Min: 9417971.6, Avg: 9417971.6, Max: 9417971.6, Diff: 0.0]
   [Code Root Fixup: 0.0 ms]
   [Code Root Purge: 0.0 ms]
   [Clear CT: 0.1 ms]
   [Other: 0.7 ms]
      [Choose CSet: 0.0 ms]
      [Ref Proc: 0.2 ms]
      [Ref Enq: 0.0 ms]
      [Redirty Cards: 0.1 ms]
      [Humongous Register: 0.0 ms]
      [Humongous Reclaim: 0.0 ms]
      [Free CSet: 0.1 ms]
   [Eden: 46.0M(46.0M)->0.0B(46.0M) Survivors: 5120.0K->5120.0K Heap: 370.2M(1024.0M)->325.0M(1024.0M)]
 [Times: user=0.06 sys=0.01, real=0.01 secs] 
2018-11-25T18:08:15.706+0800: 9445.781: [GC pause (G1 Evacuation Pause) (young), 0.0219322 secs]
   [Parallel Time: 21.1 ms, GC Workers: 4]
      [GC Worker Start (ms): Min: 9445781.2, Avg: 9445781.2, Max: 9445781.3, Diff: 0.1]
      [Ext Root Scanning (ms): Min: 0.8, Avg: 0.8, Max: 0.9, Diff: 0.1, Sum: 3.4]
      [Update RS (ms): Min: 2.4, Avg: 2.9, Max: 3.4, Diff: 1.0, Sum: 11.5]
         [Processed Buffers: Min: 1, Avg: 9.0, Max: 20, Diff: 19, Sum: 36]
      [Scan RS (ms): Min: 3.3, Avg: 4.0, Max: 4.5, Diff: 1.2, Sum: 15.9]
      [Code Root Scanning (ms): Min: 0.0, Avg: 0.0, Max: 0.0, Diff: 0.0, Sum: 0.0]
      [Object Copy (ms): Min: 12.9, Avg: 13.1, Max: 13.3, Diff: 0.3, Sum: 52.4]
      [Termination (ms): Min: 0.0, Avg: 0.1, Max: 0.1, Diff: 0.1, Sum: 0.3]
         [Termination Attempts: Min: 1, Avg: 1.0, Max: 1, Diff: 0, Sum: 4]
      [GC Worker Other (ms): Min: 0.0, Avg: 0.0, Max: 0.0, Diff: 0.0, Sum: 0.1]
      [GC Worker Total (ms): Min: 20.8, Avg: 20.9, Max: 20.9, Diff: 0.1, Sum: 83.5]
      [GC Worker End (ms): Min: 9445802.1, Avg: 9445802.1, Max: 9445802.1, Diff: 0.0]
   [Code Root Fixup: 0.0 ms]
   [Code Root Purge: 0.0 ms]
   [Clear CT: 0.1 ms]
   [Other: 0.7 ms]
      [Choose CSet: 0.0 ms]
      [Ref Proc: 0.2 ms]
      [Ref Enq: 0.0 ms]
      [Redirty Cards: 0.1 ms]
      [Humongous Register: 0.1 ms]
      [Humongous Reclaim: 0.0 ms]
      [Free CSet: 0.1 ms]
   [Eden: 46.0M(46.0M)->0.0B(44.0M) Survivors: 5120.0K->7168.0K Heap: 371.0M(1024.0M)->327.0M(1024.0M)]
 [Times: user=0.07 sys=0.01, real=0.03 secs] 
2018-11-25T18:08:42.307+0800: 9472.381: [GC pause (G1 Evacuation Pause) (young), 0.0201914 secs]
   [Parallel Time: 19.5 ms, GC Workers: 4]
      [GC Worker Start (ms): Min: 9472381.6, Avg: 9472381.6, Max: 9472381.6, Diff: 0.1]
      [Ext Root Scanning (ms): Min: 0.7, Avg: 0.7, Max: 0.8, Diff: 0.1, Sum: 3.0]
      [Update RS (ms): Min: 2.1, Avg: 2.4, Max: 2.7, Diff: 0.6, Sum: 9.7]
         [Processed Buffers: Min: 3, Avg: 9.0, Max: 18, Diff: 15, Sum: 36]
      [Scan RS (ms): Min: 3.5, Avg: 4.4, Max: 6.2, Diff: 2.6, Sum: 17.4]
      [Code Root Scanning (ms): Min: 0.0, Avg: 0.0, Max: 0.0, Diff: 0.0, Sum: 0.0]
      [Object Copy (ms): Min: 10.2, Avg: 11.8, Max: 12.4, Diff: 2.2, Sum: 47.2]
      [Termination (ms): Min: 0.0, Avg: 0.0, Max: 0.0, Diff: 0.0, Sum: 0.0]
         [Termination Attempts: Min: 1, Avg: 1.0, Max: 1, Diff: 0, Sum: 4]
      [GC Worker Other (ms): Min: 0.0, Avg: 0.0, Max: 0.0, Diff: 0.0, Sum: 0.1]
      [GC Worker Total (ms): Min: 19.3, Avg: 19.4, Max: 19.4, Diff: 0.0, Sum: 77.4]
      [GC Worker End (ms): Min: 9472400.9, Avg: 9472400.9, Max: 9472401.0, Diff: 0.0]
   [Code Root Fixup: 0.0 ms]
   [Code Root Purge: 0.0 ms]
   [Clear CT: 0.1 ms]
   [Other: 0.6 ms]
      [Choose CSet: 0.0 ms]
      [Ref Proc: 0.2 ms]
      [Ref Enq: 0.0 ms]
      [Redirty Cards: 0.1 ms]
      [Humongous Register: 0.0 ms]
      [Humongous Reclaim: 0.0 ms]
      [Free CSet: 0.1 ms]
   [Eden: 44.0M(44.0M)->0.0B(46.0M) Survivors: 7168.0K->5120.0K Heap: 371.0M(1024.0M)->327.5M(1024.0M)]
 [Times: user=0.07 sys=0.00, real=0.02 secs] 
2018-11-25T18:09:10.176+0800: 9500.250: [GC pause (G1 Evacuation Pause) (young), 0.0179765 secs]
   [Parallel Time: 17.4 ms, GC Workers: 4]
      [GC Worker Start (ms): Min: 9500250.0, Avg: 9500250.2, Max: 9500250.6, Diff: 0.6]
      [Ext Root Scanning (ms): Min: 0.5, Avg: 0.9, Max: 1.0, Diff: 0.6, Sum: 3.4]
      [Update RS (ms): Min: 2.3, Avg: 2.5, Max: 2.7, Diff: 0.4, Sum: 9.9]
         [Processed Buffers: Min: 4, Avg: 9.0, Max: 17, Diff: 13, Sum: 36]
      [Scan RS (ms): Min: 4.4, Avg: 5.1, Max: 6.5, Diff: 2.1, Sum: 20.3]
      [Code Root Scanning (ms): Min: 0.0, Avg: 0.0, Max: 0.0, Diff: 0.0, Sum: 0.0]
      [Object Copy (ms): Min: 7.0, Avg: 8.6, Max: 9.2, Diff: 2.2, Sum: 34.6]
      [Termination (ms): Min: 0.0, Avg: 0.0, Max: 0.0, Diff: 0.0, Sum: 0.0]
         [Termination Attempts: Min: 1, Avg: 1.5, Max: 2, Diff: 1, Sum: 6]
      [GC Worker Other (ms): Min: 0.0, Avg: 0.1, Max: 0.1, Diff: 0.1, Sum: 0.2]
      [GC Worker Total (ms): Min: 16.7, Avg: 17.1, Max: 17.3, Diff: 0.6, Sum: 68.4]
      [GC Worker End (ms): Min: 9500267.2, Avg: 9500267.3, Max: 9500267.3, Diff: 0.0]
   [Code Root Fixup: 0.0 ms]
   [Code Root Purge: 0.0 ms]
   [Clear CT: 0.1 ms]
   [Other: 0.5 ms]
      [Choose CSet: 0.0 ms]
      [Ref Proc: 0.1 ms]
      [Ref Enq: 0.0 ms]
      [Redirty Cards: 0.1 ms]
      [Humongous Register: 0.0 ms]
      [Humongous Reclaim: 0.0 ms]
      [Free CSet: 0.1 ms]
   [Eden: 46.0M(46.0M)->0.0B(65.0M) Survivors: 5120.0K->5120.0K Heap: 373.5M(1024.0M)->327.5M(1024.0M)]
 [Times: user=0.06 sys=0.01, real=0.02 secs] 
2018-11-25T18:09:49.183+0800: 9539.256: [GC pause (G1 Evacuation Pause) (young), 0.0415738 secs]
   [Parallel Time: 37.9 ms, GC Workers: 4]
      [GC Worker Start (ms): Min: 9539258.7, Avg: 9539258.8, Max: 9539258.9, Diff: 0.2]
      [Ext Root Scanning (ms): Min: 3.7, Avg: 4.9, Max: 8.0, Diff: 4.2, Sum: 19.4]
      [Update RS (ms): Min: 1.5, Avg: 4.8, Max: 6.9, Diff: 5.4, Sum: 19.3]
         [Processed Buffers: Min: 1, Avg: 7.2, Max: 18, Diff: 17, Sum: 29]
      [Scan RS (ms): Min: 0.7, Avg: 3.0, Max: 5.4, Diff: 4.6, Sum: 11.8]
      [Code Root Scanning (ms): Min: 0.0, Avg: 0.0, Max: 0.0, Diff: 0.0, Sum: 0.0]
      [Object Copy (ms): Min: 23.6, Avg: 24.9, Max: 26.1, Diff: 2.5, Sum: 99.7]
      [Termination (ms): Min: 0.0, Avg: 0.1, Max: 0.1, Diff: 0.1, Sum: 0.4]
         [Termination Attempts: Min: 1, Avg: 1.2, Max: 2, Diff: 1, Sum: 5]
      [GC Worker Other (ms): Min: 0.0, Avg: 0.1, Max: 0.1, Diff: 0.1, Sum: 0.2]
      [GC Worker Total (ms): Min: 37.6, Avg: 37.7, Max: 37.8, Diff: 0.2, Sum: 150.9]
      [GC Worker End (ms): Min: 9539296.5, Avg: 9539296.5, Max: 9539296.6, Diff: 0.0]
   [Code Root Fixup: 0.0 ms]
   [Code Root Purge: 0.0 ms]
   [Clear CT: 0.1 ms]
   [Other: 3.6 ms]
      [Choose CSet: 0.0 ms]
      [Ref Proc: 0.2 ms]
      [Ref Enq: 0.0 ms]
      [Redirty Cards: 0.1 ms]
      [Humongous Register: 2.3 ms]
      [Humongous Reclaim: 0.0 ms]
      [Free CSet: 0.4 ms]
   [Eden: 65.0M(65.0M)->0.0B(44.0M) Survivors: 5120.0K->7168.0K Heap: 392.5M(1024.0M)->329.0M(1024.0M)]
 [Times: user=0.06 sys=0.05, real=0.04 secs] 
2018-11-25T18:10:15.911+0800: 9565.983: [GC pause (G1 Evacuation Pause) (young), 0.0621420 secs]
   [Parallel Time: 57.0 ms, GC Workers: 4]
      [GC Worker Start (ms): Min: 9565986.7, Avg: 9565986.9, Max: 9565987.1, Diff: 0.3]
      [Ext Root Scanning (ms): Min: 11.0, Avg: 14.1, Max: 22.2, Diff: 11.3, Sum: 56.5]
      [Update RS (ms): Min: 0.0, Avg: 7.8, Max: 11.1, Diff: 11.1, Sum: 31.3]
         [Processed Buffers: Min: 1, Avg: 8.8, Max: 28, Diff: 27, Sum: 35]
      [Scan RS (ms): Min: 5.6, Avg: 5.7, Max: 5.8, Diff: 0.2, Sum: 22.6]
      [Code Root Scanning (ms): Min: 0.0, Avg: 0.0, Max: 0.0, Diff: 0.0, Sum: 0.0]
      [Object Copy (ms): Min: 28.7, Avg: 29.0, Max: 29.4, Diff: 0.7, Sum: 115.8]
      [Termination (ms): Min: 0.0, Avg: 0.0, Max: 0.0, Diff: 0.0, Sum: 0.0]
         [Termination Attempts: Min: 1, Avg: 1.0, Max: 1, Diff: 0, Sum: 4]
      [GC Worker Other (ms): Min: 0.1, Avg: 0.1, Max: 0.2, Diff: 0.0, Sum: 0.5]
      [GC Worker Total (ms): Min: 56.6, Avg: 56.7, Max: 56.9, Diff: 0.3, Sum: 226.8]
      [GC Worker End (ms): Min: 9566043.6, Avg: 9566043.6, Max: 9566043.6, Diff: 0.0]
   [Code Root Fixup: 0.0 ms]
   [Code Root Purge: 0.0 ms]
   [Clear CT: 0.2 ms]
   [Other: 4.9 ms]
      [Choose CSet: 0.0 ms]
      [Ref Proc: 0.3 ms]
      [Ref Enq: 0.0 ms]
      [Redirty Cards: 0.1 ms]
      [Humongous Register: 3.1 ms]
      [Humongous Reclaim: 0.0 ms]
      [Free CSet: 0.4 ms]
   [Eden: 44.0M(44.0M)->0.0B(46.0M) Survivors: 7168.0K->5120.0K Heap: 373.0M(1024.0M)->329.0M(1024.0M)]
 [Times: user=0.07 sys=0.07, real=0.06 secs] 
2018-11-25T18:10:43.657+0800: 9593.728: [GC pause (G1 Evacuation Pause) (young), 0.0254586 secs]
   [Parallel Time: 24.4 ms, GC Workers: 4]
      [GC Worker Start (ms): Min: 9593728.6, Avg: 9593728.6, Max: 9593728.6, Diff: 0.1]
      [Ext Root Scanning (ms): Min: 0.6, Avg: 0.6, Max: 0.7, Diff: 0.1, Sum: 2.5]
      [Update RS (ms): Min: 1.1, Avg: 1.3, Max: 1.5, Diff: 0.4, Sum: 5.3]
         [Processed Buffers: Min: 2, Avg: 8.8, Max: 18, Diff: 16, Sum: 35]
      [Scan RS (ms): Min: 4.3, Avg: 5.2, Max: 6.0, Diff: 1.7, Sum: 20.7]
      [Code Root Scanning (ms): Min: 0.0, Avg: 0.0, Max: 0.0, Diff: 0.0, Sum: 0.0]
      [Object Copy (ms): Min: 16.2, Avg: 17.1, Max: 17.9, Diff: 1.8, Sum: 68.5]
      [Termination (ms): Min: 0.0, Avg: 0.0, Max: 0.0, Diff: 0.0, Sum: 0.0]
         [Termination Attempts: Min: 1, Avg: 1.0, Max: 1, Diff: 0, Sum: 4]
      [GC Worker Other (ms): Min: 0.0, Avg: 0.0, Max: 0.0, Diff: 0.0, Sum: 0.1]
      [GC Worker Total (ms): Min: 24.2, Avg: 24.3, Max: 24.3, Diff: 0.1, Sum: 97.1]
      [GC Worker End (ms): Min: 9593752.9, Avg: 9593752.9, Max: 9593752.9, Diff: 0.0]
   [Code Root Fixup: 0.0 ms]
   [Code Root Purge: 0.0 ms]
   [Clear CT: 0.1 ms]
   [Other: 0.9 ms]
      [Choose CSet: 0.0 ms]
      [Ref Proc: 0.3 ms]
      [Ref Enq: 0.0 ms]
      [Redirty Cards: 0.1 ms]
      [Humongous Register: 0.1 ms]
      [Humongous Reclaim: 0.0 ms]
      [Free CSet: 0.1 ms]
   [Eden: 46.0M(46.0M)->0.0B(44.0M) Survivors: 5120.0K->7168.0K Heap: 375.0M(1024.0M)->331.0M(1024.0M)]
 [Times: user=0.05 sys=0.02, real=0.03 secs] 
2018-11-25T18:11:10.239+0800: 9620.309: [GC pause (G1 Evacuation Pause) (young), 0.0298484 secs]
   [Parallel Time: 29.1 ms, GC Workers: 4]
      [GC Worker Start (ms): Min: 9620309.3, Avg: 9620309.3, Max: 9620309.4, Diff: 0.1]
      [Ext Root Scanning (ms): Min: 0.7, Avg: 0.7, Max: 0.8, Diff: 0.1, Sum: 2.8]
      [Update RS (ms): Min: 1.6, Avg: 1.6, Max: 1.7, Diff: 0.1, Sum: 6.6]
         [Processed Buffers: Min: 5, Avg: 9.8, Max: 17, Diff: 12, Sum: 39]
      [Scan RS (ms): Min: 1.7, Avg: 4.5, Max: 12.9, Diff: 11.2, Sum: 18.0]
      [Code Root Scanning (ms): Min: 0.0, Avg: 0.0, Max: 0.0, Diff: 0.0, Sum: 0.0]
      [Object Copy (ms): Min: 13.7, Avg: 22.0, Max: 24.8, Diff: 11.1, Sum: 88.2]
      [Termination (ms): Min: 0.0, Avg: 0.0, Max: 0.0, Diff: 0.0, Sum: 0.1]
         [Termination Attempts: Min: 1, Avg: 1.0, Max: 1, Diff: 0, Sum: 4]
      [GC Worker Other (ms): Min: 0.0, Avg: 0.0, Max: 0.1, Diff: 0.0, Sum: 0.1]
      [GC Worker Total (ms): Min: 28.9, Avg: 28.9, Max: 29.0, Diff: 0.1, Sum: 115.8]
      [GC Worker End (ms): Min: 9620338.3, Avg: 9620338.3, Max: 9620338.3, Diff: 0.0]
   [Code Root Fixup: 0.0 ms]
   [Code Root Purge: 0.0 ms]
   [Clear CT: 0.1 ms]
   [Other: 0.6 ms]
      [Choose CSet: 0.0 ms]
      [Ref Proc: 0.2 ms]
      [Ref Enq: 0.0 ms]
      [Redirty Cards: 0.1 ms]
      [Humongous Register: 0.0 ms]
      [Humongous Reclaim: 0.0 ms]
      [Free CSet: 0.1 ms]
   [Eden: 44.0M(44.0M)->0.0B(46.0M) Survivors: 7168.0K->5120.0K Heap: 375.0M(1024.0M)->330.9M(1024.0M)]
 [Times: user=0.05 sys=0.01, real=0.04 secs] 
2018-11-25T18:11:37.876+0800: 9647.945: [GC pause (G1 Evacuation Pause) (young), 0.0176448 secs]
   [Parallel Time: 17.0 ms, GC Workers: 4]
      [GC Worker Start (ms): Min: 9647945.6, Avg: 9647945.6, Max: 9647945.7, Diff: 0.1]
      [Ext Root Scanning (ms): Min: 0.8, Avg: 0.8, Max: 0.9, Diff: 0.1, Sum: 3.3]
      [Update RS (ms): Min: 2.8, Avg: 2.8, Max: 2.9, Diff: 0.1, Sum: 11.2]
         [Processed Buffers: Min: 3, Avg: 8.5, Max: 16, Diff: 13, Sum: 34]
      [Scan RS (ms): Min: 3.8, Avg: 4.5, Max: 5.3, Diff: 1.6, Sum: 18.1]
      [Code Root Scanning (ms): Min: 0.0, Avg: 0.0, Max: 0.0, Diff: 0.0, Sum: 0.0]
      [Object Copy (ms): Min: 7.9, Avg: 8.7, Max: 9.4, Diff: 1.5, Sum: 34.7]
      [Termination (ms): Min: 0.0, Avg: 0.0, Max: 0.0, Diff: 0.0, Sum: 0.0]
         [Termination Attempts: Min: 1, Avg: 1.0, Max: 1, Diff: 0, Sum: 4]
      [GC Worker Other (ms): Min: 0.0, Avg: 0.0, Max: 0.1, Diff: 0.0, Sum: 0.1]
      [GC Worker Total (ms): Min: 16.8, Avg: 16.9, Max: 16.9, Diff: 0.0, Sum: 67.4]
      [GC Worker End (ms): Min: 9647962.5, Avg: 9647962.5, Max: 9647962.5, Diff: 0.0]
   [Code Root Fixup: 0.0 ms]
   [Code Root Purge: 0.0 ms]
   [Clear CT: 0.1 ms]
   [Other: 0.6 ms]
      [Choose CSet: 0.0 ms]
      [Ref Proc: 0.1 ms]
      [Ref Enq: 0.0 ms]
      [Redirty Cards: 0.1 ms]
      [Humongous Register: 0.0 ms]
      [Humongous Reclaim: 0.0 ms]
      [Free CSet: 0.1 ms]
   [Eden: 46.0M(46.0M)->0.0B(45.0M) Survivors: 5120.0K->6144.0K Heap: 376.9M(1024.0M)->331.4M(1024.0M)]
 [Times: user=0.06 sys=0.00, real=0.02 secs] 
2018-11-25T18:12:04.915+0800: 9674.984: [GC pause (G1 Evacuation Pause) (young), 0.0229209 secs]
   [Parallel Time: 22.2 ms, GC Workers: 4]
      [GC Worker Start (ms): Min: 9674983.8, Avg: 9674983.8, Max: 9674984.0, Diff: 0.2]
      [Ext Root Scanning (ms): Min: 0.9, Avg: 1.0, Max: 1.0, Diff: 0.1, Sum: 3.9]
      [Update RS (ms): Min: 4.4, Avg: 5.5, Max: 6.4, Diff: 1.9, Sum: 21.9]
         [Processed Buffers: Min: 2, Avg: 8.5, Max: 11, Diff: 9, Sum: 34]
      [Scan RS (ms): Min: 2.2, Avg: 2.9, Max: 3.8, Diff: 1.6, Sum: 11.6]
      [Code Root Scanning (ms): Min: 0.0, Avg: 0.0, Max: 0.0, Diff: 0.0, Sum: 0.0]
      [Object Copy (ms): Min: 12.6, Avg: 12.7, Max: 12.9, Diff: 0.3, Sum: 50.8]
      [Termination (ms): Min: 0.0, Avg: 0.0, Max: 0.0, Diff: 0.0, Sum: 0.0]
         [Termination Attempts: Min: 1, Avg: 1.0, Max: 1, Diff: 0, Sum: 4]
      [GC Worker Other (ms): Min: 0.0, Avg: 0.0, Max: 0.1, Diff: 0.0, Sum: 0.2]
      [GC Worker Total (ms): Min: 21.9, Avg: 22.1, Max: 22.1, Diff: 0.2, Sum: 88.4]
      [GC Worker End (ms): Min: 9675005.9, Avg: 9675005.9, Max: 9675006.0, Diff: 0.0]
   [Code Root Fixup: 0.0 ms]
   [Code Root Purge: 0.0 ms]
   [Clear CT: 0.1 ms]
   [Other: 0.6 ms]
      [Choose CSet: 0.0 ms]
      [Ref Proc: 0.1 ms]
      [Ref Enq: 0.0 ms]
      [Redirty Cards: 0.1 ms]
      [Humongous Register: 0.0 ms]
      [Humongous Reclaim: 0.0 ms]
      [Free CSet: 0.1 ms]
   [Eden: 45.0M(45.0M)->0.0B(45.0M) Survivors: 6144.0K->6144.0K Heap: 376.4M(1024.0M)->333.0M(1024.0M)]
 [Times: user=0.07 sys=0.01, real=0.03 secs] 
2018-11-25T18:12:31.932+0800: 9702.000: [GC pause (G1 Evacuation Pause) (young), 0.0696052 secs]
   [Parallel Time: 51.9 ms, GC Workers: 4]
      [GC Worker Start (ms): Min: 9702016.4, Avg: 9702016.8, Max: 9702017.1, Diff: 0.7]
      [Ext Root Scanning (ms): Min: 3.7, Avg: 11.2, Max: 33.0, Diff: 29.3, Sum: 44.8]
      [Update RS (ms): Min: 0.0, Avg: 8.5, Max: 11.5, Diff: 11.5, Sum: 34.2]
         [Processed Buffers: Min: 0, Avg: 9.5, Max: 19, Diff: 19, Sum: 38]
      [Scan RS (ms): Min: 2.0, Avg: 15.1, Max: 20.0, Diff: 18.0, Sum: 60.3]
      [Code Root Scanning (ms): Min: 0.0, Avg: 0.0, Max: 0.0, Diff: 0.0, Sum: 0.0]
      [Object Copy (ms): Min: 15.9, Avg: 16.5, Max: 17.0, Diff: 1.2, Sum: 66.1]
      [Termination (ms): Min: 0.0, Avg: 0.0, Max: 0.0, Diff: 0.0, Sum: 0.0]
         [Termination Attempts: Min: 1, Avg: 1.2, Max: 2, Diff: 1, Sum: 5]
      [GC Worker Other (ms): Min: 0.0, Avg: 0.1, Max: 0.1, Diff: 0.1, Sum: 0.2]
      [GC Worker Total (ms): Min: 51.1, Avg: 51.4, Max: 51.8, Diff: 0.7, Sum: 205.7]
      [GC Worker End (ms): Min: 9702068.2, Avg: 9702068.2, Max: 9702068.2, Diff: 0.0]
   [Code Root Fixup: 0.0 ms]
   [Code Root Purge: 0.0 ms]
   [Clear CT: 0.1 ms]
   [Other: 17.6 ms]
      [Choose CSet: 0.0 ms]
      [Ref Proc: 0.2 ms]
      [Ref Enq: 0.0 ms]
      [Redirty Cards: 0.1 ms]
      [Humongous Register: 16.0 ms]
      [Humongous Reclaim: 0.0 ms]
      [Free CSet: 0.5 ms]
   [Eden: 45.0M(45.0M)->0.0B(46.0M) Survivors: 6144.0K->5120.0K Heap: 378.0M(1024.0M)->333.7M(1024.0M)]
 [Times: user=0.06 sys=0.04, real=0.07 secs] 
2018-11-25T18:12:59.818+0800: 9729.885: [GC pause (G1 Evacuation Pause) (young), 0.0201842 secs]
   [Parallel Time: 19.3 ms, GC Workers: 4]
      [GC Worker Start (ms): Min: 9729885.0, Avg: 9729885.5, Max: 9729886.2, Diff: 1.2]
      [Ext Root Scanning (ms): Min: 0.5, Avg: 1.2, Max: 1.8, Diff: 1.2, Sum: 5.0]
      [Update RS (ms): Min: 2.3, Avg: 2.5, Max: 2.7, Diff: 0.4, Sum: 9.9]
         [Processed Buffers: Min: 1, Avg: 9.8, Max: 23, Diff: 22, Sum: 39]
      [Scan RS (ms): Min: 5.4, Avg: 6.1, Max: 6.8, Diff: 1.4, Sum: 24.4]
      [Code Root Scanning (ms): Min: 0.0, Avg: 0.0, Max: 0.0, Diff: 0.0, Sum: 0.0]
      [Object Copy (ms): Min: 8.2, Avg: 8.8, Max: 9.4, Diff: 1.2, Sum: 35.1]
      [Termination (ms): Min: 0.0, Avg: 0.1, Max: 0.1, Diff: 0.1, Sum: 0.2]
         [Termination Attempts: Min: 1, Avg: 1.0, Max: 1, Diff: 0, Sum: 4]
      [GC Worker Other (ms): Min: 0.0, Avg: 0.0, Max: 0.0, Diff: 0.0, Sum: 0.1]
      [GC Worker Total (ms): Min: 18.0, Avg: 18.7, Max: 19.2, Diff: 1.2, Sum: 74.7]
      [GC Worker End (ms): Min: 9729904.2, Avg: 9729904.2, Max: 9729904.2, Diff: 0.0]
   [Code Root Fixup: 0.0 ms]
   [Code Root Purge: 0.0 ms]
   [Clear CT: 0.1 ms]
   [Other: 0.8 ms]
      [Choose CSet: 0.0 ms]
      [Ref Proc: 0.2 ms]
      [Ref Enq: 0.0 ms]
      [Redirty Cards: 0.1 ms]
      [Humongous Register: 0.1 ms]
      [Humongous Reclaim: 0.0 ms]
      [Free CSet: 0.1 ms]
   [Eden: 46.0M(46.0M)->0.0B(45.0M) Survivors: 5120.0K->6144.0K Heap: 379.7M(1024.0M)->334.2M(1024.0M)]
 [Times: user=0.05 sys=0.00, real=0.02 secs] 
2018-11-25T18:13:26.854+0800: 9756.920: [GC pause (G1 Evacuation Pause) (young), 0.0186408 secs]
   [Parallel Time: 18.0 ms, GC Workers: 4]
      [GC Worker Start (ms): Min: 9756920.0, Avg: 9756920.1, Max: 9756920.2, Diff: 0.1]
      [Ext Root Scanning (ms): Min: 0.8, Avg: 0.9, Max: 1.0, Diff: 0.1, Sum: 3.6]
      [Update RS (ms): Min: 2.2, Avg: 3.0, Max: 3.7, Diff: 1.4, Sum: 12.0]
         [Processed Buffers: Min: 2, Avg: 8.2, Max: 18, Diff: 16, Sum: 33]
      [Scan RS (ms): Min: 2.9, Avg: 4.2, Max: 6.7, Diff: 3.8, Sum: 16.9]
      [Code Root Scanning (ms): Min: 0.0, Avg: 0.0, Max: 0.0, Diff: 0.0, Sum: 0.0]
      [Object Copy (ms): Min: 8.0, Avg: 9.7, Max: 10.3, Diff: 2.4, Sum: 38.7]
      [Termination (ms): Min: 0.0, Avg: 0.0, Max: 0.0, Diff: 0.0, Sum: 0.0]
         [Termination Attempts: Min: 1, Avg: 1.8, Max: 2, Diff: 1, Sum: 7]
      [GC Worker Other (ms): Min: 0.0, Avg: 0.1, Max: 0.1, Diff: 0.1, Sum: 0.2]
      [GC Worker Total (ms): Min: 17.8, Avg: 17.9, Max: 17.9, Diff: 0.1, Sum: 71.6]
      [GC Worker End (ms): Min: 9756938.0, Avg: 9756938.0, Max: 9756938.0, Diff: 0.0]
   [Code Root Fixup: 0.0 ms]
   [Code Root Purge: 0.0 ms]
   [Clear CT: 0.1 ms]
   [Other: 0.6 ms]
      [Choose CSet: 0.0 ms]
      [Ref Proc: 0.1 ms]
      [Ref Enq: 0.0 ms]
      [Redirty Cards: 0.1 ms]
      [Humongous Register: 0.0 ms]
      [Humongous Reclaim: 0.0 ms]
      [Free CSet: 0.1 ms]
   [Eden: 45.0M(45.0M)->0.0B(46.0M) Survivors: 6144.0K->5120.0K Heap: 379.2M(1024.0M)->334.1M(1024.0M)]
 [Times: user=0.07 sys=0.01, real=0.02 secs] 
2018-11-25T18:13:54.437+0800: 9784.502: [GC pause (G1 Evacuation Pause) (young), 0.0244863 secs]
   [Parallel Time: 23.8 ms, GC Workers: 4]
      [GC Worker Start (ms): Min: 9784502.0, Avg: 9784502.0, Max: 9784502.1, Diff: 0.1]
      [Ext Root Scanning (ms): Min: 0.7, Avg: 0.8, Max: 0.8, Diff: 0.1, Sum: 3.0]
      [Update RS (ms): Min: 2.1, Avg: 2.4, Max: 3.0, Diff: 0.9, Sum: 9.8]
         [Processed Buffers: Min: 4, Avg: 9.2, Max: 19, Diff: 15, Sum: 37]
      [Scan RS (ms): Min: 4.5, Avg: 4.8, Max: 5.6, Diff: 1.1, Sum: 19.3]
      [Code Root Scanning (ms): Min: 0.0, Avg: 0.0, Max: 0.0, Diff: 0.0, Sum: 0.0]
      [Object Copy (ms): Min: 15.1, Avg: 15.6, Max: 16.0, Diff: 0.8, Sum: 62.4]
      [Termination (ms): Min: 0.0, Avg: 0.0, Max: 0.0, Diff: 0.0, Sum: 0.1]
         [Termination Attempts: Min: 1, Avg: 1.0, Max: 1, Diff: 0, Sum: 4]
      [GC Worker Other (ms): Min: 0.0, Avg: 0.0, Max: 0.0, Diff: 0.0, Sum: 0.1]
      [GC Worker Total (ms): Min: 23.6, Avg: 23.7, Max: 23.7, Diff: 0.1, Sum: 94.7]
      [GC Worker End (ms): Min: 9784525.7, Avg: 9784525.7, Max: 9784525.7, Diff: 0.0]
   [Code Root Fixup: 0.0 ms]
   [Code Root Purge: 0.0 ms]
   [Clear CT: 0.1 ms]
   [Other: 0.6 ms]
      [Choose CSet: 0.0 ms]
      [Ref Proc: 0.2 ms]
      [Ref Enq: 0.0 ms]
      [Redirty Cards: 0.1 ms]
      [Humongous Register: 0.0 ms]
      [Humongous Reclaim: 0.0 ms]
      [Free CSet: 0.1 ms]
   [Eden: 46.0M(46.0M)->0.0B(44.0M) Survivors: 5120.0K->7168.0K Heap: 380.1M(1024.0M)->336.1M(1024.0M)]
 [Times: user=0.07 sys=0.01, real=0.03 secs] 
2018-11-25T18:14:20.797+0800: 9810.861: [GC pause (G1 Evacuation Pause) (young), 0.0204013 secs]
   [Parallel Time: 19.5 ms, GC Workers: 4]
      [GC Worker Start (ms): Min: 9810861.3, Avg: 9810861.4, Max: 9810861.4, Diff: 0.1]
      [Ext Root Scanning (ms): Min: 0.9, Avg: 1.0, Max: 1.2, Diff: 0.2, Sum: 4.0]
      [Update RS (ms): Min: 2.5, Avg: 2.7, Max: 2.9, Diff: 0.4, Sum: 10.9]
         [Processed Buffers: Min: 3, Avg: 7.8, Max: 18, Diff: 15, Sum: 31]
      [Scan RS (ms): Min: 3.4, Avg: 4.1, Max: 5.5, Diff: 2.0, Sum: 16.3]
      [Code Root Scanning (ms): Min: 0.0, Avg: 0.0, Max: 0.0, Diff: 0.0, Sum: 0.0]
      [Object Copy (ms): Min: 10.1, Avg: 11.6, Max: 12.1, Diff: 2.1, Sum: 46.3]
      [Termination (ms): Min: 0.0, Avg: 0.0, Max: 0.0, Diff: 0.0, Sum: 0.0]
         [Termination Attempts: Min: 1, Avg: 1.0, Max: 1, Diff: 0, Sum: 4]
      [GC Worker Other (ms): Min: 0.0, Avg: 0.0, Max: 0.1, Diff: 0.0, Sum: 0.2]
      [GC Worker Total (ms): Min: 19.4, Avg: 19.4, Max: 19.4, Diff: 0.1, Sum: 77.6]
      [GC Worker End (ms): Min: 9810880.8, Avg: 9810880.8, Max: 9810880.8, Diff: 0.0]
   [Code Root Fixup: 0.0 ms]
   [Code Root Purge: 0.0 ms]
   [Clear CT: 0.0 ms]
   [Other: 0.8 ms]
      [Choose CSet: 0.0 ms]
      [Ref Proc: 0.1 ms]
      [Ref Enq: 0.0 ms]
      [Redirty Cards: 0.2 ms]
      [Humongous Register: 0.2 ms]
      [Humongous Reclaim: 0.0 ms]
      [Free CSet: 0.1 ms]
   [Eden: 44.0M(44.0M)->0.0B(46.0M) Survivors: 7168.0K->5120.0K Heap: 380.1M(1024.0M)->336.1M(1024.0M)]
 [Times: user=0.07 sys=0.01, real=0.02 secs] 
2018-11-25T18:14:48.397+0800: 9838.460: [GC pause (G1 Evacuation Pause) (young), 0.0445987 secs]
   [Parallel Time: 42.5 ms, GC Workers: 4]
      [GC Worker Start (ms): Min: 9838461.7, Avg: 9838461.8, Max: 9838461.8, Diff: 0.1]
      [Ext Root Scanning (ms): Min: 1.2, Avg: 1.3, Max: 1.4, Diff: 0.3, Sum: 5.2]
      [Update RS (ms): Min: 12.1, Avg: 12.7, Max: 12.9, Diff: 0.9, Sum: 50.6]
         [Processed Buffers: Min: 3, Avg: 8.5, Max: 19, Diff: 16, Sum: 34]
      [Scan RS (ms): Min: 13.4, Avg: 14.3, Max: 16.2, Diff: 2.9, Sum: 57.3]
      [Code Root Scanning (ms): Min: 0.0, Avg: 0.0, Max: 0.0, Diff: 0.0, Sum: 0.0]
      [Object Copy (ms): Min: 11.9, Avg: 14.0, Max: 14.9, Diff: 3.1, Sum: 56.1]
      [Termination (ms): Min: 0.0, Avg: 0.0, Max: 0.0, Diff: 0.0, Sum: 0.0]
         [Termination Attempts: Min: 1, Avg: 2.0, Max: 3, Diff: 2, Sum: 8]
      [GC Worker Other (ms): Min: 0.0, Avg: 0.1, Max: 0.2, Diff: 0.2, Sum: 0.3]
      [GC Worker Total (ms): Min: 42.4, Avg: 42.4, Max: 42.4, Diff: 0.1, Sum: 169.7]
      [GC Worker End (ms): Min: 9838504.2, Avg: 9838504.2, Max: 9838504.2, Diff: 0.0]
   [Code Root Fixup: 0.0 ms]
   [Code Root Purge: 0.0 ms]
   [Clear CT: 0.1 ms]
   [Other: 1.9 ms]
      [Choose CSet: 0.0 ms]
      [Ref Proc: 0.1 ms]
      [Ref Enq: 0.0 ms]
      [Redirty Cards: 0.1 ms]
      [Humongous Register: 0.4 ms]
      [Humongous Reclaim: 0.0 ms]
      [Free CSet: 0.1 ms]
   [Eden: 46.0M(46.0M)->0.0B(46.0M) Survivors: 5120.0K->5120.0K Heap: 382.1M(1024.0M)->336.1M(1024.0M)]
 [Times: user=0.05 sys=0.04, real=0.05 secs] 
2018-11-25T18:15:16.076+0800: 9866.138: [GC pause (G1 Evacuation Pause) (young), 0.0274135 secs]
   [Parallel Time: 26.1 ms, GC Workers: 4]
      [GC Worker Start (ms): Min: 9866139.0, Avg: 9866139.0, Max: 9866139.0, Diff: 0.1]
      [Ext Root Scanning (ms): Min: 1.5, Avg: 1.8, Max: 2.6, Diff: 1.1, Sum: 7.2]
      [Update RS (ms): Min: 0.9, Avg: 1.8, Max: 2.6, Diff: 1.7, Sum: 7.1]
         [Processed Buffers: Min: 5, Avg: 8.0, Max: 11, Diff: 6, Sum: 32]
      [Scan RS (ms): Min: 2.2, Avg: 2.8, Max: 3.0, Diff: 0.8, Sum: 11.2]
      [Code Root Scanning (ms): Min: 0.0, Avg: 0.0, Max: 0.0, Diff: 0.0, Sum: 0.0]
      [Object Copy (ms): Min: 19.2, Avg: 19.4, Max: 19.6, Diff: 0.4, Sum: 77.6]
      [Termination (ms): Min: 0.0, Avg: 0.2, Max: 0.3, Diff: 0.3, Sum: 0.7]
         [Termination Attempts: Min: 1, Avg: 1.2, Max: 2, Diff: 1, Sum: 5]
      [GC Worker Other (ms): Min: 0.0, Avg: 0.0, Max: 0.0, Diff: 0.0, Sum: 0.1]
      [GC Worker Total (ms): Min: 25.9, Avg: 25.9, Max: 26.0, Diff: 0.1, Sum: 103.7]
      [GC Worker End (ms): Min: 9866164.9, Avg: 9866164.9, Max: 9866165.0, Diff: 0.0]
   [Code Root Fixup: 0.0 ms]
   [Code Root Purge: 0.0 ms]
   [Clear CT: 0.1 ms]
   [Other: 1.2 ms]
      [Choose CSet: 0.0 ms]
      [Ref Proc: 0.3 ms]
      [Ref Enq: 0.0 ms]
      [Redirty Cards: 0.1 ms]
      [Humongous Register: 0.3 ms]
      [Humongous Reclaim: 0.0 ms]
      [Free CSet: 0.1 ms]
   [Eden: 46.0M(46.0M)->0.0B(44.0M) Survivors: 5120.0K->7168.0K Heap: 382.1M(1024.0M)->338.1M(1024.0M)]
 [Times: user=0.07 sys=0.01, real=0.03 secs] 
2018-11-25T18:15:42.721+0800: 9892.783: [GC pause (G1 Evacuation Pause) (young), 0.0763729 secs]
   [Parallel Time: 63.1 ms, GC Workers: 4]
      [GC Worker Start (ms): Min: 9892783.7, Avg: 9892784.2, Max: 9892785.2, Diff: 1.5]
      [Ext Root Scanning (ms): Min: 0.0, Avg: 1.1, Max: 1.8, Diff: 1.8, Sum: 4.4]
      [Update RS (ms): Min: 5.6, Avg: 6.7, Max: 8.3, Diff: 2.6, Sum: 27.0]
         [Processed Buffers: Min: 3, Avg: 7.2, Max: 12, Diff: 9, Sum: 29]
      [Scan RS (ms): Min: 9.1, Avg: 11.5, Max: 13.4, Diff: 4.3, Sum: 45.9]
      [Code Root Scanning (ms): Min: 0.0, Avg: 0.0, Max: 0.0, Diff: 0.0, Sum: 0.0]
      [Object Copy (ms): Min: 31.0, Avg: 32.7, Max: 34.1, Diff: 3.1, Sum: 131.0]
      [Termination (ms): Min: 0.0, Avg: 6.7, Max: 10.1, Diff: 10.1, Sum: 26.9]
         [Termination Attempts: Min: 1, Avg: 1.0, Max: 1, Diff: 0, Sum: 4]
      [GC Worker Other (ms): Min: 0.0, Avg: 0.0, Max: 0.0, Diff: 0.0, Sum: 0.1]
      [GC Worker Total (ms): Min: 52.8, Avg: 58.8, Max: 63.0, Diff: 10.2, Sum: 235.2]
      [GC Worker End (ms): Min: 9892836.6, Avg: 9892843.0, Max: 9892846.6, Diff: 10.0]
   [Code Root Fixup: 0.0 ms]
   [Code Root Purge: 0.0 ms]
   [Clear CT: 0.3 ms]
   [Other: 13.0 ms]
      [Choose CSet: 0.0 ms]
      [Ref Proc: 11.5 ms]
      [Ref Enq: 0.0 ms]
      [Redirty Cards: 0.6 ms]
      [Humongous Register: 0.3 ms]
      [Humongous Reclaim: 0.0 ms]
      [Free CSet: 0.2 ms]
   [Eden: 44.0M(44.0M)->0.0B(46.0M) Survivors: 7168.0K->5120.0K Heap: 382.1M(1024.0M)->338.6M(1024.0M)]
 [Times: user=0.07 sys=0.05, real=0.08 secs] 
2018-11-25T18:16:10.566+0800: 9920.627: [GC pause (G1 Evacuation Pause) (young), 0.0206878 secs]
   [Parallel Time: 19.9 ms, GC Workers: 4]
      [GC Worker Start (ms): Min: 9920627.3, Avg: 9920627.3, Max: 9920627.4, Diff: 0.1]
      [Ext Root Scanning (ms): Min: 1.0, Avg: 1.0, Max: 1.1, Diff: 0.1, Sum: 4.1]
      [Update RS (ms): Min: 2.5, Avg: 2.8, Max: 3.2, Diff: 0.7, Sum: 11.3]
         [Processed Buffers: Min: 4, Avg: 9.5, Max: 21, Diff: 17, Sum: 38]
      [Scan RS (ms): Min: 5.0, Avg: 6.5, Max: 7.9, Diff: 2.9, Sum: 25.9]
      [Code Root Scanning (ms): Min: 0.0, Avg: 0.0, Max: 0.0, Diff: 0.0, Sum: 0.0]
      [Object Copy (ms): Min: 8.4, Avg: 9.5, Max: 10.7, Diff: 2.3, Sum: 38.0]
      [Termination (ms): Min: 0.0, Avg: 0.0, Max: 0.0, Diff: 0.0, Sum: 0.0]
         [Termination Attempts: Min: 1, Avg: 1.0, Max: 1, Diff: 0, Sum: 4]
      [GC Worker Other (ms): Min: 0.0, Avg: 0.0, Max: 0.0, Diff: 0.0, Sum: 0.2]
      [GC Worker Total (ms): Min: 19.8, Avg: 19.9, Max: 19.9, Diff: 0.0, Sum: 79.4]
      [GC Worker End (ms): Min: 9920647.2, Avg: 9920647.2, Max: 9920647.2, Diff: 0.0]
   [Code Root Fixup: 0.0 ms]
   [Code Root Purge: 0.0 ms]
   [Clear CT: 0.1 ms]
   [Other: 0.6 ms]
      [Choose CSet: 0.0 ms]
      [Ref Proc: 0.2 ms]
      [Ref Enq: 0.0 ms]
      [Redirty Cards: 0.1 ms]
      [Humongous Register: 0.0 ms]
      [Humongous Reclaim: 0.0 ms]
      [Free CSet: 0.1 ms]
   [Eden: 46.0M(46.0M)->0.0B(46.0M) Survivors: 5120.0K->5120.0K Heap: 384.6M(1024.0M)->338.6M(1024.0M)]
 [Times: user=0.07 sys=0.01, real=0.02 secs] 
2018-11-25T18:16:38.197+0800: 9948.258: [GC pause (G1 Evacuation Pause) (young), 0.0219424 secs]
   [Parallel Time: 21.2 ms, GC Workers: 4]
      [GC Worker Start (ms): Min: 9948257.9, Avg: 9948257.9, Max: 9948258.0, Diff: 0.1]
      [Ext Root Scanning (ms): Min: 0.8, Avg: 0.8, Max: 0.9, Diff: 0.1, Sum: 3.2]
      [Update RS (ms): Min: 2.2, Avg: 2.5, Max: 2.8, Diff: 0.6, Sum: 9.9]
         [Processed Buffers: Min: 2, Avg: 8.8, Max: 19, Diff: 17, Sum: 35]
      [Scan RS (ms): Min: 3.1, Avg: 4.0, Max: 6.2, Diff: 3.0, Sum: 16.2]
      [Code Root Scanning (ms): Min: 0.0, Avg: 0.0, Max: 0.0, Diff: 0.0, Sum: 0.0]
      [Object Copy (ms): Min: 11.9, Avg: 13.7, Max: 14.3, Diff: 2.4, Sum: 54.7]
      [Termination (ms): Min: 0.0, Avg: 0.1, Max: 0.1, Diff: 0.1, Sum: 0.4]
         [Termination Attempts: Min: 1, Avg: 1.5, Max: 2, Diff: 1, Sum: 6]
      [GC Worker Other (ms): Min: 0.0, Avg: 0.0, Max: 0.1, Diff: 0.1, Sum: 0.2]
      [GC Worker Total (ms): Min: 21.1, Avg: 21.1, Max: 21.2, Diff: 0.1, Sum: 84.6]
      [GC Worker End (ms): Min: 9948279.1, Avg: 9948279.1, Max: 9948279.1, Diff: 0.0]
   [Code Root Fixup: 0.0 ms]
   [Code Root Purge: 0.0 ms]
   [Clear CT: 0.1 ms]
   [Other: 0.6 ms]
      [Choose CSet: 0.0 ms]
      [Ref Proc: 0.2 ms]
      [Ref Enq: 0.0 ms]
      [Redirty Cards: 0.1 ms]
      [Humongous Register: 0.0 ms]
      [Humongous Reclaim: 0.0 ms]
      [Free CSet: 0.1 ms]
   [Eden: 46.0M(46.0M)->0.0B(44.0M) Survivors: 5120.0K->7168.0K Heap: 384.6M(1024.0M)->340.1M(1024.0M)]
 [Times: user=0.07 sys=0.00, real=0.03 secs] 
2018-11-25T18:17:04.750+0800: 9974.809: [GC pause (G1 Evacuation Pause) (young), 0.0262394 secs]
   [Parallel Time: 24.8 ms, GC Workers: 4]
      [GC Worker Start (ms): Min: 9974809.1, Avg: 9974811.5, Max: 9974814.3, Diff: 5.2]
      [Ext Root Scanning (ms): Min: 0.0, Avg: 1.3, Max: 3.8, Diff: 3.8, Sum: 5.3]
      [Update RS (ms): Min: 0.2, Avg: 1.9, Max: 3.8, Diff: 3.5, Sum: 7.7]
         [Processed Buffers: Min: 5, Avg: 9.0, Max: 17, Diff: 12, Sum: 36]
      [Scan RS (ms): Min: 2.1, Avg: 3.5, Max: 4.5, Diff: 2.4, Sum: 13.9]
      [Code Root Scanning (ms): Min: 0.0, Avg: 0.0, Max: 0.0, Diff: 0.0, Sum: 0.0]
      [Object Copy (ms): Min: 14.1, Avg: 15.2, Max: 16.3, Diff: 2.2, Sum: 60.6]
      [Termination (ms): Min: 0.0, Avg: 0.4, Max: 0.5, Diff: 0.5, Sum: 1.4]
         [Termination Attempts: Min: 1, Avg: 1.0, Max: 1, Diff: 0, Sum: 4]
      [GC Worker Other (ms): Min: 0.0, Avg: 0.1, Max: 0.2, Diff: 0.1, Sum: 0.3]
      [GC Worker Total (ms): Min: 19.4, Avg: 22.3, Max: 24.7, Diff: 5.2, Sum: 89.3]
      [GC Worker End (ms): Min: 9974833.7, Avg: 9974833.8, Max: 9974833.8, Diff: 0.1]
   [Code Root Fixup: 0.0 ms]
   [Code Root Purge: 0.0 ms]
   [Clear CT: 0.1 ms]
   [Other: 1.4 ms]
      [Choose CSet: 0.0 ms]
      [Ref Proc: 0.8 ms]
      [Ref Enq: 0.0 ms]
      [Redirty Cards: 0.2 ms]
      [Humongous Register: 0.1 ms]
      [Humongous Reclaim: 0.0 ms]
      [Free CSet: 0.1 ms]
   [Eden: 44.0M(44.0M)->0.0B(46.0M) Survivors: 7168.0K->5120.0K Heap: 384.1M(1024.0M)->340.6M(1024.0M)]
 [Times: user=0.06 sys=0.01, real=0.02 secs] 
2018-11-25T18:17:32.490+0800: 10002.548: [GC pause (G1 Evacuation Pause) (young), 0.0176695 secs]
   [Parallel Time: 16.8 ms, GC Workers: 4]
      [GC Worker Start (ms): Min: 10002548.6, Avg: 10002548.7, Max: 10002549.0, Diff: 0.4]
      [Ext Root Scanning (ms): Min: 0.3, Avg: 0.8, Max: 1.4, Diff: 1.0, Sum: 3.1]
      [Update RS (ms): Min: 1.0, Avg: 1.5, Max: 1.7, Diff: 0.8, Sum: 5.8]
         [Processed Buffers: Min: 1, Avg: 9.8, Max: 15, Diff: 14, Sum: 39]
      [Scan RS (ms): Min: 3.2, Avg: 4.1, Max: 4.5, Diff: 1.3, Sum: 16.6]
      [Code Root Scanning (ms): Min: 0.0, Avg: 0.0, Max: 0.0, Diff: 0.0, Sum: 0.0]
      [Object Copy (ms): Min: 9.7, Avg: 10.1, Max: 11.3, Diff: 1.6, Sum: 40.3]
      [Termination (ms): Min: 0.0, Avg: 0.1, Max: 0.2, Diff: 0.2, Sum: 0.4]
         [Termination Attempts: Min: 1, Avg: 1.5, Max: 3, Diff: 2, Sum: 6]
      [GC Worker Other (ms): Min: 0.0, Avg: 0.0, Max: 0.0, Diff: 0.0, Sum: 0.1]
      [GC Worker Total (ms): Min: 16.3, Avg: 16.6, Max: 16.7, Diff: 0.4, Sum: 66.3]
      [GC Worker End (ms): Min: 10002565.3, Avg: 10002565.3, Max: 10002565.3, Diff: 0.0]
   [Code Root Fixup: 0.0 ms]
   [Code Root Purge: 0.0 ms]
   [Clear CT: 0.1 ms]
   [Other: 0.8 ms]
      [Choose CSet: 0.0 ms]
      [Ref Proc: 0.3 ms]
      [Ref Enq: 0.0 ms]
      [Redirty Cards: 0.1 ms]
      [Humongous Register: 0.0 ms]
      [Humongous Reclaim: 0.0 ms]
      [Free CSet: 0.1 ms]
   [Eden: 46.0M(46.0M)->0.0B(46.0M) Survivors: 5120.0K->5120.0K Heap: 386.6M(1024.0M)->340.6M(1024.0M)]
 [Times: user=0.05 sys=0.01, real=0.02 secs] 
2018-11-25T18:18:00.316+0800: 10030.374: [GC pause (G1 Evacuation Pause) (young), 0.0191400 secs]
   [Parallel Time: 18.3 ms, GC Workers: 4]
      [GC Worker Start (ms): Min: 10030374.0, Avg: 10030374.1, Max: 10030374.5, Diff: 0.5]
      [Ext Root Scanning (ms): Min: 0.3, Avg: 0.7, Max: 0.9, Diff: 0.5, Sum: 2.9]
      [Update RS (ms): Min: 2.0, Avg: 2.3, Max: 3.1, Diff: 1.1, Sum: 9.3]
         [Processed Buffers: Min: 1, Avg: 8.5, Max: 16, Diff: 15, Sum: 34]
      [Scan RS (ms): Min: 2.8, Avg: 4.5, Max: 5.6, Diff: 2.8, Sum: 18.1]
      [Code Root Scanning (ms): Min: 0.0, Avg: 0.0, Max: 0.0, Diff: 0.0, Sum: 0.0]
      [Object Copy (ms): Min: 9.7, Avg: 10.4, Max: 12.2, Diff: 2.6, Sum: 41.5]
      [Termination (ms): Min: 0.0, Avg: 0.1, Max: 0.1, Diff: 0.1, Sum: 0.4]
         [Termination Attempts: Min: 1, Avg: 1.0, Max: 1, Diff: 0, Sum: 4]
      [GC Worker Other (ms): Min: 0.0, Avg: 0.0, Max: 0.0, Diff: 0.0, Sum: 0.1]
      [GC Worker Total (ms): Min: 17.7, Avg: 18.1, Max: 18.2, Diff: 0.5, Sum: 72.2]
      [GC Worker End (ms): Min: 10030392.2, Avg: 10030392.2, Max: 10030392.2, Diff: 0.0]
   [Code Root Fixup: 0.0 ms]
   [Code Root Purge: 0.0 ms]
   [Clear CT: 0.1 ms]
   [Other: 0.8 ms]
      [Choose CSet: 0.0 ms]
      [Ref Proc: 0.2 ms]
      [Ref Enq: 0.0 ms]
      [Redirty Cards: 0.1 ms]
      [Humongous Register: 0.1 ms]
      [Humongous Reclaim: 0.0 ms]
      [Free CSet: 0.1 ms]
   [Eden: 46.0M(46.0M)->0.0B(46.0M) Survivors: 5120.0K->5120.0K Heap: 386.6M(1024.0M)->341.0M(1024.0M)]
 [Times: user=0.05 sys=0.00, real=0.03 secs] 
2018-11-25T18:18:28.048+0800: 10058.105: [GC pause (G1 Evacuation Pause) (young), 0.0735847 secs]
   [Parallel Time: 60.8 ms, GC Workers: 4]
      [GC Worker Start (ms): Min: 10058115.4, Avg: 10058119.0, Max: 10058120.7, Diff: 5.2]
      [Ext Root Scanning (ms): Min: 3.7, Avg: 6.9, Max: 14.9, Diff: 11.3, Sum: 27.6]
      [Update RS (ms): Min: 13.2, Avg: 15.4, Max: 16.7, Diff: 3.5, Sum: 61.7]
         [Processed Buffers: Min: 1, Avg: 8.2, Max: 15, Diff: 14, Sum: 33]
      [Scan RS (ms): Min: 5.1, Avg: 10.8, Max: 16.4, Diff: 11.4, Sum: 43.2]
      [Code Root Scanning (ms): Min: 0.0, Avg: 0.0, Max: 0.1, Diff: 0.1, Sum: 0.1]
      [Object Copy (ms): Min: 18.3, Avg: 23.8, Max: 27.4, Diff: 9.1, Sum: 95.4]
      [Termination (ms): Min: 0.0, Avg: 0.1, Max: 0.2, Diff: 0.2, Sum: 0.4]
         [Termination Attempts: Min: 1, Avg: 1.2, Max: 2, Diff: 1, Sum: 5]
      [GC Worker Other (ms): Min: 0.0, Avg: 0.1, Max: 0.1, Diff: 0.0, Sum: 0.2]
      [GC Worker Total (ms): Min: 55.4, Avg: 57.1, Max: 60.7, Diff: 5.3, Sum: 228.5]
      [GC Worker End (ms): Min: 10058176.1, Avg: 10058176.1, Max: 10058176.2, Diff: 0.0]
   [Code Root Fixup: 0.0 ms]
   [Code Root Purge: 0.0 ms]
   [Clear CT: 0.1 ms]
   [Other: 12.6 ms]
      [Choose CSet: 0.0 ms]
      [Ref Proc: 0.7 ms]
      [Ref Enq: 0.0 ms]
      [Redirty Cards: 0.1 ms]
      [Humongous Register: 9.5 ms]
      [Humongous Reclaim: 0.1 ms]
      [Free CSet: 1.0 ms]
   [Eden: 46.0M(46.0M)->0.0B(45.0M) Survivors: 5120.0K->6144.0K Heap: 387.0M(1024.0M)->342.5M(1024.0M)]
 [Times: user=0.06 sys=0.04, real=0.08 secs] 
2018-11-25T18:18:55.449+0800: 10085.505: [GC pause (G1 Evacuation Pause) (young), 0.0194033 secs]
   [Parallel Time: 18.6 ms, GC Workers: 4]
      [GC Worker Start (ms): Min: 10085505.1, Avg: 10085505.2, Max: 10085505.2, Diff: 0.1]
      [Ext Root Scanning (ms): Min: 0.9, Avg: 0.9, Max: 1.0, Diff: 0.2, Sum: 3.8]
      [Update RS (ms): Min: 2.2, Avg: 2.3, Max: 2.4, Diff: 0.2, Sum: 9.2]
         [Processed Buffers: Min: 1, Avg: 7.5, Max: 21, Diff: 20, Sum: 30]
      [Scan RS (ms): Min: 3.0, Avg: 3.9, Max: 4.8, Diff: 1.8, Sum: 15.7]
      [Code Root Scanning (ms): Min: 0.0, Avg: 0.0, Max: 0.0, Diff: 0.0, Sum: 0.0]
      [Object Copy (ms): Min: 10.5, Avg: 11.3, Max: 12.1, Diff: 1.6, Sum: 45.2]
      [Termination (ms): Min: 0.0, Avg: 0.0, Max: 0.0, Diff: 0.0, Sum: 0.0]
         [Termination Attempts: Min: 1, Avg: 1.0, Max: 1, Diff: 0, Sum: 4]
      [GC Worker Other (ms): Min: 0.0, Avg: 0.0, Max: 0.1, Diff: 0.0, Sum: 0.2]
      [GC Worker Total (ms): Min: 18.5, Avg: 18.5, Max: 18.6, Diff: 0.1, Sum: 74.1]
      [GC Worker End (ms): Min: 10085523.7, Avg: 10085523.7, Max: 10085523.7, Diff: 0.0]
   [Code Root Fixup: 0.0 ms]
   [Code Root Purge: 0.0 ms]
   [Clear CT: 0.1 ms]
   [Other: 0.6 ms]
      [Choose CSet: 0.0 ms]
      [Ref Proc: 0.2 ms]
      [Ref Enq: 0.0 ms]
      [Redirty Cards: 0.1 ms]
      [Humongous Register: 0.0 ms]
      [Humongous Reclaim: 0.0 ms]
      [Free CSet: 0.1 ms]
   [Eden: 45.0M(45.0M)->0.0B(46.0M) Survivors: 6144.0K->5120.0K Heap: 387.5M(1024.0M)->342.9M(1024.0M)]
 [Times: user=0.07 sys=0.00, real=0.03 secs] 
2018-11-25T18:19:23.467+0800: 10113.522: [GC pause (G1 Evacuation Pause) (young), 0.0180240 secs]
   [Parallel Time: 17.3 ms, GC Workers: 4]
      [GC Worker Start (ms): Min: 10113522.4, Avg: 10113522.5, Max: 10113522.5, Diff: 0.1]
      [Ext Root Scanning (ms): Min: 0.8, Avg: 0.9, Max: 0.9, Diff: 0.2, Sum: 3.4]
      [Update RS (ms): Min: 2.2, Avg: 2.5, Max: 2.7, Diff: 0.5, Sum: 9.8]
         [Processed Buffers: Min: 6, Avg: 8.0, Max: 14, Diff: 8, Sum: 32]
      [Scan RS (ms): Min: 3.8, Avg: 4.1, Max: 4.3, Diff: 0.5, Sum: 16.3]
      [Code Root Scanning (ms): Min: 0.0, Avg: 0.0, Max: 0.0, Diff: 0.0, Sum: 0.0]
      [Object Copy (ms): Min: 9.6, Avg: 9.7, Max: 9.9, Diff: 0.3, Sum: 38.9]
      [Termination (ms): Min: 0.0, Avg: 0.0, Max: 0.0, Diff: 0.0, Sum: 0.0]
         [Termination Attempts: Min: 1, Avg: 1.0, Max: 1, Diff: 0, Sum: 4]
      [GC Worker Other (ms): Min: 0.0, Avg: 0.0, Max: 0.0, Diff: 0.0, Sum: 0.1]
      [GC Worker Total (ms): Min: 17.1, Avg: 17.2, Max: 17.2, Diff: 0.1, Sum: 68.6]
      [GC Worker End (ms): Min: 10113539.6, Avg: 10113539.6, Max: 10113539.6, Diff: 0.0]
   [Code Root Fixup: 0.0 ms]
   [Code Root Purge: 0.0 ms]
   [Clear CT: 0.0 ms]
   [Other: 0.6 ms]
      [Choose CSet: 0.0 ms]
      [Ref Proc: 0.2 ms]
      [Ref Enq: 0.0 ms]
      [Redirty Cards: 0.0 ms]
      [Humongous Register: 0.0 ms]
      [Humongous Reclaim: 0.0 ms]
      [Free CSet: 0.1 ms]
   [Eden: 46.0M(46.0M)->0.0B(45.0M) Survivors: 5120.0K->6144.0K Heap: 388.9M(1024.0M)->343.9M(1024.0M)]
 [Times: user=0.06 sys=0.01, real=0.02 secs] 
2018-11-25T18:19:50.751+0800: 10140.805: [GC pause (G1 Evacuation Pause) (young), 0.0192759 secs]
   [Parallel Time: 18.4 ms, GC Workers: 4]
      [GC Worker Start (ms): Min: 10140805.5, Avg: 10140806.4, Max: 10140807.2, Diff: 1.8]
      [Ext Root Scanning (ms): Min: 0.0, Avg: 0.8, Max: 1.7, Diff: 1.7, Sum: 3.2]
      [Update RS (ms): Min: 1.4, Avg: 2.1, Max: 2.5, Diff: 1.1, Sum: 8.5]
         [Processed Buffers: Min: 2, Avg: 7.8, Max: 11, Diff: 9, Sum: 31]
      [Scan RS (ms): Min: 1.3, Avg: 3.1, Max: 4.6, Diff: 3.2, Sum: 12.6]
      [Code Root Scanning (ms): Min: 0.0, Avg: 0.0, Max: 0.0, Diff: 0.0, Sum: 0.0]
      [Object Copy (ms): Min: 9.6, Avg: 11.3, Max: 13.9, Diff: 4.2, Sum: 45.1]
      [Termination (ms): Min: 0.0, Avg: 0.0, Max: 0.0, Diff: 0.0, Sum: 0.0]
         [Termination Attempts: Min: 1, Avg: 1.5, Max: 2, Diff: 1, Sum: 6]
      [GC Worker Other (ms): Min: 0.0, Avg: 0.0, Max: 0.1, Diff: 0.0, Sum: 0.1]
      [GC Worker Total (ms): Min: 16.5, Avg: 17.4, Max: 18.3, Diff: 1.8, Sum: 69.6]
      [GC Worker End (ms): Min: 10140823.8, Avg: 10140823.8, Max: 10140823.8, Diff: 0.0]
   [Code Root Fixup: 0.0 ms]
   [Code Root Purge: 0.0 ms]
   [Clear CT: 0.1 ms]
   [Other: 0.8 ms]
      [Choose CSet: 0.0 ms]
      [Ref Proc: 0.3 ms]
      [Ref Enq: 0.0 ms]
      [Redirty Cards: 0.1 ms]
      [Humongous Register: 0.1 ms]
      [Humongous Reclaim: 0.0 ms]
      [Free CSet: 0.1 ms]
   [Eden: 45.0M(45.0M)->0.0B(46.0M) Survivors: 6144.0K->5120.0K Heap: 388.9M(1024.0M)->344.5M(1024.0M)]
 [Times: user=0.05 sys=0.01, real=0.02 secs] 
2018-11-25T18:20:18.453+0800: 10168.507: [GC pause (G1 Evacuation Pause) (young), 0.0232244 secs]
   [Parallel Time: 22.3 ms, GC Workers: 4]
      [GC Worker Start (ms): Min: 10168506.9, Avg: 10168507.0, Max: 10168507.2, Diff: 0.3]
      [Ext Root Scanning (ms): Min: 1.0, Avg: 1.2, Max: 1.3, Diff: 0.3, Sum: 4.8]
      [Update RS (ms): Min: 2.9, Avg: 3.4, Max: 4.1, Diff: 1.2, Sum: 13.5]
         [Processed Buffers: Min: 3, Avg: 9.5, Max: 17, Diff: 14, Sum: 38]
      [Scan RS (ms): Min: 3.9, Avg: 4.6, Max: 5.1, Diff: 1.1, Sum: 18.4]
      [Code Root Scanning (ms): Min: 0.0, Avg: 0.0, Max: 0.0, Diff: 0.0, Sum: 0.0]
      [Object Copy (ms): Min: 12.9, Avg: 13.0, Max: 13.1, Diff: 0.2, Sum: 51.9]
      [Termination (ms): Min: 0.0, Avg: 0.0, Max: 0.0, Diff: 0.0, Sum: 0.0]
         [Termination Attempts: Min: 1, Avg: 1.0, Max: 1, Diff: 0, Sum: 4]
      [GC Worker Other (ms): Min: 0.0, Avg: 0.0, Max: 0.0, Diff: 0.0, Sum: 0.1]
      [GC Worker Total (ms): Min: 22.0, Avg: 22.2, Max: 22.3, Diff: 0.3, Sum: 88.8]
      [GC Worker End (ms): Min: 10168529.2, Avg: 10168529.2, Max: 10168529.2, Diff: 0.0]
   [Code Root Fixup: 0.0 ms]
   [Code Root Purge: 0.0 ms]
   [Clear CT: 0.1 ms]
   [Other: 0.8 ms]
      [Choose CSet: 0.0 ms]
      [Ref Proc: 0.2 ms]
      [Ref Enq: 0.0 ms]
      [Redirty Cards: 0.1 ms]
      [Humongous Register: 0.0 ms]
      [Humongous Reclaim: 0.0 ms]
      [Free CSet: 0.1 ms]
   [Eden: 46.0M(46.0M)->0.0B(45.0M) Survivors: 5120.0K->6144.0K Heap: 390.5M(1024.0M)->345.5M(1024.0M)]
 [Times: user=0.07 sys=0.01, real=0.02 secs] 
2018-11-25T18:20:45.579+0800: 10195.632: [GC pause (G1 Evacuation Pause) (young), 0.0205139 secs]
   [Parallel Time: 19.6 ms, GC Workers: 4]
      [GC Worker Start (ms): Min: 10195631.9, Avg: 10195632.0, Max: 10195632.0, Diff: 0.1]
      [Ext Root Scanning (ms): Min: 1.1, Avg: 1.1, Max: 1.2, Diff: 0.1, Sum: 4.5]
      [Update RS (ms): Min: 2.4, Avg: 2.6, Max: 2.9, Diff: 0.4, Sum: 10.4]
         [Processed Buffers: Min: 4, Avg: 9.2, Max: 18, Diff: 14, Sum: 37]
      [Scan RS (ms): Min: 2.9, Avg: 4.2, Max: 5.5, Diff: 2.5, Sum: 17.0]
      [Code Root Scanning (ms): Min: 0.0, Avg: 0.0, Max: 0.0, Diff: 0.0, Sum: 0.0]
      [Object Copy (ms): Min: 10.4, Avg: 11.4, Max: 12.5, Diff: 2.1, Sum: 45.7]
      [Termination (ms): Min: 0.0, Avg: 0.1, Max: 0.1, Diff: 0.1, Sum: 0.2]
         [Termination Attempts: Min: 1, Avg: 1.0, Max: 1, Diff: 0, Sum: 4]
      [GC Worker Other (ms): Min: 0.0, Avg: 0.0, Max: 0.0, Diff: 0.0, Sum: 0.1]
      [GC Worker Total (ms): Min: 19.4, Avg: 19.5, Max: 19.5, Diff: 0.1, Sum: 77.9]
      [GC Worker End (ms): Min: 10195651.4, Avg: 10195651.4, Max: 10195651.4, Diff: 0.0]
   [Code Root Fixup: 0.0 ms]
   [Code Root Purge: 0.0 ms]
   [Clear CT: 0.1 ms]
   [Other: 0.8 ms]
      [Choose CSet: 0.0 ms]
      [Ref Proc: 0.2 ms]
      [Ref Enq: 0.0 ms]
      [Redirty Cards: 0.1 ms]
      [Humongous Register: 0.2 ms]
      [Humongous Reclaim: 0.0 ms]
      [Free CSet: 0.1 ms]
   [Eden: 45.0M(45.0M)->0.0B(46.0M) Survivors: 6144.0K->5120.0K Heap: 390.5M(1024.0M)->346.0M(1024.0M)]
 [Times: user=0.07 sys=0.01, real=0.03 secs] 
2018-11-25T18:21:13.352+0800: 10223.403: [GC pause (G1 Evacuation Pause) (young), 0.0260965 secs]
   [Parallel Time: 21.6 ms, GC Workers: 4]
      [GC Worker Start (ms): Min: 10223407.6, Avg: 10223407.6, Max: 10223407.6, Diff: 0.1]
      [Ext Root Scanning (ms): Min: 0.8, Avg: 0.9, Max: 0.9, Diff: 0.1, Sum: 3.4]
      [Update RS (ms): Min: 2.4, Avg: 2.5, Max: 2.8, Diff: 0.4, Sum: 10.1]
         [Processed Buffers: Min: 2, Avg: 10.2, Max: 27, Diff: 25, Sum: 41]
      [Scan RS (ms): Min: 4.3, Avg: 7.0, Max: 10.5, Diff: 6.2, Sum: 27.8]
      [Code Root Scanning (ms): Min: 0.0, Avg: 0.0, Max: 0.0, Diff: 0.0, Sum: 0.0]
      [Object Copy (ms): Min: 7.2, Avg: 11.0, Max: 13.7, Diff: 6.5, Sum: 44.2]
      [Termination (ms): Min: 0.0, Avg: 0.0, Max: 0.0, Diff: 0.0, Sum: 0.0]
         [Termination Attempts: Min: 1, Avg: 2.0, Max: 3, Diff: 2, Sum: 8]
      [GC Worker Other (ms): Min: 0.0, Avg: 0.0, Max: 0.1, Diff: 0.0, Sum: 0.2]
      [GC Worker Total (ms): Min: 21.4, Avg: 21.5, Max: 21.5, Diff: 0.0, Sum: 85.8]
      [GC Worker End (ms): Min: 10223429.0, Avg: 10223429.0, Max: 10223429.1, Diff: 0.0]
   [Code Root Fixup: 0.0 ms]
   [Code Root Purge: 0.0 ms]
   [Clear CT: 0.1 ms]
   [Other: 4.5 ms]
      [Choose CSet: 0.0 ms]
      [Ref Proc: 0.1 ms]
      [Ref Enq: 0.0 ms]
      [Redirty Cards: 0.1 ms]
      [Humongous Register: 0.0 ms]
      [Humongous Reclaim: 0.0 ms]
      [Free CSet: 0.1 ms]
   [Eden: 46.0M(46.0M)->0.0B(46.0M) Survivors: 5120.0K->5120.0K Heap: 392.0M(1024.0M)->346.5M(1024.0M)]
 [Times: user=0.06 sys=0.00, real=0.03 secs] 
2018-11-25T18:21:41.082+0800: 10251.117: [GC pause (G1 Evacuation Pause) (young), 0.0216827 secs]
   [Parallel Time: 21.0 ms, GC Workers: 4]
      [GC Worker Start (ms): Min: 10251117.5, Avg: 10251117.6, Max: 10251117.8, Diff: 0.3]
      [Ext Root Scanning (ms): Min: 0.6, Avg: 0.8, Max: 0.9, Diff: 0.3, Sum: 3.2]
      [Update RS (ms): Min: 2.4, Avg: 2.6, Max: 2.7, Diff: 0.3, Sum: 10.4]
         [Processed Buffers: Min: 1, Avg: 8.5, Max: 14, Diff: 13, Sum: 34]
      [Scan RS (ms): Min: 3.2, Avg: 3.3, Max: 3.4, Diff: 0.2, Sum: 13.3]
      [Code Root Scanning (ms): Min: 0.0, Avg: 0.0, Max: 0.0, Diff: 0.0, Sum: 0.0]
      [Object Copy (ms): Min: 13.9, Avg: 14.0, Max: 14.1, Diff: 0.1, Sum: 55.9]
      [Termination (ms): Min: 0.0, Avg: 0.0, Max: 0.0, Diff: 0.0, Sum: 0.0]
         [Termination Attempts: Min: 1, Avg: 1.0, Max: 1, Diff: 0, Sum: 4]
      [GC Worker Other (ms): Min: 0.0, Avg: 0.0, Max: 0.0, Diff: 0.0, Sum: 0.1]
      [GC Worker Total (ms): Min: 20.6, Avg: 20.7, Max: 20.8, Diff: 0.3, Sum: 82.9]
      [GC Worker End (ms): Min: 10251138.3, Avg: 10251138.3, Max: 10251138.3, Diff: 0.0]
   [Code Root Fixup: 0.0 ms]
   [Code Root Purge: 0.0 ms]
   [Clear CT: 0.1 ms]
   [Other: 0.6 ms]
      [Choose CSet: 0.0 ms]
      [Ref Proc: 0.2 ms]
      [Ref Enq: 0.0 ms]
      [Redirty Cards: 0.1 ms]
      [Humongous Register: 0.0 ms]
      [Humongous Reclaim: 0.0 ms]
      [Free CSet: 0.1 ms]
   [Eden: 46.0M(46.0M)->0.0B(45.0M) Survivors: 5120.0K->6144.0K Heap: 392.5M(1024.0M)->348.5M(1024.0M)]
 [Times: user=0.07 sys=0.00, real=0.02 secs] 
2018-11-25T18:22:08.221+0800: 10278.253: [GC pause (G1 Evacuation Pause) (young), 0.0189490 secs]
   [Parallel Time: 18.0 ms, GC Workers: 4]
      [GC Worker Start (ms): Min: 10278253.4, Avg: 10278253.5, Max: 10278253.5, Diff: 0.1]
      [Ext Root Scanning (ms): Min: 0.9, Avg: 0.9, Max: 1.0, Diff: 0.1, Sum: 3.6]
      [Update RS (ms): Min: 1.6, Avg: 1.8, Max: 2.1, Diff: 0.5, Sum: 7.2]
         [Processed Buffers: Min: 2, Avg: 8.5, Max: 14, Diff: 12, Sum: 34]
      [Scan RS (ms): Min: 3.6, Avg: 4.5, Max: 6.2, Diff: 2.6, Sum: 17.9]
      [Code Root Scanning (ms): Min: 0.0, Avg: 0.0, Max: 0.0, Diff: 0.0, Sum: 0.0]
      [Object Copy (ms): Min: 9.1, Avg: 10.7, Max: 11.2, Diff: 2.1, Sum: 42.6]
      [Termination (ms): Min: 0.0, Avg: 0.0, Max: 0.0, Diff: 0.0, Sum: 0.0]
         [Termination Attempts: Min: 1, Avg: 1.0, Max: 1, Diff: 0, Sum: 4]
      [GC Worker Other (ms): Min: 0.0, Avg: 0.0, Max: 0.0, Diff: 0.0, Sum: 0.1]
      [GC Worker Total (ms): Min: 17.8, Avg: 17.9, Max: 17.9, Diff: 0.1, Sum: 71.5]
      [GC Worker End (ms): Min: 10278271.3, Avg: 10278271.3, Max: 10278271.4, Diff: 0.0]
   [Code Root Fixup: 0.0 ms]
   [Code Root Purge: 0.0 ms]
   [Clear CT: 0.1 ms]
   [Other: 0.8 ms]
      [Choose CSet: 0.0 ms]
      [Ref Proc: 0.1 ms]
      [Ref Enq: 0.0 ms]
      [Redirty Cards: 0.2 ms]
      [Humongous Register: 0.0 ms]
      [Humongous Reclaim: 0.0 ms]
      [Free CSet: 0.1 ms]
   [Eden: 45.0M(45.0M)->0.0B(46.0M) Survivors: 6144.0K->5120.0K Heap: 393.5M(1024.0M)->349.3M(1024.0M)]
 [Times: user=0.07 sys=0.00, real=0.02 secs] 
2018-11-25T18:22:35.731+0800: 10305.761: [GC pause (G1 Evacuation Pause) (young), 0.0208852 secs]
   [Parallel Time: 17.8 ms, GC Workers: 4]
      [GC Worker Start (ms): Min: 10305764.0, Avg: 10305764.0, Max: 10305764.1, Diff: 0.1]
      [Ext Root Scanning (ms): Min: 1.0, Avg: 1.1, Max: 1.2, Diff: 0.3, Sum: 4.3]
      [Update RS (ms): Min: 2.6, Avg: 3.0, Max: 3.4, Diff: 0.8, Sum: 11.8]
         [Processed Buffers: Min: 1, Avg: 8.5, Max: 16, Diff: 15, Sum: 34]
      [Scan RS (ms): Min: 4.0, Avg: 4.5, Max: 4.9, Diff: 0.9, Sum: 17.8]
      [Code Root Scanning (ms): Min: 0.0, Avg: 0.0, Max: 0.0, Diff: 0.0, Sum: 0.0]
      [Object Copy (ms): Min: 8.9, Avg: 9.1, Max: 9.2, Diff: 0.3, Sum: 36.4]
      [Termination (ms): Min: 0.0, Avg: 0.0, Max: 0.0, Diff: 0.0, Sum: 0.0]
         [Termination Attempts: Min: 1, Avg: 1.2, Max: 2, Diff: 1, Sum: 5]
      [GC Worker Other (ms): Min: 0.0, Avg: 0.0, Max: 0.1, Diff: 0.0, Sum: 0.2]
      [GC Worker Total (ms): Min: 17.6, Avg: 17.7, Max: 17.7, Diff: 0.1, Sum: 70.7]
      [GC Worker End (ms): Min: 10305781.7, Avg: 10305781.7, Max: 10305781.7, Diff: 0.0]
   [Code Root Fixup: 0.0 ms]
   [Code Root Purge: 0.0 ms]
   [Clear CT: 0.1 ms]
   [Other: 3.0 ms]
      [Choose CSet: 0.0 ms]
      [Ref Proc: 0.1 ms]
      [Ref Enq: 0.0 ms]
      [Redirty Cards: 0.1 ms]
      [Humongous Register: 0.0 ms]
      [Humongous Reclaim: 0.0 ms]
      [Free CSet: 0.1 ms]
   [Eden: 46.0M(46.0M)->0.0B(46.0M) Survivors: 5120.0K->5120.0K Heap: 395.3M(1024.0M)->348.8M(1024.0M)]
 [Times: user=0.06 sys=0.01, real=0.02 secs] 
2018-11-25T18:23:03.383+0800: 10333.412: [GC pause (G1 Evacuation Pause) (young), 0.0183081 secs]
   [Parallel Time: 17.3 ms, GC Workers: 4]
      [GC Worker Start (ms): Min: 10333412.7, Avg: 10333412.8, Max: 10333412.9, Diff: 0.2]
      [Ext Root Scanning (ms): Min: 0.6, Avg: 0.8, Max: 0.8, Diff: 0.2, Sum: 3.1]
      [Update RS (ms): Min: 2.1, Avg: 2.5, Max: 2.8, Diff: 0.7, Sum: 9.8]
         [Processed Buffers: Min: 1, Avg: 8.5, Max: 16, Diff: 15, Sum: 34]
      [Scan RS (ms): Min: 3.1, Avg: 4.8, Max: 6.2, Diff: 3.1, Sum: 19.0]
      [Code Root Scanning (ms): Min: 0.0, Avg: 0.0, Max: 0.0, Diff: 0.0, Sum: 0.0]
      [Object Copy (ms): Min: 7.6, Avg: 9.1, Max: 10.5, Diff: 2.9, Sum: 36.6]
      [Termination (ms): Min: 0.0, Avg: 0.0, Max: 0.0, Diff: 0.0, Sum: 0.0]
         [Termination Attempts: Min: 1, Avg: 1.0, Max: 1, Diff: 0, Sum: 4]
      [GC Worker Other (ms): Min: 0.0, Avg: 0.0, Max: 0.1, Diff: 0.0, Sum: 0.2]
      [GC Worker Total (ms): Min: 17.1, Avg: 17.2, Max: 17.2, Diff: 0.2, Sum: 68.7]
      [GC Worker End (ms): Min: 10333429.9, Avg: 10333429.9, Max: 10333429.9, Diff: 0.0]
   [Code Root Fixup: 0.0 ms]
   [Code Root Purge: 0.0 ms]
   [Clear CT: 0.1 ms]
   [Other: 0.8 ms]
      [Choose CSet: 0.0 ms]
      [Ref Proc: 0.2 ms]
      [Ref Enq: 0.0 ms]
      [Redirty Cards: 0.1 ms]
      [Humongous Register: 0.0 ms]
      [Humongous Reclaim: 0.0 ms]
      [Free CSet: 0.1 ms]
   [Eden: 46.0M(46.0M)->0.0B(46.0M) Survivors: 5120.0K->5120.0K Heap: 394.8M(1024.0M)->350.1M(1024.0M)]
 [Times: user=0.06 sys=0.01, real=0.02 secs] 
2018-11-25T18:23:31.129+0800: 10361.158: [GC pause (G1 Evacuation Pause) (young), 0.0202480 secs]
   [Parallel Time: 19.5 ms, GC Workers: 4]
      [GC Worker Start (ms): Min: 10361158.2, Avg: 10361158.2, Max: 10361158.3, Diff: 0.1]
      [Ext Root Scanning (ms): Min: 0.8, Avg: 0.8, Max: 0.9, Diff: 0.1, Sum: 3.4]
      [Update RS (ms): Min: 1.6, Avg: 2.3, Max: 2.7, Diff: 1.1, Sum: 9.2]
         [Processed Buffers: Min: 4, Avg: 8.2, Max: 19, Diff: 15, Sum: 33]
      [Scan RS (ms): Min: 3.6, Avg: 4.1, Max: 4.7, Diff: 1.1, Sum: 16.3]
      [Code Root Scanning (ms): Min: 0.0, Avg: 0.0, Max: 0.0, Diff: 0.0, Sum: 0.0]
      [Object Copy (ms): Min: 12.1, Avg: 12.1, Max: 12.2, Diff: 0.1, Sum: 48.6]
      [Termination (ms): Min: 0.0, Avg: 0.0, Max: 0.0, Diff: 0.0, Sum: 0.0]
         [Termination Attempts: Min: 1, Avg: 1.0, Max: 1, Diff: 0, Sum: 4]
      [GC Worker Other (ms): Min: 0.0, Avg: 0.0, Max: 0.0, Diff: 0.0, Sum: 0.1]
      [GC Worker Total (ms): Min: 19.4, Avg: 19.4, Max: 19.4, Diff: 0.1, Sum: 77.6]
      [GC Worker End (ms): Min: 10361177.6, Avg: 10361177.6, Max: 10361177.6, Diff: 0.0]
   [Code Root Fixup: 0.0 ms]
   [Code Root Purge: 0.0 ms]
   [Clear CT: 0.1 ms]
   [Other: 0.6 ms]
      [Choose CSet: 0.0 ms]
      [Ref Proc: 0.2 ms]
      [Ref Enq: 0.0 ms]
      [Redirty Cards: 0.1 ms]
      [Humongous Register: 0.0 ms]
      [Humongous Reclaim: 0.0 ms]
      [Free CSet: 0.1 ms]
   [Eden: 46.0M(46.0M)->0.0B(44.0M) Survivors: 5120.0K->7168.0K Heap: 396.1M(1024.0M)->351.6M(1024.0M)]
 [Times: user=0.07 sys=0.01, real=0.03 secs] 
2018-11-25T18:23:57.651+0800: 10387.679: [GC pause (G1 Evacuation Pause) (young), 0.0210934 secs]
   [Parallel Time: 20.4 ms, GC Workers: 4]
      [GC Worker Start (ms): Min: 10387679.3, Avg: 10387679.4, Max: 10387679.4, Diff: 0.1]
      [Ext Root Scanning (ms): Min: 0.7, Avg: 0.7, Max: 0.8, Diff: 0.1, Sum: 2.9]
      [Update RS (ms): Min: 2.3, Avg: 2.3, Max: 2.4, Diff: 0.1, Sum: 9.4]
         [Processed Buffers: Min: 3, Avg: 8.2, Max: 19, Diff: 16, Sum: 33]
      [Scan RS (ms): Min: 3.9, Avg: 5.1, Max: 6.3, Diff: 2.4, Sum: 20.4]
      [Code Root Scanning (ms): Min: 0.0, Avg: 0.0, Max: 0.0, Diff: 0.0, Sum: 0.0]
      [Object Copy (ms): Min: 10.9, Avg: 12.1, Max: 13.2, Diff: 2.3, Sum: 48.2]
      [Termination (ms): Min: 0.0, Avg: 0.0, Max: 0.0, Diff: 0.0, Sum: 0.0]
         [Termination Attempts: Min: 1, Avg: 2.5, Max: 5, Diff: 4, Sum: 10]
      [GC Worker Other (ms): Min: 0.0, Avg: 0.0, Max: 0.1, Diff: 0.0, Sum: 0.2]
      [GC Worker Total (ms): Min: 20.3, Avg: 20.3, Max: 20.3, Diff: 0.0, Sum: 81.1]
      [GC Worker End (ms): Min: 10387699.6, Avg: 10387699.6, Max: 10387699.6, Diff: 0.0]
   [Code Root Fixup: 0.0 ms]
   [Code Root Purge: 0.0 ms]
   [Clear CT: 0.1 ms]
   [Other: 0.6 ms]
      [Choose CSet: 0.0 ms]
      [Ref Proc: 0.1 ms]
      [Ref Enq: 0.0 ms]
      [Redirty Cards: 0.1 ms]
      [Humongous Register: 0.0 ms]
      [Humongous Reclaim: 0.0 ms]
      [Free CSet: 0.1 ms]
   [Eden: 44.0M(44.0M)->0.0B(46.0M) Survivors: 7168.0K->5120.0K Heap: 395.6M(1024.0M)->351.6M(1024.0M)]
 [Times: user=0.08 sys=0.00, real=0.02 secs] 
2018-11-25T18:24:25.238+0800: 10415.265: [GC pause (G1 Evacuation Pause) (young), 0.0200256 secs]
   [Parallel Time: 19.1 ms, GC Workers: 4]
      [GC Worker Start (ms): Min: 10415265.2, Avg: 10415265.2, Max: 10415265.3, Diff: 0.1]
      [Ext Root Scanning (ms): Min: 1.0, Avg: 2.5, Max: 7.0, Diff: 6.1, Sum: 10.1]
      [Update RS (ms): Min: 0.0, Avg: 2.3, Max: 3.2, Diff: 3.2, Sum: 9.2]
         [Processed Buffers: Min: 0, Avg: 9.0, Max: 20, Diff: 20, Sum: 36]
      [Scan RS (ms): Min: 2.4, Avg: 5.8, Max: 7.0, Diff: 4.6, Sum: 23.1]
      [Code Root Scanning (ms): Min: 0.0, Avg: 0.0, Max: 0.0, Diff: 0.0, Sum: 0.0]
      [Object Copy (ms): Min: 7.9, Avg: 8.3, Max: 9.5, Diff: 1.6, Sum: 33.2]
      [Termination (ms): Min: 0.0, Avg: 0.0, Max: 0.0, Diff: 0.0, Sum: 0.0]
         [Termination Attempts: Min: 1, Avg: 3.5, Max: 5, Diff: 4, Sum: 14]
      [GC Worker Other (ms): Min: 0.0, Avg: 0.1, Max: 0.1, Diff: 0.1, Sum: 0.2]
      [GC Worker Total (ms): Min: 18.9, Avg: 19.0, Max: 19.0, Diff: 0.1, Sum: 75.9]
      [GC Worker End (ms): Min: 10415284.2, Avg: 10415284.2, Max: 10415284.2, Diff: 0.0]
   [Code Root Fixup: 0.0 ms]
   [Code Root Purge: 0.0 ms]
   [Clear CT: 0.1 ms]
   [Other: 0.9 ms]
      [Choose CSet: 0.0 ms]
      [Ref Proc: 0.2 ms]
      [Ref Enq: 0.0 ms]
      [Redirty Cards: 0.1 ms]
      [Humongous Register: 0.2 ms]
      [Humongous Reclaim: 0.0 ms]
      [Free CSet: 0.1 ms]
   [Eden: 46.0M(46.0M)->0.0B(46.0M) Survivors: 5120.0K->5120.0K Heap: 397.6M(1024.0M)->352.1M(1024.0M)]
 [Times: user=0.06 sys=0.00, real=0.03 secs] 
2018-11-25T18:24:52.830+0800: 10442.856: [GC pause (G1 Evacuation Pause) (young), 0.0312155 secs]
   [Parallel Time: 29.8 ms, GC Workers: 4]
      [GC Worker Start (ms): Min: 10442856.3, Avg: 10442856.4, Max: 10442856.4, Diff: 0.1]
      [Ext Root Scanning (ms): Min: 0.9, Avg: 1.0, Max: 1.0, Diff: 0.1, Sum: 3.8]
      [Update RS (ms): Min: 8.2, Avg: 8.4, Max: 8.7, Diff: 0.5, Sum: 33.7]
         [Processed Buffers: Min: 1, Avg: 8.0, Max: 16, Diff: 15, Sum: 32]
      [Scan RS (ms): Min: 2.0, Avg: 2.8, Max: 4.4, Diff: 2.4, Sum: 11.0]
      [Code Root Scanning (ms): Min: 0.0, Avg: 0.0, Max: 0.0, Diff: 0.0, Sum: 0.0]
      [Object Copy (ms): Min: 15.8, Avg: 17.5, Max: 18.2, Diff: 2.4, Sum: 70.1]
      [Termination (ms): Min: 0.0, Avg: 0.0, Max: 0.0, Diff: 0.0, Sum: 0.0]
         [Termination Attempts: Min: 1, Avg: 2.0, Max: 4, Diff: 3, Sum: 8]
      [GC Worker Other (ms): Min: 0.0, Avg: 0.0, Max: 0.1, Diff: 0.1, Sum: 0.2]
      [GC Worker Total (ms): Min: 29.7, Avg: 29.7, Max: 29.7, Diff: 0.0, Sum: 118.8]
      [GC Worker End (ms): Min: 10442886.1, Avg: 10442886.1, Max: 10442886.1, Diff: 0.0]
   [Code Root Fixup: 0.0 ms]
   [Code Root Purge: 0.0 ms]
   [Clear CT: 0.1 ms]
   [Other: 1.3 ms]
      [Choose CSet: 0.0 ms]
      [Ref Proc: 0.2 ms]
      [Ref Enq: 0.0 ms]
      [Redirty Cards: 0.1 ms]
      [Humongous Register: 0.1 ms]
      [Humongous Reclaim: 0.0 ms]
      [Free CSet: 0.6 ms]
   [Eden: 46.0M(46.0M)->0.0B(44.0M) Survivors: 5120.0K->7168.0K Heap: 398.1M(1024.0M)->353.6M(1024.0M)]
 [Times: user=0.06 sys=0.03, real=0.03 secs] 
2018-11-25T18:25:19.386+0800: 10469.411: [GC pause (G1 Evacuation Pause) (young), 0.0223222 secs]
   [Parallel Time: 21.6 ms, GC Workers: 4]
      [GC Worker Start (ms): Min: 10469411.4, Avg: 10469411.4, Max: 10469411.5, Diff: 0.1]
      [Ext Root Scanning (ms): Min: 0.9, Avg: 0.9, Max: 0.9, Diff: 0.1, Sum: 3.6]
      [Update RS (ms): Min: 3.4, Avg: 3.8, Max: 4.1, Diff: 0.7, Sum: 15.3]
         [Processed Buffers: Min: 2, Avg: 8.2, Max: 14, Diff: 12, Sum: 33]
      [Scan RS (ms): Min: 3.3, Avg: 3.6, Max: 3.7, Diff: 0.4, Sum: 14.2]
      [Code Root Scanning (ms): Min: 0.0, Avg: 0.0, Max: 0.0, Diff: 0.0, Sum: 0.0]
      [Object Copy (ms): Min: 13.0, Avg: 13.2, Max: 13.4, Diff: 0.4, Sum: 52.7]
      [Termination (ms): Min: 0.0, Avg: 0.0, Max: 0.0, Diff: 0.0, Sum: 0.0]
         [Termination Attempts: Min: 1, Avg: 1.0, Max: 1, Diff: 0, Sum: 4]
      [GC Worker Other (ms): Min: 0.0, Avg: 0.0, Max: 0.0, Diff: 0.0, Sum: 0.1]
      [GC Worker Total (ms): Min: 21.5, Avg: 21.5, Max: 21.5, Diff: 0.0, Sum: 85.9]
      [GC Worker End (ms): Min: 10469432.9, Avg: 10469432.9, Max: 10469432.9, Diff: 0.0]
   [Code Root Fixup: 0.0 ms]
   [Code Root Purge: 0.0 ms]
   [Clear CT: 0.1 ms]
   [Other: 0.6 ms]
      [Choose CSet: 0.0 ms]
      [Ref Proc: 0.1 ms]
      [Ref Enq: 0.0 ms]
      [Redirty Cards: 0.1 ms]
      [Humongous Register: 0.0 ms]
      [Humongous Reclaim: 0.0 ms]
      [Free CSet: 0.1 ms]
   [Eden: 44.0M(44.0M)->0.0B(46.0M) Survivors: 7168.0K->5120.0K Heap: 397.6M(1024.0M)->353.6M(1024.0M)]
 [Times: user=0.07 sys=0.01, real=0.02 secs] 
2018-11-25T18:25:46.962+0800: 10496.987: [GC pause (G1 Evacuation Pause) (young), 0.0228210 secs]
   [Parallel Time: 17.5 ms, GC Workers: 4]
      [GC Worker Start (ms): Min: 10496991.6, Avg: 10496991.6, Max: 10496991.7, Diff: 0.2]
      [Ext Root Scanning (ms): Min: 1.2, Avg: 1.5, Max: 2.2, Diff: 1.0, Sum: 6.1]
      [Update RS (ms): Min: 2.3, Avg: 2.8, Max: 3.2, Diff: 0.9, Sum: 11.2]
         [Processed Buffers: Min: 4, Avg: 9.2, Max: 21, Diff: 17, Sum: 37]
      [Scan RS (ms): Min: 3.7, Avg: 4.2, Max: 5.5, Diff: 1.8, Sum: 16.9]
      [Code Root Scanning (ms): Min: 0.0, Avg: 0.0, Max: 0.0, Diff: 0.0, Sum: 0.0]
      [Object Copy (ms): Min: 7.5, Avg: 8.6, Max: 9.0, Diff: 1.6, Sum: 34.3]
      [Termination (ms): Min: 0.0, Avg: 0.0, Max: 0.0, Diff: 0.0, Sum: 0.0]
         [Termination Attempts: Min: 1, Avg: 1.0, Max: 1, Diff: 0, Sum: 4]
      [GC Worker Other (ms): Min: 0.0, Avg: 0.0, Max: 0.1, Diff: 0.0, Sum: 0.2]
      [GC Worker Total (ms): Min: 17.1, Avg: 17.2, Max: 17.3, Diff: 0.2, Sum: 68.8]
      [GC Worker End (ms): Min: 10497008.8, Avg: 10497008.8, Max: 10497008.9, Diff: 0.0]
   [Code Root Fixup: 0.0 ms]
   [Code Root Purge: 0.0 ms]
   [Clear CT: 0.1 ms]
   [Other: 5.2 ms]
      [Choose CSet: 0.0 ms]
      [Ref Proc: 0.1 ms]
      [Ref Enq: 0.0 ms]
      [Redirty Cards: 0.1 ms]
      [Humongous Register: 3.8 ms]
      [Humongous Reclaim: 0.0 ms]
      [Free CSet: 0.1 ms]
   [Eden: 46.0M(46.0M)->0.0B(46.0M) Survivors: 5120.0K->5120.0K Heap: 399.6M(1024.0M)->353.6M(1024.0M)]
 [Times: user=0.05 sys=0.02, real=0.02 secs] 
2018-11-25T18:26:14.828+0800: 10524.852: [GC pause (G1 Evacuation Pause) (young), 0.0167757 secs]
   [Parallel Time: 15.9 ms, GC Workers: 4]
      [GC Worker Start (ms): Min: 10524852.2, Avg: 10524852.2, Max: 10524852.3, Diff: 0.2]
      [Ext Root Scanning (ms): Min: 0.5, Avg: 0.6, Max: 0.7, Diff: 0.2, Sum: 2.4]
      [Update RS (ms): Min: 1.3, Avg: 1.5, Max: 1.6, Diff: 0.3, Sum: 5.9]
         [Processed Buffers: Min: 4, Avg: 8.2, Max: 17, Diff: 13, Sum: 33]
      [Scan RS (ms): Min: 1.7, Avg: 1.9, Max: 2.2, Diff: 0.5, Sum: 7.6]
      [Code Root Scanning (ms): Min: 0.0, Avg: 0.0, Max: 0.0, Diff: 0.0, Sum: 0.0]
      [Object Copy (ms): Min: 11.5, Avg: 11.7, Max: 11.8, Diff: 0.3, Sum: 46.6]
      [Termination (ms): Min: 0.0, Avg: 0.1, Max: 0.2, Diff: 0.2, Sum: 0.5]
         [Termination Attempts: Min: 1, Avg: 1.0, Max: 1, Diff: 0, Sum: 4]
      [GC Worker Other (ms): Min: 0.0, Avg: 0.0, Max: 0.0, Diff: 0.0, Sum: 0.1]
      [GC Worker Total (ms): Min: 15.7, Avg: 15.8, Max: 15.9, Diff: 0.2, Sum: 63.1]
      [GC Worker End (ms): Min: 10524868.0, Avg: 10524868.0, Max: 10524868.0, Diff: 0.1]
   [Code Root Fixup: 0.0 ms]
   [Code Root Purge: 0.0 ms]
   [Clear CT: 0.1 ms]
   [Other: 0.7 ms]
      [Choose CSet: 0.0 ms]
      [Ref Proc: 0.3 ms]
      [Ref Enq: 0.0 ms]
      [Redirty Cards: 0.1 ms]
      [Humongous Register: 0.0 ms]
      [Humongous Reclaim: 0.0 ms]
      [Free CSet: 0.1 ms]
   [Eden: 46.0M(46.0M)->0.0B(44.0M) Survivors: 5120.0K->7168.0K Heap: 399.6M(1024.0M)->355.6M(1024.0M)]
 [Times: user=0.05 sys=0.01, real=0.02 secs] 
2018-11-25T18:26:41.230+0800: 10551.253: [GC pause (G1 Evacuation Pause) (young), 0.0206612 secs]
   [Parallel Time: 19.9 ms, GC Workers: 4]
      [GC Worker Start (ms): Min: 10551253.3, Avg: 10551253.3, Max: 10551253.4, Diff: 0.1]
      [Ext Root Scanning (ms): Min: 0.7, Avg: 0.7, Max: 0.8, Diff: 0.1, Sum: 2.8]
      [Update RS (ms): Min: 2.2, Avg: 2.4, Max: 2.6, Diff: 0.4, Sum: 9.6]
         [Processed Buffers: Min: 5, Avg: 7.2, Max: 12, Diff: 7, Sum: 29]
      [Scan RS (ms): Min: 3.2, Avg: 3.5, Max: 3.7, Diff: 0.4, Sum: 14.0]
      [Code Root Scanning (ms): Min: 0.0, Avg: 0.0, Max: 0.0, Diff: 0.0, Sum: 0.0]
      [Object Copy (ms): Min: 13.1, Avg: 13.2, Max: 13.3, Diff: 0.2, Sum: 52.7]
      [Termination (ms): Min: 0.0, Avg: 0.0, Max: 0.0, Diff: 0.0, Sum: 0.0]
         [Termination Attempts: Min: 1, Avg: 1.0, Max: 1, Diff: 0, Sum: 4]
      [GC Worker Other (ms): Min: 0.0, Avg: 0.0, Max: 0.1, Diff: 0.1, Sum: 0.2]
      [GC Worker Total (ms): Min: 19.8, Avg: 19.8, Max: 19.8, Diff: 0.1, Sum: 79.3]
      [GC Worker End (ms): Min: 10551273.1, Avg: 10551273.1, Max: 10551273.2, Diff: 0.0]
   [Code Root Fixup: 0.0 ms]
   [Code Root Purge: 0.0 ms]
   [Clear CT: 0.1 ms]
   [Other: 0.6 ms]
      [Choose CSet: 0.0 ms]
      [Ref Proc: 0.2 ms]
      [Ref Enq: 0.0 ms]
      [Redirty Cards: 0.1 ms]
      [Humongous Register: 0.1 ms]
      [Humongous Reclaim: 0.0 ms]
      [Free CSet: 0.1 ms]
   [Eden: 44.0M(44.0M)->0.0B(46.0M) Survivors: 7168.0K->5120.0K Heap: 399.6M(1024.0M)->355.6M(1024.0M)]
 [Times: user=0.07 sys=0.00, real=0.02 secs] 
2018-11-25T18:27:08.809+0800: 10578.831: [GC pause (G1 Evacuation Pause) (young), 0.0182948 secs]
   [Parallel Time: 17.6 ms, GC Workers: 4]
      [GC Worker Start (ms): Min: 10578831.6, Avg: 10578831.6, Max: 10578831.6, Diff: 0.1]
      [Ext Root Scanning (ms): Min: 0.7, Avg: 0.9, Max: 1.0, Diff: 0.4, Sum: 3.5]
      [Update RS (ms): Min: 2.8, Avg: 3.2, Max: 3.5, Diff: 0.7, Sum: 12.7]
         [Processed Buffers: Min: 2, Avg: 7.2, Max: 14, Diff: 12, Sum: 29]
      [Scan RS (ms): Min: 4.0, Avg: 4.4, Max: 4.7, Diff: 0.7, Sum: 17.5]
      [Code Root Scanning (ms): Min: 0.0, Avg: 0.0, Max: 0.0, Diff: 0.0, Sum: 0.0]
      [Object Copy (ms): Min: 8.9, Avg: 9.0, Max: 9.2, Diff: 0.2, Sum: 36.0]
      [Termination (ms): Min: 0.0, Avg: 0.0, Max: 0.0, Diff: 0.0, Sum: 0.0]
         [Termination Attempts: Min: 1, Avg: 1.0, Max: 1, Diff: 0, Sum: 4]
      [GC Worker Other (ms): Min: 0.0, Avg: 0.0, Max: 0.1, Diff: 0.0, Sum: 0.2]
      [GC Worker Total (ms): Min: 17.4, Avg: 17.5, Max: 17.5, Diff: 0.1, Sum: 69.9]
      [GC Worker End (ms): Min: 10578849.1, Avg: 10578849.1, Max: 10578849.1, Diff: 0.0]
   [Code Root Fixup: 0.0 ms]
   [Code Root Purge: 0.0 ms]
   [Clear CT: 0.1 ms]
   [Other: 0.6 ms]
      [Choose CSet: 0.0 ms]
      [Ref Proc: 0.2 ms]
      [Ref Enq: 0.0 ms]
      [Redirty Cards: 0.1 ms]
      [Humongous Register: 0.0 ms]
      [Humongous Reclaim: 0.0 ms]
      [Free CSet: 0.1 ms]
   [Eden: 46.0M(46.0M)->0.0B(46.0M) Survivors: 5120.0K->5120.0K Heap: 401.6M(1024.0M)->355.6M(1024.0M)]
 [Times: user=0.07 sys=0.00, real=0.02 secs] 
2018-11-25T18:27:36.387+0800: 10606.409: [GC pause (G1 Evacuation Pause) (young), 0.0498504 secs]
   [Parallel Time: 46.1 ms, GC Workers: 4]
      [GC Worker Start (ms): Min: 10606411.2, Avg: 10606411.3, Max: 10606411.4, Diff: 0.2]
      [Ext Root Scanning (ms): Min: 11.3, Avg: 12.5, Max: 15.8, Diff: 4.5, Sum: 49.9]
      [Update RS (ms): Min: 9.7, Avg: 11.9, Max: 15.5, Diff: 5.7, Sum: 47.6]
         [Processed Buffers: Min: 1, Avg: 7.0, Max: 13, Diff: 12, Sum: 28]
      [Scan RS (ms): Min: 2.8, Avg: 5.5, Max: 8.5, Diff: 5.7, Sum: 22.2]
      [Code Root Scanning (ms): Min: 0.0, Avg: 0.0, Max: 0.0, Diff: 0.0, Sum: 0.0]
      [Object Copy (ms): Min: 15.5, Avg: 15.9, Max: 16.2, Diff: 0.7, Sum: 63.6]
      [Termination (ms): Min: 0.0, Avg: 0.0, Max: 0.0, Diff: 0.0, Sum: 0.0]
         [Termination Attempts: Min: 1, Avg: 1.0, Max: 1, Diff: 0, Sum: 4]
      [GC Worker Other (ms): Min: 0.0, Avg: 0.0, Max: 0.0, Diff: 0.0, Sum: 0.2]
      [GC Worker Total (ms): Min: 45.7, Avg: 45.9, Max: 46.0, Diff: 0.2, Sum: 183.5]
      [GC Worker End (ms): Min: 10606457.1, Avg: 10606457.1, Max: 10606457.1, Diff: 0.0]
   [Code Root Fixup: 0.0 ms]
   [Code Root Purge: 0.0 ms]
   [Clear CT: 0.1 ms]
   [Other: 3.6 ms]
      [Choose CSet: 0.0 ms]
      [Ref Proc: 0.3 ms]
      [Ref Enq: 0.0 ms]
      [Redirty Cards: 0.1 ms]
      [Humongous Register: 2.2 ms]
      [Humongous Reclaim: 0.0 ms]
      [Free CSet: 0.4 ms]
   [Eden: 46.0M(46.0M)->0.0B(46.0M) Survivors: 5120.0K->5120.0K Heap: 401.6M(1024.0M)->356.3M(1024.0M)]
 [Times: user=0.06 sys=0.05, real=0.06 secs] 
2018-11-25T18:28:04.210+0800: 10634.231: [GC pause (G1 Evacuation Pause) (young), 0.0206603 secs]
   [Parallel Time: 19.8 ms, GC Workers: 4]
      [GC Worker Start (ms): Min: 10634230.9, Avg: 10634231.0, Max: 10634231.3, Diff: 0.4]
      [Ext Root Scanning (ms): Min: 0.7, Avg: 0.9, Max: 1.1, Diff: 0.4, Sum: 3.7]
      [Update RS (ms): Min: 1.9, Avg: 2.4, Max: 2.9, Diff: 1.1, Sum: 9.7]
         [Processed Buffers: Min: 3, Avg: 8.2, Max: 14, Diff: 11, Sum: 33]
      [Scan RS (ms): Min: 3.1, Avg: 3.6, Max: 4.2, Diff: 1.0, Sum: 14.3]
      [Code Root Scanning (ms): Min: 0.0, Avg: 0.0, Max: 0.0, Diff: 0.0, Sum: 0.0]
      [Object Copy (ms): Min: 12.6, Avg: 12.6, Max: 12.7, Diff: 0.1, Sum: 50.4]
      [Termination (ms): Min: 0.0, Avg: 0.0, Max: 0.0, Diff: 0.0, Sum: 0.0]
         [Termination Attempts: Min: 1, Avg: 1.0, Max: 1, Diff: 0, Sum: 4]
      [GC Worker Other (ms): Min: 0.0, Avg: 0.0, Max: 0.1, Diff: 0.0, Sum: 0.1]
      [GC Worker Total (ms): Min: 19.3, Avg: 19.6, Max: 19.7, Diff: 0.4, Sum: 78.3]
      [GC Worker End (ms): Min: 10634250.5, Avg: 10634250.6, Max: 10634250.6, Diff: 0.0]
   [Code Root Fixup: 0.0 ms]
   [Code Root Purge: 0.0 ms]
   [Clear CT: 0.1 ms]
   [Other: 0.8 ms]
      [Choose CSet: 0.0 ms]
      [Ref Proc: 0.2 ms]
      [Ref Enq: 0.0 ms]
      [Redirty Cards: 0.1 ms]
      [Humongous Register: 0.0 ms]
      [Humongous Reclaim: 0.0 ms]
      [Free CSet: 0.1 ms]
   [Eden: 46.0M(46.0M)->0.0B(44.0M) Survivors: 5120.0K->7168.0K Heap: 402.3M(1024.0M)->358.3M(1024.0M)]
 [Times: user=0.07 sys=0.00, real=0.02 secs] 
2018-11-25T18:28:30.759+0800: 10660.778: [GC pause (G1 Evacuation Pause) (young), 0.0223665 secs]
   [Parallel Time: 21.4 ms, GC Workers: 4]
      [GC Worker Start (ms): Min: 10660778.6, Avg: 10660778.7, Max: 10660778.7, Diff: 0.1]
      [Ext Root Scanning (ms): Min: 0.7, Avg: 0.8, Max: 0.9, Diff: 0.1, Sum: 3.2]
      [Update RS (ms): Min: 2.3, Avg: 2.5, Max: 2.7, Diff: 0.3, Sum: 10.1]
         [Processed Buffers: Min: 4, Avg: 8.2, Max: 18, Diff: 14, Sum: 33]
      [Scan RS (ms): Min: 3.4, Avg: 4.1, Max: 5.8, Diff: 2.4, Sum: 16.6]
      [Code Root Scanning (ms): Min: 0.0, Avg: 0.0, Max: 0.0, Diff: 0.0, Sum: 0.0]
      [Object Copy (ms): Min: 12.2, Avg: 13.7, Max: 14.2, Diff: 1.9, Sum: 54.6]
      [Termination (ms): Min: 0.0, Avg: 0.1, Max: 0.1, Diff: 0.1, Sum: 0.4]
         [Termination Attempts: Min: 1, Avg: 1.0, Max: 1, Diff: 0, Sum: 4]
      [GC Worker Other (ms): Min: 0.0, Avg: 0.0, Max: 0.0, Diff: 0.0, Sum: 0.1]
      [GC Worker Total (ms): Min: 21.2, Avg: 21.2, Max: 21.3, Diff: 0.1, Sum: 85.0]
      [GC Worker End (ms): Min: 10660799.9, Avg: 10660799.9, Max: 10660799.9, Diff: 0.0]
   [Code Root Fixup: 0.0 ms]
   [Code Root Purge: 0.0 ms]
   [Clear CT: 0.1 ms]
   [Other: 0.9 ms]
      [Choose CSet: 0.0 ms]
      [Ref Proc: 0.4 ms]
      [Ref Enq: 0.0 ms]
      [Redirty Cards: 0.1 ms]
      [Humongous Register: 0.0 ms]
      [Humongous Reclaim: 0.0 ms]
      [Free CSet: 0.1 ms]
   [Eden: 44.0M(44.0M)->0.0B(46.0M) Survivors: 7168.0K->5120.0K Heap: 402.3M(1024.0M)->358.9M(1024.0M)]
 [Times: user=0.07 sys=0.00, real=0.03 secs] 
2018-11-25T18:28:58.568+0800: 10688.587: [GC pause (G1 Evacuation Pause) (young), 0.0184375 secs]
   [Parallel Time: 17.7 ms, GC Workers: 4]
      [GC Worker Start (ms): Min: 10688587.7, Avg: 10688587.7, Max: 10688587.7, Diff: 0.1]
      [Ext Root Scanning (ms): Min: 0.7, Avg: 0.7, Max: 0.8, Diff: 0.1, Sum: 3.0]
      [Update RS (ms): Min: 1.6, Avg: 2.1, Max: 2.4, Diff: 0.9, Sum: 8.4]
         [Processed Buffers: Min: 2, Avg: 8.8, Max: 16, Diff: 14, Sum: 35]
      [Scan RS (ms): Min: 3.9, Avg: 4.5, Max: 5.6, Diff: 1.7, Sum: 18.2]
      [Code Root Scanning (ms): Min: 0.0, Avg: 0.0, Max: 0.0, Diff: 0.0, Sum: 0.0]
      [Object Copy (ms): Min: 8.7, Avg: 10.1, Max: 10.7, Diff: 2.0, Sum: 40.3]
      [Termination (ms): Min: 0.0, Avg: 0.1, Max: 0.1, Diff: 0.1, Sum: 0.4]
         [Termination Attempts: Min: 1, Avg: 1.5, Max: 2, Diff: 1, Sum: 6]
      [GC Worker Other (ms): Min: 0.0, Avg: 0.0, Max: 0.0, Diff: 0.0, Sum: 0.1]
      [GC Worker Total (ms): Min: 17.6, Avg: 17.6, Max: 17.6, Diff: 0.1, Sum: 70.4]
      [GC Worker End (ms): Min: 10688605.3, Avg: 10688605.3, Max: 10688605.3, Diff: 0.0]
   [Code Root Fixup: 0.0 ms]
   [Code Root Purge: 0.0 ms]
   [Clear CT: 0.1 ms]
   [Other: 0.6 ms]
      [Choose CSet: 0.0 ms]
      [Ref Proc: 0.1 ms]
      [Ref Enq: 0.0 ms]
      [Redirty Cards: 0.1 ms]
      [Humongous Register: 0.0 ms]
      [Humongous Reclaim: 0.0 ms]
      [Free CSet: 0.1 ms]
   [Eden: 46.0M(46.0M)->0.0B(46.0M) Survivors: 5120.0K->5120.0K Heap: 404.9M(1024.0M)->358.9M(1024.0M)]
 [Times: user=0.06 sys=0.01, real=0.02 secs] 
2018-11-25T18:29:26.215+0800: 10716.233: [GC pause (G1 Evacuation Pause) (young), 0.0199027 secs]
   [Parallel Time: 19.2 ms, GC Workers: 4]
      [GC Worker Start (ms): Min: 10716233.7, Avg: 10716233.9, Max: 10716234.4, Diff: 0.7]
      [Ext Root Scanning (ms): Min: 0.4, Avg: 0.9, Max: 1.2, Diff: 0.8, Sum: 3.6]
      [Update RS (ms): Min: 2.2, Avg: 2.5, Max: 2.9, Diff: 0.6, Sum: 9.9]
         [Processed Buffers: Min: 5, Avg: 8.0, Max: 16, Diff: 11, Sum: 32]
      [Scan RS (ms): Min: 3.0, Avg: 3.4, Max: 3.7, Diff: 0.7, Sum: 13.5]
      [Code Root Scanning (ms): Min: 0.0, Avg: 0.0, Max: 0.0, Diff: 0.0, Sum: 0.0]
      [Object Copy (ms): Min: 12.0, Avg: 12.0, Max: 12.1, Diff: 0.1, Sum: 48.2]
      [Termination (ms): Min: 0.0, Avg: 0.0, Max: 0.0, Diff: 0.0, Sum: 0.0]
         [Termination Attempts: Min: 1, Avg: 1.8, Max: 3, Diff: 2, Sum: 7]
      [GC Worker Other (ms): Min: 0.0, Avg: 0.0, Max: 0.1, Diff: 0.0, Sum: 0.2]
      [GC Worker Total (ms): Min: 18.4, Avg: 18.9, Max: 19.1, Diff: 0.7, Sum: 75.4]
      [GC Worker End (ms): Min: 10716252.8, Avg: 10716252.8, Max: 10716252.8, Diff: 0.0]
   [Code Root Fixup: 0.0 ms]
   [Code Root Purge: 0.0 ms]
   [Clear CT: 0.1 ms]
   [Other: 0.6 ms]
      [Choose CSet: 0.0 ms]
      [Ref Proc: 0.1 ms]
      [Ref Enq: 0.0 ms]
      [Redirty Cards: 0.1 ms]
      [Humongous Register: 0.1 ms]
      [Humongous Reclaim: 0.0 ms]
      [Free CSet: 0.1 ms]
   [Eden: 46.0M(46.0M)->0.0B(44.0M) Survivors: 5120.0K->7168.0K Heap: 404.9M(1024.0M)->360.4M(1024.0M)]
 [Times: user=0.07 sys=0.00, real=0.02 secs] 
2018-11-25T18:29:52.629+0800: 10742.646: [GC pause (G1 Evacuation Pause) (young), 0.0206146 secs]
   [Parallel Time: 19.8 ms, GC Workers: 4]
      [GC Worker Start (ms): Min: 10742646.6, Avg: 10742646.7, Max: 10742646.7, Diff: 0.1]
      [Ext Root Scanning (ms): Min: 1.0, Avg: 1.0, Max: 1.1, Diff: 0.1, Sum: 4.0]
      [Update RS (ms): Min: 2.1, Avg: 2.3, Max: 2.4, Diff: 0.3, Sum: 9.2]
         [Processed Buffers: Min: 5, Avg: 8.5, Max: 17, Diff: 12, Sum: 34]
      [Scan RS (ms): Min: 3.5, Avg: 3.6, Max: 3.8, Diff: 0.3, Sum: 14.5]
      [Code Root Scanning (ms): Min: 0.0, Avg: 0.0, Max: 0.0, Diff: 0.0, Sum: 0.0]
      [Object Copy (ms): Min: 12.7, Avg: 12.7, Max: 12.8, Diff: 0.2, Sum: 50.8]
      [Termination (ms): Min: 0.0, Avg: 0.1, Max: 0.1, Diff: 0.1, Sum: 0.4]
         [Termination Attempts: Min: 1, Avg: 1.0, Max: 1, Diff: 0, Sum: 4]
      [GC Worker Other (ms): Min: 0.0, Avg: 0.0, Max: 0.0, Diff: 0.0, Sum: 0.1]
      [GC Worker Total (ms): Min: 19.7, Avg: 19.7, Max: 19.8, Diff: 0.1, Sum: 78.9]
      [GC Worker End (ms): Min: 10742666.4, Avg: 10742666.4, Max: 10742666.4, Diff: 0.0]
   [Code Root Fixup: 0.0 ms]
   [Code Root Purge: 0.0 ms]
   [Clear CT: 0.1 ms]
   [Other: 0.7 ms]
      [Choose CSet: 0.0 ms]
      [Ref Proc: 0.2 ms]
      [Ref Enq: 0.0 ms]
      [Redirty Cards: 0.1 ms]
      [Humongous Register: 0.0 ms]
      [Humongous Reclaim: 0.0 ms]
      [Free CSet: 0.1 ms]
   [Eden: 44.0M(44.0M)->0.0B(46.0M) Survivors: 7168.0K->5120.0K Heap: 404.4M(1024.0M)->360.4M(1024.0M)]
 [Times: user=0.08 sys=0.00, real=0.03 secs] 
2018-11-25T18:30:20.499+0800: 10770.516: [GC pause (G1 Evacuation Pause) (young), 0.0174657 secs]
   [Parallel Time: 16.6 ms, GC Workers: 4]
      [GC Worker Start (ms): Min: 10770516.0, Avg: 10770516.0, Max: 10770516.1, Diff: 0.1]
      [Ext Root Scanning (ms): Min: 1.0, Avg: 1.0, Max: 1.0, Diff: 0.1, Sum: 4.1]
      [Update RS (ms): Min: 2.3, Avg: 2.5, Max: 2.7, Diff: 0.4, Sum: 9.9]
         [Processed Buffers: Min: 5, Avg: 9.5, Max: 19, Diff: 14, Sum: 38]
      [Scan RS (ms): Min: 4.3, Avg: 4.5, Max: 4.8, Diff: 0.5, Sum: 18.1]
      [Code Root Scanning (ms): Min: 0.0, Avg: 0.0, Max: 0.0, Diff: 0.0, Sum: 0.0]
      [Object Copy (ms): Min: 8.2, Avg: 8.3, Max: 8.4, Diff: 0.2, Sum: 33.3]
      [Termination (ms): Min: 0.0, Avg: 0.0, Max: 0.0, Diff: 0.0, Sum: 0.0]
         [Termination Attempts: Min: 1, Avg: 1.2, Max: 2, Diff: 1, Sum: 5]
      [GC Worker Other (ms): Min: 0.0, Avg: 0.0, Max: 0.0, Diff: 0.0, Sum: 0.1]
      [GC Worker Total (ms): Min: 16.3, Avg: 16.4, Max: 16.4, Diff: 0.1, Sum: 65.5]
      [GC Worker End (ms): Min: 10770532.4, Avg: 10770532.4, Max: 10770532.4, Diff: 0.0]
   [Code Root Fixup: 0.0 ms]
   [Code Root Purge: 0.0 ms]
   [Clear CT: 0.2 ms]
   [Other: 0.7 ms]
      [Choose CSet: 0.0 ms]
      [Ref Proc: 0.1 ms]
      [Ref Enq: 0.0 ms]
      [Redirty Cards: 0.1 ms]
      [Humongous Register: 0.1 ms]
      [Humongous Reclaim: 0.0 ms]
      [Free CSet: 0.1 ms]
   [Eden: 46.0M(46.0M)->0.0B(46.0M) Survivors: 5120.0K->5120.0K Heap: 406.4M(1024.0M)->360.4M(1024.0M)]
 [Times: user=0.06 sys=0.00, real=0.02 secs] 
2018-11-25T18:30:48.261+0800: 10798.276: [GC pause (G1 Evacuation Pause) (young), 0.0175926 secs]
   [Parallel Time: 16.7 ms, GC Workers: 4]
      [GC Worker Start (ms): Min: 10798276.7, Avg: 10798276.7, Max: 10798276.8, Diff: 0.1]
      [Ext Root Scanning (ms): Min: 1.0, Avg: 1.1, Max: 1.1, Diff: 0.1, Sum: 4.3]
      [Update RS (ms): Min: 2.3, Avg: 2.7, Max: 3.0, Diff: 0.7, Sum: 10.6]
         [Processed Buffers: Min: 2, Avg: 8.0, Max: 21, Diff: 19, Sum: 32]
      [Scan RS (ms): Min: 2.6, Avg: 3.0, Max: 3.3, Diff: 0.7, Sum: 12.2]
      [Code Root Scanning (ms): Min: 0.0, Avg: 0.0, Max: 0.0, Diff: 0.0, Sum: 0.0]
      [Object Copy (ms): Min: 9.7, Avg: 9.7, Max: 9.8, Diff: 0.1, Sum: 39.0]
      [Termination (ms): Min: 0.0, Avg: 0.0, Max: 0.0, Diff: 0.0, Sum: 0.0]
         [Termination Attempts: Min: 1, Avg: 1.0, Max: 1, Diff: 0, Sum: 4]
      [GC Worker Other (ms): Min: 0.0, Avg: 0.0, Max: 0.1, Diff: 0.0, Sum: 0.2]
      [GC Worker Total (ms): Min: 16.5, Avg: 16.6, Max: 16.6, Diff: 0.1, Sum: 66.2]
      [GC Worker End (ms): Min: 10798293.3, Avg: 10798293.3, Max: 10798293.3, Diff: 0.0]
   [Code Root Fixup: 0.0 ms]
   [Code Root Purge: 0.0 ms]
   [Clear CT: 0.1 ms]
   [Other: 0.8 ms]
      [Choose CSet: 0.0 ms]
      [Ref Proc: 0.2 ms]
      [Ref Enq: 0.0 ms]
      [Redirty Cards: 0.1 ms]
      [Humongous Register: 0.2 ms]
      [Humongous Reclaim: 0.0 ms]
      [Free CSet: 0.1 ms]
   [Eden: 46.0M(46.0M)->0.0B(46.0M) Survivors: 5120.0K->5120.0K Heap: 406.4M(1024.0M)->361.2M(1024.0M)]
 [Times: user=0.06 sys=0.00, real=0.02 secs] 
2018-11-25T18:31:14.474+0800: 10824.489: [GC pause (G1 Evacuation Pause) (young), 0.0243602 secs]
   [Parallel Time: 23.3 ms, GC Workers: 4]
      [GC Worker Start (ms): Min: 10824489.7, Avg: 10824489.8, Max: 10824490.1, Diff: 0.5]
      [Ext Root Scanning (ms): Min: 0.6, Avg: 0.9, Max: 1.0, Diff: 0.5, Sum: 3.6]
      [Update RS (ms): Min: 2.6, Avg: 2.8, Max: 2.9, Diff: 0.3, Sum: 11.0]
         [Processed Buffers: Min: 1, Avg: 11.0, Max: 22, Diff: 21, Sum: 44]
      [Scan RS (ms): Min: 4.3, Avg: 4.9, Max: 6.4, Diff: 2.0, Sum: 19.6]
      [Code Root Scanning (ms): Min: 0.0, Avg: 0.0, Max: 0.0, Diff: 0.0, Sum: 0.0]
      [Object Copy (ms): Min: 13.2, Avg: 14.5, Max: 15.0, Diff: 1.8, Sum: 58.0]
      [Termination (ms): Min: 0.0, Avg: 0.0, Max: 0.0, Diff: 0.0, Sum: 0.0]
         [Termination Attempts: Min: 1, Avg: 1.0, Max: 1, Diff: 0, Sum: 4]
      [GC Worker Other (ms): Min: 0.0, Avg: 0.0, Max: 0.1, Diff: 0.0, Sum: 0.2]
      [GC Worker Total (ms): Min: 22.8, Avg: 23.1, Max: 23.2, Diff: 0.5, Sum: 92.4]
      [GC Worker End (ms): Min: 10824512.9, Avg: 10824512.9, Max: 10824512.9, Diff: 0.0]
   [Code Root Fixup: 0.0 ms]
   [Code Root Purge: 0.0 ms]
   [Clear CT: 0.1 ms]
   [Other: 0.9 ms]
      [Choose CSet: 0.0 ms]
      [Ref Proc: 0.1 ms]
      [Ref Enq: 0.0 ms]
      [Redirty Cards: 0.1 ms]
      [Humongous Register: 0.1 ms]
      [Humongous Reclaim: 0.0 ms]
      [Free CSet: 0.1 ms]
   [Eden: 46.0M(46.0M)->0.0B(44.0M) Survivors: 5120.0K->7168.0K Heap: 407.2M(1024.0M)->363.9M(1024.0M)]
 [Times: user=0.08 sys=0.01, real=0.03 secs] 
2018-11-25T18:31:41.024+0800: 10851.038: [GC pause (G1 Evacuation Pause) (young), 0.0271272 secs]
   [Parallel Time: 26.4 ms, GC Workers: 4]
      [GC Worker Start (ms): Min: 10851038.7, Avg: 10851040.1, Max: 10851042.6, Diff: 3.9]
      [Ext Root Scanning (ms): Min: 0.0, Avg: 0.7, Max: 1.5, Diff: 1.5, Sum: 3.0]
      [Update RS (ms): Min: 0.1, Avg: 1.8, Max: 2.4, Diff: 2.3, Sum: 7.1]
         [Processed Buffers: Min: 6, Avg: 9.5, Max: 12, Diff: 6, Sum: 38]
      [Scan RS (ms): Min: 4.1, Avg: 4.9, Max: 6.3, Diff: 2.2, Sum: 19.8]
      [Code Root Scanning (ms): Min: 0.0, Avg: 0.0, Max: 0.0, Diff: 0.0, Sum: 0.0]
      [Object Copy (ms): Min: 15.9, Avg: 17.4, Max: 18.4, Diff: 2.5, Sum: 69.6]
      [Termination (ms): Min: 0.0, Avg: 0.0, Max: 0.0, Diff: 0.0, Sum: 0.0]
         [Termination Attempts: Min: 1, Avg: 1.2, Max: 2, Diff: 1, Sum: 5]
      [GC Worker Other (ms): Min: 0.0, Avg: 0.0, Max: 0.1, Diff: 0.0, Sum: 0.2]
      [GC Worker Total (ms): Min: 22.4, Avg: 24.9, Max: 26.3, Diff: 3.9, Sum: 99.7]
      [GC Worker End (ms): Min: 10851065.0, Avg: 10851065.0, Max: 10851065.0, Diff: 0.0]
   [Code Root Fixup: 0.0 ms]
   [Code Root Purge: 0.0 ms]
   [Clear CT: 0.1 ms]
   [Other: 0.6 ms]
      [Choose CSet: 0.0 ms]
      [Ref Proc: 0.1 ms]
      [Ref Enq: 0.0 ms]
      [Redirty Cards: 0.1 ms]
      [Humongous Register: 0.0 ms]
      [Humongous Reclaim: 0.0 ms]
      [Free CSet: 0.1 ms]
   [Eden: 44.0M(44.0M)->0.0B(47.0M) Survivors: 7168.0K->4096.0K Heap: 407.9M(1024.0M)->364.3M(1024.0M)]
 [Times: user=0.08 sys=0.00, real=0.03 secs] 
2018-11-25T18:32:09.515+0800: 10879.528: [GC pause (G1 Evacuation Pause) (young) (initial-mark), 0.0650764 secs]
   [Parallel Time: 60.4 ms, GC Workers: 4]
      [GC Worker Start (ms): Min: 10879532.0, Avg: 10879532.1, Max: 10879532.1, Diff: 0.1]
      [Ext Root Scanning (ms): Min: 36.8, Avg: 37.0, Max: 37.4, Diff: 0.6, Sum: 148.1]
      [Update RS (ms): Min: 4.0, Avg: 4.7, Max: 5.5, Diff: 1.5, Sum: 18.6]
         [Processed Buffers: Min: 1, Avg: 9.5, Max: 16, Diff: 15, Sum: 38]
      [Scan RS (ms): Min: 8.8, Avg: 9.7, Max: 10.2, Diff: 1.4, Sum: 38.7]
      [Code Root Scanning (ms): Min: 0.0, Avg: 0.0, Max: 0.0, Diff: 0.0, Sum: 0.0]
      [Object Copy (ms): Min: 8.4, Avg: 8.7, Max: 9.0, Diff: 0.6, Sum: 34.7]
      [Termination (ms): Min: 0.0, Avg: 0.1, Max: 0.2, Diff: 0.2, Sum: 0.5]
         [Termination Attempts: Min: 1, Avg: 1.0, Max: 1, Diff: 0, Sum: 4]
      [GC Worker Other (ms): Min: 0.0, Avg: 0.0, Max: 0.0, Diff: 0.0, Sum: 0.1]
      [GC Worker Total (ms): Min: 60.1, Avg: 60.2, Max: 60.3, Diff: 0.1, Sum: 240.8]
      [GC Worker End (ms): Min: 10879592.2, Avg: 10879592.3, Max: 10879592.4, Diff: 0.1]
   [Code Root Fixup: 0.0 ms]
   [Code Root Purge: 0.0 ms]
   [Clear CT: 0.1 ms]
   [Other: 4.5 ms]
      [Choose CSet: 0.0 ms]
      [Ref Proc: 0.2 ms]
      [Ref Enq: 0.0 ms]
      [Redirty Cards: 0.1 ms]
      [Humongous Register: 0.0 ms]
      [Humongous Reclaim: 0.0 ms]
      [Free CSet: 0.1 ms]
   [Eden: 47.0M(47.0M)->0.0B(46.0M) Survivors: 4096.0K->5120.0K Heap: 411.3M(1024.0M)->365.3M(1024.0M)]
 [Times: user=0.06 sys=0.04, real=0.07 secs] 
2018-11-25T18:32:09.582+0800: 10879.596: [GC concurrent-root-region-scan-start]
2018-11-25T18:32:09.593+0800: 10879.606: [GC concurrent-root-region-scan-end, 0.0105757 secs]
2018-11-25T18:32:09.596+0800: 10879.609: [GC concurrent-mark-start]
2018-11-25T18:32:09.878+0800: 10879.891: [GC concurrent-mark-end, 0.2826654 secs]
2018-11-25T18:32:09.883+0800: 10879.897: [GC remark 2018-11-25T18:32:09.886+0800: 10879.900: [Finalize Marking, 0.0006662 secs] 2018-11-25T18:32:09.887+0800: 10879.900: [GC ref-proc, 0.0003746 secs] 2018-11-25T18:32:09.888+0800: 10879.901: [Unloading, 0.2261035 secs], 0.2321222 secs]
 [Times: user=0.05 sys=0.24, real=0.23 secs] 
2018-11-25T18:32:10.118+0800: 10880.132: [GC cleanup 366M->257M(1024M), 0.0238142 secs]
 [Times: user=0.01 sys=0.02, real=0.03 secs] 
2018-11-25T18:32:10.142+0800: 10880.156: [GC concurrent-cleanup-start]
2018-11-25T18:32:10.144+0800: 10880.157: [GC concurrent-cleanup-end, 0.0014292 secs]
2018-11-25T18:32:37.581+0800: 10907.593: [GC pause (G1 Evacuation Pause) (young), 0.0193904 secs]
   [Parallel Time: 18.7 ms, GC Workers: 4]
      [GC Worker Start (ms): Min: 10907593.5, Avg: 10907593.9, Max: 10907594.4, Diff: 0.9]
      [Ext Root Scanning (ms): Min: 0.5, Avg: 1.4, Max: 3.4, Diff: 2.9, Sum: 5.7]
      [Update RS (ms): Min: 0.0, Avg: 1.2, Max: 1.8, Diff: 1.8, Sum: 4.9]
         [Processed Buffers: Min: 0, Avg: 8.8, Max: 24, Diff: 24, Sum: 35]
      [Scan RS (ms): Min: 2.7, Avg: 3.0, Max: 3.2, Diff: 0.5, Sum: 11.9]
      [Code Root Scanning (ms): Min: 0.0, Avg: 0.0, Max: 0.0, Diff: 0.0, Sum: 0.0]
      [Object Copy (ms): Min: 12.3, Avg: 12.4, Max: 12.5, Diff: 0.2, Sum: 49.6]
      [Termination (ms): Min: 0.0, Avg: 0.1, Max: 0.2, Diff: 0.2, Sum: 0.4]
         [Termination Attempts: Min: 1, Avg: 1.0, Max: 1, Diff: 0, Sum: 4]
      [GC Worker Other (ms): Min: 0.0, Avg: 0.0, Max: 0.0, Diff: 0.0, Sum: 0.1]
      [GC Worker Total (ms): Min: 17.7, Avg: 18.2, Max: 18.5, Diff: 0.9, Sum: 72.6]
      [GC Worker End (ms): Min: 10907612.1, Avg: 10907612.1, Max: 10907612.1, Diff: 0.0]
   [Code Root Fixup: 0.0 ms]
   [Code Root Purge: 0.0 ms]
   [Clear CT: 0.0 ms]
   [Other: 0.7 ms]
      [Choose CSet: 0.0 ms]
      [Ref Proc: 0.2 ms]
      [Ref Enq: 0.0 ms]
      [Redirty Cards: 0.1 ms]
      [Humongous Register: 0.1 ms]
      [Humongous Reclaim: 0.0 ms]
      [Free CSet: 0.0 ms]
   [Eden: 46.0M(46.0M)->0.0B(48.0M) Survivors: 5120.0K->3072.0K Heap: 302.3M(1024.0M)->256.5M(1024.0M)]
 [Times: user=0.05 sys=0.01, real=0.02 secs] 
2018-11-25T18:33:06.744+0800: 10936.755: [GC pause (G1 Evacuation Pause) (mixed), 0.0263559 secs]
   [Parallel Time: 25.2 ms, GC Workers: 4]
      [GC Worker Start (ms): Min: 10936755.6, Avg: 10936755.7, Max: 10936755.7, Diff: 0.1]
      [Ext Root Scanning (ms): Min: 0.6, Avg: 0.8, Max: 1.0, Diff: 0.4, Sum: 3.2]
      [Update RS (ms): Min: 0.0, Avg: 2.1, Max: 2.9, Diff: 2.9, Sum: 8.3]
         [Processed Buffers: Min: 0, Avg: 9.0, Max: 23, Diff: 23, Sum: 36]
      [Scan RS (ms): Min: 11.1, Avg: 13.0, Max: 15.6, Diff: 4.5, Sum: 52.2]
      [Code Root Scanning (ms): Min: 0.0, Avg: 0.0, Max: 0.1, Diff: 0.1, Sum: 0.1]
      [Object Copy (ms): Min: 5.9, Avg: 9.1, Max: 10.3, Diff: 4.4, Sum: 36.4]
      [Termination (ms): Min: 0.0, Avg: 0.0, Max: 0.0, Diff: 0.0, Sum: 0.0]
         [Termination Attempts: Min: 1, Avg: 1.8, Max: 3, Diff: 2, Sum: 7]
      [GC Worker Other (ms): Min: 0.0, Avg: 0.1, Max: 0.1, Diff: 0.0, Sum: 0.2]
      [GC Worker Total (ms): Min: 25.1, Avg: 25.1, Max: 25.2, Diff: 0.1, Sum: 100.4]
      [GC Worker End (ms): Min: 10936780.8, Avg: 10936780.8, Max: 10936780.8, Diff: 0.0]
   [Code Root Fixup: 0.0 ms]
   [Code Root Purge: 0.0 ms]
   [Clear CT: 0.2 ms]
   [Other: 1.0 ms]
      [Choose CSet: 0.0 ms]
      [Ref Proc: 0.3 ms]
      [Ref Enq: 0.0 ms]
      [Redirty Cards: 0.1 ms]
      [Humongous Register: 0.0 ms]
      [Humongous Reclaim: 0.0 ms]
      [Free CSet: 0.3 ms]
   [Eden: 48.0M(48.0M)->0.0B(46.0M) Survivors: 3072.0K->5120.0K Heap: 304.5M(1024.0M)->243.4M(1024.0M)]
 [Times: user=0.03 sys=0.01, real=0.03 secs] 
2018-11-25T18:33:34.658+0800: 10964.669: [GC pause (G1 Evacuation Pause) (mixed), 0.0873446 secs]
   [Parallel Time: 79.4 ms, GC Workers: 4]
      [GC Worker Start (ms): Min: 10964674.7, Avg: 10964674.9, Max: 10964675.0, Diff: 0.3]
      [Ext Root Scanning (ms): Min: 9.5, Avg: 15.8, Max: 26.7, Diff: 17.3, Sum: 63.1]
      [Update RS (ms): Min: 0.0, Avg: 9.1, Max: 15.2, Diff: 15.2, Sum: 36.4]
         [Processed Buffers: Min: 0, Avg: 6.5, Max: 13, Diff: 13, Sum: 26]
      [Scan RS (ms): Min: 16.9, Avg: 17.3, Max: 17.7, Diff: 0.9, Sum: 69.3]
      [Code Root Scanning (ms): Min: 0.0, Avg: 0.0, Max: 0.1, Diff: 0.1, Sum: 0.2]
      [Object Copy (ms): Min: 34.5, Avg: 36.6, Max: 37.3, Diff: 2.8, Sum: 146.5]
      [Termination (ms): Min: 0.0, Avg: 0.1, Max: 0.2, Diff: 0.2, Sum: 0.6]
         [Termination Attempts: Min: 1, Avg: 3.2, Max: 6, Diff: 5, Sum: 13]
      [GC Worker Other (ms): Min: 0.0, Avg: 0.1, Max: 0.1, Diff: 0.1, Sum: 0.3]
      [GC Worker Total (ms): Min: 78.9, Avg: 79.1, Max: 79.2, Diff: 0.3, Sum: 316.3]
      [GC Worker End (ms): Min: 10964753.9, Avg: 10964753.9, Max: 10964754.0, Diff: 0.1]
   [Code Root Fixup: 0.0 ms]
   [Code Root Purge: 0.0 ms]
   [Clear CT: 0.1 ms]
   [Other: 7.8 ms]
      [Choose CSet: 1.1 ms]
      [Ref Proc: 0.3 ms]
      [Ref Enq: 0.0 ms]
      [Redirty Cards: 0.1 ms]
      [Humongous Register: 3.4 ms]
      [Humongous Reclaim: 0.0 ms]
      [Free CSet: 1.3 ms]
   [Eden: 46.0M(46.0M)->0.0B(46.0M) Survivors: 5120.0K->5120.0K Heap: 289.4M(1024.0M)->227.8M(1024.0M)]
 [Times: user=0.05 sys=0.06, real=0.09 secs] 
2018-11-25T18:34:02.388+0800: 10992.398: [GC pause (G1 Evacuation Pause) (mixed), 0.0244439 secs]
   [Parallel Time: 15.0 ms, GC Workers: 4]
      [GC Worker Start (ms): Min: 10992406.7, Avg: 10992407.0, Max: 10992407.5, Diff: 0.8]
      [Ext Root Scanning (ms): Min: 0.5, Avg: 1.5, Max: 2.5, Diff: 1.9, Sum: 6.1]
      [Update RS (ms): Min: 0.0, Avg: 0.8, Max: 1.3, Diff: 1.3, Sum: 3.1]
         [Processed Buffers: Min: 0, Avg: 7.2, Max: 12, Diff: 12, Sum: 29]
      [Scan RS (ms): Min: 3.3, Avg: 3.5, Max: 3.8, Diff: 0.5, Sum: 14.1]
      [Code Root Scanning (ms): Min: 0.0, Avg: 0.0, Max: 0.0, Diff: 0.0, Sum: 0.0]
      [Object Copy (ms): Min: 8.2, Avg: 8.6, Max: 8.8, Diff: 0.6, Sum: 34.6]
      [Termination (ms): Min: 0.0, Avg: 0.1, Max: 0.1, Diff: 0.1, Sum: 0.4]
         [Termination Attempts: Min: 1, Avg: 1.0, Max: 1, Diff: 0, Sum: 4]
      [GC Worker Other (ms): Min: 0.0, Avg: 0.0, Max: 0.0, Diff: 0.0, Sum: 0.1]
      [GC Worker Total (ms): Min: 14.1, Avg: 14.6, Max: 14.9, Diff: 0.8, Sum: 58.3]
      [GC Worker End (ms): Min: 10992421.5, Avg: 10992421.5, Max: 10992421.6, Diff: 0.0]
   [Code Root Fixup: 0.0 ms]
   [Code Root Purge: 0.0 ms]
   [Clear CT: 0.1 ms]
   [Other: 9.3 ms]
      [Choose CSet: 1.2 ms]
      [Ref Proc: 0.2 ms]
      [Ref Enq: 0.0 ms]
      [Redirty Cards: 0.1 ms]
      [Humongous Register: 6.9 ms]
      [Humongous Reclaim: 0.0 ms]
      [Free CSet: 0.6 ms]
   [Eden: 46.0M(46.0M)->0.0B(46.0M) Survivors: 5120.0K->5120.0K Heap: 273.8M(1024.0M)->211.9M(1024.0M)]
 [Times: user=0.03 sys=0.02, real=0.03 secs] 
2018-11-25T18:34:30.150+0800: 11020.159: [GC pause (G1 Evacuation Pause) (mixed), 0.0437165 secs]
   [Parallel Time: 35.1 ms, GC Workers: 4]
      [GC Worker Start (ms): Min: 11020166.3, Avg: 11020166.4, Max: 11020166.5, Diff: 0.2]
      [Ext Root Scanning (ms): Min: 4.5, Avg: 6.3, Max: 11.6, Diff: 7.1, Sum: 25.1]
      [Update RS (ms): Min: 0.0, Avg: 2.7, Max: 3.7, Diff: 3.7, Sum: 10.7]
         [Processed Buffers: Min: 0, Avg: 7.2, Max: 17, Diff: 17, Sum: 29]
      [Scan RS (ms): Min: 1.2, Avg: 4.5, Max: 7.9, Diff: 6.7, Sum: 18.0]
      [Code Root Scanning (ms): Min: 0.0, Avg: 0.0, Max: 0.0, Diff: 0.0, Sum: 0.0]
      [Object Copy (ms): Min: 18.5, Avg: 21.2, Max: 22.2, Diff: 3.7, Sum: 84.8]
      [Termination (ms): Min: 0.0, Avg: 0.1, Max: 0.1, Diff: 0.1, Sum: 0.4]
         [Termination Attempts: Min: 1, Avg: 1.2, Max: 2, Diff: 1, Sum: 5]
      [GC Worker Other (ms): Min: 0.1, Avg: 0.1, Max: 0.1, Diff: 0.1, Sum: 0.3]
      [GC Worker Total (ms): Min: 34.7, Avg: 34.8, Max: 34.9, Diff: 0.2, Sum: 139.3]
      [GC Worker End (ms): Min: 11020201.2, Avg: 11020201.2, Max: 11020201.3, Diff: 0.0]
   [Code Root Fixup: 0.0 ms]
   [Code Root Purge: 0.0 ms]
   [Clear CT: 0.1 ms]
   [Other: 8.6 ms]
      [Choose CSet: 2.6 ms]
      [Ref Proc: 0.3 ms]
      [Ref Enq: 0.0 ms]
      [Redirty Cards: 0.1 ms]
      [Humongous Register: 3.7 ms]
      [Humongous Reclaim: 0.0 ms]
      [Free CSet: 0.9 ms]
   [Eden: 46.0M(46.0M)->0.0B(44.0M) Survivors: 5120.0K->7168.0K Heap: 257.9M(1024.0M)->197.9M(1024.0M)]
 [Times: user=0.05 sys=0.06, real=0.04 secs] 
2018-11-25T18:34:56.795+0800: 11046.803: [GC pause (G1 Evacuation Pause) (mixed), 0.0451995 secs]
   [Parallel Time: 44.2 ms, GC Workers: 4]
      [GC Worker Start (ms): Min: 11046803.5, Avg: 11046803.8, Max: 11046804.2, Diff: 0.7]
      [Ext Root Scanning (ms): Min: 0.4, Avg: 0.8, Max: 1.1, Diff: 0.7, Sum: 3.1]
      [Update RS (ms): Min: 0.8, Avg: 1.3, Max: 1.7, Diff: 0.9, Sum: 5.4]
         [Processed Buffers: Min: 4, Avg: 7.0, Max: 13, Diff: 9, Sum: 28]
      [Scan RS (ms): Min: 0.0, Avg: 0.3, Max: 0.4, Diff: 0.4, Sum: 1.0]
      [Code Root Scanning (ms): Min: 0.0, Avg: 0.0, Max: 0.0, Diff: 0.0, Sum: 0.0]
      [Object Copy (ms): Min: 41.3, Avg: 41.4, Max: 41.8, Diff: 0.5, Sum: 165.7]
      [Termination (ms): Min: 0.0, Avg: 0.0, Max: 0.0, Diff: 0.0, Sum: 0.0]
         [Termination Attempts: Min: 1, Avg: 1.0, Max: 1, Diff: 0, Sum: 4]
      [GC Worker Other (ms): Min: 0.0, Avg: 0.0, Max: 0.0, Diff: 0.0, Sum: 0.1]
      [GC Worker Total (ms): Min: 43.4, Avg: 43.8, Max: 44.1, Diff: 0.7, Sum: 175.3]
      [GC Worker End (ms): Min: 11046847.6, Avg: 11046847.6, Max: 11046847.6, Diff: 0.0]
   [Code Root Fixup: 0.0 ms]
   [Code Root Purge: 0.0 ms]
   [Clear CT: 0.1 ms]
   [Other: 0.9 ms]
      [Choose CSet: 0.0 ms]
      [Ref Proc: 0.3 ms]
      [Ref Enq: 0.0 ms]
      [Redirty Cards: 0.1 ms]
      [Humongous Register: 0.1 ms]
      [Humongous Reclaim: 0.0 ms]
      [Free CSet: 0.1 ms]
   [Eden: 44.0M(44.0M)->0.0B(46.0M) Survivors: 7168.0K->5120.0K Heap: 241.9M(1024.0M)->197.0M(1024.0M)]
 [Times: user=0.07 sys=0.01, real=0.05 secs] 
2018-11-25T18:35:24.705+0800: 11074.712: [GC pause (G1 Evacuation Pause) (young), 0.0254350 secs]
   [Parallel Time: 23.3 ms, GC Workers: 4]
      [GC Worker Start (ms): Min: 11074713.6, Avg: 11074713.6, Max: 11074713.7, Diff: 0.1]
      [Ext Root Scanning (ms): Min: 1.3, Avg: 1.4, Max: 1.9, Diff: 0.6, Sum: 5.7]
      [Update RS (ms): Min: 4.6, Avg: 5.0, Max: 5.4, Diff: 0.9, Sum: 20.1]
         [Processed Buffers: Min: 2, Avg: 6.2, Max: 9, Diff: 7, Sum: 25]
      [Scan RS (ms): Min: 1.6, Avg: 3.2, Max: 7.5, Diff: 5.9, Sum: 12.6]
      [Code Root Scanning (ms): Min: 0.0, Avg: 0.0, Max: 0.0, Diff: 0.0, Sum: 0.0]
      [Object Copy (ms): Min: 9.6, Avg: 13.4, Max: 14.7, Diff: 5.1, Sum: 53.5]
      [Termination (ms): Min: 0.0, Avg: 0.1, Max: 0.1, Diff: 0.1, Sum: 0.3]
         [Termination Attempts: Min: 1, Avg: 1.0, Max: 1, Diff: 0, Sum: 4]
      [GC Worker Other (ms): Min: 0.0, Avg: 0.0, Max: 0.0, Diff: 0.0, Sum: 0.1]
      [GC Worker Total (ms): Min: 23.0, Avg: 23.1, Max: 23.2, Diff: 0.2, Sum: 92.4]
      [GC Worker End (ms): Min: 11074736.7, Avg: 11074736.7, Max: 11074736.8, Diff: 0.0]
   [Code Root Fixup: 0.0 ms]
   [Code Root Purge: 0.0 ms]
   [Clear CT: 0.1 ms]
   [Other: 2.1 ms]
      [Choose CSet: 0.0 ms]
      [Ref Proc: 0.4 ms]
      [Ref Enq: 0.0 ms]
      [Redirty Cards: 0.1 ms]
      [Humongous Register: 0.9 ms]
      [Humongous Reclaim: 0.0 ms]
      [Free CSet: 0.3 ms]
   [Eden: 46.0M(46.0M)->0.0B(45.0M) Survivors: 5120.0K->6144.0K Heap: 243.0M(1024.0M)->197.5M(1024.0M)]
 [Times: user=0.05 sys=0.02, real=0.03 secs] 
2018-11-25T18:35:51.699+0800: 11101.706: [GC pause (G1 Evacuation Pause) (young), 0.0254237 secs]
   [Parallel Time: 24.6 ms, GC Workers: 4]
      [GC Worker Start (ms): Min: 11101705.9, Avg: 11101706.0, Max: 11101706.1, Diff: 0.1]
      [Ext Root Scanning (ms): Min: 1.7, Avg: 1.7, Max: 1.7, Diff: 0.1, Sum: 6.8]
      [Update RS (ms): Min: 2.2, Avg: 2.3, Max: 2.4, Diff: 0.2, Sum: 9.2]
         [Processed Buffers: Min: 2, Avg: 6.5, Max: 13, Diff: 11, Sum: 26]
      [Scan RS (ms): Min: 4.1, Avg: 4.2, Max: 4.3, Diff: 0.2, Sum: 16.9]
      [Code Root Scanning (ms): Min: 0.0, Avg: 0.0, Max: 0.0, Diff: 0.0, Sum: 0.0]
      [Object Copy (ms): Min: 15.9, Avg: 16.0, Max: 16.1, Diff: 0.2, Sum: 64.1]
      [Termination (ms): Min: 0.0, Avg: 0.0, Max: 0.0, Diff: 0.0, Sum: 0.0]
         [Termination Attempts: Min: 1, Avg: 1.0, Max: 1, Diff: 0, Sum: 4]
      [GC Worker Other (ms): Min: 0.0, Avg: 0.1, Max: 0.1, Diff: 0.1, Sum: 0.3]
      [GC Worker Total (ms): Min: 24.2, Avg: 24.3, Max: 24.4, Diff: 0.2, Sum: 97.3]
      [GC Worker End (ms): Min: 11101730.3, Avg: 11101730.3, Max: 11101730.3, Diff: 0.0]
   [Code Root Fixup: 0.0 ms]
   [Code Root Purge: 0.0 ms]
   [Clear CT: 0.1 ms]
   [Other: 0.8 ms]
      [Choose CSet: 0.0 ms]
      [Ref Proc: 0.1 ms]
      [Ref Enq: 0.0 ms]
      [Redirty Cards: 0.2 ms]
      [Humongous Register: 0.1 ms]
      [Humongous Reclaim: 0.0 ms]
      [Free CSet: 0.1 ms]
   [Eden: 45.0M(45.0M)->0.0B(45.0M) Survivors: 6144.0K->6144.0K Heap: 242.5M(1024.0M)->198.9M(1024.0M)]
 [Times: user=0.07 sys=0.01, real=0.03 secs] 
2018-11-25T18:36:18.611+0800: 11128.613: [GC pause (G1 Evacuation Pause) (young), 0.0531437 secs]
   [Parallel Time: 47.2 ms, GC Workers: 4]
      [GC Worker Start (ms): Min: 11128617.2, Avg: 11128617.3, Max: 11128617.4, Diff: 0.2]
      [Ext Root Scanning (ms): Min: 5.1, Avg: 6.8, Max: 11.4, Diff: 6.3, Sum: 27.3]
      [Update RS (ms): Min: 0.0, Avg: 3.5, Max: 4.9, Diff: 4.9, Sum: 14.2]
         [Processed Buffers: Min: 0, Avg: 7.5, Max: 13, Diff: 13, Sum: 30]
      [Scan RS (ms): Min: 1.4, Avg: 3.1, Max: 4.6, Diff: 3.2, Sum: 12.5]
      [Code Root Scanning (ms): Min: 0.0, Avg: 0.0, Max: 0.0, Diff: 0.0, Sum: 0.0]
      [Object Copy (ms): Min: 32.0, Avg: 33.1, Max: 34.2, Diff: 2.2, Sum: 132.3]
      [Termination (ms): Min: 0.0, Avg: 0.1, Max: 0.3, Diff: 0.2, Sum: 0.6]
         [Termination Attempts: Min: 1, Avg: 1.0, Max: 1, Diff: 0, Sum: 4]
      [GC Worker Other (ms): Min: 0.1, Avg: 0.2, Max: 0.3, Diff: 0.3, Sum: 0.6]
      [GC Worker Total (ms): Min: 46.8, Avg: 46.9, Max: 46.9, Diff: 0.2, Sum: 187.4]
      [GC Worker End (ms): Min: 11128664.1, Avg: 11128664.2, Max: 11128664.2, Diff: 0.1]
   [Code Root Fixup: 0.0 ms]
   [Code Root Purge: 0.0 ms]
   [Clear CT: 0.1 ms]
   [Other: 5.8 ms]
      [Choose CSet: 0.0 ms]
      [Ref Proc: 0.2 ms]
      [Ref Enq: 0.0 ms]
      [Redirty Cards: 0.1 ms]
      [Humongous Register: 3.5 ms]
      [Humongous Reclaim: 0.0 ms]
      [Free CSet: 0.9 ms]
   [Eden: 45.0M(45.0M)->0.0B(46.0M) Survivors: 6144.0K->5120.0K Heap: 243.9M(1024.0M)->198.8M(1024.0M)]
 [Times: user=0.06 sys=0.06, real=0.05 secs] 
2018-11-25T18:36:46.104+0800: 11156.094: [GC pause (G1 Evacuation Pause) (young), 0.0567826 secs]
   [Parallel Time: 50.7 ms, GC Workers: 4]
      [GC Worker Start (ms): Min: 11156098.4, Avg: 11156098.5, Max: 11156098.6, Diff: 0.2]
      [Ext Root Scanning (ms): Min: 5.0, Avg: 7.8, Max: 15.8, Diff: 10.8, Sum: 31.0]
      [Update RS (ms): Min: 1.2, Avg: 8.9, Max: 11.7, Diff: 10.5, Sum: 35.5]
         [Processed Buffers: Min: 0, Avg: 7.0, Max: 15, Diff: 15, Sum: 28]
      [Scan RS (ms): Min: 4.3, Avg: 4.5, Max: 5.0, Diff: 0.7, Sum: 18.2]
      [Code Root Scanning (ms): Min: 0.0, Avg: 0.0, Max: 0.0, Diff: 0.0, Sum: 0.0]
      [Object Copy (ms): Min: 29.0, Avg: 29.1, Max: 29.2, Diff: 0.2, Sum: 116.3]
      [Termination (ms): Min: 0.0, Avg: 0.1, Max: 0.2, Diff: 0.2, Sum: 0.3]
         [Termination Attempts: Min: 1, Avg: 1.2, Max: 2, Diff: 1, Sum: 5]
      [GC Worker Other (ms): Min: 0.0, Avg: 0.1, Max: 0.2, Diff: 0.1, Sum: 0.4]
      [GC Worker Total (ms): Min: 50.3, Avg: 50.4, Max: 50.6, Diff: 0.2, Sum: 201.8]
      [GC Worker End (ms): Min: 11156148.9, Avg: 11156148.9, Max: 11156149.0, Diff: 0.0]
   [Code Root Fixup: 0.0 ms]
   [Code Root Purge: 0.0 ms]
   [Clear CT: 0.2 ms]
   [Other: 5.9 ms]
      [Choose CSet: 0.0 ms]
      [Ref Proc: 0.4 ms]
      [Ref Enq: 0.0 ms]
      [Redirty Cards: 0.1 ms]
      [Humongous Register: 3.5 ms]
      [Humongous Reclaim: 0.0 ms]
      [Free CSet: 0.6 ms]
   [Eden: 46.0M(46.0M)->0.0B(46.0M) Survivors: 5120.0K->5120.0K Heap: 244.8M(1024.0M)->199.3M(1024.0M)]
 [Times: user=0.06 sys=0.07, real=0.06 secs] 
2018-11-25T18:37:13.732+0800: 11183.720: [GC pause (G1 Evacuation Pause) (young), 0.0416303 secs]
   [Parallel Time: 37.2 ms, GC Workers: 4]
      [GC Worker Start (ms): Min: 11183719.7, Avg: 11183719.8, Max: 11183719.8, Diff: 0.1]
      [Ext Root Scanning (ms): Min: 0.8, Avg: 0.8, Max: 0.9, Diff: 0.1, Sum: 3.4]
      [Update RS (ms): Min: 2.4, Avg: 2.9, Max: 4.2, Diff: 1.9, Sum: 11.5]
         [Processed Buffers: Min: 4, Avg: 7.5, Max: 11, Diff: 7, Sum: 30]
      [Scan RS (ms): Min: 1.7, Avg: 3.8, Max: 5.3, Diff: 3.6, Sum: 15.4]
      [Code Root Scanning (ms): Min: 0.0, Avg: 0.0, Max: 0.1, Diff: 0.1, Sum: 0.1]
      [Object Copy (ms): Min: 26.3, Avg: 28.4, Max: 30.3, Diff: 4.0, Sum: 113.5]
      [Termination (ms): Min: 0.0, Avg: 1.0, Max: 2.0, Diff: 2.0, Sum: 4.1]
         [Termination Attempts: Min: 1, Avg: 1.0, Max: 1, Diff: 0, Sum: 4]
      [GC Worker Other (ms): Min: 0.0, Avg: 0.1, Max: 0.2, Diff: 0.1, Sum: 0.2]
      [GC Worker Total (ms): Min: 37.0, Avg: 37.0, Max: 37.1, Diff: 0.1, Sum: 148.1]
      [GC Worker End (ms): Min: 11183756.8, Avg: 11183756.8, Max: 11183756.8, Diff: 0.0]
   [Code Root Fixup: 0.0 ms]
   [Code Root Purge: 0.0 ms]
   [Clear CT: 0.1 ms]
   [Other: 4.3 ms]
      [Choose CSet: 0.0 ms]
      [Ref Proc: 0.2 ms]
      [Ref Enq: 0.0 ms]
      [Redirty Cards: 0.1 ms]
      [Humongous Register: 0.0 ms]
      [Humongous Reclaim: 0.0 ms]
      [Free CSet: 0.1 ms]
   [Eden: 46.0M(46.0M)->0.0B(46.0M) Survivors: 5120.0K->5120.0K Heap: 245.3M(1024.0M)->199.6M(1024.0M)]
 [Times: user=0.06 sys=0.01, real=0.04 secs] 
2018-11-25T18:37:41.560+0800: 11211.546: [GC pause (G1 Evacuation Pause) (young), 0.0230825 secs]
   [Parallel Time: 21.5 ms, GC Workers: 4]
      [GC Worker Start (ms): Min: 11211546.7, Avg: 11211546.7, Max: 11211546.7, Diff: 0.1]
      [Ext Root Scanning (ms): Min: 1.0, Avg: 1.1, Max: 1.2, Diff: 0.2, Sum: 4.5]
      [Update RS (ms): Min: 3.3, Avg: 3.7, Max: 3.9, Diff: 0.5, Sum: 14.6]
         [Processed Buffers: Min: 1, Avg: 8.0, Max: 23, Diff: 22, Sum: 32]
      [Scan RS (ms): Min: 3.3, Avg: 4.3, Max: 5.0, Diff: 1.7, Sum: 17.0]
      [Code Root Scanning (ms): Min: 0.0, Avg: 0.0, Max: 0.0, Diff: 0.0, Sum: 0.1]
      [Object Copy (ms): Min: 11.6, Avg: 12.3, Max: 13.0, Diff: 1.5, Sum: 49.2]
      [Termination (ms): Min: 0.0, Avg: 0.0, Max: 0.0, Diff: 0.0, Sum: 0.1]
         [Termination Attempts: Min: 1, Avg: 1.8, Max: 2, Diff: 1, Sum: 7]
      [GC Worker Other (ms): Min: 0.0, Avg: 0.1, Max: 0.1, Diff: 0.1, Sum: 0.2]
      [GC Worker Total (ms): Min: 21.4, Avg: 21.4, Max: 21.5, Diff: 0.1, Sum: 85.8]
      [GC Worker End (ms): Min: 11211568.1, Avg: 11211568.1, Max: 11211568.2, Diff: 0.0]
   [Code Root Fixup: 0.0 ms]
   [Code Root Purge: 0.0 ms]
   [Clear CT: 0.1 ms]
   [Other: 1.4 ms]
      [Choose CSet: 0.0 ms]
      [Ref Proc: 0.2 ms]
      [Ref Enq: 0.0 ms]
      [Redirty Cards: 0.1 ms]
      [Humongous Register: 0.4 ms]
      [Humongous Reclaim: 0.0 ms]
      [Free CSet: 0.1 ms]
   [Eden: 46.0M(46.0M)->0.0B(44.0M) Survivors: 5120.0K->7168.0K Heap: 245.6M(1024.0M)->201.6M(1024.0M)]
 [Times: user=0.06 sys=0.01, real=0.02 secs] 
2018-11-25T18:38:07.854+0800: 11237.839: [GC pause (G1 Evacuation Pause) (young), 0.0511944 secs]
   [Parallel Time: 48.8 ms, GC Workers: 4]
      [GC Worker Start (ms): Min: 11237839.6, Avg: 11237839.7, Max: 11237839.7, Diff: 0.1]
      [Ext Root Scanning (ms): Min: 1.5, Avg: 1.7, Max: 1.9, Diff: 0.4, Sum: 6.8]
      [Update RS (ms): Min: 2.9, Avg: 3.0, Max: 3.2, Diff: 0.4, Sum: 12.1]
         [Processed Buffers: Min: 3, Avg: 8.2, Max: 20, Diff: 17, Sum: 33]
      [Scan RS (ms): Min: 3.2, Avg: 3.3, Max: 3.4, Diff: 0.3, Sum: 13.2]
      [Code Root Scanning (ms): Min: 0.0, Avg: 0.0, Max: 0.1, Diff: 0.1, Sum: 0.2]
      [Object Copy (ms): Min: 39.6, Avg: 40.1, Max: 40.5, Diff: 0.9, Sum: 160.4]
      [Termination (ms): Min: 0.0, Avg: 0.4, Max: 0.9, Diff: 0.9, Sum: 1.8]
         [Termination Attempts: Min: 1, Avg: 1.2, Max: 2, Diff: 1, Sum: 5]
      [GC Worker Other (ms): Min: 0.0, Avg: 0.1, Max: 0.1, Diff: 0.1, Sum: 0.3]
      [GC Worker Total (ms): Min: 48.6, Avg: 48.7, Max: 48.7, Diff: 0.1, Sum: 194.7]
      [GC Worker End (ms): Min: 11237888.3, Avg: 11237888.3, Max: 11237888.4, Diff: 0.0]
   [Code Root Fixup: 0.0 ms]
   [Code Root Purge: 0.0 ms]
   [Clear CT: 0.2 ms]
   [Other: 2.2 ms]
      [Choose CSet: 0.0 ms]
      [Ref Proc: 0.2 ms]
      [Ref Enq: 0.0 ms]
      [Redirty Cards: 0.1 ms]
      [Humongous Register: 0.3 ms]
      [Humongous Reclaim: 0.0 ms]
      [Free CSet: 0.7 ms]
   [Eden: 44.0M(44.0M)->0.0B(46.0M) Survivors: 7168.0K->5120.0K Heap: 245.6M(1024.0M)->202.2M(1024.0M)]
 [Times: user=0.08 sys=0.03, real=0.05 secs] 
2018-11-25T18:38:35.537+0800: 11265.521: [GC pause (G1 Evacuation Pause) (young), 0.0356800 secs]
   [Parallel Time: 30.7 ms, GC Workers: 4]
      [GC Worker Start (ms): Min: 11265525.0, Avg: 11265525.2, Max: 11265525.3, Diff: 0.3]
      [Ext Root Scanning (ms): Min: 5.5, Avg: 7.2, Max: 11.4, Diff: 5.9, Sum: 28.8]
      [Update RS (ms): Min: 0.0, Avg: 3.8, Max: 5.2, Diff: 5.2, Sum: 15.2]
         [Processed Buffers: Min: 0, Avg: 8.5, Max: 20, Diff: 20, Sum: 34]
      [Scan RS (ms): Min: 2.8, Avg: 4.0, Max: 4.5, Diff: 1.7, Sum: 15.9]
      [Code Root Scanning (ms): Min: 0.0, Avg: 0.0, Max: 0.0, Diff: 0.0, Sum: 0.1]
      [Object Copy (ms): Min: 14.9, Avg: 15.3, Max: 16.3, Diff: 1.3, Sum: 61.2]
      [Termination (ms): Min: 0.0, Avg: 0.0, Max: 0.0, Diff: 0.0, Sum: 0.0]
         [Termination Attempts: Min: 1, Avg: 1.0, Max: 1, Diff: 0, Sum: 4]
      [GC Worker Other (ms): Min: 0.0, Avg: 0.1, Max: 0.3, Diff: 0.2, Sum: 0.4]
      [GC Worker Total (ms): Min: 30.3, Avg: 30.4, Max: 30.6, Diff: 0.3, Sum: 121.7]
      [GC Worker End (ms): Min: 11265555.6, Avg: 11265555.6, Max: 11265555.6, Diff: 0.0]
   [Code Root Fixup: 0.0 ms]
   [Code Root Purge: 0.0 ms]
   [Clear CT: 0.1 ms]
   [Other: 4.9 ms]
      [Choose CSet: 0.0 ms]
      [Ref Proc: 0.2 ms]
      [Ref Enq: 0.0 ms]
      [Redirty Cards: 0.1 ms]
      [Humongous Register: 3.4 ms]
      [Humongous Reclaim: 0.0 ms]
      [Free CSet: 0.4 ms]
   [Eden: 46.0M(46.0M)->0.0B(46.0M) Survivors: 5120.0K->5120.0K Heap: 248.2M(1024.0M)->202.2M(1024.0M)]
 [Times: user=0.05 sys=0.06, real=0.04 secs] 
2018-11-25T18:39:03.324+0800: 11293.308: [GC pause (G1 Evacuation Pause) (young), 0.0333322 secs]
   [Parallel Time: 30.9 ms, GC Workers: 4]
      [GC Worker Start (ms): Min: 11293308.6, Avg: 11293308.8, Max: 11293308.9, Diff: 0.2]
      [Ext Root Scanning (ms): Min: 1.0, Avg: 1.3, Max: 1.6, Diff: 0.6, Sum: 5.2]
      [Update RS (ms): Min: 3.5, Avg: 4.3, Max: 4.7, Diff: 1.2, Sum: 17.2]
         [Processed Buffers: Min: 1, Avg: 7.5, Max: 20, Diff: 19, Sum: 30]
      [Scan RS (ms): Min: 3.8, Avg: 4.9, Max: 6.0, Diff: 2.2, Sum: 19.7]
      [Code Root Scanning (ms): Min: 0.0, Avg: 0.0, Max: 0.1, Diff: 0.1, Sum: 0.1]
      [Object Copy (ms): Min: 19.6, Avg: 20.0, Max: 20.3, Diff: 0.7, Sum: 79.9]
      [Termination (ms): Min: 0.0, Avg: 0.1, Max: 0.2, Diff: 0.2, Sum: 0.6]
         [Termination Attempts: Min: 1, Avg: 1.5, Max: 2, Diff: 1, Sum: 6]
      [GC Worker Other (ms): Min: 0.0, Avg: 0.1, Max: 0.1, Diff: 0.1, Sum: 0.2]
      [GC Worker Total (ms): Min: 30.6, Avg: 30.7, Max: 30.9, Diff: 0.3, Sum: 122.9]
      [GC Worker End (ms): Min: 11293339.5, Avg: 11293339.5, Max: 11293339.6, Diff: 0.1]
   [Code Root Fixup: 0.0 ms]
   [Code Root Purge: 0.0 ms]
   [Clear CT: 0.1 ms]
   [Other: 2.3 ms]
      [Choose CSet: 0.0 ms]
      [Ref Proc: 0.2 ms]
      [Ref Enq: 0.0 ms]
      [Redirty Cards: 0.1 ms]
      [Humongous Register: 0.4 ms]
      [Humongous Reclaim: 0.0 ms]
      [Free CSet: 0.6 ms]
   [Eden: 46.0M(46.0M)->0.0B(44.0M) Survivors: 5120.0K->7168.0K Heap: 248.2M(1024.0M)->203.7M(1024.0M)]
 [Times: user=0.06 sys=0.03, real=0.03 secs] 
2018-11-25T18:39:29.624+0800: 11319.607: [GC pause (G1 Evacuation Pause) (young), 0.0686201 secs]
   [Parallel Time: 63.0 ms, GC Workers: 4]
      [GC Worker Start (ms): Min: 11319611.1, Avg: 11319611.3, Max: 11319611.6, Diff: 0.4]
      [Ext Root Scanning (ms): Min: 3.7, Avg: 7.2, Max: 11.5, Diff: 7.8, Sum: 28.8]
      [Update RS (ms): Min: 1.2, Avg: 3.3, Max: 5.6, Diff: 4.4, Sum: 13.3]
         [Processed Buffers: Min: 4, Avg: 8.2, Max: 15, Diff: 11, Sum: 33]
      [Scan RS (ms): Min: 3.1, Avg: 5.0, Max: 5.8, Diff: 2.7, Sum: 19.8]
      [Code Root Scanning (ms): Min: 0.0, Avg: 0.0, Max: 0.1, Diff: 0.1, Sum: 0.1]
      [Object Copy (ms): Min: 44.2, Avg: 46.9, Max: 49.3, Diff: 5.1, Sum: 187.7]
      [Termination (ms): Min: 0.0, Avg: 0.1, Max: 0.1, Diff: 0.1, Sum: 0.4]
         [Termination Attempts: Min: 1, Avg: 1.0, Max: 1, Diff: 0, Sum: 4]
      [GC Worker Other (ms): Min: 0.0, Avg: 0.1, Max: 0.1, Diff: 0.1, Sum: 0.3]
      [GC Worker Total (ms): Min: 62.4, Avg: 62.6, Max: 62.8, Diff: 0.5, Sum: 250.5]
      [GC Worker End (ms): Min: 11319673.9, Avg: 11319673.9, Max: 11319673.9, Diff: 0.0]
   [Code Root Fixup: 0.0 ms]
   [Code Root Purge: 0.0 ms]
   [Clear CT: 0.1 ms]
   [Other: 5.6 ms]
      [Choose CSet: 0.0 ms]
      [Ref Proc: 0.3 ms]
      [Ref Enq: 0.0 ms]
      [Redirty Cards: 0.1 ms]
      [Humongous Register: 3.8 ms]
      [Humongous Reclaim: 0.0 ms]
      [Free CSet: 0.4 ms]
   [Eden: 44.0M(44.0M)->0.0B(46.0M) Survivors: 7168.0K->5120.0K Heap: 247.7M(1024.0M)->203.7M(1024.0M)]
 [Times: user=0.07 sys=0.05, real=0.07 secs] 
2018-11-25T18:39:57.590+0800: 11347.572: [GC pause (G1 Evacuation Pause) (young), 0.0202111 secs]
   [Parallel Time: 19.3 ms, GC Workers: 4]
      [GC Worker Start (ms): Min: 11347572.1, Avg: 11347572.7, Max: 11347574.4, Diff: 2.3]
      [Ext Root Scanning (ms): Min: 0.0, Avg: 0.8, Max: 1.1, Diff: 1.1, Sum: 3.2]
      [Update RS (ms): Min: 2.2, Avg: 2.7, Max: 2.9, Diff: 0.7, Sum: 10.9]
         [Processed Buffers: Min: 1, Avg: 8.5, Max: 13, Diff: 12, Sum: 34]
      [Scan RS (ms): Min: 3.3, Avg: 4.7, Max: 5.9, Diff: 2.6, Sum: 18.7]
      [Code Root Scanning (ms): Min: 0.0, Avg: 0.0, Max: 0.0, Diff: 0.0, Sum: 0.0]
      [Object Copy (ms): Min: 9.1, Avg: 10.2, Max: 11.5, Diff: 2.4, Sum: 41.0]
      [Termination (ms): Min: 0.0, Avg: 0.1, Max: 0.1, Diff: 0.1, Sum: 0.4]
         [Termination Attempts: Min: 1, Avg: 1.2, Max: 2, Diff: 1, Sum: 5]
      [GC Worker Other (ms): Min: 0.0, Avg: 0.0, Max: 0.1, Diff: 0.1, Sum: 0.2]
      [GC Worker Total (ms): Min: 16.9, Avg: 18.6, Max: 19.2, Diff: 2.3, Sum: 74.5]
      [GC Worker End (ms): Min: 11347591.3, Avg: 11347591.3, Max: 11347591.3, Diff: 0.0]
   [Code Root Fixup: 0.0 ms]
   [Code Root Purge: 0.0 ms]
   [Clear CT: 0.1 ms]
   [Other: 0.8 ms]
      [Choose CSet: 0.0 ms]
      [Ref Proc: 0.2 ms]
      [Ref Enq: 0.0 ms]
      [Redirty Cards: 0.1 ms]
      [Humongous Register: 0.0 ms]
      [Humongous Reclaim: 0.0 ms]
      [Free CSet: 0.1 ms]
   [Eden: 46.0M(46.0M)->0.0B(46.0M) Survivors: 5120.0K->5120.0K Heap: 249.7M(1024.0M)->204.2M(1024.0M)]
 [Times: user=0.06 sys=0.01, real=0.02 secs] 
